
> thai-music-platform@0.1.0 test
> jest

node.exe : PASS app/api/draft/[token]/submit/__tests__/submit.test.ts
At line:1 char:1
+ & "C:\Program Files\nodejs/node.exe" "C:\Program Files\nodejs/node_mo ...
+ ~~~~~~~~~~~~~~~~~~~~~~~~~~~~~~~~~~~~~~~~~~~~~~~~~~~~~~~~~~~~~~~~~~~~~
    + CategoryInfo          : NotSpecified: (PASS app/api/dr.../submit.test.ts:String) [], RemoteException
    + FullyQualifiedErrorId : NativeCommandError
 
  โ— Console

    console.log
      [dotenv@17.3.1] injecting env (5) from .env.local -- tip: โ๏ธ  specify custom .env file path with { 
path: '/custom/path/.env' }

      at _log (node_modules/dotenv/lib/main.js:139:11)

    console.error
      โ ๏ธ Failed to send submission success email to: teacher@school.ac.th

    [0m [90m 256 |[39m
     [90m 257 |[39m     [36mif[39m ([33m![39memailSent) {
    [31m[1m>[22m[39m[90m 258 |[39m       console[33m.[39merror([32m'โ๏ธ Failed to send submission 
success email to:'[39m[33m,[39m draft[33m.[39memail)[33m;[39m
     [90m     |[39m               [31m[1m^[22m[39m
     [90m 259 |[39m       [90m// Don't fail the request - submission was successful even if email 
failed[39m
     [90m 260 |[39m     }
     [90m 261 |[39m[0m

      at POST (app/api/draft/[token]/submit/route.ts:258:15)
      at Object.<anonymous> (app/api/draft/[token]/submit/__tests__/submit.test.ts:224:24)

    console.error
      โ Error submitting draft: Error: Database connection failed
          at Object.<anonymous> (D:\Fatcat\ThaiMusic\Backup\AWS\registerForm-platform\app\api\draft\[token]\sub
mit\__tests__\submit.test.ts:362:47)
          at Promise.finally.completed (D:\Fatcat\ThaiMusic\Backup\AWS\registerForm-platform\node_modules\jest-
circus\build\jestAdapterInit.js:1557:28)
          at new Promise (<anonymous>)
          at callAsyncCircusFn (D:\Fatcat\ThaiMusic\Backup\AWS\registerForm-platform\node_modules\jest-circus\b
uild\jestAdapterInit.js:1497:10)
          at _callCircusTest (D:\Fatcat\ThaiMusic\Backup\AWS\registerForm-platform\node_modules\jest-circus\bui
ld\jestAdapterInit.js:1007:40)
          at processTicksAndRejections (node:internal/process/task_queues:103:5)
          at _runTest 
(D:\Fatcat\ThaiMusic\Backup\AWS\registerForm-platform\node_modules\jest-circus\build\jestAdapterInit.js:947:3)
          at 
D:\Fatcat\ThaiMusic\Backup\AWS\registerForm-platform\node_modules\jest-circus\build\jestAdapterInit.js:849:7
          at _runTestsForDescribeBlock 
(D:\Fatcat\ThaiMusic\Backup\AWS\registerForm-platform\node_modules\jest-circus\build\jestAdapterInit.js:862:11)
          at _runTestsForDescribeBlock 
(D:\Fatcat\ThaiMusic\Backup\AWS\registerForm-platform\node_modules\jest-circus\build\jestAdapterInit.js:857:11)
          at _runTestsForDescribeBlock 
(D:\Fatcat\ThaiMusic\Backup\AWS\registerForm-platform\node_modules\jest-circus\build\jestAdapterInit.js:857:11)
          at run 
(D:\Fatcat\ThaiMusic\Backup\AWS\registerForm-platform\node_modules\jest-circus\build\jestAdapterInit.js:761:3)
          at runAndTransformResultsToJestFormat (D:\Fatcat\ThaiMusic\Backup\AWS\registerForm-platform\node_modu
les\jest-circus\build\jestAdapterInit.js:1918:21)
          at jestAdapter 
(D:\Fatcat\ThaiMusic\Backup\AWS\registerForm-platform\node_modules\jest-circus\build\runner.js:101:19)
          at runTestInternal 
(D:\Fatcat\ThaiMusic\Backup\AWS\registerForm-platform\node_modules\jest-runner\build\testWorker.js:275:16)
          at runTest 
(D:\Fatcat\ThaiMusic\Backup\AWS\registerForm-platform\node_modules\jest-runner\build\testWorker.js:343:7)
          at Object.worker 
(D:\Fatcat\ThaiMusic\Backup\AWS\registerForm-platform\node_modules\jest-runner\build\testWorker.js:497:12)

    [0m [90m 272 |[39m     )[33m;[39m
     [90m 273 |[39m   } [36mcatch[39m (error) {
    [31m[1m>[22m[39m[90m 274 |[39m     console[33m.[39merror([32m'โ Error submitting 
draft:'[39m[33m,[39m error)[33m;[39m
     [90m     |[39m             [31m[1m^[22m[39m
     [90m 275 |[39m
     [90m 276 |[39m     [36mreturn[39m [33mNextResponse[39m[33m.[39mjson(
     [90m 277 |[39m       {[0m

      at POST (app/api/draft/[token]/submit/route.ts:274:13)
      at Object.<anonymous> (app/api/draft/[token]/submit/__tests__/submit.test.ts:369:24)

PASS app/api/draft/[token]/__tests__/get.test.ts
  โ— Console

    console.log
      [dotenv@17.3.1] injecting env (5) from .env.local -- tip: ๐” prevent committing .env to code: 
https://dotenvx.com/precommit

      at _log (node_modules/dotenv/lib/main.js:139:11)

    console.error
      Error retrieving draft metadata: Error: Database connection failed
          at Object.<anonymous> 
(D:\Fatcat\ThaiMusic\Backup\AWS\registerForm-platform\app\api\draft\[token]\__tests__\get.test.ts:266:58)
          at Promise.finally.completed (D:\Fatcat\ThaiMusic\Backup\AWS\registerForm-platform\node_modules\jest-
circus\build\jestAdapterInit.js:1557:28)
          at new Promise (<anonymous>)
          at callAsyncCircusFn (D:\Fatcat\ThaiMusic\Backup\AWS\registerForm-platform\node_modules\jest-circus\b
uild\jestAdapterInit.js:1497:10)
          at _callCircusTest (D:\Fatcat\ThaiMusic\Backup\AWS\registerForm-platform\node_modules\jest-circus\bui
ld\jestAdapterInit.js:1007:40)
          at processTicksAndRejections (node:internal/process/task_queues:103:5)
          at _runTest 
(D:\Fatcat\ThaiMusic\Backup\AWS\registerForm-platform\node_modules\jest-circus\build\jestAdapterInit.js:947:3)
          at 
D:\Fatcat\ThaiMusic\Backup\AWS\registerForm-platform\node_modules\jest-circus\build\jestAdapterInit.js:849:7
          at _runTestsForDescribeBlock 
(D:\Fatcat\ThaiMusic\Backup\AWS\registerForm-platform\node_modules\jest-circus\build\jestAdapterInit.js:862:11)
          at _runTestsForDescribeBlock 
(D:\Fatcat\ThaiMusic\Backup\AWS\registerForm-platform\node_modules\jest-circus\build\jestAdapterInit.js:857:11)
          at _runTestsForDescribeBlock 
(D:\Fatcat\ThaiMusic\Backup\AWS\registerForm-platform\node_modules\jest-circus\build\jestAdapterInit.js:857:11)
          at run 
(D:\Fatcat\ThaiMusic\Backup\AWS\registerForm-platform\node_modules\jest-circus\build\jestAdapterInit.js:761:3)
          at runAndTransformResultsToJestFormat (D:\Fatcat\ThaiMusic\Backup\AWS\registerForm-platform\node_modu
les\jest-circus\build\jestAdapterInit.js:1918:21)
          at jestAdapter 
(D:\Fatcat\ThaiMusic\Backup\AWS\registerForm-platform\node_modules\jest-circus\build\runner.js:101:19)
          at runTestInternal 
(D:\Fatcat\ThaiMusic\Backup\AWS\registerForm-platform\node_modules\jest-runner\build\testWorker.js:275:16)
          at runTest 
(D:\Fatcat\ThaiMusic\Backup\AWS\registerForm-platform\node_modules\jest-runner\build\testWorker.js:343:7)
          at Object.worker 
(D:\Fatcat\ThaiMusic\Backup\AWS\registerForm-platform\node_modules\jest-runner\build\testWorker.js:497:12)

    [0m [90m 124 |[39m     )[33m;[39m
     [90m 125 |[39m   } [36mcatch[39m (error) {
    [31m[1m>[22m[39m[90m 126 |[39m     console[33m.[39merror([32m'Error retrieving draft 
metadata:'[39m[33m,[39m error)[33m;[39m
     [90m     |[39m             [31m[1m^[22m[39m
     [90m 127 |[39m     
     [90m 128 |[39m     [36mreturn[39m [33mNextResponse[39m[33m.[39mjson(
     [90m 129 |[39m       {[0m

      at GET (app/api/draft/[token]/route.ts:126:13)
      at Object.<anonymous> (app/api/draft/[token]/__tests__/get.test.ts:268:24)

    console.error
      Error retrieving draft metadata: Error: Query failed
          at Object.<anonymous> 
(D:\Fatcat\ThaiMusic\Backup\AWS\registerForm-platform\app\api\draft\[token]\__tests__\get.test.ts:282:48)
          at Promise.finally.completed (D:\Fatcat\ThaiMusic\Backup\AWS\registerForm-platform\node_modules\jest-
circus\build\jestAdapterInit.js:1557:28)
          at new Promise (<anonymous>)
          at callAsyncCircusFn (D:\Fatcat\ThaiMusic\Backup\AWS\registerForm-platform\node_modules\jest-circus\b
uild\jestAdapterInit.js:1497:10)
          at _callCircusTest (D:\Fatcat\ThaiMusic\Backup\AWS\registerForm-platform\node_modules\jest-circus\bui
ld\jestAdapterInit.js:1007:40)
          at processTicksAndRejections (node:internal/process/task_queues:103:5)
          at _runTest 
(D:\Fatcat\ThaiMusic\Backup\AWS\registerForm-platform\node_modules\jest-circus\build\jestAdapterInit.js:947:3)
          at 
D:\Fatcat\ThaiMusic\Backup\AWS\registerForm-platform\node_modules\jest-circus\build\jestAdapterInit.js:849:7
          at _runTestsForDescribeBlock 
(D:\Fatcat\ThaiMusic\Backup\AWS\registerForm-platform\node_modules\jest-circus\build\jestAdapterInit.js:862:11)
          at _runTestsForDescribeBlock 
(D:\Fatcat\ThaiMusic\Backup\AWS\registerForm-platform\node_modules\jest-circus\build\jestAdapterInit.js:857:11)
          at _runTestsForDescribeBlock 
(D:\Fatcat\ThaiMusic\Backup\AWS\registerForm-platform\node_modules\jest-circus\build\jestAdapterInit.js:857:11)
          at run 
(D:\Fatcat\ThaiMusic\Backup\AWS\registerForm-platform\node_modules\jest-circus\build\jestAdapterInit.js:761:3)
          at runAndTransformResultsToJestFormat (D:\Fatcat\ThaiMusic\Backup\AWS\registerForm-platform\node_modu
les\jest-circus\build\jestAdapterInit.js:1918:21)
          at jestAdapter 
(D:\Fatcat\ThaiMusic\Backup\AWS\registerForm-platform\node_modules\jest-circus\build\runner.js:101:19)
          at runTestInternal 
(D:\Fatcat\ThaiMusic\Backup\AWS\registerForm-platform\node_modules\jest-runner\build\testWorker.js:275:16)
          at runTest 
(D:\Fatcat\ThaiMusic\Backup\AWS\registerForm-platform\node_modules\jest-runner\build\testWorker.js:343:7)
          at Object.worker 
(D:\Fatcat\ThaiMusic\Backup\AWS\registerForm-platform\node_modules\jest-runner\build\testWorker.js:497:12)

    [0m [90m 124 |[39m     )[33m;[39m
     [90m 125 |[39m   } [36mcatch[39m (error) {
    [31m[1m>[22m[39m[90m 126 |[39m     console[33m.[39merror([32m'Error retrieving draft 
metadata:'[39m[33m,[39m error)[33m;[39m
     [90m     |[39m             [31m[1m^[22m[39m
     [90m 127 |[39m     
     [90m 128 |[39m     [36mreturn[39m [33mNextResponse[39m[33m.[39mjson(
     [90m 129 |[39m       {[0m

      at GET (app/api/draft/[token]/route.ts:126:13)
      at Object.<anonymous> (app/api/draft/[token]/__tests__/get.test.ts:284:24)

FAIL app/api/draft/[token]/__tests__/put.test.ts
  โ— Console

    console.log
      [dotenv@17.3.1] injecting env (5) from .env.local -- tip: โ๏ธ  load multiple .env files with { path: 
['.env.local', '.env'] }

      at _log (node_modules/dotenv/lib/main.js:139:11)

    console.log
      ๐” Connecting to MongoDB...

      at connectToDatabase (lib/mongodb.ts:19:13)

    console.log
      ๐“ URI: mongodb://<credentials>@localhost:27017/thai_music_school?authSource=admin

      at connectToDatabase (lib/mongodb.ts:20:13)

    console.log
      โ… MongoDB connected successfully to database: thai_music_school

      at connectToDatabase (lib/mongodb.ts:27:13)

    console.error
      Error updating draft: SyntaxError: Unexpected token 'i', "invalid json" is not valid JSON
          at JSON.parse (<anonymous>)
          at parseJSONFromBytes (node:internal/deps/undici/undici:4259:19)
          at successSteps (node:internal/deps/undici/undici:6882:27)
          at readAllBytes (node:internal/deps/undici/undici:5807:13)
          at processTicksAndRejections (node:internal/process/task_queues:103:5)

    [0m [90m 261 |[39m     )[33m;[39m
     [90m 262 |[39m   } [36mcatch[39m (error) {
    [31m[1m>[22m[39m[90m 263 |[39m     console[33m.[39merror([32m'Error updating 
draft:'[39m[33m,[39m error)[33m;[39m
     [90m     |[39m             [31m[1m^[22m[39m
     [90m 264 |[39m
     [90m 265 |[39m     [36mreturn[39m [33mNextResponse[39m[33m.[39mjson(
     [90m 266 |[39m       {[0m

      at PUT (app/api/draft/[token]/route.ts:263:13)
      at Object.<anonymous> (app/api/draft/[token]/__tests__/put.test.ts:528:24)

  โ— PUT /api/draft/:token โ€บ Draft Validation โ€บ should reject update for expired draft

    expect(received).toBe(expected) // Object.is equality

    Expected: 410
    Received: 404

    [0m [90m 203 |[39m       [36mconst[39m result [33m=[39m [36mawait[39m 
response[33m.[39mjson()[33m;[39m
     [90m 204 |[39m
    [31m[1m>[22m[39m[90m 205 |[39m       
expect(response[33m.[39mstatus)[33m.[39mtoBe([35m410[39m)[33m;[39m
     [90m     |[39m                               [31m[1m^[22m[39m
     [90m 206 |[39m       expect(result[33m.[39msuccess)[33m.[39mtoBe([36mfalse[39m)[33m;[39m
     [90m 207 |[39m       
expect(result[33m.[39mmessage)[33m.[39mtoContain([32m'expired'[39m)[33m;[39m
     [90m 208 |[39m     })[33m;[39m[0m

      at Object.<anonymous> (app/api/draft/[token]/__tests__/put.test.ts:205:31)

PASS app/api/draft/[token]/request-otp/__tests__/request-otp.test.ts
  โ— Console

    console.log
      [dotenv@17.3.1] injecting env (5) from .env.local -- tip: โ๏ธ  load multiple .env files with { path: 
['.env.local', '.env'] }

      at _log (node_modules/dotenv/lib/main.js:139:11)

    console.log
      OTP email would be sent to: test@example.com

      at sendOTPEmail (app/api/draft/[token]/request-otp/route.ts:37:13)

    console.log
      OTP: 066861

      at sendOTPEmail (app/api/draft/[token]/request-otp/route.ts:38:13)

    console.log
      Expires at: 2026-03-03T04:07:58.979Z

      at sendOTPEmail (app/api/draft/[token]/request-otp/route.ts:39:13)

    console.log
      OTP email would be sent to: test@example.com

      at sendOTPEmail (app/api/draft/[token]/request-otp/route.ts:37:13)

    console.log
      OTP: 304249

      at sendOTPEmail (app/api/draft/[token]/request-otp/route.ts:38:13)

    console.log
      Expires at: 2026-03-03T04:07:59.101Z

      at sendOTPEmail (app/api/draft/[token]/request-otp/route.ts:39:13)

    console.log
      OTP email would be sent to: test@example.com

      at sendOTPEmail (app/api/draft/[token]/request-otp/route.ts:37:13)

    console.log
      OTP: 995654

      at sendOTPEmail (app/api/draft/[token]/request-otp/route.ts:38:13)

    console.log
      Expires at: 2026-03-03T04:07:59.224Z

      at sendOTPEmail (app/api/draft/[token]/request-otp/route.ts:39:13)

    console.error
      Error requesting OTP: Error: Database connection failed
          at Object.<anonymous> (D:\Fatcat\ThaiMusic\Backup\AWS\registerForm-platform\app\api\draft\[token]\req
uest-otp\__tests__\request-otp.test.ts:326:48)
          at Promise.finally.completed (D:\Fatcat\ThaiMusic\Backup\AWS\registerForm-platform\node_modules\jest-
circus\build\jestAdapterInit.js:1557:28)
          at new Promise (<anonymous>)
          at callAsyncCircusFn (D:\Fatcat\ThaiMusic\Backup\AWS\registerForm-platform\node_modules\jest-circus\b
uild\jestAdapterInit.js:1497:10)
          at _callCircusTest (D:\Fatcat\ThaiMusic\Backup\AWS\registerForm-platform\node_modules\jest-circus\bui
ld\jestAdapterInit.js:1007:40)
          at _runTest 
(D:\Fatcat\ThaiMusic\Backup\AWS\registerForm-platform\node_modules\jest-circus\build\jestAdapterInit.js:947:3)
          at 
D:\Fatcat\ThaiMusic\Backup\AWS\registerForm-platform\node_modules\jest-circus\build\jestAdapterInit.js:849:7
          at _runTestsForDescribeBlock 
(D:\Fatcat\ThaiMusic\Backup\AWS\registerForm-platform\node_modules\jest-circus\build\jestAdapterInit.js:862:11)
          at _runTestsForDescribeBlock 
(D:\Fatcat\ThaiMusic\Backup\AWS\registerForm-platform\node_modules\jest-circus\build\jestAdapterInit.js:857:11)
          at _runTestsForDescribeBlock 
(D:\Fatcat\ThaiMusic\Backup\AWS\registerForm-platform\node_modules\jest-circus\build\jestAdapterInit.js:857:11)
          at run 
(D:\Fatcat\ThaiMusic\Backup\AWS\registerForm-platform\node_modules\jest-circus\build\jestAdapterInit.js:761:3)
          at runAndTransformResultsToJestFormat (D:\Fatcat\ThaiMusic\Backup\AWS\registerForm-platform\node_modu
les\jest-circus\build\jestAdapterInit.js:1918:21)
          at jestAdapter 
(D:\Fatcat\ThaiMusic\Backup\AWS\registerForm-platform\node_modules\jest-circus\build\runner.js:101:19)
          at runTestInternal 
(D:\Fatcat\ThaiMusic\Backup\AWS\registerForm-platform\node_modules\jest-runner\build\testWorker.js:275:16)
          at runTest 
(D:\Fatcat\ThaiMusic\Backup\AWS\registerForm-platform\node_modules\jest-runner\build\testWorker.js:343:7)
          at Object.worker 
(D:\Fatcat\ThaiMusic\Backup\AWS\registerForm-platform\node_modules\jest-runner\build\testWorker.js:497:12)

    [0m [90m 194 |[39m     )[33m;[39m
     [90m 195 |[39m   } [36mcatch[39m (error) {
    [31m[1m>[22m[39m[90m 196 |[39m     console[33m.[39merror([32m'Error requesting 
OTP:'[39m[33m,[39m error)[33m;[39m
     [90m     |[39m             [31m[1m^[22m[39m
     [90m 197 |[39m     
     [90m 198 |[39m     [36mreturn[39m [33mNextResponse[39m[33m.[39mjson(
     [90m 199 |[39m       {[0m

      at POST (app/api/draft/[token]/request-otp/route.ts:196:13)
      at Object.<anonymous> (app/api/draft/[token]/request-otp/__tests__/request-otp.test.ts:332:24)

PASS app/api/draft/[token]/__tests__/delete.test.ts
  โ— Console

    console.log
      [dotenv@17.3.1] injecting env (5) from .env.local -- tip: โ๏ธ  load multiple .env files with { path: 
['.env.local', '.env'] }

      at _log (node_modules/dotenv/lib/main.js:139:11)

    console.log
      ๐” Connecting to MongoDB...

      at connectToDatabase (lib/mongodb.ts:19:13)

    console.log
      ๐“ URI: mongodb://<credentials>@localhost:27017/thai_music_school?authSource=admin

      at connectToDatabase (lib/mongodb.ts:20:13)

    console.log
      โ… MongoDB connected successfully to database: thai_music_school

      at connectToDatabase (lib/mongodb.ts:27:13)

FAIL lib/utils/__tests__/rateLimit.test.ts
  โ— Test suite failed to run

    Jest encountered an unexpected token

    Jest failed to parse a file. This happens e.g. when your code or its dependencies use non-standard 
JavaScript syntax, or when Jest is not configured to support such syntax.

    Out of the box Jest supports Babel, which will be used to transform your files into valid JS based on your 
Babel configuration.

    By default "node_modules" folder is ignored by transformers.

    Here's what you can do:
     โ€ข If you are trying to use ECMAScript Modules, see https://jestjs.io/docs/ecmascript-modules for how to 
enable it.
     โ€ข If you are trying to use TypeScript, see https://jestjs.io/docs/getting-started#using-typescript
     โ€ข To have some of your "node_modules" files transformed, you can specify a custom 
"transformIgnorePatterns" in your config.
     โ€ข If you need a custom transformation, specify a "transform" option in your config.
     โ€ข If you simply want to mock your non-JS modules (e.g. binary assets) you can stub them out with the 
"moduleNameMapper" config option.

    You'll find more details and examples of these config options in the docs:
    https://jestjs.io/docs/configuration
    For information about custom transformations, see:
    https://jestjs.io/docs/code-transformation

    Details:

    D:\Fatcat\ThaiMusic\Backup\AWS\registerForm-platform\node_modules\bson\lib\bson.mjs:4711
    export { bson as BSON, BSONError, BSONOffsetError, BSONRegExp, BSONRuntimeError, BSONSymbol, BSONType, 
BSONValue, BSONVersionError, Binary, ByteUtils, Code, DBRef, Decimal128, Double, EJSON, Int32, Long, MaxKey, 
MinKey, NumberUtils, ObjectId, Timestamp, UUID, bsonType, calculateObjectSize, deserialize, deserializeStream, 
onDemand, serialize, serializeWithBufferAndIndex, setInternalBufferSize };
    ^^^^^^

    SyntaxError: Unexpected token 'export'

    [0m[31m[1m>[22m[39m[90m 1 |[39m [36mimport[39m { [33mMongoClient[39m[33m,[39m [33mDb[39m } 
[36mfrom[39m [32m'mongodb'[39m[33m;[39m
     [90m   |[39m [31m[1m^[22m[39m
     [90m 2 |[39m
     [90m 3 |[39m [36mlet[39m cachedClient[33m:[39m [33mMongoClient[39m [33m|[39m [36mnull[39m 
[33m=[39m [36mnull[39m[33m;[39m
     [90m 4 |[39m [36mlet[39m cachedDb[33m:[39m [33mDb[39m [33m|[39m [36mnull[39m [33m=[39m 
[36mnull[39m[33m;[39m[0m

      at Runtime.createScriptFromCode (node_modules/jest-runtime/build/index.js:1318:40)
      at Object.<anonymous> (node_modules/mongodb/src/bson.ts:2:1)
      at Object.<anonymous> (node_modules/mongodb/src/admin.ts:1:1)
      at Object.<anonymous> (node_modules/mongodb/src/index.ts:1:1)
      at Object.<anonymous> (lib/mongodb.ts:1:1)
      at Object.<anonymous> (lib/utils/rateLimit.ts:11:1)
      at Object.<anonymous> (lib/utils/__tests__/rateLimit.test.ts:8:1)

FAIL lib/utils/__tests__/rateLimit.property.test.ts
  โ— Test suite failed to run

    Jest encountered an unexpected token

    Jest failed to parse a file. This happens e.g. when your code or its dependencies use non-standard 
JavaScript syntax, or when Jest is not configured to support such syntax.

    Out of the box Jest supports Babel, which will be used to transform your files into valid JS based on your 
Babel configuration.

    By default "node_modules" folder is ignored by transformers.

    Here's what you can do:
     โ€ข If you are trying to use ECMAScript Modules, see https://jestjs.io/docs/ecmascript-modules for how to 
enable it.
     โ€ข If you are trying to use TypeScript, see https://jestjs.io/docs/getting-started#using-typescript
     โ€ข To have some of your "node_modules" files transformed, you can specify a custom 
"transformIgnorePatterns" in your config.
     โ€ข If you need a custom transformation, specify a "transform" option in your config.
     โ€ข If you simply want to mock your non-JS modules (e.g. binary assets) you can stub them out with the 
"moduleNameMapper" config option.

    You'll find more details and examples of these config options in the docs:
    https://jestjs.io/docs/configuration
    For information about custom transformations, see:
    https://jestjs.io/docs/code-transformation

    Details:

    D:\Fatcat\ThaiMusic\Backup\AWS\registerForm-platform\node_modules\bson\lib\bson.mjs:4711
    export { bson as BSON, BSONError, BSONOffsetError, BSONRegExp, BSONRuntimeError, BSONSymbol, BSONType, 
BSONValue, BSONVersionError, Binary, ByteUtils, Code, DBRef, Decimal128, Double, EJSON, Int32, Long, MaxKey, 
MinKey, NumberUtils, ObjectId, Timestamp, UUID, bsonType, calculateObjectSize, deserialize, deserializeStream, 
onDemand, serialize, serializeWithBufferAndIndex, setInternalBufferSize };
    ^^^^^^

    SyntaxError: Unexpected token 'export'

    [0m[31m[1m>[22m[39m[90m 1 |[39m [36mimport[39m { [33mMongoClient[39m[33m,[39m [33mDb[39m } 
[36mfrom[39m [32m'mongodb'[39m[33m;[39m
     [90m   |[39m [31m[1m^[22m[39m
     [90m 2 |[39m
     [90m 3 |[39m [36mlet[39m cachedClient[33m:[39m [33mMongoClient[39m [33m|[39m [36mnull[39m 
[33m=[39m [36mnull[39m[33m;[39m
     [90m 4 |[39m [36mlet[39m cachedDb[33m:[39m [33mDb[39m [33m|[39m [36mnull[39m [33m=[39m 
[36mnull[39m[33m;[39m[0m

      at Runtime.createScriptFromCode (node_modules/jest-runtime/build/index.js:1318:40)
      at Object.<anonymous> (node_modules/mongodb/src/bson.ts:2:1)
      at Object.<anonymous> (node_modules/mongodb/src/admin.ts:1:1)
      at Object.<anonymous> (node_modules/mongodb/src/index.ts:1:1)
      at Object.<anonymous> (lib/mongodb.ts:1:1)
      at Object.<anonymous> (lib/utils/rateLimit.ts:11:1)
      at Object.<anonymous> (lib/utils/__tests__/rateLimit.property.test.ts:13:1)

PASS lib/utils/__tests__/draftToken.property.test.ts
  โ— Console

    console.log
      [dotenv@17.3.1] injecting env (5) from .env.local -- tip: โ๏ธ  load multiple .env files with { path: 
['.env.local', '.env'] }

      at _log (node_modules/dotenv/lib/main.js:139:11)

PASS lib/utils/__tests__/draftStorage.test.ts
  โ— Console

    console.log
      [dotenv@17.3.1] injecting env (5) from .env.local -- tip: โก๏ธ secrets for agents: 
https://dotenvx.com/as2

      at _log (node_modules/dotenv/lib/main.js:139:11)

    console.error
      Failed to retrieve draft from LocalStorage: SyntaxError: Unexpected token 'i', "invalid json" is not 
valid JSON
          at JSON.parse (<anonymous>)
          at getDraftFromLocal 
(D:\Fatcat\ThaiMusic\Backup\AWS\registerForm-platform\lib\utils\draftStorage.ts:90:23)
          at Object.<anonymous> 
(D:\Fatcat\ThaiMusic\Backup\AWS\registerForm-platform\lib\utils\__tests__\draftStorage.test.ts:79:44)
          at Promise.finally.completed (D:\Fatcat\ThaiMusic\Backup\AWS\registerForm-platform\node_modules\jest-
circus\build\jestAdapterInit.js:1557:28)
          at new Promise (<anonymous>)
          at callAsyncCircusFn (D:\Fatcat\ThaiMusic\Backup\AWS\registerForm-platform\node_modules\jest-circus\b
uild\jestAdapterInit.js:1497:10)
          at _callCircusTest (D:\Fatcat\ThaiMusic\Backup\AWS\registerForm-platform\node_modules\jest-circus\bui
ld\jestAdapterInit.js:1007:40)
          at processTicksAndRejections (node:internal/process/task_queues:103:5)
          at _runTest 
(D:\Fatcat\ThaiMusic\Backup\AWS\registerForm-platform\node_modules\jest-circus\build\jestAdapterInit.js:947:3)
          at 
D:\Fatcat\ThaiMusic\Backup\AWS\registerForm-platform\node_modules\jest-circus\build\jestAdapterInit.js:849:7
          at _runTestsForDescribeBlock 
(D:\Fatcat\ThaiMusic\Backup\AWS\registerForm-platform\node_modules\jest-circus\build\jestAdapterInit.js:862:11)
          at _runTestsForDescribeBlock 
(D:\Fatcat\ThaiMusic\Backup\AWS\registerForm-platform\node_modules\jest-circus\build\jestAdapterInit.js:857:11)
          at _runTestsForDescribeBlock 
(D:\Fatcat\ThaiMusic\Backup\AWS\registerForm-platform\node_modules\jest-circus\build\jestAdapterInit.js:857:11)
          at _runTestsForDescribeBlock 
(D:\Fatcat\ThaiMusic\Backup\AWS\registerForm-platform\node_modules\jest-circus\build\jestAdapterInit.js:857:11)
          at run 
(D:\Fatcat\ThaiMusic\Backup\AWS\registerForm-platform\node_modules\jest-circus\build\jestAdapterInit.js:761:3)
          at runAndTransformResultsToJestFormat (D:\Fatcat\ThaiMusic\Backup\AWS\registerForm-platform\node_modu
les\jest-circus\build\jestAdapterInit.js:1918:21)
          at jestAdapter 
(D:\Fatcat\ThaiMusic\Backup\AWS\registerForm-platform\node_modules\jest-circus\build\runner.js:101:19)
          at runTestInternal 
(D:\Fatcat\ThaiMusic\Backup\AWS\registerForm-platform\node_modules\jest-runner\build\testWorker.js:275:16)
          at runTest 
(D:\Fatcat\ThaiMusic\Backup\AWS\registerForm-platform\node_modules\jest-runner\build\testWorker.js:343:7)
          at Object.worker 
(D:\Fatcat\ThaiMusic\Backup\AWS\registerForm-platform\node_modules\jest-runner\build\testWorker.js:497:12)

    [0m [90m  98 |[39m     [36mreturn[39m data[33m;[39m
     [90m  99 |[39m   } [36mcatch[39m (e[33m:[39m any) {
    [31m[1m>[22m[39m[90m 100 |[39m     console[33m.[39merror([32m'Failed to retrieve draft from 
LocalStorage:'[39m[33m,[39m e)[33m;[39m
     [90m     |[39m             [31m[1m^[22m[39m
     [90m 101 |[39m     [36mreturn[39m [36mnull[39m[33m;[39m
     [90m 102 |[39m   }
     [90m 103 |[39m }[0m

      at getDraftFromLocal (lib/utils/draftStorage.ts:100:13)
      at Object.<anonymous> (lib/utils/__tests__/draftStorage.test.ts:79:44)

    console.warn
      Invalid draft data structure found in LocalStorage

    [0m [90m 92 |[39m     [90m// Validate the data structure[39m
     [90m 93 |[39m     [36mif[39m ([33m![39mdata[33m.[39memail [33m||[39m 
[33m![39mdata[33m.[39msubmissionType [33m||[39m [33m![39mdata[33m.[39mformData [33m||[39m 
[36mtypeof[39m data[33m.[39mcurrentStep [33m!==[39m [32m'number'[39m) {
    [31m[1m>[22m[39m[90m 94 |[39m       console[33m.[39mwarn([32m'Invalid draft data structure found 
in LocalStorage'[39m)[33m;[39m
     [90m    |[39m               [31m[1m^[22m[39m
     [90m 95 |[39m       [36mreturn[39m [36mnull[39m[33m;[39m
     [90m 96 |[39m     }
     [90m 97 |[39m     [0m

      at getDraftFromLocal (lib/utils/draftStorage.ts:94:15)
      at Object.<anonymous> (lib/utils/__tests__/draftStorage.test.ts:92:44)

PASS app/api/draft/[token]/verify-otp/__tests__/verify-otp.test.ts
  โ— Console

    console.log
      [dotenv@17.3.1] injecting env (5) from .env.local -- tip: โ๏ธ  specify custom .env file path with { 
path: '/custom/path/.env' }

      at _log (node_modules/dotenv/lib/main.js:139:11)

    console.log
      ๐” Connecting to MongoDB...

      at connectToDatabase (lib/mongodb.ts:19:13)

    console.log
      ๐“ URI: mongodb://<credentials>@localhost:27017/thai_music_school?authSource=admin

      at connectToDatabase (lib/mongodb.ts:20:13)

    console.log
      โ… MongoDB connected successfully to database: thai_music_school

      at connectToDatabase (lib/mongodb.ts:27:13)

PASS lib/email/__tests__/draftSave.property.test.ts
  โ— Console

    console.log
      [dotenv@17.3.1] injecting env (5) from .env.local -- tip: โก๏ธ secrets for agents: 
https://dotenvx.com/as2

      at _log (node_modules/dotenv/lib/main.js:139:11)

PASS app/api/draft/[token]/submit/__tests__/submit.property.test.ts (5.024 s)
  โ— Console

    console.log
      [dotenv@17.3.1] injecting env (5) from .env.local -- tip: โ๏ธ  override existing env vars with { 
override: true }

      at _log (node_modules/dotenv/lib/main.js:139:11)

    console.log
      ๐” Connecting to MongoDB...

      at connectToDatabase (lib/mongodb.ts:19:13)

    console.log
      ๐“ URI: mongodb://<credentials>@localhost:27017/thai_music_school?authSource=admin

      at connectToDatabase (lib/mongodb.ts:20:13)

    console.log
      โ… MongoDB connected successfully to database: thai_music_school

      at connectToDatabase (lib/mongodb.ts:27:13)

FAIL app/api/draft/__tests__/integration.test.ts (6.825 s)
  โ— Console

    console.log
      [dotenv@17.3.1] injecting env (5) from .env.local -- tip: โ๏ธ  enable debug logging with { debug: 
true }

      at _log (node_modules/dotenv/lib/main.js:139:11)

    console.log
      ๐” Connecting to MongoDB...

      at connectToDatabase (lib/mongodb.ts:19:13)

    console.log
      ๐“ URI: mongodb://<credentials>@localhost:27017/thai_music_school?authSource=admin

      at connectToDatabase (lib/mongodb.ts:20:13)

    console.log
      โ… MongoDB connected successfully to database: thai_music_school

      at connectToDatabase (lib/mongodb.ts:27:13)

    console.log
      Draft save email would be sent to: integration-test-1772510279127@example.com

      at sendDraftSaveEmail (app/api/draft/save/route.ts:88:13)

    console.log
      Subject: เธเธฑเธเธ—เธถเธเนเธเธเธเธญเธฃเนเธกเธชเธกเธฑเธเธฃเธเธญเธเธเธธเธ“ - 
เธชเธกเธฑเธเธฃเนเธเธฃเธเธเธฒเธฃ 100 เนเธฃเธเน€เธฃเธตเธขเธ

      at sendDraftSaveEmail (app/api/draft/save/route.ts:89:13)

    console.log
      Draft token: 9c1c67ad-ebe3-4a60-90fd-11ec772363f8

      at sendDraftSaveEmail (app/api/draft/save/route.ts:90:13)

    console.log
      OTP email would be sent to: integration-test-1772510279127@example.com

      at sendOTPEmail (app/api/draft/[token]/request-otp/route.ts:37:13)

    console.log
      OTP: 912403

      at sendOTPEmail (app/api/draft/[token]/request-otp/route.ts:38:13)

    console.log
      Expires at: 2026-03-03T04:07:59.451Z

      at sendOTPEmail (app/api/draft/[token]/request-otp/route.ts:39:13)

    console.error
      Error sending email: Error: Missing credentials for "PLAIN"
          at SMTPConnection._formatError (D:\Fatcat\ThaiMusic\Backup\AWS\registerForm-platform\node_modules\nod
emailer\lib\smtp-connection\index.js:912:19)
          at SMTPConnection.login (D:\Fatcat\ThaiMusic\Backup\AWS\registerForm-platform\node_modules\nodemailer
\lib\smtp-connection\index.js:549:38)
          at 
D:\Fatcat\ThaiMusic\Backup\AWS\registerForm-platform\node_modules\nodemailer\lib\smtp-transport\index.js:278:32
          at SMTPConnection.<anonymous> (D:\Fatcat\ThaiMusic\Backup\AWS\registerForm-platform\node_modules\node
mailer\lib\smtp-connection\index.js:227:17)
          at Object.onceWrapper (node:events:622:28)
          at SMTPConnection.emit (node:events:508:28)
          at SMTPConnection._actionEHLO (D:\Fatcat\ThaiMusic\Backup\AWS\registerForm-platform\node_modules\node
mailer\lib\smtp-connection\index.js:1503:14)
          at SMTPConnection._processResponse (D:\Fatcat\ThaiMusic\Backup\AWS\registerForm-platform\node_modules
\nodemailer\lib\smtp-connection\index.js:1098:20)
          at SMTPConnection._onData (D:\Fatcat\ThaiMusic\Backup\AWS\registerForm-platform\node_modules\nodemail
er\lib\smtp-connection\index.js:872:14)
          at TLSSocket.SMTPConnection._onSocketData (D:\Fatcat\ThaiMusic\Backup\AWS\registerForm-platform\node_
modules\nodemailer\lib\smtp-connection\index.js:196:44)
          at TLSSocket.emit (node:events:508:28)
          at addChunk (node:internal/streams/readable:559:12)
          at readableAddChunkPushByteMode (node:internal/streams/readable:510:3)
          at TLSSocket.Readable.push (node:internal/streams/readable:390:5)
          at TLSWrap.onStreamRead (node:internal/stream_base_commons:189:23) {
        code: 'EAUTH',
        command: 'API'
      }

    [0m [90m 39 |[39m     [36mreturn[39m [36mtrue[39m[33m;[39m
     [90m 40 |[39m   } [36mcatch[39m (error) {
    [31m[1m>[22m[39m[90m 41 |[39m     console[33m.[39merror([32m'Error sending 
email:'[39m[33m,[39m error)[33m;[39m
     [90m    |[39m             [31m[1m^[22m[39m
     [90m 42 |[39m     [36mreturn[39m [36mfalse[39m[33m;[39m
     [90m 43 |[39m   }
     [90m 44 |[39m }[0m

      at sendEmail (lib/email/mailer.ts:41:13)
      at POST (app/api/draft/[token]/submit/route.ts:250:23)
      at Object.<anonymous> (app/api/draft/__tests__/integration.test.ts:148:30)

    console.error
      โ ๏ธ Failed to send submission success email to: integration-test-1772510279127@example.com

    [0m [90m 256 |[39m
     [90m 257 |[39m     [36mif[39m ([33m![39memailSent) {
    [31m[1m>[22m[39m[90m 258 |[39m       console[33m.[39merror([32m'โ๏ธ Failed to send submission 
success email to:'[39m[33m,[39m draft[33m.[39memail)[33m;[39m
     [90m     |[39m               [31m[1m^[22m[39m
     [90m 259 |[39m       [90m// Don't fail the request - submission was successful even if email 
failed[39m
     [90m 260 |[39m     }
     [90m 261 |[39m[0m

      at POST (app/api/draft/[token]/submit/route.ts:258:15)
      at Object.<anonymous> (app/api/draft/__tests__/integration.test.ts:148:30)

    console.log
      Draft save email would be sent to: integration-test-1772510281902@example.com

      at sendDraftSaveEmail (app/api/draft/save/route.ts:88:13)

    console.log
      Subject: เธเธฑเธเธ—เธถเธเนเธเธเธเธญเธฃเนเธกเธชเธกเธฑเธเธฃเธเธญเธเธเธธเธ“ - 
เธชเธกเธฑเธเธฃเนเธเธฃเธเธเธฒเธฃ 100 เนเธฃเธเน€เธฃเธตเธขเธ

      at sendDraftSaveEmail (app/api/draft/save/route.ts:89:13)

    console.log
      Draft token: c4241435-0693-456b-b079-fa458a1b7a69

      at sendDraftSaveEmail (app/api/draft/save/route.ts:90:13)

    console.error
      Error sending email: Error: Missing credentials for "PLAIN"
          at SMTPConnection._formatError (D:\Fatcat\ThaiMusic\Backup\AWS\registerForm-platform\node_modules\nod
emailer\lib\smtp-connection\index.js:912:19)
          at SMTPConnection.login (D:\Fatcat\ThaiMusic\Backup\AWS\registerForm-platform\node_modules\nodemailer
\lib\smtp-connection\index.js:549:38)
          at 
D:\Fatcat\ThaiMusic\Backup\AWS\registerForm-platform\node_modules\nodemailer\lib\smtp-transport\index.js:278:32
          at SMTPConnection.<anonymous> (D:\Fatcat\ThaiMusic\Backup\AWS\registerForm-platform\node_modules\node
mailer\lib\smtp-connection\index.js:227:17)
          at Object.onceWrapper (node:events:622:28)
          at SMTPConnection.emit (node:events:508:28)
          at SMTPConnection._actionEHLO (D:\Fatcat\ThaiMusic\Backup\AWS\registerForm-platform\node_modules\node
mailer\lib\smtp-connection\index.js:1503:14)
          at SMTPConnection._processResponse (D:\Fatcat\ThaiMusic\Backup\AWS\registerForm-platform\node_modules
\nodemailer\lib\smtp-connection\index.js:1098:20)
          at SMTPConnection._onData (D:\Fatcat\ThaiMusic\Backup\AWS\registerForm-platform\node_modules\nodemail
er\lib\smtp-connection\index.js:872:14)
          at TLSSocket.SMTPConnection._onSocketData (D:\Fatcat\ThaiMusic\Backup\AWS\registerForm-platform\node_
modules\nodemailer\lib\smtp-connection\index.js:196:44)
          at TLSSocket.emit (node:events:508:28)
          at addChunk (node:internal/streams/readable:559:12)
          at readableAddChunkPushByteMode (node:internal/streams/readable:510:3)
          at TLSSocket.Readable.push (node:internal/streams/readable:390:5)
          at TLSWrap.onStreamRead (node:internal/stream_base_commons:189:23) {
        code: 'EAUTH',
        command: 'API'
      }

    [0m [90m 39 |[39m     [36mreturn[39m [36mtrue[39m[33m;[39m
     [90m 40 |[39m   } [36mcatch[39m (error) {
    [31m[1m>[22m[39m[90m 41 |[39m     console[33m.[39merror([32m'Error sending 
email:'[39m[33m,[39m error)[33m;[39m
     [90m    |[39m             [31m[1m^[22m[39m
     [90m 42 |[39m     [36mreturn[39m [36mfalse[39m[33m;[39m
     [90m 43 |[39m   }
     [90m 44 |[39m }[0m

      at sendEmail (lib/email/mailer.ts:41:13)
      at POST (app/api/draft/[token]/submit/route.ts:250:23)
      at Object.<anonymous> (app/api/draft/__tests__/integration.test.ts:226:30)

    console.error
      โ ๏ธ Failed to send submission success email to: integration-test-1772510281902@example.com

    [0m [90m 256 |[39m
     [90m 257 |[39m     [36mif[39m ([33m![39memailSent) {
    [31m[1m>[22m[39m[90m 258 |[39m       console[33m.[39merror([32m'โ๏ธ Failed to send submission 
success email to:'[39m[33m,[39m draft[33m.[39memail)[33m;[39m
     [90m     |[39m               [31m[1m^[22m[39m
     [90m 259 |[39m       [90m// Don't fail the request - submission was successful even if email 
failed[39m
     [90m 260 |[39m     }
     [90m 261 |[39m[0m

      at POST (app/api/draft/[token]/submit/route.ts:258:15)
      at Object.<anonymous> (app/api/draft/__tests__/integration.test.ts:226:30)

    console.log
      Draft save email would be sent to: integration-test-1772510283137@example.com

      at sendDraftSaveEmail (app/api/draft/save/route.ts:88:13)

    console.log
      Subject: เธเธฑเธเธ—เธถเธเนเธเธเธเธญเธฃเนเธกเธชเธกเธฑเธเธฃเธเธญเธเธเธธเธ“ - 
เธชเธกเธฑเธเธฃเนเธเธฃเธเธเธฒเธฃ 100 เนเธฃเธเน€เธฃเธตเธขเธ

      at sendDraftSaveEmail (app/api/draft/save/route.ts:89:13)

    console.log
      Draft token: 56ba330c-d70c-435d-ab47-96ee97014954

      at sendDraftSaveEmail (app/api/draft/save/route.ts:90:13)

    console.log
      OTP email would be sent to: integration-test-1772510283137@example.com

      at sendOTPEmail (app/api/draft/[token]/request-otp/route.ts:37:13)

    console.log
      OTP: 714865

      at sendOTPEmail (app/api/draft/[token]/request-otp/route.ts:38:13)

    console.log
      Expires at: 2026-03-03T04:08:03.208Z

      at sendOTPEmail (app/api/draft/[token]/request-otp/route.ts:39:13)

    console.log
      OTP email would be sent to: integration-test-1772510283137@example.com

      at sendOTPEmail (app/api/draft/[token]/request-otp/route.ts:37:13)

    console.log
      OTP: 440750

      at sendOTPEmail (app/api/draft/[token]/request-otp/route.ts:38:13)

    console.log
      Expires at: 2026-03-03T04:08:03.274Z

      at sendOTPEmail (app/api/draft/[token]/request-otp/route.ts:39:13)

    console.log
      OTP email would be sent to: integration-test-1772510283137@example.com

      at sendOTPEmail (app/api/draft/[token]/request-otp/route.ts:37:13)

    console.log
      OTP: 414817

      at sendOTPEmail (app/api/draft/[token]/request-otp/route.ts:38:13)

    console.log
      Expires at: 2026-03-03T04:08:03.337Z

      at sendOTPEmail (app/api/draft/[token]/request-otp/route.ts:39:13)

    console.log
      Draft save email would be sent to: integration-test-1772510283389@example.com

      at sendDraftSaveEmail (app/api/draft/save/route.ts:88:13)

    console.log
      Subject: เธเธฑเธเธ—เธถเธเนเธเธเธเธญเธฃเนเธกเธชเธกเธฑเธเธฃเธเธญเธเธเธธเธ“ - 
เธชเธกเธฑเธเธฃเนเธเธฃเธเธเธฒเธฃ 100 เนเธฃเธเน€เธฃเธตเธขเธ

      at sendDraftSaveEmail (app/api/draft/save/route.ts:89:13)

    console.log
      Draft token: e83aec06-0579-49e2-9542-dcfc97caa00b

      at sendDraftSaveEmail (app/api/draft/save/route.ts:90:13)

    console.log
      Draft save email would be sent to: integration-test-1772510283403@example.com

      at sendDraftSaveEmail (app/api/draft/save/route.ts:88:13)

    console.log
      Subject: เธเธฑเธเธ—เธถเธเนเธเธเธเธญเธฃเนเธกเธชเธกเธฑเธเธฃเธเธญเธเธเธธเธ“ - 
เธชเธกเธฑเธเธฃเนเธเธฃเธเธเธฒเธฃ 100 เนเธฃเธเน€เธฃเธตเธขเธ

      at sendDraftSaveEmail (app/api/draft/save/route.ts:89:13)

    console.log
      Draft token: e0eb4518-2947-4ed6-b575-d2c570ec96f9

      at sendDraftSaveEmail (app/api/draft/save/route.ts:90:13)

    console.log
      Draft save email would be sent to: integration-test-1772510283403@example.com

      at sendDraftSaveEmail (app/api/draft/save/route.ts:88:13)

    console.log
      Subject: เธเธฑเธเธ—เธถเธเนเธเธเธเธญเธฃเนเธกเธชเธกเธฑเธเธฃเธเธญเธเธเธธเธ“ - 
เธชเธกเธฑเธเธฃเนเธเธฃเธเธเธฒเธฃ 100 เนเธฃเธเน€เธฃเธตเธขเธ

      at sendDraftSaveEmail (app/api/draft/save/route.ts:89:13)

    console.log
      Draft token: 01feb6fe-c6f5-4078-b28f-e92fd8e3d63c

      at sendDraftSaveEmail (app/api/draft/save/route.ts:90:13)

    console.log
      Draft save email would be sent to: integration-test-1772510283403@example.com

      at sendDraftSaveEmail (app/api/draft/save/route.ts:88:13)

    console.log
      Subject: เธเธฑเธเธ—เธถเธเนเธเธเธเธญเธฃเนเธกเธชเธกเธฑเธเธฃเธเธญเธเธเธธเธ“ - 
เธชเธกเธฑเธเธฃเนเธเธฃเธเธเธฒเธฃ 100 เนเธฃเธเน€เธฃเธตเธขเธ

      at sendDraftSaveEmail (app/api/draft/save/route.ts:89:13)

    console.log
      Draft token: 8b25daaa-6fd6-483e-807f-f78a737aae6a

      at sendDraftSaveEmail (app/api/draft/save/route.ts:90:13)

    console.log
      Draft save email would be sent to: integration-test-1772510283403@example.com

      at sendDraftSaveEmail (app/api/draft/save/route.ts:88:13)

    console.log
      Subject: เธเธฑเธเธ—เธถเธเนเธเธเธเธญเธฃเนเธกเธชเธกเธฑเธเธฃเธเธญเธเธเธธเธ“ - 
เธชเธกเธฑเธเธฃเนเธเธฃเธเธเธฒเธฃ 100 เนเธฃเธเน€เธฃเธตเธขเธ

      at sendDraftSaveEmail (app/api/draft/save/route.ts:89:13)

    console.log
      Draft token: 875e2b42-3b13-4c93-830c-5df1edc72876

      at sendDraftSaveEmail (app/api/draft/save/route.ts:90:13)

    console.log
      Draft save email would be sent to: integration-test-1772510283403@example.com

      at sendDraftSaveEmail (app/api/draft/save/route.ts:88:13)

    console.log
      Subject: เธเธฑเธเธ—เธถเธเนเธเธเธเธญเธฃเนเธกเธชเธกเธฑเธเธฃเธเธญเธเธเธธเธ“ - 
เธชเธกเธฑเธเธฃเนเธเธฃเธเธเธฒเธฃ 100 เนเธฃเธเน€เธฃเธตเธขเธ

      at sendDraftSaveEmail (app/api/draft/save/route.ts:89:13)

    console.log
      Draft token: 3d97c898-8b81-473e-8b01-a97bdcbb4112

      at sendDraftSaveEmail (app/api/draft/save/route.ts:90:13)

    console.log
      Draft save email would be sent to: integration-test-1772510283403@example.com

      at sendDraftSaveEmail (app/api/draft/save/route.ts:88:13)

    console.log
      Subject: เธเธฑเธเธ—เธถเธเนเธเธเธเธญเธฃเนเธกเธชเธกเธฑเธเธฃเธเธญเธเธเธธเธ“ - 
เธชเธกเธฑเธเธฃเนเธเธฃเธเธเธฒเธฃ 100 เนเธฃเธเน€เธฃเธตเธขเธ

      at sendDraftSaveEmail (app/api/draft/save/route.ts:89:13)

    console.log
      Draft token: 1b287d71-f139-4f9d-b938-838e6e6f26f5

      at sendDraftSaveEmail (app/api/draft/save/route.ts:90:13)

    console.log
      Draft save email would be sent to: integration-test-1772510283462@example.com

      at sendDraftSaveEmail (app/api/draft/save/route.ts:88:13)

    console.log
      Subject: เธเธฑเธเธ—เธถเธเนเธเธเธเธญเธฃเนเธกเธชเธกเธฑเธเธฃเธเธญเธเธเธธเธ“ - 
เธชเธกเธฑเธเธฃเนเธเธฃเธเธเธฒเธฃ 100 เนเธฃเธเน€เธฃเธตเธขเธ

      at sendDraftSaveEmail (app/api/draft/save/route.ts:89:13)

    console.log
      Draft token: 04816cc5-1b82-4fda-b9a4-0ad88cad735e

      at sendDraftSaveEmail (app/api/draft/save/route.ts:90:13)

    console.log
      OTP email would be sent to: integration-test-1772510283462@example.com

      at sendOTPEmail (app/api/draft/[token]/request-otp/route.ts:37:13)

    console.log
      OTP: 355358

      at sendOTPEmail (app/api/draft/[token]/request-otp/route.ts:38:13)

    console.log
      Expires at: 2026-03-03T04:08:03.530Z

      at sendOTPEmail (app/api/draft/[token]/request-otp/route.ts:39:13)

    console.log
      OTP email would be sent to: integration-test-1772510283462@example.com

      at sendOTPEmail (app/api/draft/[token]/request-otp/route.ts:37:13)

    console.log
      OTP: 381440

      at sendOTPEmail (app/api/draft/[token]/request-otp/route.ts:38:13)

    console.log
      Expires at: 2026-03-03T04:08:03.592Z

      at sendOTPEmail (app/api/draft/[token]/request-otp/route.ts:39:13)

    console.log
      OTP email would be sent to: integration-test-1772510283462@example.com

      at sendOTPEmail (app/api/draft/[token]/request-otp/route.ts:37:13)

    console.log
      OTP: 933289

      at sendOTPEmail (app/api/draft/[token]/request-otp/route.ts:38:13)

    console.log
      Expires at: 2026-03-03T04:08:03.662Z

      at sendOTPEmail (app/api/draft/[token]/request-otp/route.ts:39:13)

    console.log
      Draft save email would be sent to: integration-test-1772510283674@example.com

      at sendDraftSaveEmail (app/api/draft/save/route.ts:88:13)

    console.log
      Subject: เธเธฑเธเธ—เธถเธเนเธเธเธเธญเธฃเนเธกเธชเธกเธฑเธเธฃเธเธญเธเธเธธเธ“ - 
เธชเธกเธฑเธเธฃเนเธเธฃเธเธเธฒเธฃ 100 เนเธฃเธเน€เธฃเธตเธขเธ

      at sendDraftSaveEmail (app/api/draft/save/route.ts:89:13)

    console.log
      Draft token: 322ba626-7b4d-4414-ba0c-9de696a5da97

      at sendDraftSaveEmail (app/api/draft/save/route.ts:90:13)

    console.log
      OTP email would be sent to: integration-test-1772510283674@example.com

      at sendOTPEmail (app/api/draft/[token]/request-otp/route.ts:37:13)

    console.log
      OTP: 656935

      at sendOTPEmail (app/api/draft/[token]/request-otp/route.ts:38:13)

    console.log
      Expires at: 2026-03-03T04:08:03.737Z

      at sendOTPEmail (app/api/draft/[token]/request-otp/route.ts:39:13)

    console.log
      Draft save email would be sent to: integration-test-1772510284044@example.com

      at sendDraftSaveEmail (app/api/draft/save/route.ts:88:13)

    console.log
      Subject: เธเธฑเธเธ—เธถเธเนเธเธเธเธญเธฃเนเธกเธชเธกเธฑเธเธฃเธเธญเธเธเธธเธ“ - 
เธชเธกเธฑเธเธฃเนเธเธฃเธเธเธฒเธฃ 100 เนเธฃเธเน€เธฃเธตเธขเธ

      at sendDraftSaveEmail (app/api/draft/save/route.ts:89:13)

    console.log
      Draft token: 417cfe97-4237-4291-8833-d383f93f27c0

      at sendDraftSaveEmail (app/api/draft/save/route.ts:90:13)

    console.log
      OTP email would be sent to: integration-test-1772510284044@example.com

      at sendOTPEmail (app/api/draft/[token]/request-otp/route.ts:37:13)

    console.log
      OTP: 940956

      at sendOTPEmail (app/api/draft/[token]/request-otp/route.ts:38:13)

    console.log
      Expires at: 2026-03-03T04:08:04.113Z

      at sendOTPEmail (app/api/draft/[token]/request-otp/route.ts:39:13)

    console.log
      Draft save email would be sent to: integration-test-1772510284242@example.com

      at sendDraftSaveEmail (app/api/draft/save/route.ts:88:13)

    console.log
      Subject: เธเธฑเธเธ—เธถเธเนเธเธเธเธญเธฃเนเธกเธชเธกเธฑเธเธฃเธเธญเธเธเธธเธ“ - 
เธชเธกเธฑเธเธฃเนเธเธฃเธเธเธฒเธฃ 100 เนเธฃเธเน€เธฃเธตเธขเธ

      at sendDraftSaveEmail (app/api/draft/save/route.ts:89:13)

    console.log
      Draft token: 775e1f03-a5dc-4ff2-97d0-776ac3a2ecea

      at sendDraftSaveEmail (app/api/draft/save/route.ts:90:13)

    console.log
      OTP email would be sent to: integration-test-1772510284242@example.com

      at sendOTPEmail (app/api/draft/[token]/request-otp/route.ts:37:13)

    console.log
      OTP: 087765

      at sendOTPEmail (app/api/draft/[token]/request-otp/route.ts:38:13)

    console.log
      Expires at: 2026-03-03T04:08:04.306Z

      at sendOTPEmail (app/api/draft/[token]/request-otp/route.ts:39:13)

  โ— Draft API Integration Tests โ€บ Rate Limiting Integration โ€บ should enforce draft save rate limit (5 
per hour)

    expect(received).toBe(expected) // Object.is equality

    Expected: false
    Received: true

    [0m [90m 512 |[39m         } [36melse[39m {
     [90m 513 |[39m           [90m// 6th save should be rate limited[39m
    [31m[1m>[22m[39m[90m 514 |[39m           
expect(saveResult[33m.[39msuccess)[33m.[39mtoBe([36mfalse[39m)[33m;[39m
     [90m     |[39m                                      [31m[1m^[22m[39m
     [90m 515 |[39m           expect(saveResponse[33m.[39mstatus)[33m.[39mtoBe([35m429[39m)[33m;[39m
     [90m 516 |[39m         }
     [90m 517 |[39m       }[0m

      at Object.<anonymous> (app/api/draft/__tests__/integration.test.ts:514:38)

FAIL app/api/draft/save/__tests__/save.property.test.ts (7.695 s)
  โ— Console

    console.log
      [dotenv@17.3.1] injecting env (5) from .env.local -- tip: โ๏ธ  suppress all logs with { quiet: true }

      at _log (node_modules/dotenv/lib/main.js:139:11)

    console.log
      ๐” Connecting to MongoDB...

      at connectToDatabase (lib/mongodb.ts:19:13)

    console.log
      ๐“ URI: mongodb://<credentials>@localhost:27017/thai_music_school?authSource=admin

      at connectToDatabase (lib/mongodb.ts:20:13)

    console.log
      โ… MongoDB connected successfully to database: thai_music_school

      at connectToDatabase (lib/mongodb.ts:27:13)

    console.log
      Draft save email would be sent to: test.0rmqzd.!uh-.-ib!.*'.-6/pqsy8j5.j'gpg8t}f#}@1i.ie

      at sendDraftSaveEmail (app/api/draft/save/route.ts:88:13)

    console.log
      Subject: เธเธฑเธเธ—เธถเธเนเธเธเธเธญเธฃเนเธกเธชเธกเธฑเธเธฃเธเธญเธเธเธธเธ“ - 
เธชเธกเธฑเธเธฃเธเธญเธฃเธฑเธเธเธฒเธฃเธชเธเธฑเธเธชเธเธธเธ

      at sendDraftSaveEmail (app/api/draft/save/route.ts:89:13)

    console.log
      Draft token: 71fd3ed4-35df-443d-b1db-c46b72b03ee2

      at sendDraftSaveEmail (app/api/draft/save/route.ts:90:13)

    console.log
      Draft save email would be sent to: test.~?#{5$nq0dn.{d_.}d{7@6c4fgpm.qx

      at sendDraftSaveEmail (app/api/draft/save/route.ts:88:13)

    console.log
      Subject: เธเธฑเธเธ—เธถเธเนเธเธเธเธญเธฃเนเธกเธชเธกเธฑเธเธฃเธเธญเธเธเธธเธ“ - 
เธชเธกเธฑเธเธฃเธเธญเธฃเธฑเธเธเธฒเธฃเธชเธเธฑเธเธชเธเธธเธ

      at sendDraftSaveEmail (app/api/draft/save/route.ts:89:13)

    console.log
      Draft token: 7af68e71-e50c-433a-a28a-827d73aca7bb

      at sendDraftSaveEmail (app/api/draft/save/route.ts:90:13)

    console.log
      Draft save email would be sent to: test.ba`e{c`bdf.9p3a9v.~n~ef+b^v=!.l@yobgstopl.key

      at sendDraftSaveEmail (app/api/draft/save/route.ts:88:13)

    console.log
      Subject: เธเธฑเธเธ—เธถเธเนเธเธเธเธญเธฃเนเธกเธชเธกเธฑเธเธฃเธเธญเธเธเธธเธ“ - 
เธชเธกเธฑเธเธฃเธเธญเธฃเธฑเธเธเธฒเธฃเธชเธเธฑเธเธชเธเธธเธ

      at sendDraftSaveEmail (app/api/draft/save/route.ts:89:13)

    console.log
      Draft token: f852eb9b-4571-448d-86f2-18f82d406aea

      at sendDraftSaveEmail (app/api/draft/save/route.ts:90:13)

    console.log
      Draft save email would be sent to: test.mf@qnbgtt99k.l0.uw

      at sendDraftSaveEmail (app/api/draft/save/route.ts:88:13)

    console.log
      Subject: เธเธฑเธเธ—เธถเธเนเธเธเธเธญเธฃเนเธกเธชเธกเธฑเธเธฃเธเธญเธเธเธธเธ“ - 
เธชเธกเธฑเธเธฃเนเธเธฃเธเธเธฒเธฃ 100 เนเธฃเธเน€เธฃเธตเธขเธ

      at sendDraftSaveEmail (app/api/draft/save/route.ts:89:13)

    console.log
      Draft token: 27ab0f00-1588-43a0-be2a-3a2de1738fe2

      at sendDraftSaveEmail (app/api/draft/save/route.ts:90:13)

    console.log
      Draft save email would be sent to: test.`{uu-~`#`16}.k8pqc26'+u9z.?mc'=.jp!@f8.43q49b9g3l6.bl

      at sendDraftSaveEmail (app/api/draft/save/route.ts:88:13)

    console.log
      Subject: เธเธฑเธเธ—เธถเธเนเธเธเธเธญเธฃเนเธกเธชเธกเธฑเธเธฃเธเธญเธเธเธธเธ“ - 
เธชเธกเธฑเธเธฃเนเธเธฃเธเธเธฒเธฃ 100 เนเธฃเธเน€เธฃเธตเธขเธ

      at sendDraftSaveEmail (app/api/draft/save/route.ts:89:13)

    console.log
      Draft token: 1a7d5070-0c1b-461b-97f2-72668adfb399

      at sendDraftSaveEmail (app/api/draft/save/route.ts:90:13)

    console.log
      Draft save email would be sent to: 
test.n=rj=c.0f.`2u}q-.4.c.e`ffl+j|bf.ae|.gk6o=g`.}__b2qz=l$dw.sr{@m-ce2726.ref

      at sendDraftSaveEmail (app/api/draft/save/route.ts:88:13)

    console.log
      Subject: เธเธฑเธเธ—เธถเธเนเธเธเธเธญเธฃเนเธกเธชเธกเธฑเธเธฃเธเธญเธเธเธธเธ“ - 
เธชเธกเธฑเธเธฃเนเธเธฃเธเธเธฒเธฃ 100 เนเธฃเธเน€เธฃเธตเธขเธ

      at sendDraftSaveEmail (app/api/draft/save/route.ts:89:13)

    console.log
      Draft token: 02dc7035-7c88-4966-abb2-d6613be7a267

      at sendDraftSaveEmail (app/api/draft/save/route.ts:90:13)

    console.log
      Draft save email would be sent to: test.$ajd+/7kz.b@7b4.qop

      at sendDraftSaveEmail (app/api/draft/save/route.ts:88:13)

    console.log
      Subject: เธเธฑเธเธ—เธถเธเนเธเธเธเธญเธฃเนเธกเธชเธกเธฑเธเธฃเธเธญเธเธเธธเธ“ - 
เธชเธกเธฑเธเธฃเนเธเธฃเธเธเธฒเธฃ 100 เนเธฃเธเน€เธฃเธตเธขเธ

      at sendDraftSaveEmail (app/api/draft/save/route.ts:89:13)

    console.log
      Draft token: 84865936-7f66-4f85-a652-6b34d321dd26

      at sendDraftSaveEmail (app/api/draft/save/route.ts:90:13)

    console.log
      Draft save email would be sent to: test.name@3xn-yyze.sqk

      at sendDraftSaveEmail (app/api/draft/save/route.ts:88:13)

    console.log
      Subject: เธเธฑเธเธ—เธถเธเนเธเธเธเธญเธฃเนเธกเธชเธกเธฑเธเธฃเธเธญเธเธเธธเธ“ - 
เธชเธกเธฑเธเธฃเธเธญเธฃเธฑเธเธเธฒเธฃเธชเธเธฑเธเธชเธเธธเธ

      at sendDraftSaveEmail (app/api/draft/save/route.ts:89:13)

    console.log
      Draft token: b824a239-2b45-46df-9d64-f1e89641aac4

      at sendDraftSaveEmail (app/api/draft/save/route.ts:90:13)

    console.log
      Draft save email would be sent to: 
test.ec`.m7.y2ywag2.-$uvfo2c2.w{rpu{af/.oy?cy}.4xe%.y.4i5.$bl8@8qa9ce.bp

      at sendDraftSaveEmail (app/api/draft/save/route.ts:88:13)

    console.log
      Subject: เธเธฑเธเธ—เธถเธเนเธเธเธเธญเธฃเนเธกเธชเธกเธฑเธเธฃเธเธญเธเธเธธเธ“ - 
เธชเธกเธฑเธเธฃเธเธญเธฃเธฑเธเธเธฒเธฃเธชเธเธฑเธเธชเธเธธเธ

      at sendDraftSaveEmail (app/api/draft/save/route.ts:89:13)

    console.log
      Draft token: c360bde9-675e-4ee3-8f1f-3d023808cc21

      at sendDraftSaveEmail (app/api/draft/save/route.ts:90:13)

    console.log
      Draft save email would be sent to: 
test.-fo.+`bl.^}x?#!0}}.%3w*.oer7.?n_.4f#u_.lb^=.2.'owwzzj!x%.xtcy/@h09dtc.aab

      at sendDraftSaveEmail (app/api/draft/save/route.ts:88:13)

    console.log
      Subject: เธเธฑเธเธ—เธถเธเนเธเธเธเธญเธฃเนเธกเธชเธกเธฑเธเธฃเธเธญเธเธเธธเธ“ - 
เธชเธกเธฑเธเธฃเนเธเธฃเธเธเธฒเธฃ 100 เนเธฃเธเน€เธฃเธตเธขเธ

      at sendDraftSaveEmail (app/api/draft/save/route.ts:89:13)

    console.log
      Draft token: d7c55a6a-ffa7-49be-b35d-dbb7d0729a57

      at sendDraftSaveEmail (app/api/draft/save/route.ts:90:13)

    console.log
      Draft save email would be sent to: test.n#x'3al.d&7.'!gv?.v_e.w}`5#9.6ia&b+`@55br59.q.ylm

      at sendDraftSaveEmail (app/api/draft/save/route.ts:88:13)

    console.log
      Subject: เธเธฑเธเธ—เธถเธเนเธเธเธเธญเธฃเนเธกเธชเธกเธฑเธเธฃเธเธญเธเธเธธเธ“ - 
เธชเธกเธฑเธเธฃเนเธเธฃเธเธเธฒเธฃ 100 เนเธฃเธเน€เธฃเธตเธขเธ

      at sendDraftSaveEmail (app/api/draft/save/route.ts:89:13)

    console.log
      Draft token: 221af5b3-ffc6-4ff4-b214-b5dbe1885487

      at sendDraftSaveEmail (app/api/draft/save/route.ts:90:13)

    console.log
      Draft save email would be sent to: 
test.c.h*-iys^sdxk8.x{!~/wed.=x0a{5}/4q=.%7r/=8v&d%`.&!19q0{024@imit4qdc7hge.ou

      at sendDraftSaveEmail (app/api/draft/save/route.ts:88:13)

    console.log
      Subject: เธเธฑเธเธ—เธถเธเนเธเธเธเธญเธฃเนเธกเธชเธกเธฑเธเธฃเธเธญเธเธเธธเธ“ - 
เธชเธกเธฑเธเธฃเนเธเธฃเธเธเธฒเธฃ 100 เนเธฃเธเน€เธฃเธตเธขเธ

      at sendDraftSaveEmail (app/api/draft/save/route.ts:89:13)

    console.log
      Draft token: 1f1f39fa-168b-46b1-9777-1e9163659603

      at sendDraftSaveEmail (app/api/draft/save/route.ts:90:13)

    console.log
      Draft save email would be sent to: test.484&%h.8q~r}n|{fx.2l7`/+%_.*gq$/0m=fvg.caller!/@f7c63ntv.jwj.gx

      at sendDraftSaveEmail (app/api/draft/save/route.ts:88:13)

    console.log
      Subject: เธเธฑเธเธ—เธถเธเนเธเธเธเธญเธฃเนเธกเธชเธกเธฑเธเธฃเธเธญเธเธเธธเธ“ - 
เธชเธกเธฑเธเธฃเนเธเธฃเธเธเธฒเธฃ 100 เนเธฃเธเน€เธฃเธตเธขเธ

      at sendDraftSaveEmail (app/api/draft/save/route.ts:89:13)

    console.log
      Draft token: 73fc6dd5-4b9d-4eb3-8e81-bd0f8564e8a3

      at sendDraftSaveEmail (app/api/draft/save/route.ts:90:13)

    console.log
      Draft save email would be sent to: test.aq|0ik60a=jv.r|!f~t0?.~j7u6$.v4`x!v_.o*6._x~f#=/07/5f.b`-z@e.fvq

      at sendDraftSaveEmail (app/api/draft/save/route.ts:88:13)

    console.log
      Subject: เธเธฑเธเธ—เธถเธเนเธเธเธเธญเธฃเนเธกเธชเธกเธฑเธเธฃเธเธญเธเธเธธเธ“ - 
เธชเธกเธฑเธเธฃเนเธเธฃเธเธเธฒเธฃ 100 เนเธฃเธเน€เธฃเธตเธขเธ

      at sendDraftSaveEmail (app/api/draft/save/route.ts:89:13)

    console.log
      Draft token: f4556b74-5310-4204-9b87-5accca5fad59

      at sendDraftSaveEmail (app/api/draft/save/route.ts:90:13)

    console.log
      Draft save email would be sent to: 
test.w#-qwj-|cs+d.r+/bs/m.ni'do.iepo05~|svj-.}jg7k^.^#1j}+95ucl{@z11d0tv4iyuc.oz

      at sendDraftSaveEmail (app/api/draft/save/route.ts:88:13)

    console.log
      Subject: เธเธฑเธเธ—เธถเธเนเธเธเธเธญเธฃเนเธกเธชเธกเธฑเธเธฃเธเธญเธเธเธธเธ“ - 
เธชเธกเธฑเธเธฃเนเธเธฃเธเธเธฒเธฃ 100 เนเธฃเธเน€เธฃเธตเธขเธ

      at sendDraftSaveEmail (app/api/draft/save/route.ts:89:13)

    console.log
      Draft token: 3e976e55-e16a-4aff-95d8-8c472f3a9076

      at sendDraftSaveEmail (app/api/draft/save/route.ts:90:13)

    console.log
      Draft save email would be sent to: test.|o=^0w~#&%.!#y.|`ufp&h=eyn.%a-dlsbbc?.cargumen.s0q'.`/l7@o.au

      at sendDraftSaveEmail (app/api/draft/save/route.ts:88:13)

    console.log
      Subject: เธเธฑเธเธ—เธถเธเนเธเธเธเธญเธฃเนเธกเธชเธกเธฑเธเธฃเธเธญเธเธเธธเธ“ - 
เธชเธกเธฑเธเธฃเนเธเธฃเธเธเธฒเธฃ 100 เนเธฃเธเน€เธฃเธตเธขเธ

      at sendDraftSaveEmail (app/api/draft/save/route.ts:89:13)

    console.log
      Draft token: 0f3b60f2-5180-49cf-b900-905645f6c5e7

      at sendDraftSaveEmail (app/api/draft/save/route.ts:90:13)

    console.log
      Draft save email would be sent to: test.=$bx%/b!.4@3vz90xk6v5z3.fbl

      at sendDraftSaveEmail (app/api/draft/save/route.ts:88:13)

    console.log
      Subject: เธเธฑเธเธ—เธถเธเนเธเธเธเธญเธฃเนเธกเธชเธกเธฑเธเธฃเธเธญเธเธเธธเธ“ - 
เธชเธกเธฑเธเธฃเนเธเธฃเธเธเธฒเธฃ 100 เนเธฃเธเน€เธฃเธตเธขเธ

      at sendDraftSaveEmail (app/api/draft/save/route.ts:89:13)

    console.log
      Draft token: e7f2f0dd-10fb-4aed-ba2b-95cf003bec63

      at sendDraftSaveEmail (app/api/draft/save/route.ts:90:13)

    console.log
      Draft save email would be sent to: 
test.4c=vpy.tu?$bjzr!*$k.{}.&dk75p.z$r!hmu4'476.e0h?xdo3&a.o=y@9kky.4.qey

      at sendDraftSaveEmail (app/api/draft/save/route.ts:88:13)

    console.log
      Subject: เธเธฑเธเธ—เธถเธเนเธเธเธเธญเธฃเนเธกเธชเธกเธฑเธเธฃเธเธญเธเธเธธเธ“ - 
เธชเธกเธฑเธเธฃเนเธเธฃเธเธเธฒเธฃ 100 เนเธฃเธเน€เธฃเธตเธขเธ

      at sendDraftSaveEmail (app/api/draft/save/route.ts:89:13)

    console.log
      Draft token: 99aec37d-38eb-49af-a161-698eba1c6653

      at sendDraftSaveEmail (app/api/draft/save/route.ts:90:13)

    console.log
      Draft save email would be sent to: 
test._%t*&u$ulk*.0y_^%zo`b.^?g6$nq|w*.3p'w8z.72bm.}b_gjd.t=4ieau.1.d}@pxf.fl

      at sendDraftSaveEmail (app/api/draft/save/route.ts:88:13)

    console.log
      Subject: เธเธฑเธเธ—เธถเธเนเธเธเธเธญเธฃเนเธกเธชเธกเธฑเธเธฃเธเธญเธเธเธธเธ“ - 
เธชเธกเธฑเธเธฃเธเธญเธฃเธฑเธเธเธฒเธฃเธชเธเธฑเธเธชเธเธธเธ

      at sendDraftSaveEmail (app/api/draft/save/route.ts:89:13)

    console.log
      Draft token: daee1f0b-9d4c-4c52-a937-0bca343b5a9d

      at sendDraftSaveEmail (app/api/draft/save/route.ts:90:13)

    console.log
      Draft save email would be sent to: test.0=u6.n@n928wzpr8.zr

      at sendDraftSaveEmail (app/api/draft/save/route.ts:88:13)

    console.log
      Subject: เธเธฑเธเธ—เธถเธเนเธเธเธเธญเธฃเนเธกเธชเธกเธฑเธเธฃเธเธญเธเธเธธเธ“ - 
เธชเธกเธฑเธเธฃเนเธเธฃเธเธเธฒเธฃ 100 เนเธฃเธเน€เธฃเธตเธขเธ

      at sendDraftSaveEmail (app/api/draft/save/route.ts:89:13)

    console.log
      Draft token: e5ae063b-b9d4-45a4-9d4a-92adf556e234

      at sendDraftSaveEmail (app/api/draft/save/route.ts:90:13)

    console.log
      Draft save email would be sent to: 
test.q|.yif.eg3eh}'ig7.d^hht.x#*yff=}o.b_f57nh'?k=n.na&${%.rn=uv@2tza2fl.kp

      at sendDraftSaveEmail (app/api/draft/save/route.ts:88:13)

    console.log
      Subject: เธเธฑเธเธ—เธถเธเนเธเธเธเธญเธฃเนเธกเธชเธกเธฑเธเธฃเธเธญเธเธเธธเธ“ - 
เธชเธกเธฑเธเธฃเธเธญเธฃเธฑเธเธเธฒเธฃเธชเธเธฑเธเธชเธเธธเธ

      at sendDraftSaveEmail (app/api/draft/save/route.ts:89:13)

    console.log
      Draft token: d6345e10-b8e2-4ae6-a08e-acc8bc83dbe8

      at sendDraftSaveEmail (app/api/draft/save/route.ts:90:13)

    console.log
      Draft save email would be sent to: 
test.%g7~jcx!5!^5.-'w.g.=5ol$s84qpq.wvn'%vxp}k6.1jxd.zhvc.n9u&u2qan5@a.pgl80v68zlq.vjs

      at sendDraftSaveEmail (app/api/draft/save/route.ts:88:13)

    console.log
      Subject: เธเธฑเธเธ—เธถเธเนเธเธเธเธญเธฃเนเธกเธชเธกเธฑเธเธฃเธเธญเธเธเธธเธ“ - 
เธชเธกเธฑเธเธฃเธเธญเธฃเธฑเธเธเธฒเธฃเธชเธเธฑเธเธชเธเธธเธ

      at sendDraftSaveEmail (app/api/draft/save/route.ts:89:13)

    console.log
      Draft token: 5651305f-8dcf-4e71-a407-06a655a408a2

      at sendDraftSaveEmail (app/api/draft/save/route.ts:90:13)

    console.log
      Draft save email would be sent to: test.g|o093-l7z@o0c1scutc.ech

      at sendDraftSaveEmail (app/api/draft/save/route.ts:88:13)

    console.log
      Subject: เธเธฑเธเธ—เธถเธเนเธเธเธเธญเธฃเนเธกเธชเธกเธฑเธเธฃเธเธญเธเธเธธเธ“ - 
เธชเธกเธฑเธเธฃเนเธเธฃเธเธเธฒเธฃ 100 เนเธฃเธเน€เธฃเธตเธขเธ

      at sendDraftSaveEmail (app/api/draft/save/route.ts:89:13)

    console.log
      Draft token: 1cacbf3b-08f4-4db8-b8f0-a28d0515d12a

      at sendDraftSaveEmail (app/api/draft/save/route.ts:90:13)

    console.log
      Draft save email would be sent to: 
test.^%%~4q.|$|b_$.1'oyddyn|}*v./nk*&!qr.^#.vtmme}.^j}{}~}~=%%-@rwrwustf.2gfa.lm

      at sendDraftSaveEmail (app/api/draft/save/route.ts:88:13)

    console.log
      Subject: เธเธฑเธเธ—เธถเธเนเธเธเธเธญเธฃเนเธกเธชเธกเธฑเธเธฃเธเธญเธเธเธธเธ“ - 
เธชเธกเธฑเธเธฃเนเธเธฃเธเธเธฒเธฃ 100 เนเธฃเธเน€เธฃเธตเธขเธ

      at sendDraftSaveEmail (app/api/draft/save/route.ts:89:13)

    console.log
      Draft token: 16f47c3b-7b96-46b0-b4a7-932c986856a5

      at sendDraftSaveEmail (app/api/draft/save/route.ts:90:13)

    console.log
      Draft save email would be sent to: test.az3#.ft`n9_u!.$0dc.+_10f29%_1xl.+u9@lg8ak.do.ref

      at sendDraftSaveEmail (app/api/draft/save/route.ts:88:13)

    console.log
      Subject: เธเธฑเธเธ—เธถเธเนเธเธเธเธญเธฃเนเธกเธชเธกเธฑเธเธฃเธเธญเธเธเธธเธ“ - 
เธชเธกเธฑเธเธฃเนเธเธฃเธเธเธฒเธฃ 100 เนเธฃเธเน€เธฃเธตเธขเธ

      at sendDraftSaveEmail (app/api/draft/save/route.ts:89:13)

    console.log
      Draft token: c2947e2a-da75-44ec-b5fe-3d558c9b961a

      at sendDraftSaveEmail (app/api/draft/save/route.ts:90:13)

    console.log
      Draft save email would be sent to: test.p.^.kswy/?.*fv9{~d.my@iemqj.os

      at sendDraftSaveEmail (app/api/draft/save/route.ts:88:13)

    console.log
      Subject: เธเธฑเธเธ—เธถเธเนเธเธเธเธญเธฃเนเธกเธชเธกเธฑเธเธฃเธเธญเธเธเธธเธ“ - 
เธชเธกเธฑเธเธฃเนเธเธฃเธเธเธฒเธฃ 100 เนเธฃเธเน€เธฃเธตเธขเธ

      at sendDraftSaveEmail (app/api/draft/save/route.ts:89:13)

    console.log
      Draft token: 7e82bece-baa9-4b08-a532-01a89329cefc

      at sendDraftSaveEmail (app/api/draft/save/route.ts:90:13)

    console.log
      Draft save email would be sent to: 
test.bgd'rx~~``cz.qol9r%`gm{i.edq.}gt.constructor.q&@xk4tvl.ijtsj2rhvrz2.yb

      at sendDraftSaveEmail (app/api/draft/save/route.ts:88:13)

    console.log
      Subject: เธเธฑเธเธ—เธถเธเนเธเธเธเธญเธฃเนเธกเธชเธกเธฑเธเธฃเธเธญเธเธเธธเธ“ - 
เธชเธกเธฑเธเธฃเธเธญเธฃเธฑเธเธเธฒเธฃเธชเธเธฑเธเธชเธเธธเธ

      at sendDraftSaveEmail (app/api/draft/save/route.ts:89:13)

    console.log
      Draft token: b58380b8-627b-4d08-9a33-70f7b7ed0d93

      at sendDraftSaveEmail (app/api/draft/save/route.ts:90:13)

    console.log
      Draft save email would be sent to: 
test.}o$|sgne3a+-.40+l%.%q1.?l{.l5+_1.{.g`|6wh.i6npsv$fyc_.7$lf1zu/.h@n.vf

      at sendDraftSaveEmail (app/api/draft/save/route.ts:88:13)

    console.log
      Subject: เธเธฑเธเธ—เธถเธเนเธเธเธเธญเธฃเนเธกเธชเธกเธฑเธเธฃเธเธญเธเธเธธเธ“ - 
เธชเธกเธฑเธเธฃเนเธเธฃเธเธเธฒเธฃ 100 เนเธฃเธเน€เธฃเธตเธขเธ

      at sendDraftSaveEmail (app/api/draft/save/route.ts:89:13)

    console.log
      Draft token: b5aff512-1791-40bb-b6fc-fb84ea37f3bd

      at sendDraftSaveEmail (app/api/draft/save/route.ts:90:13)

    console.log
      Draft save email would be sent to: test.*/clsh.vi%j!|*}.`*wb_m~27.{dane}me.n_{.`v}@22pg.3-ldfo85rq.ed

      at sendDraftSaveEmail (app/api/draft/save/route.ts:88:13)

    console.log
      Subject: เธเธฑเธเธ—เธถเธเนเธเธเธเธญเธฃเนเธกเธชเธกเธฑเธเธฃเธเธญเธเธเธธเธ“ - 
เธชเธกเธฑเธเธฃเนเธเธฃเธเธเธฒเธฃ 100 เนเธฃเธเน€เธฃเธตเธขเธ

      at sendDraftSaveEmail (app/api/draft/save/route.ts:89:13)

    console.log
      Draft token: d25ca4eb-13ee-4256-8dc1-ead28d000008

      at sendDraftSaveEmail (app/api/draft/save/route.ts:90:13)

    console.log
      Draft save email would be sent to: test.xfx^_lx`xq.3tnw@s0zj4iacol1h.kaz

      at sendDraftSaveEmail (app/api/draft/save/route.ts:88:13)

    console.log
      Subject: เธเธฑเธเธ—เธถเธเนเธเธเธเธญเธฃเนเธกเธชเธกเธฑเธเธฃเธเธญเธเธเธธเธ“ - 
เธชเธกเธฑเธเธฃเนเธเธฃเธเธเธฒเธฃ 100 เนเธฃเธเน€เธฃเธตเธขเธ

      at sendDraftSaveEmail (app/api/draft/save/route.ts:89:13)

    console.log
      Draft token: 4f4f87ec-3aea-4b17-9f49-e891ecc5353b

      at sendDraftSaveEmail (app/api/draft/save/route.ts:90:13)

    console.log
      Draft save email would be sent to: 
test.+ip_-2ra5f.5_.d{xc^g#'+?.-.8fubh.*}go.b*tgn'!09l7.f0w3'%x@jmlf76k.nv

      at sendDraftSaveEmail (app/api/draft/save/route.ts:88:13)

    console.log
      Subject: เธเธฑเธเธ—เธถเธเนเธเธเธเธญเธฃเนเธกเธชเธกเธฑเธเธฃเธเธญเธเธเธธเธ“ - 
เธชเธกเธฑเธเธฃเธเธญเธฃเธฑเธเธเธฒเธฃเธชเธเธฑเธเธชเธเธธเธ

      at sendDraftSaveEmail (app/api/draft/save/route.ts:89:13)

    console.log
      Draft token: 18153339-300c-413f-b57a-4006eb3441a2

      at sendDraftSaveEmail (app/api/draft/save/route.ts:90:13)

    console.log
      Draft save email would be sent to: test.odbitxw1~.x!e6}izx+&w/.x.b_2.=4*6c%9n~.b8$fw=@7qf2op3f.khr62.gx

      at sendDraftSaveEmail (app/api/draft/save/route.ts:88:13)

    console.log
      Subject: เธเธฑเธเธ—เธถเธเนเธเธเธเธญเธฃเนเธกเธชเธกเธฑเธเธฃเธเธญเธเธเธธเธ“ - 
เธชเธกเธฑเธเธฃเธเธญเธฃเธฑเธเธเธฒเธฃเธชเธเธฑเธเธชเธเธธเธ

      at sendDraftSaveEmail (app/api/draft/save/route.ts:89:13)

    console.log
      Draft token: 003ed717-b345-4b92-a340-47720c95d2a5

      at sendDraftSaveEmail (app/api/draft/save/route.ts:90:13)

    console.log
      Draft save email would be sent to: 
test.'r5f{z7a/_+.t.myrqh3*o.kktsds.9fz.5qr&.q'2$e{7.91#f-~dziwb.hg_*@vox.ab

      at sendDraftSaveEmail (app/api/draft/save/route.ts:88:13)

    console.log
      Subject: เธเธฑเธเธ—เธถเธเนเธเธเธเธญเธฃเนเธกเธชเธกเธฑเธเธฃเธเธญเธเธเธธเธ“ - 
เธชเธกเธฑเธเธฃเนเธเธฃเธเธเธฒเธฃ 100 เนเธฃเธเน€เธฃเธตเธขเธ

      at sendDraftSaveEmail (app/api/draft/save/route.ts:89:13)

    console.log
      Draft token: 9c1952bc-08cc-4d65-a085-e3e57886a270

      at sendDraftSaveEmail (app/api/draft/save/route.ts:90:13)

    console.log
      Draft save email would be sent to: 
test.{~/fc#tr.#~^}'1h.3b&ed{4v7o.-z#/-.+vdtg^=*~.&i&ozj9.%+cl!v8.p@g.zde9d.iie

      at sendDraftSaveEmail (app/api/draft/save/route.ts:88:13)

    console.log
      Subject: เธเธฑเธเธ—เธถเธเนเธเธเธเธญเธฃเนเธกเธชเธกเธฑเธเธฃเธเธญเธเธเธธเธ“ - 
เธชเธกเธฑเธเธฃเนเธเธฃเธเธเธฒเธฃ 100 เนเธฃเธเน€เธฃเธตเธขเธ

      at sendDraftSaveEmail (app/api/draft/save/route.ts:89:13)

    console.log
      Draft token: be8696c8-5b5f-489c-975d-f3bd19e5426e

      at sendDraftSaveEmail (app/api/draft/save/route.ts:90:13)

    console.log
      Draft save email would be sent to: test.{.#*/.{80%vv2*.j2w~yl/u.r{8t=&r1/7dj@85wua.js

      at sendDraftSaveEmail (app/api/draft/save/route.ts:88:13)

    console.log
      Subject: เธเธฑเธเธ—เธถเธเนเธเธเธเธญเธฃเนเธกเธชเธกเธฑเธเธฃเธเธญเธเธเธธเธ“ - 
เธชเธกเธฑเธเธฃเนเธเธฃเธเธเธฒเธฃ 100 เนเธฃเธเน€เธฃเธตเธขเธ

      at sendDraftSaveEmail (app/api/draft/save/route.ts:89:13)

    console.log
      Draft token: c611b5de-d53d-4cc1-9b07-720786684df4

      at sendDraftSaveEmail (app/api/draft/save/route.ts:90:13)

    console.log
      Draft save email would be sent to: test.nqr.s!hc|vd.%/}w'nyn.v/i.4zyp@v4.gh

      at sendDraftSaveEmail (app/api/draft/save/route.ts:88:13)

    console.log
      Subject: เธเธฑเธเธ—เธถเธเนเธเธเธเธญเธฃเนเธกเธชเธกเธฑเธเธฃเธเธญเธเธเธธเธ“ - 
เธชเธกเธฑเธเธฃเธเธญเธฃเธฑเธเธเธฒเธฃเธชเธเธฑเธเธชเธเธธเธ

      at sendDraftSaveEmail (app/api/draft/save/route.ts:89:13)

    console.log
      Draft token: fce39f4e-623f-4209-a8a1-c701f1238ee0

      at sendDraftSaveEmail (app/api/draft/save/route.ts:90:13)

    console.log
      Draft save email would be sent to: test.8*.5-l.|*.&!y|i&3.$te~.v.1*%$'mkl*@1u.ap

      at sendDraftSaveEmail (app/api/draft/save/route.ts:88:13)

    console.log
      Subject: เธเธฑเธเธ—เธถเธเนเธเธเธเธญเธฃเนเธกเธชเธกเธฑเธเธฃเธเธญเธเธเธธเธ“ - 
เธชเธกเธฑเธเธฃเธเธญเธฃเธฑเธเธเธฒเธฃเธชเธเธฑเธเธชเธเธธเธ

      at sendDraftSaveEmail (app/api/draft/save/route.ts:89:13)

    console.log
      Draft token: e51523ef-cac4-4f6b-8144-82efa17d978a

      at sendDraftSaveEmail (app/api/draft/save/route.ts:90:13)

    console.log
      Draft save email would be sent to: test.$1|49.k.i@zwc3pk6ho.wal

      at sendDraftSaveEmail (app/api/draft/save/route.ts:88:13)

    console.log
      Subject: เธเธฑเธเธ—เธถเธเนเธเธเธเธญเธฃเนเธกเธชเธกเธฑเธเธฃเธเธญเธเธเธธเธ“ - 
เธชเธกเธฑเธเธฃเธเธญเธฃเธฑเธเธเธฒเธฃเธชเธเธฑเธเธชเธเธธเธ

      at sendDraftSaveEmail (app/api/draft/save/route.ts:89:13)

    console.log
      Draft token: ef618ab4-f6bb-43fe-a90d-cb0ec36696ab

      at sendDraftSaveEmail (app/api/draft/save/route.ts:90:13)

    console.log
      Draft save email would be sent to: test.=3~sf#w4i.%dygp**7@e.n.kb

      at sendDraftSaveEmail (app/api/draft/save/route.ts:88:13)

    console.log
      Subject: เธเธฑเธเธ—เธถเธเนเธเธเธเธญเธฃเนเธกเธชเธกเธฑเธเธฃเธเธญเธเธเธธเธ“ - 
เธชเธกเธฑเธเธฃเธเธญเธฃเธฑเธเธเธฒเธฃเธชเธเธฑเธเธชเธเธธเธ

      at sendDraftSaveEmail (app/api/draft/save/route.ts:89:13)

    console.log
      Draft token: b7ee57ea-f9bc-4a8d-b3d2-c47fd625227d

      at sendDraftSaveEmail (app/api/draft/save/route.ts:90:13)

    console.log
      Draft save email would be sent to: test.`a-t/z0c8@p.zhi26pjy2lpj.wpe

      at sendDraftSaveEmail (app/api/draft/save/route.ts:88:13)

    console.log
      Subject: เธเธฑเธเธ—เธถเธเนเธเธเธเธญเธฃเนเธกเธชเธกเธฑเธเธฃเธเธญเธเธเธธเธ“ - 
เธชเธกเธฑเธเธฃเนเธเธฃเธเธเธฒเธฃ 100 เนเธฃเธเน€เธฃเธตเธขเธ

      at sendDraftSaveEmail (app/api/draft/save/route.ts:89:13)

    console.log
      Draft token: b538c5bf-9b33-44fc-a9c7-dacb12f449f9

      at sendDraftSaveEmail (app/api/draft/save/route.ts:90:13)

    console.log
      Draft save email would be sent to: test.s?=g@7h5d4k.zr

      at sendDraftSaveEmail (app/api/draft/save/route.ts:88:13)

    console.log
      Subject: เธเธฑเธเธ—เธถเธเนเธเธเธเธญเธฃเนเธกเธชเธกเธฑเธเธฃเธเธญเธเธเธธเธ“ - 
เธชเธกเธฑเธเธฃเนเธเธฃเธเธเธฒเธฃ 100 เนเธฃเธเน€เธฃเธตเธขเธ

      at sendDraftSaveEmail (app/api/draft/save/route.ts:89:13)

    console.log
      Draft token: b01e97b2-8aea-4b5f-a8f9-3ef83b9ec1b3

      at sendDraftSaveEmail (app/api/draft/save/route.ts:90:13)

    console.log
      Draft save email would be sent to: test.+@i.fd

      at sendDraftSaveEmail (app/api/draft/save/route.ts:88:13)

    console.log
      Subject: เธเธฑเธเธ—เธถเธเนเธเธเธเธญเธฃเนเธกเธชเธกเธฑเธเธฃเธเธญเธเธเธธเธ“ - 
เธชเธกเธฑเธเธฃเนเธเธฃเธเธเธฒเธฃ 100 เนเธฃเธเน€เธฃเธตเธขเธ

      at sendDraftSaveEmail (app/api/draft/save/route.ts:89:13)

    console.log
      Draft token: 7a76aec3-6b34-4fcc-b58c-ae61a0238b5a

      at sendDraftSaveEmail (app/api/draft/save/route.ts:90:13)

    console.log
      Draft save email would be sent to: 
test.&pdn$2{pg.0a.0*`%m8b.jy.v!$d7*_{n-.ms?|i2.6}i.v9#qz$.xazci@2v-mhpjy.0-k.ngg

      at sendDraftSaveEmail (app/api/draft/save/route.ts:88:13)

    console.log
      Subject: เธเธฑเธเธ—เธถเธเนเธเธเธเธญเธฃเนเธกเธชเธกเธฑเธเธฃเธเธญเธเธเธธเธ“ - 
เธชเธกเธฑเธเธฃเนเธเธฃเธเธเธฒเธฃ 100 เนเธฃเธเน€เธฃเธตเธขเธ

      at sendDraftSaveEmail (app/api/draft/save/route.ts:89:13)

    console.log
      Draft token: 21d71b5d-4132-4f88-b823-d13df3e63391

      at sendDraftSaveEmail (app/api/draft/save/route.ts:90:13)

    console.log
      Draft save email would be sent to: 
test.|#t5+#g6.~^-%wxs.p.4.lr7m$`c_?7!a.{.^c|ooj.~2i.p2a9.ct=@bnspdona2.0p7epm.ik

      at sendDraftSaveEmail (app/api/draft/save/route.ts:88:13)

    console.log
      Subject: เธเธฑเธเธ—เธถเธเนเธเธเธเธญเธฃเนเธกเธชเธกเธฑเธเธฃเธเธญเธเธเธธเธ“ - 
เธชเธกเธฑเธเธฃเธเธญเธฃเธฑเธเธเธฒเธฃเธชเธเธฑเธเธชเธเธธเธ

      at sendDraftSaveEmail (app/api/draft/save/route.ts:89:13)

    console.log
      Draft token: a9f72b86-d682-4319-b3b1-4e8588b99110

      at sendDraftSaveEmail (app/api/draft/save/route.ts:90:13)

    console.log
      Draft save email would be sent to: 
test.5.^kg#wa.93!8`2gwm$z.yuo1vv$t0=.`%*.ea//g.+wus+cs!en.5&%?sj1@36xeg40tw5.cr8yozzie.wgy

      at sendDraftSaveEmail (app/api/draft/save/route.ts:88:13)

    console.log
      Subject: เธเธฑเธเธ—เธถเธเนเธเธเธเธญเธฃเนเธกเธชเธกเธฑเธเธฃเธเธญเธเธเธธเธ“ - 
เธชเธกเธฑเธเธฃเนเธเธฃเธเธเธฒเธฃ 100 เนเธฃเธเน€เธฃเธตเธขเธ

      at sendDraftSaveEmail (app/api/draft/save/route.ts:89:13)

    console.log
      Draft token: 5a052e79-8560-4863-9a13-7566ff1cc848

      at sendDraftSaveEmail (app/api/draft/save/route.ts:90:13)

    console.log
      Draft save email would be sent to: test.w$=18f$w|@8h.ukk0.wd

      at sendDraftSaveEmail (app/api/draft/save/route.ts:88:13)

    console.log
      Subject: เธเธฑเธเธ—เธถเธเนเธเธเธเธญเธฃเนเธกเธชเธกเธฑเธเธฃเธเธญเธเธเธธเธ“ - 
เธชเธกเธฑเธเธฃเธเธญเธฃเธฑเธเธเธฒเธฃเธชเธเธฑเธเธชเธเธธเธ

      at sendDraftSaveEmail (app/api/draft/save/route.ts:89:13)

    console.log
      Draft token: 121a88a6-9e9c-447b-a91b-0ff5a1646d28

      at sendDraftSaveEmail (app/api/draft/save/route.ts:90:13)

    console.log
      Draft save email would be sent to: 
test.f%xqni.9hx2.!&f.39y8.t1=-$2bw_ii.zb3g.ec-o7v.c7s*y4.s?%a~4q@zas66x.mu

      at sendDraftSaveEmail (app/api/draft/save/route.ts:88:13)

    console.log
      Subject: เธเธฑเธเธ—เธถเธเนเธเธเธเธญเธฃเนเธกเธชเธกเธฑเธเธฃเธเธญเธเธเธธเธ“ - 
เธชเธกเธฑเธเธฃเนเธเธฃเธเธเธฒเธฃ 100 เนเธฃเธเน€เธฃเธตเธขเธ

      at sendDraftSaveEmail (app/api/draft/save/route.ts:89:13)

    console.log
      Draft token: 7c2b6de9-7409-4327-9fef-cae7c8a84767

      at sendDraftSaveEmail (app/api/draft/save/route.ts:90:13)

    console.log
      Draft save email would be sent to: test.^^wo{.rbfpis!9/!%h.x`?v/}ci}0oj@pfvc1srkn.1rk-6efi.bt

      at sendDraftSaveEmail (app/api/draft/save/route.ts:88:13)

    console.log
      Subject: เธเธฑเธเธ—เธถเธเนเธเธเธเธญเธฃเนเธกเธชเธกเธฑเธเธฃเธเธญเธเธเธธเธ“ - 
เธชเธกเธฑเธเธฃเธเธญเธฃเธฑเธเธเธฒเธฃเธชเธเธฑเธเธชเธเธธเธ

      at sendDraftSaveEmail (app/api/draft/save/route.ts:89:13)

    console.log
      Draft token: ae6cdc84-efae-4fc9-997a-bc16863cd38d

      at sendDraftSaveEmail (app/api/draft/save/route.ts:90:13)

    console.log
      Draft save email would be sent to: test.`/#$ll.p?#63|m0f6.~$.!|gwz^-{7.`&m@c1zkc.uo

      at sendDraftSaveEmail (app/api/draft/save/route.ts:88:13)

    console.log
      Subject: เธเธฑเธเธ—เธถเธเนเธเธเธเธญเธฃเนเธกเธชเธกเธฑเธเธฃเธเธญเธเธเธธเธ“ - 
เธชเธกเธฑเธเธฃเธเธญเธฃเธฑเธเธเธฒเธฃเธชเธเธฑเธเธชเธเธธเธ

      at sendDraftSaveEmail (app/api/draft/save/route.ts:89:13)

    console.log
      Draft token: 1774e785-c8e4-4bb1-a6ec-0446c59e3448

      at sendDraftSaveEmail (app/api/draft/save/route.ts:90:13)

    console.log
      Draft save email would be sent to: test.e~}wnrw.r.0f2f}z&.n}f@7d.o.bhw

      at sendDraftSaveEmail (app/api/draft/save/route.ts:88:13)

    console.log
      Subject: เธเธฑเธเธ—เธถเธเนเธเธเธเธญเธฃเนเธกเธชเธกเธฑเธเธฃเธเธญเธเธเธธเธ“ - 
เธชเธกเธฑเธเธฃเนเธเธฃเธเธเธฒเธฃ 100 เนเธฃเธเน€เธฃเธตเธขเธ

      at sendDraftSaveEmail (app/api/draft/save/route.ts:89:13)

    console.log
      Draft token: 8e300924-3030-4ec5-bcc2-cc8fff7edbfc

      at sendDraftSaveEmail (app/api/draft/save/route.ts:90:13)

    console.log
      Draft save email would be sent to: 
test.s!^ra.k.$jd'vb?{.m/$*8wsyg.y^tqceskt8r7.6.of.}`_e-'%uooss.6rz$b@brb.ws6.uw

      at sendDraftSaveEmail (app/api/draft/save/route.ts:88:13)

    console.log
      Subject: เธเธฑเธเธ—เธถเธเนเธเธเธเธญเธฃเนเธกเธชเธกเธฑเธเธฃเธเธญเธเธเธธเธ“ - 
เธชเธกเธฑเธเธฃเนเธเธฃเธเธเธฒเธฃ 100 เนเธฃเธเน€เธฃเธตเธขเธ

      at sendDraftSaveEmail (app/api/draft/save/route.ts:89:13)

    console.log
      Draft token: 0d2f7035-7a6f-4e49-b525-665c4712d0fd

      at sendDraftSaveEmail (app/api/draft/save/route.ts:90:13)

    console.log
      Draft save email would be sent to: 
test.p?fa.fgpfm5}iko`-.=s.s'25.apply.4.p~.7dtr6t7s+.v=ae_.lo|j.3@9.u.fv

      at sendDraftSaveEmail (app/api/draft/save/route.ts:88:13)

    console.log
      Subject: เธเธฑเธเธ—เธถเธเนเธเธเธเธญเธฃเนเธกเธชเธกเธฑเธเธฃเธเธญเธเธเธธเธ“ - 
เธชเธกเธฑเธเธฃเธเธญเธฃเธฑเธเธเธฒเธฃเธชเธเธฑเธเธชเธเธธเธ

      at sendDraftSaveEmail (app/api/draft/save/route.ts:89:13)

    console.log
      Draft token: 4c73eb9d-9833-438c-a1b1-a0bc44029438

      at sendDraftSaveEmail (app/api/draft/save/route.ts:90:13)

    console.log
      Draft save email would be sent to: test.`yxnn+o^im?.2r%1dom@5.we

      at sendDraftSaveEmail (app/api/draft/save/route.ts:88:13)

    console.log
      Subject: เธเธฑเธเธ—เธถเธเนเธเธเธเธญเธฃเนเธกเธชเธกเธฑเธเธฃเธเธญเธเธเธธเธ“ - 
เธชเธกเธฑเธเธฃเธเธญเธฃเธฑเธเธเธฒเธฃเธชเธเธฑเธเธชเธเธธเธ

      at sendDraftSaveEmail (app/api/draft/save/route.ts:89:13)

    console.log
      Draft token: 0b95b16e-d536-47a5-b1be-b35c15b8b98e

      at sendDraftSaveEmail (app/api/draft/save/route.ts:90:13)

    console.log
      Draft save email would be sent to: test.i{v?et_.k-.|&~4i.2ndb`'bu.4{bt2al-s.ab.6l8}m.w?cfdj.~call@x.my

      at sendDraftSaveEmail (app/api/draft/save/route.ts:88:13)

    console.log
      Subject: เธเธฑเธเธ—เธถเธเนเธเธเธเธญเธฃเนเธกเธชเธกเธฑเธเธฃเธเธญเธเธเธธเธ“ - 
เธชเธกเธฑเธเธฃเนเธเธฃเธเธเธฒเธฃ 100 เนเธฃเธเน€เธฃเธตเธขเธ

      at sendDraftSaveEmail (app/api/draft/save/route.ts:89:13)

    console.log
      Draft token: f32b0cea-c147-4c85-aa92-aede9fefbf41

      at sendDraftSaveEmail (app/api/draft/save/route.ts:90:13)

    console.log
      Draft save email would be sent to: test./|_/@o.er

      at sendDraftSaveEmail (app/api/draft/save/route.ts:88:13)

    console.log
      Subject: เธเธฑเธเธ—เธถเธเนเธเธเธเธญเธฃเนเธกเธชเธกเธฑเธเธฃเธเธญเธเธเธธเธ“ - 
เธชเธกเธฑเธเธฃเนเธเธฃเธเธเธฒเธฃ 100 เนเธฃเธเน€เธฃเธตเธขเธ

      at sendDraftSaveEmail (app/api/draft/save/route.ts:89:13)

    console.log
      Draft token: ef6897f1-e1ce-4a76-9cb0-9e72e33ac727

      at sendDraftSaveEmail (app/api/draft/save/route.ts:90:13)

    console.log
      Draft save email would be sent to: test.d.}d`9{wf.tdv!z/'.oconstructor.*sk5or4&qqq.e}al@ubind3.c.wfd

      at sendDraftSaveEmail (app/api/draft/save/route.ts:88:13)

    console.log
      Subject: เธเธฑเธเธ—เธถเธเนเธเธเธเธญเธฃเนเธกเธชเธกเธฑเธเธฃเธเธญเธเธเธธเธ“ - 
เธชเธกเธฑเธเธฃเนเธเธฃเธเธเธฒเธฃ 100 เนเธฃเธเน€เธฃเธตเธขเธ

      at sendDraftSaveEmail (app/api/draft/save/route.ts:89:13)

    console.log
      Draft token: 826d0bc9-94fa-472c-a674-4da92598f6ce

      at sendDraftSaveEmail (app/api/draft/save/route.ts:90:13)

    console.log
      Draft save email would be sent to: test.beq}5e4.2eb6no9xv{`.0d`#qh46o@5e6y5a3jjf.pl

      at sendDraftSaveEmail (app/api/draft/save/route.ts:88:13)

    console.log
      Subject: เธเธฑเธเธ—เธถเธเนเธเธเธเธญเธฃเนเธกเธชเธกเธฑเธเธฃเธเธญเธเธเธธเธ“ - 
เธชเธกเธฑเธเธฃเนเธเธฃเธเธเธฒเธฃ 100 เนเธฃเธเน€เธฃเธตเธขเธ

      at sendDraftSaveEmail (app/api/draft/save/route.ts:89:13)

    console.log
      Draft token: 7a0196c9-210e-49a4-b4f8-8867ec146ad1

      at sendDraftSaveEmail (app/api/draft/save/route.ts:90:13)

    console.log
      Draft save email would be sent to: test.8ppd5z4^|t.|}2b?98.grdfl.99v*r@h1uxy4q3jb.fby

      at sendDraftSaveEmail (app/api/draft/save/route.ts:88:13)

    console.log
      Subject: เธเธฑเธเธ—เธถเธเนเธเธเธเธญเธฃเนเธกเธชเธกเธฑเธเธฃเธเธญเธเธเธธเธ“ - 
เธชเธกเธฑเธเธฃเธเธญเธฃเธฑเธเธเธฒเธฃเธชเธเธฑเธเธชเธเธธเธ

      at sendDraftSaveEmail (app/api/draft/save/route.ts:89:13)

    console.log
      Draft token: d010d4f1-9f90-4c51-9760-7c023e28015d

      at sendDraftSaveEmail (app/api/draft/save/route.ts:90:13)

    console.log
      Draft save email would be sent to: test.rlqds+w2.9xhw.gvd#6$740i.-`#w~|ced.w@ff.rir

      at sendDraftSaveEmail (app/api/draft/save/route.ts:88:13)

    console.log
      Subject: เธเธฑเธเธ—เธถเธเนเธเธเธเธญเธฃเนเธกเธชเธกเธฑเธเธฃเธเธญเธเธเธธเธ“ - 
เธชเธกเธฑเธเธฃเนเธเธฃเธเธเธฒเธฃ 100 เนเธฃเธเน€เธฃเธตเธขเธ

      at sendDraftSaveEmail (app/api/draft/save/route.ts:89:13)

    console.log
      Draft token: d6d74a4c-4f6d-4055-843c-775c4a21f852

      at sendDraftSaveEmail (app/api/draft/save/route.ts:90:13)

    console.log
      Draft save email would be sent to: test.0p.c}ce0hd^3.5.-o}.8^l97@dqeaz-vhm.kn

      at sendDraftSaveEmail (app/api/draft/save/route.ts:88:13)

    console.log
      Subject: เธเธฑเธเธ—เธถเธเนเธเธเธเธญเธฃเนเธกเธชเธกเธฑเธเธฃเธเธญเธเธเธธเธ“ - 
เธชเธกเธฑเธเธฃเนเธเธฃเธเธเธฒเธฃ 100 เนเธฃเธเน€เธฃเธตเธขเธ

      at sendDraftSaveEmail (app/api/draft/save/route.ts:89:13)

    console.log
      Draft token: 0f923c51-7cbc-4a79-a734-8625278c47d4

      at sendDraftSaveEmail (app/api/draft/save/route.ts:90:13)

    console.log
      Draft save email would be sent to: test.qhk1b.fl_jy2?.9%mx^+yw.6u6.*{q17~tq&way.cw/6`_obtc.4~@c.cvl

      at sendDraftSaveEmail (app/api/draft/save/route.ts:88:13)

    console.log
      Subject: เธเธฑเธเธ—เธถเธเนเธเธเธเธญเธฃเนเธกเธชเธกเธฑเธเธฃเธเธญเธเธเธธเธ“ - 
เธชเธกเธฑเธเธฃเนเธเธฃเธเธเธฒเธฃ 100 เนเธฃเธเน€เธฃเธตเธขเธ

      at sendDraftSaveEmail (app/api/draft/save/route.ts:89:13)

    console.log
      Draft token: 5b289cd5-a456-4df7-b0e0-31582748fd0f

      at sendDraftSaveEmail (app/api/draft/save/route.ts:90:13)

    console.log
      Draft save email would be sent to: 
test.'!?#.s0k?0t&$zbf&.&0-o.?mqcw|**3h^u._j'-sh/|mt.w.{w_./n`nrak9f@r.ssf

      at sendDraftSaveEmail (app/api/draft/save/route.ts:88:13)

    console.log
      Subject: เธเธฑเธเธ—เธถเธเนเธเธเธเธญเธฃเนเธกเธชเธกเธฑเธเธฃเธเธญเธเธเธธเธ“ - 
เธชเธกเธฑเธเธฃเนเธเธฃเธเธเธฒเธฃ 100 เนเธฃเธเน€เธฃเธตเธขเธ

      at sendDraftSaveEmail (app/api/draft/save/route.ts:89:13)

    console.log
      Draft token: 77bd6ae4-3e32-4378-b76d-a51a377322a7

      at sendDraftSaveEmail (app/api/draft/save/route.ts:90:13)

    console.log
      Draft save email would be sent to: test.4.30`fq}$sz+.7{2ispe3?gs.t.^t`p?fd=.s}@9n.cb

      at sendDraftSaveEmail (app/api/draft/save/route.ts:88:13)

    console.log
      Subject: เธเธฑเธเธ—เธถเธเนเธเธเธเธญเธฃเนเธกเธชเธกเธฑเธเธฃเธเธญเธเธเธธเธ“ - 
เธชเธกเธฑเธเธฃเธเธญเธฃเธฑเธเธเธฒเธฃเธชเธเธฑเธเธชเธเธธเธ

      at sendDraftSaveEmail (app/api/draft/save/route.ts:89:13)

    console.log
      Draft token: 8af1eec8-19d2-4996-8cfd-614b6e30015b

      at sendDraftSaveEmail (app/api/draft/save/route.ts:90:13)

    console.log
      Draft save email would be sent to: test.z~amm|ih?-.8o@o4kzs2rc.ok

      at sendDraftSaveEmail (app/api/draft/save/route.ts:88:13)

    console.log
      Subject: เธเธฑเธเธ—เธถเธเนเธเธเธเธญเธฃเนเธกเธชเธกเธฑเธเธฃเธเธญเธเธเธธเธ“ - 
เธชเธกเธฑเธเธฃเนเธเธฃเธเธเธฒเธฃ 100 เนเธฃเธเน€เธฃเธตเธขเธ

      at sendDraftSaveEmail (app/api/draft/save/route.ts:89:13)

    console.log
      Draft token: 9afc8035-77ef-4599-937a-6a729ccade34

      at sendDraftSaveEmail (app/api/draft/save/route.ts:90:13)

    console.log
      Draft save email would be sent to: test.^jq/uyihi{.?c5|=j.^!l.7b9z}qu!-#o.y_~ty_91.9mx^.n68fb|-@jkyyd.kn

      at sendDraftSaveEmail (app/api/draft/save/route.ts:88:13)

    console.log
      Subject: เธเธฑเธเธ—เธถเธเนเธเธเธเธญเธฃเนเธกเธชเธกเธฑเธเธฃเธเธญเธเธเธธเธ“ - 
เธชเธกเธฑเธเธฃเนเธเธฃเธเธเธฒเธฃ 100 เนเธฃเธเน€เธฃเธตเธขเธ

      at sendDraftSaveEmail (app/api/draft/save/route.ts:89:13)

    console.log
      Draft token: 954cf3ea-2e7a-409b-a3eb-fc2cfc6ec6cf

      at sendDraftSaveEmail (app/api/draft/save/route.ts:90:13)

    console.log
      Draft save email would be sent to: 
test.|1$.lk3.z-`3q=.-vx^y!3.rq_^#%+2'.y0k28nvh7'.cpxktd+.jq874@bgiclvy6eh.oe

      at sendDraftSaveEmail (app/api/draft/save/route.ts:88:13)

    console.log
      Subject: เธเธฑเธเธ—เธถเธเนเธเธเธเธญเธฃเนเธกเธชเธกเธฑเธเธฃเธเธญเธเธเธธเธ“ - 
เธชเธกเธฑเธเธฃเธเธญเธฃเธฑเธเธเธฒเธฃเธชเธเธฑเธเธชเธเธธเธ

      at sendDraftSaveEmail (app/api/draft/save/route.ts:89:13)

    console.log
      Draft token: 442470eb-2ae9-4ea7-af84-c9e7d5ed8613

      at sendDraftSaveEmail (app/api/draft/save/route.ts:90:13)

    console.log
      Draft save email would be sent to: test.^^&a%+4&@l7s-j.1.nnx

      at sendDraftSaveEmail (app/api/draft/save/route.ts:88:13)

    console.log
      Subject: เธเธฑเธเธ—เธถเธเนเธเธเธเธญเธฃเนเธกเธชเธกเธฑเธเธฃเธเธญเธเธเธธเธ“ - 
เธชเธกเธฑเธเธฃเนเธเธฃเธเธเธฒเธฃ 100 เนเธฃเธเน€เธฃเธตเธขเธ

      at sendDraftSaveEmail (app/api/draft/save/route.ts:89:13)

    console.log
      Draft token: 378fd99c-2535-49ea-bf2a-2e73a3023903

      at sendDraftSaveEmail (app/api/draft/save/route.ts:90:13)

    console.log
      Draft save email would be sent to: test.~k/ywgs&bm.ylov7h0$.1.l4r+~f@p.vfv

      at sendDraftSaveEmail (app/api/draft/save/route.ts:88:13)

    console.log
      Subject: เธเธฑเธเธ—เธถเธเนเธเธเธเธญเธฃเนเธกเธชเธกเธฑเธเธฃเธเธญเธเธเธธเธ“ - 
เธชเธกเธฑเธเธฃเธเธญเธฃเธฑเธเธเธฒเธฃเธชเธเธฑเธเธชเธเธธเธ

      at sendDraftSaveEmail (app/api/draft/save/route.ts:89:13)

    console.log
      Draft token: 1bdd1ba9-1362-42c3-9f5b-4a0169f86514

      at sendDraftSaveEmail (app/api/draft/save/route.ts:90:13)

    console.log
      Draft save email would be sent to: test.a/a+.*`gl}t6svp53.f^rj/p4#=.keykco@8k1.22i0lxb.jvm

      at sendDraftSaveEmail (app/api/draft/save/route.ts:88:13)

    console.log
      Subject: เธเธฑเธเธ—เธถเธเนเธเธเธเธญเธฃเนเธกเธชเธกเธฑเธเธฃเธเธญเธเธเธธเธ“ - 
เธชเธกเธฑเธเธฃเธเธญเธฃเธฑเธเธเธฒเธฃเธชเธเธฑเธเธชเธเธธเธ

      at sendDraftSaveEmail (app/api/draft/save/route.ts:89:13)

    console.log
      Draft token: f1e80e7e-def3-41b2-aa8c-51fbafe45cfc

      at sendDraftSaveEmail (app/api/draft/save/route.ts:90:13)

    console.log
      Draft save email would be sent to: test.{d.__p.yd-=m.bind.}`#2.prototype.$y.i'%!'$+e%.yi6@p0w7wxmt.ugi

      at sendDraftSaveEmail (app/api/draft/save/route.ts:88:13)

    console.log
      Subject: เธเธฑเธเธ—เธถเธเนเธเธเธเธญเธฃเนเธกเธชเธกเธฑเธเธฃเธเธญเธเธเธธเธ“ - 
เธชเธกเธฑเธเธฃเนเธเธฃเธเธเธฒเธฃ 100 เนเธฃเธเน€เธฃเธตเธขเธ

      at sendDraftSaveEmail (app/api/draft/save/route.ts:89:13)

    console.log
      Draft token: b7d5ea56-2d93-43d6-afb8-7bf1a866b915

      at sendDraftSaveEmail (app/api/draft/save/route.ts:90:13)

    console.log
      Draft save email would be sent to: 
test.w9?2c+yric`.y{5ic2x-e3{!.^uah{a/.-'md6~.uv.o7^&.{9znr0'}r@9jhcvl-q.m53.mf

      at sendDraftSaveEmail (app/api/draft/save/route.ts:88:13)

    console.log
      Subject: เธเธฑเธเธ—เธถเธเนเธเธเธเธญเธฃเนเธกเธชเธกเธฑเธเธฃเธเธญเธเธเธธเธ“ - 
เธชเธกเธฑเธเธฃเธเธญเธฃเธฑเธเธเธฒเธฃเธชเธเธฑเธเธชเธเธธเธ

      at sendDraftSaveEmail (app/api/draft/save/route.ts:89:13)

    console.log
      Draft token: 5b012e93-0952-4977-a138-3fb872fbc27a

      at sendDraftSaveEmail (app/api/draft/save/route.ts:90:13)

    console.log
      Draft save email would be sent to: test.3!ds.p/=.z.qn~=9mou@uqcj1kz4.2kw0sc.key

      at sendDraftSaveEmail (app/api/draft/save/route.ts:88:13)

    console.log
      Subject: เธเธฑเธเธ—เธถเธเนเธเธเธเธญเธฃเนเธกเธชเธกเธฑเธเธฃเธเธญเธเธเธธเธ“ - 
เธชเธกเธฑเธเธฃเธเธญเธฃเธฑเธเธเธฒเธฃเธชเธเธฑเธเธชเธเธธเธ

      at sendDraftSaveEmail (app/api/draft/save/route.ts:89:13)

    console.log
      Draft token: 9d2ceff5-e222-4420-9429-64abeb9af2b9

      at sendDraftSaveEmail (app/api/draft/save/route.ts:90:13)

    console.log
      Draft save email would be sent to: 
test.n?~~7lvbb.mrswb73!b3d.i!+e.x5qtvz5uqj'.i-#+.`eepx~510+8d.549k^^e@h0xd7jsjaq.t2nmpql5w.ng

      at sendDraftSaveEmail (app/api/draft/save/route.ts:88:13)

    console.log
      Subject: เธเธฑเธเธ—เธถเธเนเธเธเธเธญเธฃเนเธกเธชเธกเธฑเธเธฃเธเธญเธเธเธธเธ“ - 
เธชเธกเธฑเธเธฃเนเธเธฃเธเธเธฒเธฃ 100 เนเธฃเธเน€เธฃเธตเธขเธ

      at sendDraftSaveEmail (app/api/draft/save/route.ts:89:13)

    console.log
      Draft token: 55cfd82a-9396-4bb9-95b2-75b6fccc9e74

      at sendDraftSaveEmail (app/api/draft/save/route.ts:90:13)

    console.log
      Draft save email would be sent to: test.f__p.?53hk@eh-tsv.5rfd0jgqd.da

      at sendDraftSaveEmail (app/api/draft/save/route.ts:88:13)

    console.log
      Subject: เธเธฑเธเธ—เธถเธเนเธเธเธเธญเธฃเนเธกเธชเธกเธฑเธเธฃเธเธญเธเธเธธเธ“ - 
เธชเธกเธฑเธเธฃเนเธเธฃเธเธเธฒเธฃ 100 เนเธฃเธเน€เธฃเธตเธขเธ

      at sendDraftSaveEmail (app/api/draft/save/route.ts:89:13)

    console.log
      Draft token: 0ef14086-b581-4096-811e-5201455057b3

      at sendDraftSaveEmail (app/api/draft/save/route.ts:90:13)

    console.log
      Draft save email would be sent to: test./|6+c!^a#g.c{ef%c/j.~3!%p/|./b+.6^1qp$m9.^#&}#-.57c_0h/x@p.br

      at sendDraftSaveEmail (app/api/draft/save/route.ts:88:13)

    console.log
      Subject: เธเธฑเธเธ—เธถเธเนเธเธเธเธญเธฃเนเธกเธชเธกเธฑเธเธฃเธเธญเธเธเธธเธ“ - 
เธชเธกเธฑเธเธฃเธเธญเธฃเธฑเธเธเธฒเธฃเธชเธเธฑเธเธชเธเธธเธ

      at sendDraftSaveEmail (app/api/draft/save/route.ts:89:13)

    console.log
      Draft token: dc536487-37ab-4a6e-8000-5c1497508745

      at sendDraftSaveEmail (app/api/draft/save/route.ts:90:13)

    console.log
      Draft save email would be sent to: 
test.lm}c.|0uw.{.l.uod4s.3av+fgi5.b{~#m~tdqae.3^3^=*zc#.wciklb_h9exv@ql.rg

      at sendDraftSaveEmail (app/api/draft/save/route.ts:88:13)

    console.log
      Subject: เธเธฑเธเธ—เธถเธเนเธเธเธเธญเธฃเนเธกเธชเธกเธฑเธเธฃเธเธญเธเธเธธเธ“ - 
เธชเธกเธฑเธเธฃเธเธญเธฃเธฑเธเธเธฒเธฃเธชเธเธฑเธเธชเธเธธเธ

      at sendDraftSaveEmail (app/api/draft/save/route.ts:89:13)

    console.log
      Draft token: d7307f62-bfb5-487f-a025-7d60031bece9

      at sendDraftSaveEmail (app/api/draft/save/route.ts:90:13)

    console.log
      Draft save email would be sent to: test.#7|i{udkl.&j%}?=g$.s8}%.p#|*82p.pp?cl*c~.?.*i_n_/uxj@n.lbf

      at sendDraftSaveEmail (app/api/draft/save/route.ts:88:13)

    console.log
      Subject: เธเธฑเธเธ—เธถเธเนเธเธเธเธญเธฃเนเธกเธชเธกเธฑเธเธฃเธเธญเธเธเธธเธ“ - 
เธชเธกเธฑเธเธฃเธเธญเธฃเธฑเธเธเธฒเธฃเธชเธเธฑเธเธชเธเธธเธ

      at sendDraftSaveEmail (app/api/draft/save/route.ts:89:13)

    console.log
      Draft token: 0ad71586-de36-4d5e-b58e-28d77fc28d42

      at sendDraftSaveEmail (app/api/draft/save/route.ts:90:13)

    console.log
      Draft save email would be sent to: test.w&3xv{so|r.`9._7e.xd4xr*ulsu.refa.7&/.tnam@w.hu

      at sendDraftSaveEmail (app/api/draft/save/route.ts:88:13)

    console.log
      Subject: เธเธฑเธเธ—เธถเธเนเธเธเธเธญเธฃเนเธกเธชเธกเธฑเธเธฃเธเธญเธเธเธธเธ“ - 
เธชเธกเธฑเธเธฃเนเธเธฃเธเธเธฒเธฃ 100 เนเธฃเธเน€เธฃเธตเธขเธ

      at sendDraftSaveEmail (app/api/draft/save/route.ts:89:13)

    console.log
      Draft token: 9c729272-7086-49b3-8be5-4135f1d0baa8

      at sendDraftSaveEmail (app/api/draft/save/route.ts:90:13)

    console.log
      Draft save email would be sent to: test.!.ksz&bcd-ov.6*k~pa&`q@es6-vr.vwa9n6c1zr.et

      at sendDraftSaveEmail (app/api/draft/save/route.ts:88:13)

    console.log
      Subject: เธเธฑเธเธ—เธถเธเนเธเธเธเธญเธฃเนเธกเธชเธกเธฑเธเธฃเธเธญเธเธเธธเธ“ - 
เธชเธกเธฑเธเธฃเนเธเธฃเธเธเธฒเธฃ 100 เนเธฃเธเน€เธฃเธตเธขเธ

      at sendDraftSaveEmail (app/api/draft/save/route.ts:89:13)

    console.log
      Draft token: a6adff19-7233-45c3-b9b7-e11eff2e619d

      at sendDraftSaveEmail (app/api/draft/save/route.ts:90:13)

    console.log
      Draft save email would be sent to: 
test.ujn+z&ve_t.~hf5`r|._`{47.p?cv6|-7u/c.i?6ja_1$!?.q=8hc.e&o~x9`l@sc72bysu2d.fvzc12x8.yna

      at sendDraftSaveEmail (app/api/draft/save/route.ts:88:13)

    console.log
      Subject: เธเธฑเธเธ—เธถเธเนเธเธเธเธญเธฃเนเธกเธชเธกเธฑเธเธฃเธเธญเธเธเธธเธ“ - 
เธชเธกเธฑเธเธฃเนเธเธฃเธเธเธฒเธฃ 100 เนเธฃเธเน€เธฃเธตเธขเธ

      at sendDraftSaveEmail (app/api/draft/save/route.ts:89:13)

    console.log
      Draft token: d61c0855-35f0-453a-b9b5-565f54abd1c8

      at sendDraftSaveEmail (app/api/draft/save/route.ts:90:13)

    console.log
      Draft save email would be sent to: test.c^f!wy+yq.1c.$f|%bue!.y.e*+ww#zhb7kk.y-^5*l4g@c5w0a7lk5w.sqy

      at sendDraftSaveEmail (app/api/draft/save/route.ts:88:13)

    console.log
      Subject: เธเธฑเธเธ—เธถเธเนเธเธเธเธญเธฃเนเธกเธชเธกเธฑเธเธฃเธเธญเธเธเธธเธ“ - 
เธชเธกเธฑเธเธฃเนเธเธฃเธเธเธฒเธฃ 100 เนเธฃเธเน€เธฃเธตเธขเธ

      at sendDraftSaveEmail (app/api/draft/save/route.ts:89:13)

    console.log
      Draft token: 652a61a8-99a3-48a8-9798-690126b2ab3c

      at sendDraftSaveEmail (app/api/draft/save/route.ts:90:13)

    console.log
      Draft save email would be sent to: test.b$ma6}lp$7`.6i$9tg%8$?*s.3rz6.m./}jg5z1_`+@dax2f71muf.awp

      at sendDraftSaveEmail (app/api/draft/save/route.ts:88:13)

    console.log
      Subject: เธเธฑเธเธ—เธถเธเนเธเธเธเธญเธฃเนเธกเธชเธกเธฑเธเธฃเธเธญเธเธเธธเธ“ - 
เธชเธกเธฑเธเธฃเธเธญเธฃเธฑเธเธเธฒเธฃเธชเธเธฑเธเธชเธเธธเธ

      at sendDraftSaveEmail (app/api/draft/save/route.ts:89:13)

    console.log
      Draft token: 124ce95f-4d89-48a3-a424-0aeb6d9e8883

      at sendDraftSaveEmail (app/api/draft/save/route.ts:90:13)

    console.log
      Draft save email would be sent to: 
test.mx.dij|}tlgx._w.?%{.r8*=o.oge3uy0.#.$''p/'n$+/'n.hu.l{h?i5?@bd.pkf

      at sendDraftSaveEmail (app/api/draft/save/route.ts:88:13)

    console.log
      Subject: เธเธฑเธเธ—เธถเธเนเธเธเธเธญเธฃเนเธกเธชเธกเธฑเธเธฃเธเธญเธเธเธธเธ“ - 
เธชเธกเธฑเธเธฃเนเธเธฃเธเธเธฒเธฃ 100 เนเธฃเธเน€เธฃเธตเธขเธ

      at sendDraftSaveEmail (app/api/draft/save/route.ts:89:13)

    console.log
      Draft token: af0fd0c1-aedf-4a62-815c-631cf3b29650

      at sendDraftSaveEmail (app/api/draft/save/route.ts:90:13)

    console.log
      Draft save email would be sent to: test.-.*~9l0a.=hh&7!q6x.xnbp?+gu9tn@fu0b2mfe1oeo.bt08e2fk.kvg

      at sendDraftSaveEmail (app/api/draft/save/route.ts:88:13)

    console.log
      Subject: เธเธฑเธเธ—เธถเธเนเธเธเธเธญเธฃเนเธกเธชเธกเธฑเธเธฃเธเธญเธเธเธธเธ“ - 
เธชเธกเธฑเธเธฃเนเธเธฃเธเธเธฒเธฃ 100 เนเธฃเธเน€เธฃเธตเธขเธ

      at sendDraftSaveEmail (app/api/draft/save/route.ts:89:13)

    console.log
      Draft token: c1e5504d-d7b8-4e07-8be9-97ba054fd85d

      at sendDraftSaveEmail (app/api/draft/save/route.ts:90:13)

    console.log
      Draft save email would be sent to: 
test.r=~jx^.iy*0o.8^es~#*w`!d.?_k&2^0a.$.+_dhwj3!.yaiqm@ajtfq6.wp8b37i-cml3.dt

      at sendDraftSaveEmail (app/api/draft/save/route.ts:88:13)

    console.log
      Subject: เธเธฑเธเธ—เธถเธเนเธเธเธเธญเธฃเนเธกเธชเธกเธฑเธเธฃเธเธญเธเธเธธเธ“ - 
เธชเธกเธฑเธเธฃเนเธเธฃเธเธเธฒเธฃ 100 เนเธฃเธเน€เธฃเธตเธขเธ

      at sendDraftSaveEmail (app/api/draft/save/route.ts:89:13)

    console.log
      Draft token: bc9a600c-44e4-4dab-a95a-6ffd32327e69

      at sendDraftSaveEmail (app/api/draft/save/route.ts:90:13)

    console.log
      Draft save email would be sent to: 
test.k5v7e$2e}-9./~x7^ju&.2dag~n2.iz~%5u=m%q=&.dr%v{p|}gi9.g#x8@ogkh.eh

      at sendDraftSaveEmail (app/api/draft/save/route.ts:88:13)

    console.log
      Subject: เธเธฑเธเธ—เธถเธเนเธเธเธเธญเธฃเนเธกเธชเธกเธฑเธเธฃเธเธญเธเธเธธเธ“ - 
เธชเธกเธฑเธเธฃเธเธญเธฃเธฑเธเธเธฒเธฃเธชเธเธฑเธเธชเธเธธเธ

      at sendDraftSaveEmail (app/api/draft/save/route.ts:89:13)

    console.log
      Draft token: 3bdfd59c-b162-4a9b-82ab-89839a7030ee

      at sendDraftSaveEmail (app/api/draft/save/route.ts:90:13)

    console.log
      Draft save email would be sent to: test.&3eb.kf10{$266.o4'@1j40o75mf47.r23pcfv.uew

      at sendDraftSaveEmail (app/api/draft/save/route.ts:88:13)

    console.log
      Subject: เธเธฑเธเธ—เธถเธเนเธเธเธเธญเธฃเนเธกเธชเธกเธฑเธเธฃเธเธญเธเธเธธเธ“ - 
เธชเธกเธฑเธเธฃเนเธเธฃเธเธเธฒเธฃ 100 เนเธฃเธเน€เธฃเธตเธขเธ

      at sendDraftSaveEmail (app/api/draft/save/route.ts:89:13)

    console.log
      Draft token: e0e75710-d516-4cc9-90b3-10b41e495ceb

      at sendDraftSaveEmail (app/api/draft/save/route.ts:90:13)

    console.log
      Draft save email would be sent to: test.{casc|.n8.i@tcka.tc

      at sendDraftSaveEmail (app/api/draft/save/route.ts:88:13)

    console.log
      Subject: เธเธฑเธเธ—เธถเธเนเธเธเธเธญเธฃเนเธกเธชเธกเธฑเธเธฃเธเธญเธเธเธธเธ“ - 
เธชเธกเธฑเธเธฃเนเธเธฃเธเธเธฒเธฃ 100 เนเธฃเธเน€เธฃเธตเธขเธ

      at sendDraftSaveEmail (app/api/draft/save/route.ts:89:13)

    console.log
      Draft token: dc9a7cae-3dc3-4f21-bf11-ea1b880b1c36

      at sendDraftSaveEmail (app/api/draft/save/route.ts:90:13)

    console.log
      Draft save email would be sent to: test.4!4}9%7cn&'.prn.~tx?^^kl.kjbjs/`q.xejcpztg!!/i@f.tgt3xx.al

      at sendDraftSaveEmail (app/api/draft/save/route.ts:88:13)

    console.log
      Subject: เธเธฑเธเธ—เธถเธเนเธเธเธเธญเธฃเนเธกเธชเธกเธฑเธเธฃเธเธญเธเธเธธเธ“ - 
เธชเธกเธฑเธเธฃเนเธเธฃเธเธเธฒเธฃ 100 เนเธฃเธเน€เธฃเธตเธขเธ

      at sendDraftSaveEmail (app/api/draft/save/route.ts:89:13)

    console.log
      Draft token: c074583b-80d1-4dc5-8b89-8746f8437b8d

      at sendDraftSaveEmail (app/api/draft/save/route.ts:90:13)

    console.log
      Draft save email would be sent to: 
test.l~.!ni?`.^w*~ls47!%__.blz8_xc.^8'.p'q$g.1m#~2d55+7.^t=r890.i|b30@irf71qts.eef

      at sendDraftSaveEmail (app/api/draft/save/route.ts:88:13)

    console.log
      Subject: เธเธฑเธเธ—เธถเธเนเธเธเธเธญเธฃเนเธกเธชเธกเธฑเธเธฃเธเธญเธเธเธธเธ“ - 
เธชเธกเธฑเธเธฃเนเธเธฃเธเธเธฒเธฃ 100 เนเธฃเธเน€เธฃเธตเธขเธ

      at sendDraftSaveEmail (app/api/draft/save/route.ts:89:13)

    console.log
      Draft token: 139ad731-26f5-4e1a-8190-cc30ad37b33f

      at sendDraftSaveEmail (app/api/draft/save/route.ts:90:13)

    console.log
      Draft save email would be sent to: test.}4j@jrrc-jvksp.cje

      at sendDraftSaveEmail (app/api/draft/save/route.ts:88:13)

    console.log
      Subject: เธเธฑเธเธ—เธถเธเนเธเธเธเธญเธฃเนเธกเธชเธกเธฑเธเธฃเธเธญเธเธเธธเธ“ - 
เธชเธกเธฑเธเธฃเนเธเธฃเธเธเธฒเธฃ 100 เนเธฃเธเน€เธฃเธตเธขเธ

      at sendDraftSaveEmail (app/api/draft/save/route.ts:89:13)

    console.log
      Draft token: e9226b95-dcb7-4c7c-a988-ae652d61c2e1

      at sendDraftSaveEmail (app/api/draft/save/route.ts:90:13)

    console.log
      Draft save email would be sent to: 
test.d?{70h'vv5q._`9+4r8tp.&.^.ho_f0=.05#a{+.rnwz6=ke93pq.o9dg3k@prbp8.mix

      at sendDraftSaveEmail (app/api/draft/save/route.ts:88:13)

    console.log
      Subject: เธเธฑเธเธ—เธถเธเนเธเธเธเธญเธฃเนเธกเธชเธกเธฑเธเธฃเธเธญเธเธเธธเธ“ - 
เธชเธกเธฑเธเธฃเนเธเธฃเธเธเธฒเธฃ 100 เนเธฃเธเน€เธฃเธตเธขเธ

      at sendDraftSaveEmail (app/api/draft/save/route.ts:89:13)

    console.log
      Draft token: cb15c9f2-a2e1-4bf3-92ab-c208ecb77c9d

      at sendDraftSaveEmail (app/api/draft/save/route.ts:90:13)

    console.log
      Draft save email would be sent to: test.m=exy{ydo*nk.~te.71q`w0#z.${-|5+a~_*x@c.ev

      at sendDraftSaveEmail (app/api/draft/save/route.ts:88:13)

    console.log
      Subject: เธเธฑเธเธ—เธถเธเนเธเธเธเธญเธฃเนเธกเธชเธกเธฑเธเธฃเธเธญเธเธเธธเธ“ - 
เธชเธกเธฑเธเธฃเธเธญเธฃเธฑเธเธเธฒเธฃเธชเธเธฑเธเธชเธเธธเธ

      at sendDraftSaveEmail (app/api/draft/save/route.ts:89:13)

    console.log
      Draft token: 05f7db80-1d82-471b-9eac-b12a3b75bd3a

      at sendDraftSaveEmail (app/api/draft/save/route.ts:90:13)

    console.log
      Draft save email would be sent to: 
test.c0/2.g17.m^3#%$`0d}w.3.42uxd0s~i.n~hib|rl7.3+ns29b'.`nv02}`x#_*@o.5g.ve

      at sendDraftSaveEmail (app/api/draft/save/route.ts:88:13)

    console.log
      Subject: เธเธฑเธเธ—เธถเธเนเธเธเธเธญเธฃเนเธกเธชเธกเธฑเธเธฃเธเธญเธเธเธธเธ“ - 
เธชเธกเธฑเธเธฃเธเธญเธฃเธฑเธเธเธฒเธฃเธชเธเธฑเธเธชเธเธธเธ

      at sendDraftSaveEmail (app/api/draft/save/route.ts:89:13)

    console.log
      Draft token: 204b7fb5-a27d-49c3-b775-fff8b4ee8c2a

      at sendDraftSaveEmail (app/api/draft/save/route.ts:90:13)

    console.log
      Draft save email would be sent to: 
test.w4g3'*x`k.h%n=.'jsdia$x=mx.%v'5q|xrt4e2.qq5e5hrn8.8'sa%+`c.gr@byzlwq1.lck

      at sendDraftSaveEmail (app/api/draft/save/route.ts:88:13)

    console.log
      Subject: เธเธฑเธเธ—เธถเธเนเธเธเธเธญเธฃเนเธกเธชเธกเธฑเธเธฃเธเธญเธเธเธธเธ“ - 
เธชเธกเธฑเธเธฃเธเธญเธฃเธฑเธเธเธฒเธฃเธชเธเธฑเธเธชเธเธธเธ

      at sendDraftSaveEmail (app/api/draft/save/route.ts:89:13)

    console.log
      Draft token: 14f3b7c8-6410-4856-a7b5-eb90b7cb600e

      at sendDraftSaveEmail (app/api/draft/save/route.ts:90:13)

    console.log
      Draft save email would be sent to: test.jk%ll&.{*6wu?`.ok6i8'#6.elu$iuv3/{!^@272s.eyv

      at sendDraftSaveEmail (app/api/draft/save/route.ts:88:13)

    console.log
      Subject: เธเธฑเธเธ—เธถเธเนเธเธเธเธญเธฃเนเธกเธชเธกเธฑเธเธฃเธเธญเธเธเธธเธ“ - 
เธชเธกเธฑเธเธฃเธเธญเธฃเธฑเธเธเธฒเธฃเธชเธเธฑเธเธชเธเธธเธ

      at sendDraftSaveEmail (app/api/draft/save/route.ts:89:13)

    console.log
      Draft token: 0b45fd7e-c36d-4bc9-b8af-534ec7ec341d

      at sendDraftSaveEmail (app/api/draft/save/route.ts:90:13)

    console.log
      Draft save email would be sent to: test.'.a!h`?-a`.5og9.n.ehnb9uk+g49i.&q@a.lu

      at sendDraftSaveEmail (app/api/draft/save/route.ts:88:13)

    console.log
      Subject: เธเธฑเธเธ—เธถเธเนเธเธเธเธญเธฃเนเธกเธชเธกเธฑเธเธฃเธเธญเธเธเธธเธ“ - 
เธชเธกเธฑเธเธฃเนเธเธฃเธเธเธฒเธฃ 100 เนเธฃเธเน€เธฃเธตเธขเธ

      at sendDraftSaveEmail (app/api/draft/save/route.ts:89:13)

    console.log
      Draft token: 0e187509-53a4-4654-8e6b-60bb33fef9aa

      at sendDraftSaveEmail (app/api/draft/save/route.ts:90:13)

    console.log
      Draft save email would be sent to: test.+x%#_?2k3&@4cc.6v9zur.hnj

      at sendDraftSaveEmail (app/api/draft/save/route.ts:88:13)

    console.log
      Subject: เธเธฑเธเธ—เธถเธเนเธเธเธเธญเธฃเนเธกเธชเธกเธฑเธเธฃเธเธญเธเธเธธเธ“ - 
เธชเธกเธฑเธเธฃเนเธเธฃเธเธเธฒเธฃ 100 เนเธฃเธเน€เธฃเธตเธขเธ

      at sendDraftSaveEmail (app/api/draft/save/route.ts:89:13)

    console.log
      Draft token: e209da13-527d-46d6-b687-14e7fae3d140

      at sendDraftSaveEmail (app/api/draft/save/route.ts:90:13)

    console.log
      Draft save email would be sent to: test.?rprd.?y9@dzng.uu

      at sendDraftSaveEmail (app/api/draft/save/route.ts:88:13)

    console.log
      Subject: เธเธฑเธเธ—เธถเธเนเธเธเธเธญเธฃเนเธกเธชเธกเธฑเธเธฃเธเธญเธเธเธธเธ“ - 
เธชเธกเธฑเธเธฃเนเธเธฃเธเธเธฒเธฃ 100 เนเธฃเธเน€เธฃเธตเธขเธ

      at sendDraftSaveEmail (app/api/draft/save/route.ts:89:13)

    console.log
      Draft token: a1321116-e544-4e88-9cf6-65ef0d60565b

      at sendDraftSaveEmail (app/api/draft/save/route.ts:90:13)

    console.log
      Draft save email would be sent to: test.2|28d#eids.48u1_yz1`ix5.'n$~lzq@r.odt

      at sendDraftSaveEmail (app/api/draft/save/route.ts:88:13)

    console.log
      Subject: เธเธฑเธเธ—เธถเธเนเธเธเธเธญเธฃเนเธกเธชเธกเธฑเธเธฃเธเธญเธเธเธธเธ“ - 
เธชเธกเธฑเธเธฃเนเธเธฃเธเธเธฒเธฃ 100 เนเธฃเธเน€เธฃเธตเธขเธ

      at sendDraftSaveEmail (app/api/draft/save/route.ts:89:13)

    console.log
      Draft token: aa86d5ee-6917-4d15-9074-5e6bfbf20d0a

      at sendDraftSaveEmail (app/api/draft/save/route.ts:90:13)

    console.log
      Draft save email would be sent to: 
test.p*~/#{+djyy^.%/5-n6mwa'.i*6.#+qw%4c~+.*d.a0_7jy@20ehxdpvft.9g-t8r.gh

      at sendDraftSaveEmail (app/api/draft/save/route.ts:88:13)

    console.log
      Subject: เธเธฑเธเธ—เธถเธเนเธเธเธเธญเธฃเนเธกเธชเธกเธฑเธเธฃเธเธญเธเธเธธเธ“ - 
เธชเธกเธฑเธเธฃเธเธญเธฃเธฑเธเธเธฒเธฃเธชเธเธฑเธเธชเธเธธเธ

      at sendDraftSaveEmail (app/api/draft/save/route.ts:89:13)

    console.log
      Draft token: 37b78135-3bf2-40db-9094-8745c98d28ef

      at sendDraftSaveEmail (app/api/draft/save/route.ts:90:13)

    console.log
      Draft save email would be sent to: 
test.'#e9p.x*}|4krsg.bu.w5.e{t8*8'g.uo.b4/l}w.5l%xk'x*.{%3w0h=tcy|_@q.sg

      at sendDraftSaveEmail (app/api/draft/save/route.ts:88:13)

    console.log
      Subject: เธเธฑเธเธ—เธถเธเนเธเธเธเธญเธฃเนเธกเธชเธกเธฑเธเธฃเธเธญเธเธเธธเธ“ - 
เธชเธกเธฑเธเธฃเนเธเธฃเธเธเธฒเธฃ 100 เนเธฃเธเน€เธฃเธตเธขเธ

      at sendDraftSaveEmail (app/api/draft/save/route.ts:89:13)

    console.log
      Draft token: 217c491e-2183-41c3-8235-ff8368a4e641

      at sendDraftSaveEmail (app/api/draft/save/route.ts:90:13)

    console.log
      Draft save email would be sent to: 
test.#fea^&a}=1pf.m#yt-nb.ozf.23^*n'.bi.arguments.c?=mfj^z^7c~@yw3n6jnl5h2h.xa

      at sendDraftSaveEmail (app/api/draft/save/route.ts:88:13)

    console.log
      Subject: เธเธฑเธเธ—เธถเธเนเธเธเธเธญเธฃเนเธกเธชเธกเธฑเธเธฃเธเธญเธเธเธธเธ“ - 
เธชเธกเธฑเธเธฃเนเธเธฃเธเธเธฒเธฃ 100 เนเธฃเธเน€เธฃเธตเธขเธ

      at sendDraftSaveEmail (app/api/draft/save/route.ts:89:13)

    console.log
      Draft token: 3ff929f1-dd38-49df-a2cc-51f14da5fed4

      at sendDraftSaveEmail (app/api/draft/save/route.ts:90:13)

    console.log
      Draft save email would be sent to: test.gi`yo1wn}.hhs@ajn.p906ri4.rr

      at sendDraftSaveEmail (app/api/draft/save/route.ts:88:13)

    console.log
      Subject: เธเธฑเธเธ—เธถเธเนเธเธเธเธญเธฃเนเธกเธชเธกเธฑเธเธฃเธเธญเธเธเธธเธ“ - 
เธชเธกเธฑเธเธฃเธเธญเธฃเธฑเธเธเธฒเธฃเธชเธเธฑเธเธชเธเธธเธ

      at sendDraftSaveEmail (app/api/draft/save/route.ts:89:13)

    console.log
      Draft token: c2405e05-cccc-4142-ad32-7e08c473a61a

      at sendDraftSaveEmail (app/api/draft/save/route.ts:90:13)

    console.log
      Draft save email would be sent to: test.`4t_|.k.f4.ov*.yttr9olb=-.{*5=35yk#{@tydkvyu6.ca

      at sendDraftSaveEmail (app/api/draft/save/route.ts:88:13)

    console.log
      Subject: เธเธฑเธเธ—เธถเธเนเธเธเธเธญเธฃเนเธกเธชเธกเธฑเธเธฃเธเธญเธเธเธธเธ“ - 
เธชเธกเธฑเธเธฃเนเธเธฃเธเธเธฒเธฃ 100 เนเธฃเธเน€เธฃเธตเธขเธ

      at sendDraftSaveEmail (app/api/draft/save/route.ts:89:13)

    console.log
      Draft token: 775690aa-a736-4b61-ba75-e59f6d45ac3c

      at sendDraftSaveEmail (app/api/draft/save/route.ts:90:13)

    console.log
      Draft save email would be sent to: test.r&.l}7x.5~w.{5{~zqd8g#.dz8.ys~+n6.mgnl*5n%en@hk62mpukz71.yq

      at sendDraftSaveEmail (app/api/draft/save/route.ts:88:13)

    console.log
      Subject: เธเธฑเธเธ—เธถเธเนเธเธเธเธญเธฃเนเธกเธชเธกเธฑเธเธฃเธเธญเธเธเธธเธ“ - 
เธชเธกเธฑเธเธฃเธเธญเธฃเธฑเธเธเธฒเธฃเธชเธเธฑเธเธชเธเธธเธ

      at sendDraftSaveEmail (app/api/draft/save/route.ts:89:13)

    console.log
      Draft token: 0a885821-1d77-4416-8fbf-7513cf44ede5

      at sendDraftSaveEmail (app/api/draft/save/route.ts:90:13)

    console.log
      Draft save email would be sent to: test.$ivhcrqg./h.35-r~_y%m.h*+yvc.^&|*/ft~q}p@g41lh4.mu

      at sendDraftSaveEmail (app/api/draft/save/route.ts:88:13)

    console.log
      Subject: เธเธฑเธเธ—เธถเธเนเธเธเธเธญเธฃเนเธกเธชเธกเธฑเธเธฃเธเธญเธเธเธธเธ“ - 
เธชเธกเธฑเธเธฃเนเธเธฃเธเธเธฒเธฃ 100 เนเธฃเธเน€เธฃเธตเธขเธ

      at sendDraftSaveEmail (app/api/draft/save/route.ts:89:13)

    console.log
      Draft token: 181a7e07-eddc-41d3-82ee-b5c356f0430a

      at sendDraftSaveEmail (app/api/draft/save/route.ts:90:13)

    console.log
      Draft save email would be sent to: 
test.c}l.~.r^n.-?.`c=_-h'.5}.w2d7=ut37%h.eq.kirj`&t.!pf.99m514r+{_@eylnj.bq

      at sendDraftSaveEmail (app/api/draft/save/route.ts:88:13)

    console.log
      Subject: เธเธฑเธเธ—เธถเธเนเธเธเธเธญเธฃเนเธกเธชเธกเธฑเธเธฃเธเธญเธเธเธธเธ“ - 
เธชเธกเธฑเธเธฃเธเธญเธฃเธฑเธเธเธฒเธฃเธชเธเธฑเธเธชเธเธธเธ

      at sendDraftSaveEmail (app/api/draft/save/route.ts:89:13)

    console.log
      Draft token: 44cf433a-8356-4d80-8424-fcbdb721b856

      at sendDraftSaveEmail (app/api/draft/save/route.ts:90:13)

    console.log
      Draft save email would be sent to: test.3@qww.bri-o2nk39k.jzk

      at sendDraftSaveEmail (app/api/draft/save/route.ts:88:13)

    console.log
      Subject: เธเธฑเธเธ—เธถเธเนเธเธเธเธญเธฃเนเธกเธชเธกเธฑเธเธฃเธเธญเธเธเธธเธ“ - 
เธชเธกเธฑเธเธฃเธเธญเธฃเธฑเธเธเธฒเธฃเธชเธเธฑเธเธชเธเธธเธ

      at sendDraftSaveEmail (app/api/draft/save/route.ts:89:13)

    console.log
      Draft token: 34562ee4-96f0-4ee6-ad6b-9a98e224c7e3

      at sendDraftSaveEmail (app/api/draft/save/route.ts:90:13)

    console.log
      Draft save email would be sent to: test.m@kcw-5l06b.yq

      at sendDraftSaveEmail (app/api/draft/save/route.ts:88:13)

    console.log
      Subject: เธเธฑเธเธ—เธถเธเนเธเธเธเธญเธฃเนเธกเธชเธกเธฑเธเธฃเธเธญเธเธเธธเธ“ - 
เธชเธกเธฑเธเธฃเธเธญเธฃเธฑเธเธเธฒเธฃเธชเธเธฑเธเธชเธเธธเธ

      at sendDraftSaveEmail (app/api/draft/save/route.ts:89:13)

    console.log
      Draft token: f5b4a427-ce97-4601-8df2-f50dc419cfeb

      at sendDraftSaveEmail (app/api/draft/save/route.ts:90:13)

    console.log
      Draft save email would be sent to: test.k^!^6|f-3.c.~b{@sdwowqh8os.9-7e6.qzo

      at sendDraftSaveEmail (app/api/draft/save/route.ts:88:13)

    console.log
      Subject: เธเธฑเธเธ—เธถเธเนเธเธเธเธญเธฃเนเธกเธชเธกเธฑเธเธฃเธเธญเธเธเธธเธ“ - 
เธชเธกเธฑเธเธฃเนเธเธฃเธเธเธฒเธฃ 100 เนเธฃเธเน€เธฃเธตเธขเธ

      at sendDraftSaveEmail (app/api/draft/save/route.ts:89:13)

    console.log
      Draft token: 8d30cd9c-7a15-4d5e-9bce-885d7d7ae241

      at sendDraftSaveEmail (app/api/draft/save/route.ts:90:13)

    console.log
      Draft save email would be sent to: test.binproprot@6zd.wg

      at sendDraftSaveEmail (app/api/draft/save/route.ts:88:13)

    console.log
      Subject: เธเธฑเธเธ—เธถเธเนเธเธเธเธญเธฃเนเธกเธชเธกเธฑเธเธฃเธเธญเธเธเธธเธ“ - 
เธชเธกเธฑเธเธฃเนเธเธฃเธเธเธฒเธฃ 100 เนเธฃเธเน€เธฃเธตเธขเธ

      at sendDraftSaveEmail (app/api/draft/save/route.ts:89:13)

    console.log
      Draft token: be788ddd-c221-450b-9aff-38a4aa8f305a

      at sendDraftSaveEmail (app/api/draft/save/route.ts:90:13)

    console.log
      Draft save email would be sent to: test.ca@bkeycalb.e4puo5.re

      at sendDraftSaveEmail (app/api/draft/save/route.ts:88:13)

    console.log
      Subject: เธเธฑเธเธ—เธถเธเนเธเธเธเธญเธฃเนเธกเธชเธกเธฑเธเธฃเธเธญเธเธเธธเธ“ - 
เธชเธกเธฑเธเธฃเธเธญเธฃเธฑเธเธเธฒเธฃเธชเธเธฑเธเธชเธเธธเธ

      at sendDraftSaveEmail (app/api/draft/save/route.ts:89:13)

    console.log
      Draft token: dd1d1de1-8cfe-4b4e-9f10-0c93e30d68d9

      at sendDraftSaveEmail (app/api/draft/save/route.ts:90:13)

    console.log
      Draft save email would be sent to: test.r^=/gfqn/n*7.r~`ar.l}}52}@7l3d.b.lfr

      at sendDraftSaveEmail (app/api/draft/save/route.ts:88:13)

    console.log
      Subject: เธเธฑเธเธ—เธถเธเนเธเธเธเธญเธฃเนเธกเธชเธกเธฑเธเธฃเธเธญเธเธเธธเธ“ - 
เธชเธกเธฑเธเธฃเนเธเธฃเธเธเธฒเธฃ 100 เนเธฃเธเน€เธฃเธตเธขเธ

      at sendDraftSaveEmail (app/api/draft/save/route.ts:89:13)

    console.log
      Draft token: 707255e5-4e1c-48bb-9813-f107ddfddc8e

      at sendDraftSaveEmail (app/api/draft/save/route.ts:90:13)

    console.log
      Draft save email would be sent to: test.bind@zrr612jm8.oqxj1-gpn6r3.nvl

      at sendDraftSaveEmail (app/api/draft/save/route.ts:88:13)

    console.log
      Subject: เธเธฑเธเธ—เธถเธเนเธเธเธเธญเธฃเนเธกเธชเธกเธฑเธเธฃเธเธญเธเธเธธเธ“ - 
เธชเธกเธฑเธเธฃเนเธเธฃเธเธเธฒเธฃ 100 เนเธฃเธเน€เธฃเธตเธขเธ

      at sendDraftSaveEmail (app/api/draft/save/route.ts:89:13)

    console.log
      Draft token: a47a22ca-ac24-4560-8379-f607948ee43b

      at sendDraftSaveEmail (app/api/draft/save/route.ts:90:13)

    console.log
      Draft save email would be sent to: test.e./f@z0-shp.2c3i.ya

      at sendDraftSaveEmail (app/api/draft/save/route.ts:88:13)

    console.log
      Subject: เธเธฑเธเธ—เธถเธเนเธเธเธเธญเธฃเนเธกเธชเธกเธฑเธเธฃเธเธญเธเธเธธเธ“ - 
เธชเธกเธฑเธเธฃเธเธญเธฃเธฑเธเธเธฒเธฃเธชเธเธฑเธเธชเธเธธเธ

      at sendDraftSaveEmail (app/api/draft/save/route.ts:89:13)

    console.log
      Draft token: 1b63b532-a3db-485d-b4bd-5bc01cf72245

      at sendDraftSaveEmail (app/api/draft/save/route.ts:90:13)

    console.log
      Draft save email would be sent to: test.gk~$iwwru@38s0oc.3bc-u3jhe5.ox

      at sendDraftSaveEmail (app/api/draft/save/route.ts:88:13)

    console.log
      Subject: เธเธฑเธเธ—เธถเธเนเธเธเธเธญเธฃเนเธกเธชเธกเธฑเธเธฃเธเธญเธเธเธธเธ“ - 
เธชเธกเธฑเธเธฃเธเธญเธฃเธฑเธเธเธฒเธฃเธชเธเธฑเธเธชเธเธธเธ

      at sendDraftSaveEmail (app/api/draft/save/route.ts:89:13)

    console.log
      Draft token: 41bd1f98-6c87-40e5-a926-9d8c919755a4

      at sendDraftSaveEmail (app/api/draft/save/route.ts:90:13)

    console.log
      Draft save email would be sent to: test.|.lengthna@14sukw0hc.fe

      at sendDraftSaveEmail (app/api/draft/save/route.ts:88:13)

    console.log
      Subject: เธเธฑเธเธ—เธถเธเนเธเธเธเธญเธฃเนเธกเธชเธกเธฑเธเธฃเธเธญเธเธเธธเธ“ - 
เธชเธกเธฑเธเธฃเธเธญเธฃเธฑเธเธเธฒเธฃเธชเธเธฑเธเธชเธเธธเธ

      at sendDraftSaveEmail (app/api/draft/save/route.ts:89:13)

    console.log
      Draft token: e43a1863-1a1a-4067-b485-22eb6d2a5f49

      at sendDraftSaveEmail (app/api/draft/save/route.ts:90:13)

    console.log
      Draft save email would be sent to: test.glge_4=^f*g.y0&v.*.i30mn?u&%8?m._-.&caqkx.nc.&a.01#8d^q{2j@l.yo

      at sendDraftSaveEmail (app/api/draft/save/route.ts:88:13)

    console.log
      Subject: เธเธฑเธเธ—เธถเธเนเธเธเธเธญเธฃเนเธกเธชเธกเธฑเธเธฃเธเธญเธเธเธธเธ“ - 
เธชเธกเธฑเธเธฃเธเธญเธฃเธฑเธเธเธฒเธฃเธชเธเธฑเธเธชเธเธธเธ

      at sendDraftSaveEmail (app/api/draft/save/route.ts:89:13)

    console.log
      Draft token: f87b5566-7d08-4767-9eee-37bae6e6a5ce

      at sendDraftSaveEmail (app/api/draft/save/route.ts:90:13)

    console.log
      Draft save email would be sent to: 
test.59'43o+4.j%yt$6$mv.h0#o/cn%e.b+n.our3w^73ct2!.eqxy~.jdcu@uic9i.t3o8j.dgd

      at sendDraftSaveEmail (app/api/draft/save/route.ts:88:13)

    console.log
      Subject: เธเธฑเธเธ—เธถเธเนเธเธเธเธญเธฃเนเธกเธชเธกเธฑเธเธฃเธเธญเธเธเธธเธ“ - 
เธชเธกเธฑเธเธฃเธเธญเธฃเธฑเธเธเธฒเธฃเธชเธเธฑเธเธชเธเธธเธ

      at sendDraftSaveEmail (app/api/draft/save/route.ts:89:13)

    console.log
      Draft token: bb7e3b12-6290-4dd5-bb2b-eaa50b7c7af2

      at sendDraftSaveEmail (app/api/draft/save/route.ts:90:13)

    console.log
      Draft save email would be sent to: test.5ud.w^{~29.gqxxs6*01.+hecex^?t@pvsyahmyk.3luiy.gyn

      at sendDraftSaveEmail (app/api/draft/save/route.ts:88:13)

    console.log
      Subject: เธเธฑเธเธ—เธถเธเนเธเธเธเธญเธฃเนเธกเธชเธกเธฑเธเธฃเธเธญเธเธเธธเธ“ - 
เธชเธกเธฑเธเธฃเนเธเธฃเธเธเธฒเธฃ 100 เนเธฃเธเน€เธฃเธตเธขเธ

      at sendDraftSaveEmail (app/api/draft/save/route.ts:89:13)

    console.log
      Draft token: 286072bb-ef92-44d4-ba18-1a9d9d8ac97c

      at sendDraftSaveEmail (app/api/draft/save/route.ts:90:13)

    console.log
      Draft save email would be sent to: 
test.u8+e.u1l!^&{}l.ouyz13.nqd5ut/8~|3.81qa5.r!*fi.ms-/{v7l.^z/3@szz1nt8gyzk.nm

      at sendDraftSaveEmail (app/api/draft/save/route.ts:88:13)

    console.log
      Subject: เธเธฑเธเธ—เธถเธเนเธเธเธเธญเธฃเนเธกเธชเธกเธฑเธเธฃเธเธญเธเธเธธเธ“ - 
เธชเธกเธฑเธเธฃเนเธเธฃเธเธเธฒเธฃ 100 เนเธฃเธเน€เธฃเธตเธขเธ

      at sendDraftSaveEmail (app/api/draft/save/route.ts:89:13)

    console.log
      Draft token: e4f9342e-c39e-4717-9160-cb844e01787e

      at sendDraftSaveEmail (app/api/draft/save/route.ts:90:13)

    console.log
      Draft save email would be sent to: test.!93p^{&@crrbnc4i.gpw2la1ye81.ny

      at sendDraftSaveEmail (app/api/draft/save/route.ts:88:13)

    console.log
      Subject: เธเธฑเธเธ—เธถเธเนเธเธเธเธญเธฃเนเธกเธชเธกเธฑเธเธฃเธเธญเธเธเธธเธ“ - 
เธชเธกเธฑเธเธฃเนเธเธฃเธเธเธฒเธฃ 100 เนเธฃเธเน€เธฃเธตเธขเธ

      at sendDraftSaveEmail (app/api/draft/save/route.ts:89:13)

    console.log
      Draft token: 689f410e-9928-4554-8a13-58a54907a144

      at sendDraftSaveEmail (app/api/draft/save/route.ts:90:13)

    console.log
      Draft save email would be sent to: test.-yw|1~.8*%5.ggc?@ah8.ze

      at sendDraftSaveEmail (app/api/draft/save/route.ts:88:13)

    console.log
      Subject: เธเธฑเธเธ—เธถเธเนเธเธเธเธญเธฃเนเธกเธชเธกเธฑเธเธฃเธเธญเธเธเธธเธ“ - 
เธชเธกเธฑเธเธฃเธเธญเธฃเธฑเธเธเธฒเธฃเธชเธเธฑเธเธชเธเธธเธ

      at sendDraftSaveEmail (app/api/draft/save/route.ts:89:13)

    console.log
      Draft token: fa438e49-f3b5-4320-ba83-4e3d7001a895

      at sendDraftSaveEmail (app/api/draft/save/route.ts:90:13)

    console.log
      Draft save email would be sent to: 
test.r!a.8_fvo/f`cv4.w'qkb#.qjw7#/.wz8yis9~n.z5bf1^#9ux@1fr-h47ay.uzs7.xvf

      at sendDraftSaveEmail (app/api/draft/save/route.ts:88:13)

    console.log
      Subject: เธเธฑเธเธ—เธถเธเนเธเธเธเธญเธฃเนเธกเธชเธกเธฑเธเธฃเธเธญเธเธเธธเธ“ - 
เธชเธกเธฑเธเธฃเนเธเธฃเธเธเธฒเธฃ 100 เนเธฃเธเน€เธฃเธตเธขเธ

      at sendDraftSaveEmail (app/api/draft/save/route.ts:89:13)

    console.log
      Draft token: 1fd2e85b-e924-4077-a9c2-e8c096fa1081

      at sendDraftSaveEmail (app/api/draft/save/route.ts:90:13)

    console.log
      Draft save email would be sent to: 
test.h1fj'o0.e-xmn+/.o4.uv38#|ut.e2-bt'-~6hn.y4lr+8gi._=9%tv`x2.s*!+9@ksy-9n8r.jns

      at sendDraftSaveEmail (app/api/draft/save/route.ts:88:13)

    console.log
      Subject: เธเธฑเธเธ—เธถเธเนเธเธเธเธญเธฃเนเธกเธชเธกเธฑเธเธฃเธเธญเธเธเธธเธ“ - 
เธชเธกเธฑเธเธฃเธเธญเธฃเธฑเธเธเธฒเธฃเธชเธเธฑเธเธชเธเธธเธ

      at sendDraftSaveEmail (app/api/draft/save/route.ts:89:13)

    console.log
      Draft token: b9d4ab80-7a4d-4d13-9d46-1802184c208d

      at sendDraftSaveEmail (app/api/draft/save/route.ts:90:13)

    console.log
      Draft save email would be sent to: 
test.k%unv8x#1f}.o304|o`+=1se.axmke6a*dr.y#q7?ab8a&g.fwdd!e'v'a@f.c1fcoslzq.wnf

      at sendDraftSaveEmail (app/api/draft/save/route.ts:88:13)

    console.log
      Subject: เธเธฑเธเธ—เธถเธเนเธเธเธเธญเธฃเนเธกเธชเธกเธฑเธเธฃเธเธญเธเธเธธเธ“ - 
เธชเธกเธฑเธเธฃเธเธญเธฃเธฑเธเธเธฒเธฃเธชเธเธฑเธเธชเธเธธเธ

      at sendDraftSaveEmail (app/api/draft/save/route.ts:89:13)

    console.log
      Draft token: 68573678-dd5a-4150-b529-0ba6886f436b

      at sendDraftSaveEmail (app/api/draft/save/route.ts:90:13)

    console.log
      Draft save email would be sent to: test.pd67#@o147jj3.mbm

      at sendDraftSaveEmail (app/api/draft/save/route.ts:88:13)

    console.log
      Subject: เธเธฑเธเธ—เธถเธเนเธเธเธเธญเธฃเนเธกเธชเธกเธฑเธเธฃเธเธญเธเธเธธเธ“ - 
เธชเธกเธฑเธเธฃเธเธญเธฃเธฑเธเธเธฒเธฃเธชเธเธฑเธเธชเธเธธเธ

      at sendDraftSaveEmail (app/api/draft/save/route.ts:89:13)

    console.log
      Draft token: d57d3339-2779-40ba-ac51-f8a5f5716037

      at sendDraftSaveEmail (app/api/draft/save/route.ts:90:13)

    console.log
      Draft save email would be sent to: test.b1d'10ehsb-=.!75qxhb1a!a6.u.7%?xxv88!=/.9gs.q{-rz/&|`.0'h@v.mjk

      at sendDraftSaveEmail (app/api/draft/save/route.ts:88:13)

    console.log
      Subject: เธเธฑเธเธ—เธถเธเนเธเธเธเธญเธฃเนเธกเธชเธกเธฑเธเธฃเธเธญเธเธเธธเธ“ - 
เธชเธกเธฑเธเธฃเธเธญเธฃเธฑเธเธเธฒเธฃเธชเธเธฑเธเธชเธเธธเธ

      at sendDraftSaveEmail (app/api/draft/save/route.ts:89:13)

    console.log
      Draft token: f7f54d35-9d50-47b2-a98e-80abb79ee811

      at sendDraftSaveEmail (app/api/draft/save/route.ts:90:13)

    console.log
      Draft save email would be sent to: 
test.fdej19.6+uhb9c/c^#.p.cd97e5.zcq4xya0si.5l-uw.$7.'z$b!z@1vksw6x1xrkh.vq.izw

      at sendDraftSaveEmail (app/api/draft/save/route.ts:88:13)

    console.log
      Subject: เธเธฑเธเธ—เธถเธเนเธเธเธเธญเธฃเนเธกเธชเธกเธฑเธเธฃเธเธญเธเธเธธเธ“ - 
เธชเธกเธฑเธเธฃเนเธเธฃเธเธเธฒเธฃ 100 เนเธฃเธเน€เธฃเธตเธขเธ

      at sendDraftSaveEmail (app/api/draft/save/route.ts:89:13)

    console.log
      Draft token: 949b627a-ffcf-4a81-a394-f7d046e880f1

      at sendDraftSaveEmail (app/api/draft/save/route.ts:90:13)

    console.log
      Draft save email would be sent to: test.n/$e4v5igzw'.v-2~04c.p8||@b70-wjee7v.ysh

      at sendDraftSaveEmail (app/api/draft/save/route.ts:88:13)

    console.log
      Subject: เธเธฑเธเธ—เธถเธเนเธเธเธเธญเธฃเนเธกเธชเธกเธฑเธเธฃเธเธญเธเธเธธเธ“ - 
เธชเธกเธฑเธเธฃเนเธเธฃเธเธเธฒเธฃ 100 เนเธฃเธเน€เธฃเธตเธขเธ

      at sendDraftSaveEmail (app/api/draft/save/route.ts:89:13)

    console.log
      Draft token: 0b2ce91d-5337-4a84-a82b-183b2c46b9bc

      at sendDraftSaveEmail (app/api/draft/save/route.ts:90:13)

    console.log
      Draft save email would be sent to: 
test.i8.|.8v61.c-9/5!.6k9w#?g^n.lcub28%2kp.u/}pv3vb7i.615hyd0@m9-5g.zjbh9akgq81.hlx

      at sendDraftSaveEmail (app/api/draft/save/route.ts:88:13)

    console.log
      Subject: เธเธฑเธเธ—เธถเธเนเธเธเธเธญเธฃเนเธกเธชเธกเธฑเธเธฃเธเธญเธเธเธธเธ“ - 
เธชเธกเธฑเธเธฃเนเธเธฃเธเธเธฒเธฃ 100 เนเธฃเธเน€เธฃเธตเธขเธ

      at sendDraftSaveEmail (app/api/draft/save/route.ts:89:13)

    console.log
      Draft token: 93561639-e98b-4349-a963-80d0d6db69ad

      at sendDraftSaveEmail (app/api/draft/save/route.ts:90:13)

    console.log
      Draft save email would be sent to: 
test.%.w4-2n_{c$.%2?{c^ouyi.6on.^1y/0x}~cp.gq~/9sbp%.%3_ht{3ud@a.tktla8f41av9.de

      at sendDraftSaveEmail (app/api/draft/save/route.ts:88:13)

    console.log
      Subject: เธเธฑเธเธ—เธถเธเนเธเธเธเธญเธฃเนเธกเธชเธกเธฑเธเธฃเธเธญเธเธเธธเธ“ - 
เธชเธกเธฑเธเธฃเธเธญเธฃเธฑเธเธเธฒเธฃเธชเธเธฑเธเธชเธเธธเธ

      at sendDraftSaveEmail (app/api/draft/save/route.ts:89:13)

    console.log
      Draft token: 302dbd34-7ed8-466b-aa0b-1927bc31becb

      at sendDraftSaveEmail (app/api/draft/save/route.ts:90:13)

    console.log
      Draft save email would be sent to: 
test.7k8w3l1.32{0=r+!|7}g.=-cy$z+w.16'='??.h7'^u+'@n6v73g2.v75u36skn6k.zov

      at sendDraftSaveEmail (app/api/draft/save/route.ts:88:13)

    console.log
      Subject: เธเธฑเธเธ—เธถเธเนเธเธเธเธญเธฃเนเธกเธชเธกเธฑเธเธฃเธเธญเธเธเธธเธ“ - 
เธชเธกเธฑเธเธฃเธเธญเธฃเธฑเธเธเธฒเธฃเธชเธเธฑเธเธชเธเธธเธ

      at sendDraftSaveEmail (app/api/draft/save/route.ts:89:13)

    console.log
      Draft token: b288f382-e68e-478b-b48d-5f4d3ed93145

      at sendDraftSaveEmail (app/api/draft/save/route.ts:90:13)

    console.log
      Draft save email would be sent to: test.'e3^+g!}8yh.g}$n._o=`&0.l6c{}c.bxa9@seuemtzcb.cjx

      at sendDraftSaveEmail (app/api/draft/save/route.ts:88:13)

    console.log
      Subject: เธเธฑเธเธ—เธถเธเนเธเธเธเธญเธฃเนเธกเธชเธกเธฑเธเธฃเธเธญเธเธเธธเธ“ - 
เธชเธกเธฑเธเธฃเนเธเธฃเธเธเธฒเธฃ 100 เนเธฃเธเน€เธฃเธตเธขเธ

      at sendDraftSaveEmail (app/api/draft/save/route.ts:89:13)

    console.log
      Draft token: d5bf030e-472f-44ed-a79d-a2990bcb2d4c

      at sendDraftSaveEmail (app/api/draft/save/route.ts:90:13)

    console.log
      Draft save email would be sent to: test.^cf}^1/4.m%o_o73g*npw.!?'%.i8@t.70l2m3whc.soj

      at sendDraftSaveEmail (app/api/draft/save/route.ts:88:13)

    console.log
      Subject: เธเธฑเธเธ—เธถเธเนเธเธเธเธญเธฃเนเธกเธชเธกเธฑเธเธฃเธเธญเธเธเธธเธ“ - 
เธชเธกเธฑเธเธฃเนเธเธฃเธเธเธฒเธฃ 100 เนเธฃเธเน€เธฃเธตเธขเธ

      at sendDraftSaveEmail (app/api/draft/save/route.ts:89:13)

    console.log
      Draft token: 07d539f3-95bb-41f9-80e9-80586dad6539

      at sendDraftSaveEmail (app/api/draft/save/route.ts:90:13)

    console.log
      Draft save email would be sent to: test.8*w#o}k^t@5ai1h.zzx

      at sendDraftSaveEmail (app/api/draft/save/route.ts:88:13)

    console.log
      Subject: เธเธฑเธเธ—เธถเธเนเธเธเธเธญเธฃเนเธกเธชเธกเธฑเธเธฃเธเธญเธเธเธธเธ“ - 
เธชเธกเธฑเธเธฃเนเธเธฃเธเธเธฒเธฃ 100 เนเธฃเธเน€เธฃเธตเธขเธ

      at sendDraftSaveEmail (app/api/draft/save/route.ts:89:13)

    console.log
      Draft token: 4ed888a9-8a27-4844-b72c-d4aa5caa9151

      at sendDraftSaveEmail (app/api/draft/save/route.ts:90:13)

    console.log
      Draft save email would be sent to: test.{s7&mj.a=+.1+!}3q0kq7@sfv.ey

      at sendDraftSaveEmail (app/api/draft/save/route.ts:88:13)

    console.log
      Subject: เธเธฑเธเธ—เธถเธเนเธเธเธเธญเธฃเนเธกเธชเธกเธฑเธเธฃเธเธญเธเธเธธเธ“ - 
เธชเธกเธฑเธเธฃเธเธญเธฃเธฑเธเธเธฒเธฃเธชเธเธฑเธเธชเธเธธเธ

      at sendDraftSaveEmail (app/api/draft/save/route.ts:89:13)

    console.log
      Draft token: aa7db25a-981d-4ad9-9573-d750f3d90ca6

      at sendDraftSaveEmail (app/api/draft/save/route.ts:90:13)

    console.log
      Draft save email would be sent to: 
test.g~uk1^r3ymd.5g_5gms&#.+kh!6jq.tce6%e9'2#.xyytrimlg.h{7o&s!'l.m@ddgdu91i8kd.ymd0.jm

      at sendDraftSaveEmail (app/api/draft/save/route.ts:88:13)

    console.log
      Subject: เธเธฑเธเธ—เธถเธเนเธเธเธเธญเธฃเนเธกเธชเธกเธฑเธเธฃเธเธญเธเธเธธเธ“ - 
เธชเธกเธฑเธเธฃเธเธญเธฃเธฑเธเธเธฒเธฃเธชเธเธฑเธเธชเธเธธเธ

      at sendDraftSaveEmail (app/api/draft/save/route.ts:89:13)

    console.log
      Draft token: 24705ffd-edd5-4b6b-8f0a-8341b29b590c

      at sendDraftSaveEmail (app/api/draft/save/route.ts:90:13)

    console.log
      Draft save email would be sent to: test.xp_9wz~vd.o&'_#y.c.#1=3|nl=8.3.wp0.^b^.se.t@7p.fyf

      at sendDraftSaveEmail (app/api/draft/save/route.ts:88:13)

    console.log
      Subject: เธเธฑเธเธ—เธถเธเนเธเธเธเธญเธฃเนเธกเธชเธกเธฑเธเธฃเธเธญเธเธเธธเธ“ - 
เธชเธกเธฑเธเธฃเนเธเธฃเธเธเธฒเธฃ 100 เนเธฃเธเน€เธฃเธตเธขเธ

      at sendDraftSaveEmail (app/api/draft/save/route.ts:89:13)

    console.log
      Draft token: 67df2412-f27b-40d1-9b85-0b8b80f90757

      at sendDraftSaveEmail (app/api/draft/save/route.ts:90:13)

    console.log
      Draft save email would be sent to: 
test.i#t!=6}0&+.a``./ip.vwpwb.?cr8?&.{k4}c.p3{6|3w`s|.o7-}oi$.m6.g@dax6coz.ixk.pq

      at sendDraftSaveEmail (app/api/draft/save/route.ts:88:13)

    console.log
      Subject: เธเธฑเธเธ—เธถเธเนเธเธเธเธญเธฃเนเธกเธชเธกเธฑเธเธฃเธเธญเธเธเธธเธ“ - 
เธชเธกเธฑเธเธฃเนเธเธฃเธเธเธฒเธฃ 100 เนเธฃเธเน€เธฃเธตเธขเธ

      at sendDraftSaveEmail (app/api/draft/save/route.ts:89:13)

    console.log
      Draft token: 763a0ff1-d945-46f8-8398-18410a16c6da

      at sendDraftSaveEmail (app/api/draft/save/route.ts:90:13)

    console.log
      Draft save email would be sent to: test.&bszj~ivy.zj/8.i|.8qx|}v%h}b@e5hr77vbkp.bg

      at sendDraftSaveEmail (app/api/draft/save/route.ts:88:13)

    console.log
      Subject: เธเธฑเธเธ—เธถเธเนเธเธเธเธญเธฃเนเธกเธชเธกเธฑเธเธฃเธเธญเธเธเธธเธ“ - 
เธชเธกเธฑเธเธฃเนเธเธฃเธเธเธฒเธฃ 100 เนเธฃเธเน€เธฃเธตเธขเธ

      at sendDraftSaveEmail (app/api/draft/save/route.ts:89:13)

    console.log
      Draft token: fc4ae4fb-086e-4378-a48f-92050c230978

      at sendDraftSaveEmail (app/api/draft/save/route.ts:90:13)

    console.log
      Draft save email would be sent to: 
test.}ck-8jx/s.aoxov_+.bn$!9|{-s&.!8?'x0m+.zg7i.f/14wbj.x2k.n.1@kvufrynz9b.do

      at sendDraftSaveEmail (app/api/draft/save/route.ts:88:13)

    console.log
      Subject: เธเธฑเธเธ—เธถเธเนเธเธเธเธญเธฃเนเธกเธชเธกเธฑเธเธฃเธเธญเธเธเธธเธ“ - 
เธชเธกเธฑเธเธฃเนเธเธฃเธเธเธฒเธฃ 100 เนเธฃเธเน€เธฃเธตเธขเธ

      at sendDraftSaveEmail (app/api/draft/save/route.ts:89:13)

    console.log
      Draft token: 256b9b67-2196-4e78-83e2-c398278f0b34

      at sendDraftSaveEmail (app/api/draft/save/route.ts:90:13)

    console.log
      Draft save email would be sent to: test.'`e+._hg7ilph.tj#bh'$6y.=.gk17v.nx&!9@3.je

      at sendDraftSaveEmail (app/api/draft/save/route.ts:88:13)

    console.log
      Subject: เธเธฑเธเธ—เธถเธเนเธเธเธเธญเธฃเนเธกเธชเธกเธฑเธเธฃเธเธญเธเธเธธเธ“ - 
เธชเธกเธฑเธเธฃเธเธญเธฃเธฑเธเธเธฒเธฃเธชเธเธฑเธเธชเธเธธเธ

      at sendDraftSaveEmail (app/api/draft/save/route.ts:89:13)

    console.log
      Draft token: 3fa57084-ab7e-40e5-b4b6-ad511f698d6f

      at sendDraftSaveEmail (app/api/draft/save/route.ts:90:13)

    console.log
      Draft save email would be sent to: test.&br896xhu0@fx.bgg

      at sendDraftSaveEmail (app/api/draft/save/route.ts:88:13)

    console.log
      Subject: เธเธฑเธเธ—เธถเธเนเธเธเธเธญเธฃเนเธกเธชเธกเธฑเธเธฃเธเธญเธเธเธธเธ“ - 
เธชเธกเธฑเธเธฃเนเธเธฃเธเธเธฒเธฃ 100 เนเธฃเธเน€เธฃเธตเธขเธ

      at sendDraftSaveEmail (app/api/draft/save/route.ts:89:13)

    console.log
      Draft token: 6c1f4bac-d1fd-43d2-b7a4-d22559b40f91

      at sendDraftSaveEmail (app/api/draft/save/route.ts:90:13)

    console.log
      Draft save email would be sent to: test.k/~u?9@jhy.s.acr

      at sendDraftSaveEmail (app/api/draft/save/route.ts:88:13)

    console.log
      Subject: เธเธฑเธเธ—เธถเธเนเธเธเธเธญเธฃเนเธกเธชเธกเธฑเธเธฃเธเธญเธเธเธธเธ“ - 
เธชเธกเธฑเธเธฃเธเธญเธฃเธฑเธเธเธฒเธฃเธชเธเธฑเธเธชเธเธธเธ

      at sendDraftSaveEmail (app/api/draft/save/route.ts:89:13)

    console.log
      Draft token: 3728cb2d-3948-44e4-97a0-ff75deb7fb0d

      at sendDraftSaveEmail (app/api/draft/save/route.ts:90:13)

    console.log
      Draft save email would be sent to: test.q!6yff.um38y47@enlrp45um.e4o12.can

      at sendDraftSaveEmail (app/api/draft/save/route.ts:88:13)

    console.log
      Subject: เธเธฑเธเธ—เธถเธเนเธเธเธเธญเธฃเนเธกเธชเธกเธฑเธเธฃเธเธญเธเธเธธเธ“ - 
เธชเธกเธฑเธเธฃเธเธญเธฃเธฑเธเธเธฒเธฃเธชเธเธฑเธเธชเธเธธเธ

      at sendDraftSaveEmail (app/api/draft/save/route.ts:89:13)

    console.log
      Draft token: 97d95d6a-af0a-458b-9ce0-6a56fdf5c05a

      at sendDraftSaveEmail (app/api/draft/save/route.ts:90:13)

    console.log
      Draft save email would be sent to: test.*cv|-.p6ai1uc3~$|.g'$#0ne75.f?z`t5t1|@z-8o.0n3l.xsw

      at sendDraftSaveEmail (app/api/draft/save/route.ts:88:13)

    console.log
      Subject: เธเธฑเธเธ—เธถเธเนเธเธเธเธญเธฃเนเธกเธชเธกเธฑเธเธฃเธเธญเธเธเธธเธ“ - 
เธชเธกเธฑเธเธฃเธเธญเธฃเธฑเธเธเธฒเธฃเธชเธเธฑเธเธชเธเธธเธ

      at sendDraftSaveEmail (app/api/draft/save/route.ts:89:13)

    console.log
      Draft token: 05d4f25b-7b6c-4fd6-a884-b0a60c856186

      at sendDraftSaveEmail (app/api/draft/save/route.ts:90:13)

    console.log
      Draft save email would be sent to: 
test.uyo}z6=&e!4j.5dk.p!kl_ppgcy`.a=73{$9.y$ea1'a57z.umgjay5`_.o+^{ow@8w80t1biroa.7.ezc

      at sendDraftSaveEmail (app/api/draft/save/route.ts:88:13)

    console.log
      Subject: เธเธฑเธเธ—เธถเธเนเธเธเธเธญเธฃเนเธกเธชเธกเธฑเธเธฃเธเธญเธเธเธธเธ“ - 
เธชเธกเธฑเธเธฃเธเธญเธฃเธฑเธเธเธฒเธฃเธชเธเธฑเธเธชเธเธธเธ

      at sendDraftSaveEmail (app/api/draft/save/route.ts:89:13)

    console.log
      Draft token: b8989bb2-dbe7-40a5-98fd-0a07c468fdba

      at sendDraftSaveEmail (app/api/draft/save/route.ts:90:13)

    console.log
      Draft save email would be sent to: 
test.yy27n#/~='s./j9ynhc|###.qbknt.r?$v#.e.y1.oy9'bc/8`.xti_`+{+dsyn@14b.l.tel

      at sendDraftSaveEmail (app/api/draft/save/route.ts:88:13)

    console.log
      Subject: เธเธฑเธเธ—เธถเธเนเธเธเธเธญเธฃเนเธกเธชเธกเธฑเธเธฃเธเธญเธเธเธธเธ“ - 
เธชเธกเธฑเธเธฃเนเธเธฃเธเธเธฒเธฃ 100 เนเธฃเธเน€เธฃเธตเธขเธ

      at sendDraftSaveEmail (app/api/draft/save/route.ts:89:13)

    console.log
      Draft token: 681646fe-52a0-4b91-9b4d-eb3503f72e42

      at sendDraftSaveEmail (app/api/draft/save/route.ts:90:13)

    console.log
      Draft save email would be sent to: test.lqp~0zeb.#.^$''3_+z7.ii5$&.wg*^_^.ys7$-5.eefkj/2|@0kyj.oln

      at sendDraftSaveEmail (app/api/draft/save/route.ts:88:13)

    console.log
      Subject: เธเธฑเธเธ—เธถเธเนเธเธเธเธญเธฃเนเธกเธชเธกเธฑเธเธฃเธเธญเธเธเธธเธ“ - 
เธชเธกเธฑเธเธฃเธเธญเธฃเธฑเธเธเธฒเธฃเธชเธเธฑเธเธชเธเธธเธ

      at sendDraftSaveEmail (app/api/draft/save/route.ts:89:13)

    console.log
      Draft token: 9c55d2f5-9f46-4c82-ad58-58a2449d5735

      at sendDraftSaveEmail (app/api/draft/save/route.ts:90:13)

    console.log
      Draft save email would be sent to: 
test.xdfr2jw.p&.yg=.u4.^#9'!-2k~m.u*n9zkly.sb-+.lpy_yt%et`t.?$h9?@v.a04glh4.thx

      at sendDraftSaveEmail (app/api/draft/save/route.ts:88:13)

    console.log
      Subject: เธเธฑเธเธ—เธถเธเนเธเธเธเธญเธฃเนเธกเธชเธกเธฑเธเธฃเธเธญเธเธเธธเธ“ - 
เธชเธกเธฑเธเธฃเธเธญเธฃเธฑเธเธเธฒเธฃเธชเธเธฑเธเธชเธเธธเธ

      at sendDraftSaveEmail (app/api/draft/save/route.ts:89:13)

    console.log
      Draft token: 26326638-8882-4a1d-9ae5-73f45020952b

      at sendDraftSaveEmail (app/api/draft/save/route.ts:90:13)

    console.log
      Draft save email would be sent to: test.rd=^a0x?w.x3_@saffs0k.wq7xxdlu9.gw

      at sendDraftSaveEmail (app/api/draft/save/route.ts:88:13)

    console.log
      Subject: เธเธฑเธเธ—เธถเธเนเธเธเธเธญเธฃเนเธกเธชเธกเธฑเธเธฃเธเธญเธเธเธธเธ“ - 
เธชเธกเธฑเธเธฃเธเธญเธฃเธฑเธเธเธฒเธฃเธชเธเธฑเธเธชเธเธธเธ

      at sendDraftSaveEmail (app/api/draft/save/route.ts:89:13)

    console.log
      Draft token: 60aea397-0b84-4542-80db-6ab1be600ebe

      at sendDraftSaveEmail (app/api/draft/save/route.ts:90:13)

    console.log
      Draft save email would be sent to: 
test.~nysi&_%0={_.|ld*t=}}.o#v.9|/.&m~}eq6mt0.u&zj0/oq.vc&@kfz8mr5b.p0gttzr.mh

      at sendDraftSaveEmail (app/api/draft/save/route.ts:88:13)

    console.log
      Subject: เธเธฑเธเธ—เธถเธเนเธเธเธเธญเธฃเนเธกเธชเธกเธฑเธเธฃเธเธญเธเธเธธเธ“ - 
เธชเธกเธฑเธเธฃเนเธเธฃเธเธเธฒเธฃ 100 เนเธฃเธเน€เธฃเธตเธขเธ

      at sendDraftSaveEmail (app/api/draft/save/route.ts:89:13)

    console.log
      Draft token: cb0710c1-f769-4127-99f2-63581cc2e910

      at sendDraftSaveEmail (app/api/draft/save/route.ts:90:13)

    console.log
      Draft save email would be sent to: 
test.s7^.fk9~7#z{fg^5.v%95dls_*4.l!v'~!.##dw.`^&/2zfzo/#8.+8@2hto7fitxyk5.cbse-6zfiuj.yp

      at sendDraftSaveEmail (app/api/draft/save/route.ts:88:13)

    console.log
      Subject: เธเธฑเธเธ—เธถเธเนเธเธเธเธญเธฃเนเธกเธชเธกเธฑเธเธฃเธเธญเธเธเธธเธ“ - 
เธชเธกเธฑเธเธฃเนเธเธฃเธเธเธฒเธฃ 100 เนเธฃเธเน€เธฃเธตเธขเธ

      at sendDraftSaveEmail (app/api/draft/save/route.ts:89:13)

    console.log
      Draft token: 6ad6ed7a-5410-41fd-9772-9137b98abeb1

      at sendDraftSaveEmail (app/api/draft/save/route.ts:90:13)

    console.log
      Draft save email would be sent to: test.}ut&`m?.s91''k&1t?.!+6/f_|#.`=e8|*0%n1y.evv'wjz.}^.cki$q8@r84i.tk

      at sendDraftSaveEmail (app/api/draft/save/route.ts:88:13)

    console.log
      Subject: เธเธฑเธเธ—เธถเธเนเธเธเธเธญเธฃเนเธกเธชเธกเธฑเธเธฃเธเธญเธเธเธธเธ“ - 
เธชเธกเธฑเธเธฃเนเธเธฃเธเธเธฒเธฃ 100 เนเธฃเธเน€เธฃเธตเธขเธ

      at sendDraftSaveEmail (app/api/draft/save/route.ts:89:13)

    console.log
      Draft token: 114835f7-16ec-4cff-98ce-fcf8b27afb31

      at sendDraftSaveEmail (app/api/draft/save/route.ts:90:13)

    console.log
      Draft save email would be sent to: test.&6`&.{keqqik}.+oyx8?gq$.a49}?r`|cjul.0s#t@1.aa

      at sendDraftSaveEmail (app/api/draft/save/route.ts:88:13)

    console.log
      Subject: เธเธฑเธเธ—เธถเธเนเธเธเธเธญเธฃเนเธกเธชเธกเธฑเธเธฃเธเธญเธเธเธธเธ“ - 
เธชเธกเธฑเธเธฃเนเธเธฃเธเธเธฒเธฃ 100 เนเธฃเธเน€เธฃเธตเธขเธ

      at sendDraftSaveEmail (app/api/draft/save/route.ts:89:13)

    console.log
      Draft token: a02c1110-45b8-47b5-9f06-7c739aa93842

      at sendDraftSaveEmail (app/api/draft/save/route.ts:90:13)

    console.log
      Draft save email would be sent to: test.8tj|_vz0r.p0o+od$-v.-i.{n_7i=ac.1-_y@465wde.dz

      at sendDraftSaveEmail (app/api/draft/save/route.ts:88:13)

    console.log
      Subject: เธเธฑเธเธ—เธถเธเนเธเธเธเธญเธฃเนเธกเธชเธกเธฑเธเธฃเธเธญเธเธเธธเธ“ - 
เธชเธกเธฑเธเธฃเนเธเธฃเธเธเธฒเธฃ 100 เนเธฃเธเน€เธฃเธตเธขเธ

      at sendDraftSaveEmail (app/api/draft/save/route.ts:89:13)

    console.log
      Draft token: e5705f2f-f350-4995-8bde-bcd3de79bcb5

      at sendDraftSaveEmail (app/api/draft/save/route.ts:90:13)

    console.log
      Draft save email would be sent to: test.6-6lbi5e.d82m&?1$/z~.zgac8maw!7k0.r|7|9#ogy6.$66gfes^m@p07.lq

      at sendDraftSaveEmail (app/api/draft/save/route.ts:88:13)

    console.log
      Subject: เธเธฑเธเธ—เธถเธเนเธเธเธเธญเธฃเนเธกเธชเธกเธฑเธเธฃเธเธญเธเธเธธเธ“ - 
เธชเธกเธฑเธเธฃเธเธญเธฃเธฑเธเธเธฒเธฃเธชเธเธฑเธเธชเธเธธเธ

      at sendDraftSaveEmail (app/api/draft/save/route.ts:89:13)

    console.log
      Draft token: cb222641-abd9-478c-b9e2-89c724eec5a3

      at sendDraftSaveEmail (app/api/draft/save/route.ts:90:13)

    console.log
      Draft save email would be sent to: test.axk9a-9qj.oxqb8.b2.v@g.5bjrrxao77g.yp

      at sendDraftSaveEmail (app/api/draft/save/route.ts:88:13)

    console.log
      Subject: เธเธฑเธเธ—เธถเธเนเธเธเธเธญเธฃเนเธกเธชเธกเธฑเธเธฃเธเธญเธเธเธธเธ“ - 
เธชเธกเธฑเธเธฃเนเธเธฃเธเธเธฒเธฃ 100 เนเธฃเธเน€เธฃเธตเธขเธ

      at sendDraftSaveEmail (app/api/draft/save/route.ts:89:13)

    console.log
      Draft token: ec9b51a2-4041-4b6e-b246-a00a22ecee05

      at sendDraftSaveEmail (app/api/draft/save/route.ts:90:13)

    console.log
      Draft save email would be sent to: 
test.|j|{ors7.4z#e1#de~.ja.75${5v.^0^.a=0.6h.$uow85f.w~3#.%7a#*=|@0-tr6ehp.veeu97oiye.ah

      at sendDraftSaveEmail (app/api/draft/save/route.ts:88:13)

    console.log
      Subject: เธเธฑเธเธ—เธถเธเนเธเธเธเธญเธฃเนเธกเธชเธกเธฑเธเธฃเธเธญเธเธเธธเธ“ - 
เธชเธกเธฑเธเธฃเธเธญเธฃเธฑเธเธเธฒเธฃเธชเธเธฑเธเธชเธเธธเธ

      at sendDraftSaveEmail (app/api/draft/save/route.ts:89:13)

    console.log
      Draft token: a5afbb80-81d0-46b0-a62f-57ebb03f4ef0

      at sendDraftSaveEmail (app/api/draft/save/route.ts:90:13)

    console.log
      Draft save email would be sent to: test.g.oe~#!jh|.9~g#/sycn.d4.}yx4o6hc.?%u=/v.u$c|^_@kwe2jd2z.lu

      at sendDraftSaveEmail (app/api/draft/save/route.ts:88:13)

    console.log
      Subject: เธเธฑเธเธ—เธถเธเนเธเธเธเธญเธฃเนเธกเธชเธกเธฑเธเธฃเธเธญเธเธเธธเธ“ - 
เธชเธกเธฑเธเธฃเธเธญเธฃเธฑเธเธเธฒเธฃเธชเธเธฑเธเธชเธเธธเธ

      at sendDraftSaveEmail (app/api/draft/save/route.ts:89:13)

    console.log
      Draft token: 3f10dab2-1c0b-476a-b483-8ea9de8be213

      at sendDraftSaveEmail (app/api/draft/save/route.ts:90:13)

    console.log
      Draft save email would be sent to: 
test.5+q'uf&.y+/#%hco.^?i`b-kx~-?4.anmi0.1ks|pucgue.vf~y8d^*.`hxkln!r@jqwmwoookuc.c7kocg5l.fi

      at sendDraftSaveEmail (app/api/draft/save/route.ts:88:13)

    console.log
      Subject: เธเธฑเธเธ—เธถเธเนเธเธเธเธญเธฃเนเธกเธชเธกเธฑเธเธฃเธเธญเธเธเธธเธ“ - 
เธชเธกเธฑเธเธฃเธเธญเธฃเธฑเธเธเธฒเธฃเธชเธเธฑเธเธชเธเธธเธ

      at sendDraftSaveEmail (app/api/draft/save/route.ts:89:13)

    console.log
      Draft token: 4686ffc3-8d56-46d3-ac49-911814704ffe

      at sendDraftSaveEmail (app/api/draft/save/route.ts:90:13)

    console.log
      Draft save email would be sent to: test.k=r1%4.gz.hjg_|q.za@za-hh8ow3ud.bjd

      at sendDraftSaveEmail (app/api/draft/save/route.ts:88:13)

    console.log
      Subject: เธเธฑเธเธ—เธถเธเนเธเธเธเธญเธฃเนเธกเธชเธกเธฑเธเธฃเธเธญเธเธเธธเธ“ - 
เธชเธกเธฑเธเธฃเธเธญเธฃเธฑเธเธเธฒเธฃเธชเธเธฑเธเธชเธเธธเธ

      at sendDraftSaveEmail (app/api/draft/save/route.ts:89:13)

    console.log
      Draft token: f1df1654-2cf9-4bf7-bfd3-59033a1bca46

      at sendDraftSaveEmail (app/api/draft/save/route.ts:90:13)

    console.log
      Draft save email would be sent to: 
test.6.4--9-tt.`d-8g71.0us~.p~bmf.2.^o#-b1|lu'.3qvd6.s14'8m&.~'d@c7.k.bsa

      at sendDraftSaveEmail (app/api/draft/save/route.ts:88:13)

    console.log
      Subject: เธเธฑเธเธ—เธถเธเนเธเธเธเธญเธฃเนเธกเธชเธกเธฑเธเธฃเธเธญเธเธเธธเธ“ - 
เธชเธกเธฑเธเธฃเนเธเธฃเธเธเธฒเธฃ 100 เนเธฃเธเน€เธฃเธตเธขเธ

      at sendDraftSaveEmail (app/api/draft/save/route.ts:89:13)

    console.log
      Draft token: f3531020-3e49-48da-ab1d-6b2e81f7cbce

      at sendDraftSaveEmail (app/api/draft/save/route.ts:90:13)

    console.log
      Draft save email would be sent to: test.fp^qe!.}}.rwk@4f7.sru

      at sendDraftSaveEmail (app/api/draft/save/route.ts:88:13)

    console.log
      Subject: เธเธฑเธเธ—เธถเธเนเธเธเธเธญเธฃเนเธกเธชเธกเธฑเธเธฃเธเธญเธเธเธธเธ“ - 
เธชเธกเธฑเธเธฃเธเธญเธฃเธฑเธเธเธฒเธฃเธชเธเธฑเธเธชเธเธธเธ

      at sendDraftSaveEmail (app/api/draft/save/route.ts:89:13)

    console.log
      Draft token: 9a021c46-32d1-4b8a-ae62-f899758e8771

      at sendDraftSaveEmail (app/api/draft/save/route.ts:90:13)

    console.log
      Draft save email would be sent to: 
test.o-n-y$cd/.w.kl6$+u.igy%+r&#3!*.09pybq%!ad'.ui+ky$t.n%fubk$/@0hu.vy

      at sendDraftSaveEmail (app/api/draft/save/route.ts:88:13)

    console.log
      Subject: เธเธฑเธเธ—เธถเธเนเธเธเธเธญเธฃเนเธกเธชเธกเธฑเธเธฃเธเธญเธเธเธธเธ“ - 
เธชเธกเธฑเธเธฃเธเธญเธฃเธฑเธเธเธฒเธฃเธชเธเธฑเธเธชเธเธธเธ

      at sendDraftSaveEmail (app/api/draft/save/route.ts:89:13)

    console.log
      Draft token: 6430e5e5-85b7-4cd5-8849-caa390132ddc

      at sendDraftSaveEmail (app/api/draft/save/route.ts:90:13)

    console.log
      Draft save email would be sent to: test.`mc#p%{4t.+_='pf.}{i*9{-.~&!m{4n3e8'@17.zfp

      at sendDraftSaveEmail (app/api/draft/save/route.ts:88:13)

    console.log
      Subject: เธเธฑเธเธ—เธถเธเนเธเธเธเธญเธฃเนเธกเธชเธกเธฑเธเธฃเธเธญเธเธเธธเธ“ - 
เธชเธกเธฑเธเธฃเธเธญเธฃเธฑเธเธเธฒเธฃเธชเธเธฑเธเธชเธเธธเธ

      at sendDraftSaveEmail (app/api/draft/save/route.ts:89:13)

    console.log
      Draft token: 85e57f5a-938a-4938-8990-6409562c6e8f

      at sendDraftSaveEmail (app/api/draft/save/route.ts:90:13)

    console.log
      Draft save email would be sent to: 
test.%5n/_pb|qr6~.gb$k4?.df?2yts=r1~.q4lkfr5mb.i19jat*s*.9wxyh{v=g@1qdp.bje

      at sendDraftSaveEmail (app/api/draft/save/route.ts:88:13)

    console.log
      Subject: เธเธฑเธเธ—เธถเธเนเธเธเธเธญเธฃเนเธกเธชเธกเธฑเธเธฃเธเธญเธเธเธธเธ“ - 
เธชเธกเธฑเธเธฃเนเธเธฃเธเธเธฒเธฃ 100 เนเธฃเธเน€เธฃเธตเธขเธ

      at sendDraftSaveEmail (app/api/draft/save/route.ts:89:13)

    console.log
      Draft token: 6a6cfd5c-1653-4c75-ab11-3fe1047fb05d

      at sendDraftSaveEmail (app/api/draft/save/route.ts:90:13)

    console.log
      Draft save email would be sent to: test.4#i2+cs@mkpdf2ec.db

      at sendDraftSaveEmail (app/api/draft/save/route.ts:88:13)

    console.log
      Subject: เธเธฑเธเธ—เธถเธเนเธเธเธเธญเธฃเนเธกเธชเธกเธฑเธเธฃเธเธญเธเธเธธเธ“ - 
เธชเธกเธฑเธเธฃเนเธเธฃเธเธเธฒเธฃ 100 เนเธฃเธเน€เธฃเธตเธขเธ

      at sendDraftSaveEmail (app/api/draft/save/route.ts:89:13)

    console.log
      Draft token: 311199ea-5d9a-44cd-9cd9-3f56d6cd0657

      at sendDraftSaveEmail (app/api/draft/save/route.ts:90:13)

    console.log
      Draft save email would be sent to: 
test.x&=n=k.c.ic.~by./6.s~4cq465f5?j.`}b-zxd_%^!.u.vri.%+2@qa1.32b0epx2ikxk.amr

      at sendDraftSaveEmail (app/api/draft/save/route.ts:88:13)

    console.log
      Subject: เธเธฑเธเธ—เธถเธเนเธเธเธเธญเธฃเนเธกเธชเธกเธฑเธเธฃเธเธญเธเธเธธเธ“ - 
เธชเธกเธฑเธเธฃเธเธญเธฃเธฑเธเธเธฒเธฃเธชเธเธฑเธเธชเธเธธเธ

      at sendDraftSaveEmail (app/api/draft/save/route.ts:89:13)

    console.log
      Draft token: 1ff89137-9715-4887-972f-3d7d822bea56

      at sendDraftSaveEmail (app/api/draft/save/route.ts:90:13)

    console.log
      Draft save email would be sent to: test.0h?.ae*.bna.beproto.{?t%5uf.os#/ya.&r.%.e9_.8$idxg_.b3^z@a2.xyx

      at sendDraftSaveEmail (app/api/draft/save/route.ts:88:13)

    console.log
      Subject: เธเธฑเธเธ—เธถเธเนเธเธเธเธญเธฃเนเธกเธชเธกเธฑเธเธฃเธเธญเธเธเธธเธ“ - 
เธชเธกเธฑเธเธฃเธเธญเธฃเธฑเธเธเธฒเธฃเธชเธเธฑเธเธชเธเธธเธ

      at sendDraftSaveEmail (app/api/draft/save/route.ts:89:13)

    console.log
      Draft token: 41eda117-16c6-4297-814c-abd96ea206e9

      at sendDraftSaveEmail (app/api/draft/save/route.ts:90:13)

    console.log
      Draft save email would be sent to: test.f'1un1~is.915n`lgf*d3f.?.0`433i7006@i3g8ktq47.t0rhiwf965wy.bo

      at sendDraftSaveEmail (app/api/draft/save/route.ts:88:13)

    console.log
      Subject: เธเธฑเธเธ—เธถเธเนเธเธเธเธญเธฃเนเธกเธชเธกเธฑเธเธฃเธเธญเธเธเธธเธ“ - 
เธชเธกเธฑเธเธฃเธเธญเธฃเธฑเธเธเธฒเธฃเธชเธเธฑเธเธชเธเธธเธ

      at sendDraftSaveEmail (app/api/draft/save/route.ts:89:13)

    console.log
      Draft token: 91b7a48a-e945-4681-986c-ff1946345e45

      at sendDraftSaveEmail (app/api/draft/save/route.ts:90:13)

    console.log
      Draft save email would be sent to: test.m3^b5p1-.7-+}@5q.xtr

      at sendDraftSaveEmail (app/api/draft/save/route.ts:88:13)

    console.log
      Subject: เธเธฑเธเธ—เธถเธเนเธเธเธเธญเธฃเนเธกเธชเธกเธฑเธเธฃเธเธญเธเธเธธเธ“ - 
เธชเธกเธฑเธเธฃเธเธญเธฃเธฑเธเธเธฒเธฃเธชเธเธฑเธเธชเธเธธเธ

      at sendDraftSaveEmail (app/api/draft/save/route.ts:89:13)

    console.log
      Draft token: 3bc98652-e268-4216-ba0e-671be436c401

      at sendDraftSaveEmail (app/api/draft/save/route.ts:90:13)

    console.log
      Draft save email would be sent to: 
test.k'/^$v*o{8.m~-}5^._|&=.0`uft^8l=!b.zkgi.43.t'^.~e+j%/*_}|?/@vth4q2.7.ytr

      at sendDraftSaveEmail (app/api/draft/save/route.ts:88:13)

    console.log
      Subject: เธเธฑเธเธ—เธถเธเนเธเธเธเธญเธฃเนเธกเธชเธกเธฑเธเธฃเธเธญเธเธเธธเธ“ - 
เธชเธกเธฑเธเธฃเธเธญเธฃเธฑเธเธเธฒเธฃเธชเธเธฑเธเธชเธเธธเธ

      at sendDraftSaveEmail (app/api/draft/save/route.ts:89:13)

    console.log
      Draft token: 21f60e46-b8d2-4c4c-ae07-58c6667ab863

      at sendDraftSaveEmail (app/api/draft/save/route.ts:90:13)

    console.log
      Draft save email would be sent to: test.odke^~'a%~e.?r?6^yj~./i3$9tw.$1.ya&62wr@p.zt

      at sendDraftSaveEmail (app/api/draft/save/route.ts:88:13)

    console.log
      Subject: เธเธฑเธเธ—เธถเธเนเธเธเธเธญเธฃเนเธกเธชเธกเธฑเธเธฃเธเธญเธเธเธธเธ“ - 
เธชเธกเธฑเธเธฃเนเธเธฃเธเธเธฒเธฃ 100 เนเธฃเธเน€เธฃเธตเธขเธ

      at sendDraftSaveEmail (app/api/draft/save/route.ts:89:13)

    console.log
      Draft token: b40605fa-b284-4065-b31f-f3df1d40de62

      at sendDraftSaveEmail (app/api/draft/save/route.ts:90:13)

    console.log
      Draft save email would be sent to: 
test.a&6hed=vt'k.-}zw^ph.'dx1_*4+hbg~.%xs7.9!c^r{{#.j.b.s?37'in.7@gd.bo

      at sendDraftSaveEmail (app/api/draft/save/route.ts:88:13)

    console.log
      Subject: เธเธฑเธเธ—เธถเธเนเธเธเธเธญเธฃเนเธกเธชเธกเธฑเธเธฃเธเธญเธเธเธธเธ“ - 
เธชเธกเธฑเธเธฃเธเธญเธฃเธฑเธเธเธฒเธฃเธชเธเธฑเธเธชเธเธธเธ

      at sendDraftSaveEmail (app/api/draft/save/route.ts:89:13)

    console.log
      Draft token: 6a1c104d-18ba-4319-b492-f6c1fab126c4

      at sendDraftSaveEmail (app/api/draft/save/route.ts:90:13)

    console.log
      Draft save email would be sent to: test./!`_f}!+2.cr.6.%fke.~.-@az-5t5v.sxkd5poj.ga

      at sendDraftSaveEmail (app/api/draft/save/route.ts:88:13)

    console.log
      Subject: เธเธฑเธเธ—เธถเธเนเธเธเธเธญเธฃเนเธกเธชเธกเธฑเธเธฃเธเธญเธเธเธธเธ“ - 
เธชเธกเธฑเธเธฃเนเธเธฃเธเธเธฒเธฃ 100 เนเธฃเธเน€เธฃเธตเธขเธ

      at sendDraftSaveEmail (app/api/draft/save/route.ts:89:13)

    console.log
      Draft token: c34a9921-06fa-4891-82ab-367e98b5b2c7

      at sendDraftSaveEmail (app/api/draft/save/route.ts:90:13)

    console.log
      Draft save email would be sent to: 
test.?.vg}_17tyt.1|1*6c9.0-.zflcsc0}.lal~t.?bgq.w+v_.{oluuwi#^.}03@xb.ktd

      at sendDraftSaveEmail (app/api/draft/save/route.ts:88:13)

    console.log
      Subject: เธเธฑเธเธ—เธถเธเนเธเธเธเธญเธฃเนเธกเธชเธกเธฑเธเธฃเธเธญเธเธเธธเธ“ - 
เธชเธกเธฑเธเธฃเธเธญเธฃเธฑเธเธเธฒเธฃเธชเธเธฑเธเธชเธเธธเธ

      at sendDraftSaveEmail (app/api/draft/save/route.ts:89:13)

    console.log
      Draft token: 2ab8ccdc-b170-4ed9-ab5f-59dfbad4b99f

      at sendDraftSaveEmail (app/api/draft/save/route.ts:90:13)

    console.log
      Draft save email would be sent to: test.#5|^hj#q'i.lac-nn-`z._&&z-i&@jpwpulqx.hdh6z.ci

      at sendDraftSaveEmail (app/api/draft/save/route.ts:88:13)

    console.log
      Subject: เธเธฑเธเธ—เธถเธเนเธเธเธเธญเธฃเนเธกเธชเธกเธฑเธเธฃเธเธญเธเธเธธเธ“ - 
เธชเธกเธฑเธเธฃเธเธญเธฃเธฑเธเธเธฒเธฃเธชเธเธฑเธเธชเธเธธเธ

      at sendDraftSaveEmail (app/api/draft/save/route.ts:89:13)

    console.log
      Draft token: 5f7b3411-4a97-4349-90d2-cacf0463329f

      at sendDraftSaveEmail (app/api/draft/save/route.ts:90:13)

    console.log
      Draft save email would be sent to: 
test.y2c.r!%f&cf.##cvw$he*zb.1}4^q4-`4.0+.$7d%qx.34~t=70.0@h.98jongd0s-wi.joq

      at sendDraftSaveEmail (app/api/draft/save/route.ts:88:13)

    console.log
      Subject: เธเธฑเธเธ—เธถเธเนเธเธเธเธญเธฃเนเธกเธชเธกเธฑเธเธฃเธเธญเธเธเธธเธ“ - 
เธชเธกเธฑเธเธฃเธเธญเธฃเธฑเธเธเธฒเธฃเธชเธเธฑเธเธชเธเธธเธ

      at sendDraftSaveEmail (app/api/draft/save/route.ts:89:13)

    console.log
      Draft token: 25168374-50bb-4651-a4a6-e1121ce22250

      at sendDraftSaveEmail (app/api/draft/save/route.ts:90:13)

    console.log
      Draft save email would be sent to: 
test.9mt.#jl.u}!`.ldt=~0vmip.{.6$.6s.h+!|a#+%a_2x.8/5sw.cm6u.c$^bmnu@h2njz.mqq

      at sendDraftSaveEmail (app/api/draft/save/route.ts:88:13)

    console.log
      Subject: เธเธฑเธเธ—เธถเธเนเธเธเธเธญเธฃเนเธกเธชเธกเธฑเธเธฃเธเธญเธเธเธธเธ“ - 
เธชเธกเธฑเธเธฃเธเธญเธฃเธฑเธเธเธฒเธฃเธชเธเธฑเธเธชเธเธธเธ

      at sendDraftSaveEmail (app/api/draft/save/route.ts:89:13)

    console.log
      Draft token: 1b749f21-5c31-4984-8bc6-a04fda6b192e

      at sendDraftSaveEmail (app/api/draft/save/route.ts:90:13)

    console.log
      Draft save email would be sent to: test._df8=rp.7p&&9}?l#bn@g.wt

      at sendDraftSaveEmail (app/api/draft/save/route.ts:88:13)

    console.log
      Subject: เธเธฑเธเธ—เธถเธเนเธเธเธเธญเธฃเนเธกเธชเธกเธฑเธเธฃเธเธญเธเธเธธเธ“ - 
เธชเธกเธฑเธเธฃเนเธเธฃเธเธเธฒเธฃ 100 เนเธฃเธเน€เธฃเธตเธขเธ

      at sendDraftSaveEmail (app/api/draft/save/route.ts:89:13)

    console.log
      Draft token: 21276345-e65e-433e-a048-3c025c035158

      at sendDraftSaveEmail (app/api/draft/save/route.ts:90:13)

    console.log
      Draft save email would be sent to: test.?dti8`.n@55u0wqb.n6lph7tf7.qgx

      at sendDraftSaveEmail (app/api/draft/save/route.ts:88:13)

    console.log
      Subject: เธเธฑเธเธ—เธถเธเนเธเธเธเธญเธฃเนเธกเธชเธกเธฑเธเธฃเธเธญเธเธเธธเธ“ - 
เธชเธกเธฑเธเธฃเธเธญเธฃเธฑเธเธเธฒเธฃเธชเธเธฑเธเธชเธเธธเธ

      at sendDraftSaveEmail (app/api/draft/save/route.ts:89:13)

    console.log
      Draft token: 3659ca2b-76a9-42a8-92b1-f61d0144de32

      at sendDraftSaveEmail (app/api/draft/save/route.ts:90:13)

    console.log
      Draft save email would be sent to: 
test.6b+`.q_co/.o+d|=*r+r~._6d~.'f/.+yl{%3x/a}.+iiqyz_}mi.~32k=_d=45@8.bp

      at sendDraftSaveEmail (app/api/draft/save/route.ts:88:13)

    console.log
      Subject: เธเธฑเธเธ—เธถเธเนเธเธเธเธญเธฃเนเธกเธชเธกเธฑเธเธฃเธเธญเธเธเธธเธ“ - 
เธชเธกเธฑเธเธฃเนเธเธฃเธเธเธฒเธฃ 100 เนเธฃเธเน€เธฃเธตเธขเธ

      at sendDraftSaveEmail (app/api/draft/save/route.ts:89:13)

    console.log
      Draft token: 25559712-60fc-4bba-a28e-c0e2f8531e36

      at sendDraftSaveEmail (app/api/draft/save/route.ts:90:13)

    console.log
      Draft save email would be sent to: test.g-e.&c}`*.l@y.zhm

      at sendDraftSaveEmail (app/api/draft/save/route.ts:88:13)

    console.log
      Subject: เธเธฑเธเธ—เธถเธเนเธเธเธเธญเธฃเนเธกเธชเธกเธฑเธเธฃเธเธญเธเธเธธเธ“ - 
เธชเธกเธฑเธเธฃเนเธเธฃเธเธเธฒเธฃ 100 เนเธฃเธเน€เธฃเธตเธขเธ

      at sendDraftSaveEmail (app/api/draft/save/route.ts:89:13)

    console.log
      Draft token: 60db3ff3-eba0-4bcf-8caf-138412dee329

      at sendDraftSaveEmail (app/api/draft/save/route.ts:90:13)

    console.log
      Draft save email would be sent to: 
test.u9y^al?5%7.5r*m%%+z?$/._$9}n.#*uy=1|.dg3d?$y.ct_70/.$$^8mh@ijcw9lf807.fm

      at sendDraftSaveEmail (app/api/draft/save/route.ts:88:13)

    console.log
      Subject: เธเธฑเธเธ—เธถเธเนเธเธเธเธญเธฃเนเธกเธชเธกเธฑเธเธฃเธเธญเธเธเธธเธ“ - 
เธชเธกเธฑเธเธฃเธเธญเธฃเธฑเธเธเธฒเธฃเธชเธเธฑเธเธชเธเธธเธ

      at sendDraftSaveEmail (app/api/draft/save/route.ts:89:13)

    console.log
      Draft token: 4626b7c4-57c0-42c2-a252-a228ebd5d214

      at sendDraftSaveEmail (app/api/draft/save/route.ts:90:13)

    console.log
      Draft save email would be sent to: 
test.0'hlx._=r?2'xa+.s2?71}=.oh`r5r9|0.j+isr.~mwfy9zf7.y`_9mw'@9.c3ihr.vtc

      at sendDraftSaveEmail (app/api/draft/save/route.ts:88:13)

    console.log
      Subject: เธเธฑเธเธ—เธถเธเนเธเธเธเธญเธฃเนเธกเธชเธกเธฑเธเธฃเธเธญเธเธเธธเธ“ - 
เธชเธกเธฑเธเธฃเธเธญเธฃเธฑเธเธเธฒเธฃเธชเธเธฑเธเธชเธเธธเธ

      at sendDraftSaveEmail (app/api/draft/save/route.ts:89:13)

    console.log
      Draft token: 0f515b12-0e7e-4403-acd4-37ac748b79d2

      at sendDraftSaveEmail (app/api/draft/save/route.ts:90:13)

    console.log
      Draft save email would be sent to: 
test._*t&.z8qtsw?`k/o.&r#ky+1&.}vww%axkl.%kovj51'.%z.mm0.zce~.ozn9@zimdutdd.n6.hl

      at sendDraftSaveEmail (app/api/draft/save/route.ts:88:13)

    console.log
      Subject: เธเธฑเธเธ—เธถเธเนเธเธเธเธญเธฃเนเธกเธชเธกเธฑเธเธฃเธเธญเธเธเธธเธ“ - 
เธชเธกเธฑเธเธฃเนเธเธฃเธเธเธฒเธฃ 100 เนเธฃเธเน€เธฃเธตเธขเธ

      at sendDraftSaveEmail (app/api/draft/save/route.ts:89:13)

    console.log
      Draft token: 757990fb-796a-467d-9bf7-62f2ea28797c

      at sendDraftSaveEmail (app/api/draft/save/route.ts:90:13)

    console.log
      Draft save email would be sent to: test.}g9*0}_tg12b.|cg9x+i^@jv0j.txm

      at sendDraftSaveEmail (app/api/draft/save/route.ts:88:13)

    console.log
      Subject: เธเธฑเธเธ—เธถเธเนเธเธเธเธญเธฃเนเธกเธชเธกเธฑเธเธฃเธเธญเธเธเธธเธ“ - 
เธชเธกเธฑเธเธฃเธเธญเธฃเธฑเธเธเธฒเธฃเธชเธเธฑเธเธชเธเธธเธ

      at sendDraftSaveEmail (app/api/draft/save/route.ts:89:13)

    console.log
      Draft token: fac00077-2065-476b-9760-defbf381a650

      at sendDraftSaveEmail (app/api/draft/save/route.ts:90:13)

    console.log
      Draft save email would be sent to: test.&_u9{7&?'8.x/.q|.2{1v6~p.ktm.2hfzgqpt.nab4.|?4xtk|o'6|z@b.pig

      at sendDraftSaveEmail (app/api/draft/save/route.ts:88:13)

    console.log
      Subject: เธเธฑเธเธ—เธถเธเนเธเธเธเธญเธฃเนเธกเธชเธกเธฑเธเธฃเธเธญเธเธเธธเธ“ - 
เธชเธกเธฑเธเธฃเนเธเธฃเธเธเธฒเธฃ 100 เนเธฃเธเน€เธฃเธตเธขเธ

      at sendDraftSaveEmail (app/api/draft/save/route.ts:89:13)

    console.log
      Draft token: 81e8f149-0ee1-4df6-af2a-73aef3d06640

      at sendDraftSaveEmail (app/api/draft/save/route.ts:90:13)

    console.log
      Draft save email would be sent to: 
test.6kg.3-5mp$.x$u~jixias%k.ixr0y.y_1g9g-j3ijh.nc9r~mgvyy7.36.!$5%@tcqk.6aiei3wwd7ud.xs

      at sendDraftSaveEmail (app/api/draft/save/route.ts:88:13)

    console.log
      Subject: เธเธฑเธเธ—เธถเธเนเธเธเธเธญเธฃเนเธกเธชเธกเธฑเธเธฃเธเธญเธเธเธธเธ“ - 
เธชเธกเธฑเธเธฃเนเธเธฃเธเธเธฒเธฃ 100 เนเธฃเธเน€เธฃเธตเธขเธ

      at sendDraftSaveEmail (app/api/draft/save/route.ts:89:13)

    console.log
      Draft token: 365462d6-5f69-49d0-94b8-cb00fe8f409a

      at sendDraftSaveEmail (app/api/draft/save/route.ts:90:13)

    console.log
      Draft save email would be sent to: test.'o.y&@k.im

      at sendDraftSaveEmail (app/api/draft/save/route.ts:88:13)

    console.log
      Subject: เธเธฑเธเธ—เธถเธเนเธเธเธเธญเธฃเนเธกเธชเธกเธฑเธเธฃเธเธญเธเธเธธเธ“ - 
เธชเธกเธฑเธเธฃเธเธญเธฃเธฑเธเธเธฒเธฃเธชเธเธฑเธเธชเธเธธเธ

      at sendDraftSaveEmail (app/api/draft/save/route.ts:89:13)

    console.log
      Draft token: ffb0b10c-a83f-49a0-8e29-ea219cc61108

      at sendDraftSaveEmail (app/api/draft/save/route.ts:90:13)

    console.log
      Draft save email would be sent to: 
test.np#pr&d=y.^3#1svep5466.ba?%.{.+wsdc/p-.lp*9oi.r'.aba/slzh==x@7trx.y.ymp

      at sendDraftSaveEmail (app/api/draft/save/route.ts:88:13)

    console.log
      Subject: เธเธฑเธเธ—เธถเธเนเธเธเธเธญเธฃเนเธกเธชเธกเธฑเธเธฃเธเธญเธเธเธธเธ“ - 
เธชเธกเธฑเธเธฃเธเธญเธฃเธฑเธเธเธฒเธฃเธชเธเธฑเธเธชเธเธธเธ

      at sendDraftSaveEmail (app/api/draft/save/route.ts:89:13)

    console.log
      Draft token: f13de022-bd78-48aa-9826-b59c5b4b227e

      at sendDraftSaveEmail (app/api/draft/save/route.ts:90:13)

    console.log
      Draft save email would be sent to: 
test.8/5o_7do=ua.t.`=a!.q=.t9.r7b55p5#o!.k=9/4'ik.~nliexkvd@vas-ufk6swnn.scu8csiktq.wxx

      at sendDraftSaveEmail (app/api/draft/save/route.ts:88:13)

    console.log
      Subject: เธเธฑเธเธ—เธถเธเนเธเธเธเธญเธฃเนเธกเธชเธกเธฑเธเธฃเธเธญเธเธเธธเธ“ - 
เธชเธกเธฑเธเธฃเธเธญเธฃเธฑเธเธเธฒเธฃเธชเธเธฑเธเธชเธเธธเธ

      at sendDraftSaveEmail (app/api/draft/save/route.ts:89:13)

    console.log
      Draft token: b1fc1a36-f805-47ec-8516-b78a55c60c97

      at sendDraftSaveEmail (app/api/draft/save/route.ts:90:13)

    console.log
      Draft save email would be sent to: test.y=euq.~+g6!$ikimb.0.~nx|7!nz1&`!.kp2n.+/o.58t?~t@lqezn97aa.ofs

      at sendDraftSaveEmail (app/api/draft/save/route.ts:88:13)

    console.log
      Subject: เธเธฑเธเธ—เธถเธเนเธเธเธเธญเธฃเนเธกเธชเธกเธฑเธเธฃเธเธญเธเธเธธเธ“ - 
เธชเธกเธฑเธเธฃเนเธเธฃเธเธเธฒเธฃ 100 เนเธฃเธเน€เธฃเธตเธขเธ

      at sendDraftSaveEmail (app/api/draft/save/route.ts:89:13)

    console.log
      Draft token: a37a5aec-9e49-4fbc-a269-c601b60c1bdc

      at sendDraftSaveEmail (app/api/draft/save/route.ts:90:13)

    console.log
      Draft save email would be sent to: test.8dhk.f+pt8qyz8l8.kjlv6#u$at@tsjko6q0ob.cw

      at sendDraftSaveEmail (app/api/draft/save/route.ts:88:13)

    console.log
      Subject: เธเธฑเธเธ—เธถเธเนเธเธเธเธญเธฃเนเธกเธชเธกเธฑเธเธฃเธเธญเธเธเธธเธ“ - 
เธชเธกเธฑเธเธฃเธเธญเธฃเธฑเธเธเธฒเธฃเธชเธเธฑเธเธชเธเธธเธ

      at sendDraftSaveEmail (app/api/draft/save/route.ts:89:13)

    console.log
      Draft token: 7f5e9919-32c3-41da-b55e-e80f155f2f57

      at sendDraftSaveEmail (app/api/draft/save/route.ts:90:13)

    console.log
      Draft save email would be sent to: test.fjr4_}9=ndx!.z-n+jn$.2-k0@ad-0.6mght.sdv

      at sendDraftSaveEmail (app/api/draft/save/route.ts:88:13)

    console.log
      Subject: เธเธฑเธเธ—เธถเธเนเธเธเธเธญเธฃเนเธกเธชเธกเธฑเธเธฃเธเธญเธเธเธธเธ“ - 
เธชเธกเธฑเธเธฃเนเธเธฃเธเธเธฒเธฃ 100 เนเธฃเธเน€เธฃเธตเธขเธ

      at sendDraftSaveEmail (app/api/draft/save/route.ts:89:13)

    console.log
      Draft token: 657278d4-0798-4f3d-8e5a-6fcb3c553a70

      at sendDraftSaveEmail (app/api/draft/save/route.ts:90:13)

    console.log
      Draft save email would be sent to: test.r%av0`gt.i!fv|v'1tf.97wg.w!f?53.nmpek$.e}.#.i.73=3@yh7mo-0.ed

      at sendDraftSaveEmail (app/api/draft/save/route.ts:88:13)

    console.log
      Subject: เธเธฑเธเธ—เธถเธเนเธเธเธเธญเธฃเนเธกเธชเธกเธฑเธเธฃเธเธญเธเธเธธเธ“ - 
เธชเธกเธฑเธเธฃเธเธญเธฃเธฑเธเธเธฒเธฃเธชเธเธฑเธเธชเธเธธเธ

      at sendDraftSaveEmail (app/api/draft/save/route.ts:89:13)

    console.log
      Draft token: 7bd588af-f9db-4070-8234-6f02ba89a95c

      at sendDraftSaveEmail (app/api/draft/save/route.ts:90:13)

    console.log
      Draft save email would be sent to: 
test.trdwblgn6j.s.uy.w=c/jzt.s8sh8pyv.8p.3a{y2yzw6-.3.-0.q{l#*k_@uy1.oq0w.ks

      at sendDraftSaveEmail (app/api/draft/save/route.ts:88:13)

    console.log
      Subject: เธเธฑเธเธ—เธถเธเนเธเธเธเธญเธฃเนเธกเธชเธกเธฑเธเธฃเธเธญเธเธเธธเธ“ - 
เธชเธกเธฑเธเธฃเนเธเธฃเธเธเธฒเธฃ 100 เนเธฃเธเน€เธฃเธตเธขเธ

      at sendDraftSaveEmail (app/api/draft/save/route.ts:89:13)

    console.log
      Draft token: f09d69a4-7320-407b-bbc4-c96f8b045740

      at sendDraftSaveEmail (app/api/draft/save/route.ts:90:13)

    console.log
      Draft save email would be sent to: test.ye~t38?k76.}{&1upla@gmw-kl721h.0.lok

      at sendDraftSaveEmail (app/api/draft/save/route.ts:88:13)

    console.log
      Subject: เธเธฑเธเธ—เธถเธเนเธเธเธเธญเธฃเนเธกเธชเธกเธฑเธเธฃเธเธญเธเธเธธเธ“ - 
เธชเธกเธฑเธเธฃเธเธญเธฃเธฑเธเธเธฒเธฃเธชเธเธฑเธเธชเธเธธเธ

      at sendDraftSaveEmail (app/api/draft/save/route.ts:89:13)

    console.log
      Draft token: 999c8adb-ea1c-4e69-b9cb-db90b0fb2c16

      at sendDraftSaveEmail (app/api/draft/save/route.ts:90:13)

    console.log
      Draft save email would be sent to: 
test.x^#1nh#d./+m%hdd.obfznn`gdq.mjfb8._4u`pc|ilj3.c4.o?`a=kd+.w!ii@8meqeqy.cm

      at sendDraftSaveEmail (app/api/draft/save/route.ts:88:13)

    console.log
      Subject: เธเธฑเธเธ—เธถเธเนเธเธเธเธญเธฃเนเธกเธชเธกเธฑเธเธฃเธเธญเธเธเธธเธ“ - 
เธชเธกเธฑเธเธฃเนเธเธฃเธเธเธฒเธฃ 100 เนเธฃเธเน€เธฃเธตเธขเธ

      at sendDraftSaveEmail (app/api/draft/save/route.ts:89:13)

    console.log
      Draft token: 376f31a2-5fd7-42f4-ba5a-250083675f56

      at sendDraftSaveEmail (app/api/draft/save/route.ts:90:13)

    console.log
      Draft save email would be sent to: 
test.!%2h^_^3x`l.df?yimi4p~.q!+!t?.f.xx8g~6v3cv%-.x.v8^7}!d_.na@g7i0rf.cg

      at sendDraftSaveEmail (app/api/draft/save/route.ts:88:13)

    console.log
      Subject: เธเธฑเธเธ—เธถเธเนเธเธเธเธญเธฃเนเธกเธชเธกเธฑเธเธฃเธเธญเธเธเธธเธ“ - 
เธชเธกเธฑเธเธฃเนเธเธฃเธเธเธฒเธฃ 100 เนเธฃเธเน€เธฃเธตเธขเธ

      at sendDraftSaveEmail (app/api/draft/save/route.ts:89:13)

    console.log
      Draft token: 4f16e4f5-84c5-4f36-a240-7be5233c13a8

      at sendDraftSaveEmail (app/api/draft/save/route.ts:90:13)

    console.log
      Draft save email would be sent to: test.$~a*s4!?.|c|}de.c4.g8.ae@nv-c2go.mg

      at sendDraftSaveEmail (app/api/draft/save/route.ts:88:13)

    console.log
      Subject: เธเธฑเธเธ—เธถเธเนเธเธเธเธญเธฃเนเธกเธชเธกเธฑเธเธฃเธเธญเธเธเธธเธ“ - 
เธชเธกเธฑเธเธฃเนเธเธฃเธเธเธฒเธฃ 100 เนเธฃเธเน€เธฃเธตเธขเธ

      at sendDraftSaveEmail (app/api/draft/save/route.ts:89:13)

    console.log
      Draft token: c3268133-9576-4fb3-982c-e5aff0ec061b

      at sendDraftSaveEmail (app/api/draft/save/route.ts:90:13)

    console.log
      Draft save email would be sent to: test.&+.qiq|%.34ev.t8p/w3op.-1g58@ppwyg.9.bc

      at sendDraftSaveEmail (app/api/draft/save/route.ts:88:13)

    console.log
      Subject: เธเธฑเธเธ—เธถเธเนเธเธเธเธญเธฃเนเธกเธชเธกเธฑเธเธฃเธเธญเธเธเธธเธ“ - 
เธชเธกเธฑเธเธฃเธเธญเธฃเธฑเธเธเธฒเธฃเธชเธเธฑเธเธชเธเธธเธ

      at sendDraftSaveEmail (app/api/draft/save/route.ts:89:13)

    console.log
      Draft token: 13f1ce63-4d0b-4bbc-b264-2571c16eb0ca

      at sendDraftSaveEmail (app/api/draft/save/route.ts:90:13)

    console.log
      Draft save email would be sent to: test.=3228w._+.dg4}4.6?h#+cbl.*|y+ny~o{ny@qsf-xv3.lnc

      at sendDraftSaveEmail (app/api/draft/save/route.ts:88:13)

    console.log
      Subject: เธเธฑเธเธ—เธถเธเนเธเธเธเธญเธฃเนเธกเธชเธกเธฑเธเธฃเธเธญเธเธเธธเธ“ - 
เธชเธกเธฑเธเธฃเธเธญเธฃเธฑเธเธเธฒเธฃเธชเธเธฑเธเธชเธเธธเธ

      at sendDraftSaveEmail (app/api/draft/save/route.ts:89:13)

    console.log
      Draft token: 269952fd-d73c-4979-910d-f49e9ff8a8b1

      at sendDraftSaveEmail (app/api/draft/save/route.ts:90:13)

    console.log
      Draft save email would be sent to: test.7?~p7u1u.'z^`u7*9rp#@aq21uk.69.qnn

      at sendDraftSaveEmail (app/api/draft/save/route.ts:88:13)

    console.log
      Subject: เธเธฑเธเธ—เธถเธเนเธเธเธเธญเธฃเนเธกเธชเธกเธฑเธเธฃเธเธญเธเธเธธเธ“ - 
เธชเธกเธฑเธเธฃเธเธญเธฃเธฑเธเธเธฒเธฃเธชเธเธฑเธเธชเธเธธเธ

      at sendDraftSaveEmail (app/api/draft/save/route.ts:89:13)

    console.log
      Draft token: 716d7890-a3f8-48f8-8629-2c2b4201db2e

      at sendDraftSaveEmail (app/api/draft/save/route.ts:90:13)

    console.log
      Draft save email would be sent to: 
test.r8#w/.yig%z./zfw&qh.434.=~rwhx}.~r.s8$01&.$5.9|.2c%46y#pnl@4i9z.nolk.qu

      at sendDraftSaveEmail (app/api/draft/save/route.ts:88:13)

    console.log
      Subject: เธเธฑเธเธ—เธถเธเนเธเธเธเธญเธฃเนเธกเธชเธกเธฑเธเธฃเธเธญเธเธเธธเธ“ - 
เธชเธกเธฑเธเธฃเธเธญเธฃเธฑเธเธเธฒเธฃเธชเธเธฑเธเธชเธเธธเธ

      at sendDraftSaveEmail (app/api/draft/save/route.ts:89:13)

    console.log
      Draft token: b6045f74-5a12-41b2-8814-303babfe04dd

      at sendDraftSaveEmail (app/api/draft/save/route.ts:90:13)

    console.log
      Draft save email would be sent to: 
test.ovb'*/p7.xn2s~c0.i}3f%$j.9`n_=lqo'.sn.97`n6m.4dn#h-.k!zx.zp*u@v014csvd.v67qnxb.lql

      at sendDraftSaveEmail (app/api/draft/save/route.ts:88:13)

    console.log
      Subject: เธเธฑเธเธ—เธถเธเนเธเธเธเธญเธฃเนเธกเธชเธกเธฑเธเธฃเธเธญเธเธเธธเธ“ - 
เธชเธกเธฑเธเธฃเนเธเธฃเธเธเธฒเธฃ 100 เนเธฃเธเน€เธฃเธตเธขเธ

      at sendDraftSaveEmail (app/api/draft/save/route.ts:89:13)

    console.log
      Draft token: 8830cc3d-e245-46f2-bc9f-a08136abf577

      at sendDraftSaveEmail (app/api/draft/save/route.ts:90:13)

    console.log
      Draft save email would be sent to: test.*bh^w~5k2i.t.'.gh1k!9*^jp4_.o.r_=4v6?+}j@5xphcv.qjj

      at sendDraftSaveEmail (app/api/draft/save/route.ts:88:13)

    console.log
      Subject: เธเธฑเธเธ—เธถเธเนเธเธเธเธญเธฃเนเธกเธชเธกเธฑเธเธฃเธเธญเธเธเธธเธ“ - 
เธชเธกเธฑเธเธฃเนเธเธฃเธเธเธฒเธฃ 100 เนเธฃเธเน€เธฃเธตเธขเธ

      at sendDraftSaveEmail (app/api/draft/save/route.ts:89:13)

    console.log
      Draft token: 6a89ffe7-5b06-487c-aa92-fc458523ead7

      at sendDraftSaveEmail (app/api/draft/save/route.ts:90:13)

    console.log
      Draft save email would be sent to: 
test.pg2s0^.b24eu.*'2~6o6/le~t.o|9if6uco.}-k~=9a=.-e97=^4.9j83#ln9@rg5.zmn

      at sendDraftSaveEmail (app/api/draft/save/route.ts:88:13)

    console.log
      Subject: เธเธฑเธเธ—เธถเธเนเธเธเธเธญเธฃเนเธกเธชเธกเธฑเธเธฃเธเธญเธเธเธธเธ“ - 
เธชเธกเธฑเธเธฃเธเธญเธฃเธฑเธเธเธฒเธฃเธชเธเธฑเธเธชเธเธธเธ

      at sendDraftSaveEmail (app/api/draft/save/route.ts:89:13)

    console.log
      Draft token: ace1ce0d-2508-489e-a1ad-95b556073023

      at sendDraftSaveEmail (app/api/draft/save/route.ts:90:13)

    console.log
      Draft save email would be sent to: 
test.fk.6oac/5-&qk.?{j`e|/*&~.%8ek8.y3!v.-hl'tz64o}.p{#bykp@ahtnkl0k.8.rm

      at sendDraftSaveEmail (app/api/draft/save/route.ts:88:13)

    console.log
      Subject: เธเธฑเธเธ—เธถเธเนเธเธเธเธญเธฃเนเธกเธชเธกเธฑเธเธฃเธเธญเธเธเธธเธ“ - 
เธชเธกเธฑเธเธฃเธเธญเธฃเธฑเธเธเธฒเธฃเธชเธเธฑเธเธชเธเธธเธ

      at sendDraftSaveEmail (app/api/draft/save/route.ts:89:13)

    console.log
      Draft token: 5c2965f0-0e70-4228-810e-1c38c8585670

      at sendDraftSaveEmail (app/api/draft/save/route.ts:90:13)

    console.log
      Draft save email would be sent to: test.5e*~hb&fm.ss$5q=y+s?^.&0~0^-2/s&z@p7fwux.zg

      at sendDraftSaveEmail (app/api/draft/save/route.ts:88:13)

    console.log
      Subject: เธเธฑเธเธ—เธถเธเนเธเธเธเธญเธฃเนเธกเธชเธกเธฑเธเธฃเธเธญเธเธเธธเธ“ - 
เธชเธกเธฑเธเธฃเนเธเธฃเธเธเธฒเธฃ 100 เนเธฃเธเน€เธฃเธตเธขเธ

      at sendDraftSaveEmail (app/api/draft/save/route.ts:89:13)

    console.log
      Draft token: 7f7e5ee2-ee8c-4bf5-8a74-08f1c6b7d2a3

      at sendDraftSaveEmail (app/api/draft/save/route.ts:90:13)

    console.log
      Draft save email would be sent to: test.jiqk3~*y.q8tk~3h@pdp3hyug1r.wtm

      at sendDraftSaveEmail (app/api/draft/save/route.ts:88:13)

    console.log
      Subject: เธเธฑเธเธ—เธถเธเนเธเธเธเธญเธฃเนเธกเธชเธกเธฑเธเธฃเธเธญเธเธเธธเธ“ - 
เธชเธกเธฑเธเธฃเนเธเธฃเธเธเธฒเธฃ 100 เนเธฃเธเน€เธฃเธตเธขเธ

      at sendDraftSaveEmail (app/api/draft/save/route.ts:89:13)

    console.log
      Draft token: 787bdd69-af21-46b1-a2a3-7971807fee6e

      at sendDraftSaveEmail (app/api/draft/save/route.ts:90:13)

    console.log
      Draft save email would be sent to: 
test.'-/=h.~-n.~+op.hb4d.7{^hr7l%-7x.cjc58b&k$a+$.x0+i%x91pnux@o.2gcpwe45pp.do

      at sendDraftSaveEmail (app/api/draft/save/route.ts:88:13)

    console.log
      Subject: เธเธฑเธเธ—เธถเธเนเธเธเธเธญเธฃเนเธกเธชเธกเธฑเธเธฃเธเธญเธเธเธธเธ“ - 
เธชเธกเธฑเธเธฃเนเธเธฃเธเธเธฒเธฃ 100 เนเธฃเธเน€เธฃเธตเธขเธ

      at sendDraftSaveEmail (app/api/draft/save/route.ts:89:13)

    console.log
      Draft token: e0734897-fc63-4899-b192-59970431be2a

      at sendDraftSaveEmail (app/api/draft/save/route.ts:90:13)

    console.log
      Draft save email would be sent to: 
test.lj+j6bi~t1.s5n+9'.0i6s.su!z&/^ux&.vej.?k&t~c.3.80e^2c``8154.`w@5.gsy

      at sendDraftSaveEmail (app/api/draft/save/route.ts:88:13)

    console.log
      Subject: เธเธฑเธเธ—เธถเธเนเธเธเธเธญเธฃเนเธกเธชเธกเธฑเธเธฃเธเธญเธเธเธธเธ“ - 
เธชเธกเธฑเธเธฃเธเธญเธฃเธฑเธเธเธฒเธฃเธชเธเธฑเธเธชเธเธธเธ

      at sendDraftSaveEmail (app/api/draft/save/route.ts:89:13)

    console.log
      Draft token: a3446cfb-89bb-47eb-ae82-9956bfdb0180

      at sendDraftSaveEmail (app/api/draft/save/route.ts:90:13)

    console.log
      Draft save email would be sent to: test.'.b.9pt%v@rkoi3ezlug9.ca

      at sendDraftSaveEmail (app/api/draft/save/route.ts:88:13)

    console.log
      Subject: เธเธฑเธเธ—เธถเธเนเธเธเธเธญเธฃเนเธกเธชเธกเธฑเธเธฃเธเธญเธเธเธธเธ“ - 
เธชเธกเธฑเธเธฃเธเธญเธฃเธฑเธเธเธฒเธฃเธชเธเธฑเธเธชเธเธธเธ

      at sendDraftSaveEmail (app/api/draft/save/route.ts:89:13)

    console.log
      Draft token: 479bce37-ca89-4bf6-a234-5f72d50a74b4

      at sendDraftSaveEmail (app/api/draft/save/route.ts:90:13)

    console.log
      Draft save email would be sent to: 
test.4`f^_{fljao-.m-4k.a{hf{f.|$8.$6q`|?l%&/.prototype.'-=n=?!4130@0v.8.le

      at sendDraftSaveEmail (app/api/draft/save/route.ts:88:13)

    console.log
      Subject: เธเธฑเธเธ—เธถเธเนเธเธเธเธญเธฃเนเธกเธชเธกเธฑเธเธฃเธเธญเธเธเธธเธ“ - 
เธชเธกเธฑเธเธฃเนเธเธฃเธเธเธฒเธฃ 100 เนเธฃเธเน€เธฃเธตเธขเธ

      at sendDraftSaveEmail (app/api/draft/save/route.ts:89:13)

    console.log
      Draft token: 1eb0cb87-c8fd-4503-a2c9-48f69429eeb1

      at sendDraftSaveEmail (app/api/draft/save/route.ts:90:13)

    console.log
      Draft save email would be sent to: test.gdp.s#0!o%~p1~%.zt_%=bz+a0s~.qhfb}z/rn.lf=/5&!d9$^k.c@0en3bb.lsu

      at sendDraftSaveEmail (app/api/draft/save/route.ts:88:13)

    console.log
      Subject: เธเธฑเธเธ—เธถเธเนเธเธเธเธญเธฃเนเธกเธชเธกเธฑเธเธฃเธเธญเธเธเธธเธ“ - 
เธชเธกเธฑเธเธฃเนเธเธฃเธเธเธฒเธฃ 100 เนเธฃเธเน€เธฃเธตเธขเธ

      at sendDraftSaveEmail (app/api/draft/save/route.ts:89:13)

    console.log
      Draft token: da3f4cc9-fc25-4256-85ad-342d498b7cd4

      at sendDraftSaveEmail (app/api/draft/save/route.ts:90:13)

    console.log
      Draft save email would be sent to: test.~'s8.6`6%v.0%b~8.?#*|p$+.r1#'+51}4p%@u8edu.blu.qq

      at sendDraftSaveEmail (app/api/draft/save/route.ts:88:13)

    console.log
      Subject: เธเธฑเธเธ—เธถเธเนเธเธเธเธญเธฃเนเธกเธชเธกเธฑเธเธฃเธเธญเธเธเธธเธ“ - 
เธชเธกเธฑเธเธฃเนเธเธฃเธเธเธฒเธฃ 100 เนเธฃเธเน€เธฃเธตเธขเธ

      at sendDraftSaveEmail (app/api/draft/save/route.ts:89:13)

    console.log
      Draft token: d5f77c2b-9281-4123-8cbd-9e35ab6deacc

      at sendDraftSaveEmail (app/api/draft/save/route.ts:90:13)

    console.log
      Draft save email would be sent to: test.e6-8_35a!am1.'|8c/w'`2.h3#0?zqq''.o882fv^sb.d.b~}~-5i^@t.kn

      at sendDraftSaveEmail (app/api/draft/save/route.ts:88:13)

    console.log
      Subject: เธเธฑเธเธ—เธถเธเนเธเธเธเธญเธฃเนเธกเธชเธกเธฑเธเธฃเธเธญเธเธเธธเธ“ - 
เธชเธกเธฑเธเธฃเนเธเธฃเธเธเธฒเธฃ 100 เนเธฃเธเน€เธฃเธตเธขเธ

      at sendDraftSaveEmail (app/api/draft/save/route.ts:89:13)

    console.log
      Draft token: 7c9c3fc6-4c17-44ec-b229-0e0a03a598ff

      at sendDraftSaveEmail (app/api/draft/save/route.ts:90:13)

    console.log
      Draft save email would be sent to: test.v'tm@e-q0vjp84.lgo

      at sendDraftSaveEmail (app/api/draft/save/route.ts:88:13)

    console.log
      Subject: เธเธฑเธเธ—เธถเธเนเธเธเธเธญเธฃเนเธกเธชเธกเธฑเธเธฃเธเธญเธเธเธธเธ“ - 
เธชเธกเธฑเธเธฃเนเธเธฃเธเธเธฒเธฃ 100 เนเธฃเธเน€เธฃเธตเธขเธ

      at sendDraftSaveEmail (app/api/draft/save/route.ts:89:13)

    console.log
      Draft token: c90e3b6a-b6ae-475b-b6bb-acffd5dfc538

      at sendDraftSaveEmail (app/api/draft/save/route.ts:90:13)

    console.log
      Draft save email would be sent to: 
test./}p4w*|?f.8!3lx.q{5#yueh1.$.c{1c^'d.m.h./ney&4.-bp&-'|@6s-n5mmy.wb

      at sendDraftSaveEmail (app/api/draft/save/route.ts:88:13)

    console.log
      Subject: เธเธฑเธเธ—เธถเธเนเธเธเธเธญเธฃเนเธกเธชเธกเธฑเธเธฃเธเธญเธเธเธธเธ“ - 
เธชเธกเธฑเธเธฃเธเธญเธฃเธฑเธเธเธฒเธฃเธชเธเธฑเธเธชเธเธธเธ

      at sendDraftSaveEmail (app/api/draft/save/route.ts:89:13)

    console.log
      Draft token: a131defd-9bf7-4042-a80f-97312c153065

      at sendDraftSaveEmail (app/api/draft/save/route.ts:90:13)

    console.log
      Draft save email would be sent to: 
test.shaykq`l.qg4mv0ve.&sy#t|.`p%e8-o=y!f0.ho7?#_tl=`+_.c*3~1-bpc!!u@anuk3u0idey.pw

      at sendDraftSaveEmail (app/api/draft/save/route.ts:88:13)

    console.log
      Subject: เธเธฑเธเธ—เธถเธเนเธเธเธเธญเธฃเนเธกเธชเธกเธฑเธเธฃเธเธญเธเธเธธเธ“ - 
เธชเธกเธฑเธเธฃเธเธญเธฃเธฑเธเธเธฒเธฃเธชเธเธฑเธเธชเธเธธเธ

      at sendDraftSaveEmail (app/api/draft/save/route.ts:89:13)

    console.log
      Draft token: 57b745d7-57f1-41cf-94e4-91b0bbf35450

      at sendDraftSaveEmail (app/api/draft/save/route.ts:90:13)

    console.log
      Draft save email would be sent to: test.r-qo~2.l8+#w6.z.3p^m.%?w5f.-xm?je04#.rk7x+@b1mm-32u8.7guxx.sbe

      at sendDraftSaveEmail (app/api/draft/save/route.ts:88:13)

    console.log
      Subject: เธเธฑเธเธ—เธถเธเนเธเธเธเธญเธฃเนเธกเธชเธกเธฑเธเธฃเธเธญเธเธเธธเธ“ - 
เธชเธกเธฑเธเธฃเนเธเธฃเธเธเธฒเธฃ 100 เนเธฃเธเน€เธฃเธตเธขเธ

      at sendDraftSaveEmail (app/api/draft/save/route.ts:89:13)

    console.log
      Draft token: 56eabc08-012c-4f61-b05c-806f42fbd4c3

      at sendDraftSaveEmail (app/api/draft/save/route.ts:90:13)

    console.log
      Draft save email would be sent to: 
test.&%p4l&~2ue.h-p|zt_av1.fk.ev$eub%~t1.c/a_&y-a7j&.8jg2.5|y'.?e.o5=@yychvtf2q.rnkc8.pyt

      at sendDraftSaveEmail (app/api/draft/save/route.ts:88:13)

    console.log
      Subject: เธเธฑเธเธ—เธถเธเนเธเธเธเธญเธฃเนเธกเธชเธกเธฑเธเธฃเธเธญเธเธเธธเธ“ - 
เธชเธกเธฑเธเธฃเนเธเธฃเธเธเธฒเธฃ 100 เนเธฃเธเน€เธฃเธตเธขเธ

      at sendDraftSaveEmail (app/api/draft/save/route.ts:89:13)

    console.log
      Draft token: 8bc88cb5-9fbc-426d-ab42-8cfe00a517a5

      at sendDraftSaveEmail (app/api/draft/save/route.ts:90:13)

    console.log
      Draft save email would be sent to: test.6g./m!37459^z~$@z.2pi.br

      at sendDraftSaveEmail (app/api/draft/save/route.ts:88:13)

    console.log
      Subject: เธเธฑเธเธ—เธถเธเนเธเธเธเธญเธฃเนเธกเธชเธกเธฑเธเธฃเธเธญเธเธเธธเธ“ - 
เธชเธกเธฑเธเธฃเนเธเธฃเธเธเธฒเธฃ 100 เนเธฃเธเน€เธฃเธตเธขเธ

      at sendDraftSaveEmail (app/api/draft/save/route.ts:89:13)

    console.log
      Draft token: ab2dbc13-3285-45ee-bf02-fa2e99315f83

      at sendDraftSaveEmail (app/api/draft/save/route.ts:90:13)

    console.log
      Draft save email would be sent to: test.%@fai.c2vq22o.ff

      at sendDraftSaveEmail (app/api/draft/save/route.ts:88:13)

    console.log
      Subject: เธเธฑเธเธ—เธถเธเนเธเธเธเธญเธฃเนเธกเธชเธกเธฑเธเธฃเธเธญเธเธเธธเธ“ - 
เธชเธกเธฑเธเธฃเนเธเธฃเธเธเธฒเธฃ 100 เนเธฃเธเน€เธฃเธตเธขเธ

      at sendDraftSaveEmail (app/api/draft/save/route.ts:89:13)

    console.log
      Draft token: f91fb323-d218-4c48-8c87-69f68f741c7d

      at sendDraftSaveEmail (app/api/draft/save/route.ts:90:13)

    console.log
      Draft save email would be sent to: 
test.#sql%.b3a-4~`-8~#7.q44s6.h?=w=+.f}vgw54w6_kq.1|0x2.}hy^/@zwu4yv.ufswbrzm.bk

      at sendDraftSaveEmail (app/api/draft/save/route.ts:88:13)

    console.log
      Subject: เธเธฑเธเธ—เธถเธเนเธเธเธเธญเธฃเนเธกเธชเธกเธฑเธเธฃเธเธญเธเธเธธเธ“ - 
เธชเธกเธฑเธเธฃเนเธเธฃเธเธเธฒเธฃ 100 เนเธฃเธเน€เธฃเธตเธขเธ

      at sendDraftSaveEmail (app/api/draft/save/route.ts:89:13)

    console.log
      Draft token: 99b17455-1233-41ed-8859-465a8ef9b52d

      at sendDraftSaveEmail (app/api/draft/save/route.ts:90:13)

    console.log
      Draft save email would be sent to: 
test.t0n|-9g{!d.pfux7jfju.-mwe&/pc4.3|6rw^cg.{=fr/j19-o.+&9?{@64ekj79ee10f.f1.vx

      at sendDraftSaveEmail (app/api/draft/save/route.ts:88:13)

    console.log
      Subject: เธเธฑเธเธ—เธถเธเนเธเธเธเธญเธฃเนเธกเธชเธกเธฑเธเธฃเธเธญเธเธเธธเธ“ - 
เธชเธกเธฑเธเธฃเนเธเธฃเธเธเธฒเธฃ 100 เนเธฃเธเน€เธฃเธตเธขเธ

      at sendDraftSaveEmail (app/api/draft/save/route.ts:89:13)

    console.log
      Draft token: 9fbd08d5-3841-4df9-9e30-d9f48bc06a33

      at sendDraftSaveEmail (app/api/draft/save/route.ts:90:13)

    console.log
      Draft save email would be sent to: test.{.!%=o6=ss.qutv7r.!|@g.ezo

      at sendDraftSaveEmail (app/api/draft/save/route.ts:88:13)

    console.log
      Subject: เธเธฑเธเธ—เธถเธเนเธเธเธเธญเธฃเนเธกเธชเธกเธฑเธเธฃเธเธญเธเธเธธเธ“ - 
เธชเธกเธฑเธเธฃเธเธญเธฃเธฑเธเธเธฒเธฃเธชเธเธฑเธเธชเธเธธเธ

      at sendDraftSaveEmail (app/api/draft/save/route.ts:89:13)

    console.log
      Draft token: a97122d2-c0d4-42bd-9a9e-a56e58401804

      at sendDraftSaveEmail (app/api/draft/save/route.ts:90:13)

    console.log
      Draft save email would be sent to: test.4x7rm%-.bq{vu.%i.nle.m7%z@1zoe.xad

      at sendDraftSaveEmail (app/api/draft/save/route.ts:88:13)

    console.log
      Subject: เธเธฑเธเธ—เธถเธเนเธเธเธเธญเธฃเนเธกเธชเธกเธฑเธเธฃเธเธญเธเธเธธเธ“ - 
เธชเธกเธฑเธเธฃเนเธเธฃเธเธเธฒเธฃ 100 เนเธฃเธเน€เธฃเธตเธขเธ

      at sendDraftSaveEmail (app/api/draft/save/route.ts:89:13)

    console.log
      Draft token: 6e89aabe-4022-4105-a511-f44c167b87ff

      at sendDraftSaveEmail (app/api/draft/save/route.ts:90:13)

    console.log
      Draft save email would be sent to: test.1@o.ic

      at sendDraftSaveEmail (app/api/draft/save/route.ts:88:13)

    console.log
      Subject: เธเธฑเธเธ—เธถเธเนเธเธเธเธญเธฃเนเธกเธชเธกเธฑเธเธฃเธเธญเธเธเธธเธ“ - 
เธชเธกเธฑเธเธฃเนเธเธฃเธเธเธฒเธฃ 100 เนเธฃเธเน€เธฃเธตเธขเธ

      at sendDraftSaveEmail (app/api/draft/save/route.ts:89:13)

    console.log
      Draft token: 1beac93a-17dd-4dac-96d2-ae8a91da9ad9

      at sendDraftSaveEmail (app/api/draft/save/route.ts:90:13)

    console.log
      Draft save email would be sent to: 
test.qh/.m2u7s_*d0.er~+.l.w^v+y60+.}}+o0k-7y8.cm=%$*4e.+7/6u_8c-l-8@l8vhhn.6yx.gjq

      at sendDraftSaveEmail (app/api/draft/save/route.ts:88:13)

    console.log
      Subject: เธเธฑเธเธ—เธถเธเนเธเธเธเธญเธฃเนเธกเธชเธกเธฑเธเธฃเธเธญเธเธเธธเธ“ - 
เธชเธกเธฑเธเธฃเธเธญเธฃเธฑเธเธเธฒเธฃเธชเธเธฑเธเธชเธเธธเธ

      at sendDraftSaveEmail (app/api/draft/save/route.ts:89:13)

    console.log
      Draft token: 886242c5-aa4b-4b20-9857-67bd95553124

      at sendDraftSaveEmail (app/api/draft/save/route.ts:90:13)

    console.log
      Draft save email would be sent to: test.+qkg4r#_e4}f.qb}?'g?/.8o%+.!c`+n#gl.?$|v.`_qs|b$=n6k@hiv-u.3g.xg

      at sendDraftSaveEmail (app/api/draft/save/route.ts:88:13)

    console.log
      Subject: เธเธฑเธเธ—เธถเธเนเธเธเธเธญเธฃเนเธกเธชเธกเธฑเธเธฃเธเธญเธเธเธธเธ“ - 
เธชเธกเธฑเธเธฃเธเธญเธฃเธฑเธเธเธฒเธฃเธชเธเธฑเธเธชเธเธธเธ

      at sendDraftSaveEmail (app/api/draft/save/route.ts:89:13)

    console.log
      Draft token: 715d6b87-9def-4069-b09c-1f8c10541e10

      at sendDraftSaveEmail (app/api/draft/save/route.ts:90:13)

    console.log
      Draft save email would be sent to: test.t5-vy0+-o$.1f3@l.yj1.amx

      at sendDraftSaveEmail (app/api/draft/save/route.ts:88:13)

    console.log
      Subject: เธเธฑเธเธ—เธถเธเนเธเธเธเธญเธฃเนเธกเธชเธกเธฑเธเธฃเธเธญเธเธเธธเธ“ - 
เธชเธกเธฑเธเธฃเนเธเธฃเธเธเธฒเธฃ 100 เนเธฃเธเน€เธฃเธตเธขเธ

      at sendDraftSaveEmail (app/api/draft/save/route.ts:89:13)

    console.log
      Draft token: 28dc01a6-8940-4116-a028-87231c1ef715

      at sendDraftSaveEmail (app/api/draft/save/route.ts:90:13)

    console.log
      Draft save email would be sent to: 
test.2h*+8=0%.8ebhu_/e7+1r.w+.59%^%c.o.=#_2fhsss%.#jwej65fl.=0%`.&n^2@c.vd

      at sendDraftSaveEmail (app/api/draft/save/route.ts:88:13)

    console.log
      Subject: เธเธฑเธเธ—เธถเธเนเธเธเธเธญเธฃเนเธกเธชเธกเธฑเธเธฃเธเธญเธเธเธธเธ“ - 
เธชเธกเธฑเธเธฃเธเธญเธฃเธฑเธเธเธฒเธฃเธชเธเธฑเธเธชเธเธธเธ

      at sendDraftSaveEmail (app/api/draft/save/route.ts:89:13)

    console.log
      Draft token: 77287dbb-8f1c-4a8f-b7d3-9b5630fe8b24

      at sendDraftSaveEmail (app/api/draft/save/route.ts:90:13)

    console.log
      Draft save email would be sent to: test.zu.dh||cv71j|.0|dq{7rve@f08rdhzjd8.885-vdby5q.rdf

      at sendDraftSaveEmail (app/api/draft/save/route.ts:88:13)

    console.log
      Subject: เธเธฑเธเธ—เธถเธเนเธเธเธเธญเธฃเนเธกเธชเธกเธฑเธเธฃเธเธญเธเธเธธเธ“ - 
เธชเธกเธฑเธเธฃเธเธญเธฃเธฑเธเธเธฒเธฃเธชเธเธฑเธเธชเธเธธเธ

      at sendDraftSaveEmail (app/api/draft/save/route.ts:89:13)

    console.log
      Draft token: c9311049-e331-4e22-894a-571355de707a

      at sendDraftSaveEmail (app/api/draft/save/route.ts:90:13)

    console.log
      Draft save email would be sent to: test.h?ue+%*rbl.u1/t7s!2=.gd!/.61i'sv~^zqx.10s_*i2%a$q@rpoupic.ecn

      at sendDraftSaveEmail (app/api/draft/save/route.ts:88:13)

    console.log
      Subject: เธเธฑเธเธ—เธถเธเนเธเธเธเธญเธฃเนเธกเธชเธกเธฑเธเธฃเธเธญเธเธเธธเธ“ - 
เธชเธกเธฑเธเธฃเธเธญเธฃเธฑเธเธเธฒเธฃเธชเธเธฑเธเธชเธเธธเธ

      at sendDraftSaveEmail (app/api/draft/save/route.ts:89:13)

    console.log
      Draft token: 8a4640a0-2a07-48b9-a819-cfe26b173a00

      at sendDraftSaveEmail (app/api/draft/save/route.ts:90:13)

    console.log
      Draft save email would be sent to: test.gu|x&.w&iypa3w@cp2gxqspc.m4v.yw

      at sendDraftSaveEmail (app/api/draft/save/route.ts:88:13)

    console.log
      Subject: เธเธฑเธเธ—เธถเธเนเธเธเธเธญเธฃเนเธกเธชเธกเธฑเธเธฃเธเธญเธเธเธธเธ“ - 
เธชเธกเธฑเธเธฃเนเธเธฃเธเธเธฒเธฃ 100 เนเธฃเธเน€เธฃเธตเธขเธ

      at sendDraftSaveEmail (app/api/draft/save/route.ts:89:13)

    console.log
      Draft token: 3a6424ce-a719-4ce4-bfd8-e075552070fc

      at sendDraftSaveEmail (app/api/draft/save/route.ts:90:13)

    console.log
      Draft save email would be sent to: test.${v~=~.85_n.k.erdsaj_l.tff.naz`i4w#d%@7c.twb

      at sendDraftSaveEmail (app/api/draft/save/route.ts:88:13)

    console.log
      Subject: เธเธฑเธเธ—เธถเธเนเธเธเธเธญเธฃเนเธกเธชเธกเธฑเธเธฃเธเธญเธเธเธธเธ“ - 
เธชเธกเธฑเธเธฃเธเธญเธฃเธฑเธเธเธฒเธฃเธชเธเธฑเธเธชเธเธธเธ

      at sendDraftSaveEmail (app/api/draft/save/route.ts:89:13)

    console.log
      Draft token: 17120391-0501-416b-a99d-ebbe1dcb20a2

      at sendDraftSaveEmail (app/api/draft/save/route.ts:90:13)

    console.log
      Draft save email would be sent to: test.3.z=nnd@8qnp.myd

      at sendDraftSaveEmail (app/api/draft/save/route.ts:88:13)

    console.log
      Subject: เธเธฑเธเธ—เธถเธเนเธเธเธเธญเธฃเนเธกเธชเธกเธฑเธเธฃเธเธญเธเธเธธเธ“ - 
เธชเธกเธฑเธเธฃเธเธญเธฃเธฑเธเธเธฒเธฃเธชเธเธฑเธเธชเธเธธเธ

      at sendDraftSaveEmail (app/api/draft/save/route.ts:89:13)

    console.log
      Draft token: a87193a4-5fb3-4644-a1d7-6cfb56ac390d

      at sendDraftSaveEmail (app/api/draft/save/route.ts:90:13)

    console.log
      Draft save email would be sent to: 
test.i-1b2ko!6.$n.jz-$vg.m.#52/bb1u.i7mgo5m=ed.r.+.'-i?u-@w4jtbatx.z.th

      at sendDraftSaveEmail (app/api/draft/save/route.ts:88:13)

    console.log
      Subject: เธเธฑเธเธ—เธถเธเนเธเธเธเธญเธฃเนเธกเธชเธกเธฑเธเธฃเธเธญเธเธเธธเธ“ - 
เธชเธกเธฑเธเธฃเนเธเธฃเธเธเธฒเธฃ 100 เนเธฃเธเน€เธฃเธตเธขเธ

      at sendDraftSaveEmail (app/api/draft/save/route.ts:89:13)

    console.log
      Draft token: 0ccb2340-65f4-49b2-90de-d867a439ae7e

      at sendDraftSaveEmail (app/api/draft/save/route.ts:90:13)

    console.log
      Draft save email would be sent to: test.d{gqq./k2xe.%ar~hboc9dss@v.tzm

      at sendDraftSaveEmail (app/api/draft/save/route.ts:88:13)

    console.log
      Subject: เธเธฑเธเธ—เธถเธเนเธเธเธเธญเธฃเนเธกเธชเธกเธฑเธเธฃเธเธญเธเธเธธเธ“ - 
เธชเธกเธฑเธเธฃเธเธญเธฃเธฑเธเธเธฒเธฃเธชเธเธฑเธเธชเธเธธเธ

      at sendDraftSaveEmail (app/api/draft/save/route.ts:89:13)

    console.log
      Draft token: 647b89e9-f742-4c11-b4a7-08265768bde6

      at sendDraftSaveEmail (app/api/draft/save/route.ts:90:13)

    console.log
      Draft save email would be sent to: test.ghs9f.v_0fm4{1+k8!.h&0mn-v--3z$.ko=+lk+.7nc&.!rd}05.v}9^d.c@kq.dh

      at sendDraftSaveEmail (app/api/draft/save/route.ts:88:13)

    console.log
      Subject: เธเธฑเธเธ—เธถเธเนเธเธเธเธญเธฃเนเธกเธชเธกเธฑเธเธฃเธเธญเธเธเธธเธ“ - 
เธชเธกเธฑเธเธฃเนเธเธฃเธเธเธฒเธฃ 100 เนเธฃเธเน€เธฃเธตเธขเธ

      at sendDraftSaveEmail (app/api/draft/save/route.ts:89:13)

    console.log
      Draft token: e28b6ab6-fda1-4da2-95ef-def86e1716d0

      at sendDraftSaveEmail (app/api/draft/save/route.ts:90:13)

    console.log
      Draft save email would be sent to: 
test.10lg.qpqewkb~2gc.6g-7k0&*%nh-.+k9ri.x}_3?w.q9iao`9'a}.+8i%c^r@yyrgf5uu.v7j.dpq

      at sendDraftSaveEmail (app/api/draft/save/route.ts:88:13)

    console.log
      Subject: เธเธฑเธเธ—เธถเธเนเธเธเธเธญเธฃเนเธกเธชเธกเธฑเธเธฃเธเธญเธเธเธธเธ“ - 
เธชเธกเธฑเธเธฃเธเธญเธฃเธฑเธเธเธฒเธฃเธชเธเธฑเธเธชเธเธธเธ

      at sendDraftSaveEmail (app/api/draft/save/route.ts:89:13)

    console.log
      Draft token: 8b94574f-bcb5-4de6-91de-9061e6873e5e

      at sendDraftSaveEmail (app/api/draft/save/route.ts:90:13)

    console.log
      Draft save email would be sent to: 
test.*0bk&!73aqr.z#*.eapplyap./qb.b.{g{j.fdlfk1.6.t1%f#.m$#_!rhee@eqd5d.gol

      at sendDraftSaveEmail (app/api/draft/save/route.ts:88:13)

    console.log
      Subject: เธเธฑเธเธ—เธถเธเนเธเธเธเธญเธฃเนเธกเธชเธกเธฑเธเธฃเธเธญเธเธเธธเธ“ - 
เธชเธกเธฑเธเธฃเนเธเธฃเธเธเธฒเธฃ 100 เนเธฃเธเน€เธฃเธตเธขเธ

      at sendDraftSaveEmail (app/api/draft/save/route.ts:89:13)

    console.log
      Draft token: 544ceacb-e5d0-46f2-8212-7dcbbf1121f7

      at sendDraftSaveEmail (app/api/draft/save/route.ts:90:13)

    console.log
      Draft save email would be sent to: test.srtlaut12.f2/8*7z&!.8.a`cjme&v}@sc1y-m07.fgo

      at sendDraftSaveEmail (app/api/draft/save/route.ts:88:13)

    console.log
      Subject: เธเธฑเธเธ—เธถเธเนเธเธเธเธญเธฃเนเธกเธชเธกเธฑเธเธฃเธเธญเธเธเธธเธ“ - 
เธชเธกเธฑเธเธฃเธเธญเธฃเธฑเธเธเธฒเธฃเธชเธเธฑเธเธชเธเธธเธ

      at sendDraftSaveEmail (app/api/draft/save/route.ts:89:13)

    console.log
      Draft token: ffa5d57e-787c-4fae-826f-945b858fe065

      at sendDraftSaveEmail (app/api/draft/save/route.ts:90:13)

    console.log
      Draft save email would be sent to: test.5|mb!`#b-~.juocl^a763@i-zosi.8.rdx

      at sendDraftSaveEmail (app/api/draft/save/route.ts:88:13)

    console.log
      Subject: เธเธฑเธเธ—เธถเธเนเธเธเธเธญเธฃเนเธกเธชเธกเธฑเธเธฃเธเธญเธเธเธธเธ“ - 
เธชเธกเธฑเธเธฃเธเธญเธฃเธฑเธเธเธฒเธฃเธชเธเธฑเธเธชเธเธธเธ

      at sendDraftSaveEmail (app/api/draft/save/route.ts:89:13)

    console.log
      Draft token: 171c069b-6f8b-4718-a25a-b71de72262e0

      at sendDraftSaveEmail (app/api/draft/save/route.ts:90:13)

    console.log
      Draft save email would be sent to: test.&h.{5}{?|k6.=5+7.4%mfdl9m5$.2nh|62-f1p.`zst.iv@wyfh5kaq5.qkveg.jg

      at sendDraftSaveEmail (app/api/draft/save/route.ts:88:13)

    console.log
      Subject: เธเธฑเธเธ—เธถเธเนเธเธเธเธญเธฃเนเธกเธชเธกเธฑเธเธฃเธเธญเธเธเธธเธ“ - 
เธชเธกเธฑเธเธฃเนเธเธฃเธเธเธฒเธฃ 100 เนเธฃเธเน€เธฃเธตเธขเธ

      at sendDraftSaveEmail (app/api/draft/save/route.ts:89:13)

    console.log
      Draft token: c4f1ab9b-a458-4cc7-a291-a3fe84305974

      at sendDraftSaveEmail (app/api/draft/save/route.ts:90:13)

    console.log
      Draft save email would be sent to: 
test.b!j?p$v-_h'.1s?v.q|6u*uif*{5.~o/g.~z.q|3r&#48.4y_8h-&`.q4vl^_.i@l.iy

      at sendDraftSaveEmail (app/api/draft/save/route.ts:88:13)

    console.log
      Subject: เธเธฑเธเธ—เธถเธเนเธเธเธเธญเธฃเนเธกเธชเธกเธฑเธเธฃเธเธญเธเธเธธเธ“ - 
เธชเธกเธฑเธเธฃเธเธญเธฃเธฑเธเธเธฒเธฃเธชเธเธฑเธเธชเธเธธเธ

      at sendDraftSaveEmail (app/api/draft/save/route.ts:89:13)

    console.log
      Draft token: 26d6b381-e6eb-42ca-9e5a-6b0f2002d51e

      at sendDraftSaveEmail (app/api/draft/save/route.ts:90:13)

    console.log
      Draft save email would be sent to: 
test.{q~6}s$.}o|eitsap!r./62.%e*$y-pd$.f3tie*511-.xz+|0.7qp%.4yb+m@b2uw5i6wbl.cpg

      at sendDraftSaveEmail (app/api/draft/save/route.ts:88:13)

    console.log
      Subject: เธเธฑเธเธ—เธถเธเนเธเธเธเธญเธฃเนเธกเธชเธกเธฑเธเธฃเธเธญเธเธเธธเธ“ - 
เธชเธกเธฑเธเธฃเนเธเธฃเธเธเธฒเธฃ 100 เนเธฃเธเน€เธฃเธตเธขเธ

      at sendDraftSaveEmail (app/api/draft/save/route.ts:89:13)

    console.log
      Draft token: 5eb9ead8-bdda-4d29-9cee-d937c89f8e20

      at sendDraftSaveEmail (app/api/draft/save/route.ts:90:13)

    console.log
      Draft save email would be sent to: test.c^-.e4fi6.}80ifa0p.c9v^x+le.q44}l8x''g5.s89g#+4.w$rs%4r$`@07cm.ie

      at sendDraftSaveEmail (app/api/draft/save/route.ts:88:13)

    console.log
      Subject: เธเธฑเธเธ—เธถเธเนเธเธเธเธญเธฃเนเธกเธชเธกเธฑเธเธฃเธเธญเธเธเธธเธ“ - 
เธชเธกเธฑเธเธฃเธเธญเธฃเธฑเธเธเธฒเธฃเธชเธเธฑเธเธชเธเธธเธ

      at sendDraftSaveEmail (app/api/draft/save/route.ts:89:13)

    console.log
      Draft token: a69e2145-edc5-4e69-933c-fdf1d7f659ca

      at sendDraftSaveEmail (app/api/draft/save/route.ts:90:13)

    console.log
      Draft save email would be sent to: test.m.x}b.g?3=1.ukfl^.n}s?&=0~qvm@15s059.vxf

      at sendDraftSaveEmail (app/api/draft/save/route.ts:88:13)

    console.log
      Subject: เธเธฑเธเธ—เธถเธเนเธเธเธเธญเธฃเนเธกเธชเธกเธฑเธเธฃเธเธญเธเธเธธเธ“ - 
เธชเธกเธฑเธเธฃเนเธเธฃเธเธเธฒเธฃ 100 เนเธฃเธเน€เธฃเธตเธขเธ

      at sendDraftSaveEmail (app/api/draft/save/route.ts:89:13)

    console.log
      Draft token: 4f3b0906-fcb5-4f2c-81f0-a8a1bfe5d4ff

      at sendDraftSaveEmail (app/api/draft/save/route.ts:90:13)

    console.log
      Draft save email would be sent to: test.az~k4.3/ix.92jtt_*!@wgh9c6h6f.if

      at sendDraftSaveEmail (app/api/draft/save/route.ts:88:13)

    console.log
      Subject: เธเธฑเธเธ—เธถเธเนเธเธเธเธญเธฃเนเธกเธชเธกเธฑเธเธฃเธเธญเธเธเธธเธ“ - 
เธชเธกเธฑเธเธฃเนเธเธฃเธเธเธฒเธฃ 100 เนเธฃเธเน€เธฃเธตเธขเธ

      at sendDraftSaveEmail (app/api/draft/save/route.ts:89:13)

    console.log
      Draft token: e1a64818-bb5e-4d02-8d51-0d439a01a245

      at sendDraftSaveEmail (app/api/draft/save/route.ts:90:13)

    console.log
      Draft save email would be sent to: 
test.a=r21|9}`.`2q2w0h3six.&n81.enm=+*n`.u~-9#7_.{*u.3y$he48f#&vb@99wfod.z.scg

      at sendDraftSaveEmail (app/api/draft/save/route.ts:88:13)

    console.log
      Subject: เธเธฑเธเธ—เธถเธเนเธเธเธเธญเธฃเนเธกเธชเธกเธฑเธเธฃเธเธญเธเธเธธเธ“ - 
เธชเธกเธฑเธเธฃเธเธญเธฃเธฑเธเธเธฒเธฃเธชเธเธฑเธเธชเธเธธเธ

      at sendDraftSaveEmail (app/api/draft/save/route.ts:89:13)

    console.log
      Draft token: 05f9ddc0-7ee3-44f9-a911-c9830dd6ce6f

      at sendDraftSaveEmail (app/api/draft/save/route.ts:90:13)

    console.log
      Draft save email would be sent to: test.0at3l+g8*2g.7`bv.?c}x.=9qcjr.k3$=bhu^|pk@trtq.caj

      at sendDraftSaveEmail (app/api/draft/save/route.ts:88:13)

    console.log
      Subject: เธเธฑเธเธ—เธถเธเนเธเธเธเธญเธฃเนเธกเธชเธกเธฑเธเธฃเธเธญเธเธเธธเธ“ - 
เธชเธกเธฑเธเธฃเนเธเธฃเธเธเธฒเธฃ 100 เนเธฃเธเน€เธฃเธตเธขเธ

      at sendDraftSaveEmail (app/api/draft/save/route.ts:89:13)

    console.log
      Draft token: 9b75f633-b2bb-4f9b-8697-8ac69e16b18e

      at sendDraftSaveEmail (app/api/draft/save/route.ts:90:13)

    console.log
      Draft save email would be sent to: 
test.ft+xxr2u-nh.j9gjqi.6!.h4lq.e9|}.&7u42/^`4}.2.~w2uw9mlz.q#{2q@460iox5pk.k7o.eyv

      at sendDraftSaveEmail (app/api/draft/save/route.ts:88:13)

    console.log
      Subject: เธเธฑเธเธ—เธถเธเนเธเธเธเธญเธฃเนเธกเธชเธกเธฑเธเธฃเธเธญเธเธเธธเธ“ - 
เธชเธกเธฑเธเธฃเนเธเธฃเธเธเธฒเธฃ 100 เนเธฃเธเน€เธฃเธตเธขเธ

      at sendDraftSaveEmail (app/api/draft/save/route.ts:89:13)

    console.log
      Draft token: 6c666e23-2e0a-4ae9-8fb4-738947de621a

      at sendDraftSaveEmail (app/api/draft/save/route.ts:90:13)

    console.log
      Draft save email would be sent to: 
test.lo41}8&e''6d.w4uc0!&!q.``lz`x3ff.wpulef%`$dh.91&.ch8_k$9!n9@1t6bq3zp.exxs.muf

      at sendDraftSaveEmail (app/api/draft/save/route.ts:88:13)

    console.log
      Subject: เธเธฑเธเธ—เธถเธเนเธเธเธเธญเธฃเนเธกเธชเธกเธฑเธเธฃเธเธญเธเธเธธเธ“ - 
เธชเธกเธฑเธเธฃเนเธเธฃเธเธเธฒเธฃ 100 เนเธฃเธเน€เธฃเธตเธขเธ

      at sendDraftSaveEmail (app/api/draft/save/route.ts:89:13)

    console.log
      Draft token: c4eb7653-3f16-4d96-8d78-a2f40bffd086

      at sendDraftSaveEmail (app/api/draft/save/route.ts:90:13)

    console.log
      Draft save email would be sent to: test.u07nhrt@zks114w.qxo42fbyaee.ws

      at sendDraftSaveEmail (app/api/draft/save/route.ts:88:13)

    console.log
      Subject: เธเธฑเธเธ—เธถเธเนเธเธเธเธญเธฃเนเธกเธชเธกเธฑเธเธฃเธเธญเธเธเธธเธ“ - 
เธชเธกเธฑเธเธฃเธเธญเธฃเธฑเธเธเธฒเธฃเธชเธเธฑเธเธชเธเธธเธ

      at sendDraftSaveEmail (app/api/draft/save/route.ts:89:13)

    console.log
      Draft token: 6989f896-572e-4d37-b3db-d6fff9faf859

      at sendDraftSaveEmail (app/api/draft/save/route.ts:90:13)

    console.log
      Draft save email would be sent to: test.%.4tb~gb.pkolh&+.-2&-r@8.kcdqhnyw2nw7.dq

      at sendDraftSaveEmail (app/api/draft/save/route.ts:88:13)

    console.log
      Subject: เธเธฑเธเธ—เธถเธเนเธเธเธเธญเธฃเนเธกเธชเธกเธฑเธเธฃเธเธญเธเธเธธเธ“ - 
เธชเธกเธฑเธเธฃเนเธเธฃเธเธเธฒเธฃ 100 เนเธฃเธเน€เธฃเธตเธขเธ

      at sendDraftSaveEmail (app/api/draft/save/route.ts:89:13)

    console.log
      Draft token: ed864f16-93e4-463e-9551-e188f9c163a4

      at sendDraftSaveEmail (app/api/draft/save/route.ts:90:13)

    console.log
      Draft save email would be sent to: 
test.sdh6^g/!b*%.xsw9.f_{1yr'.`t?w3{8lgk.'j.md.f-y'p91qh.n%x__.k_5@dq6r6pxh03rx.zz

      at sendDraftSaveEmail (app/api/draft/save/route.ts:88:13)

    console.log
      Subject: เธเธฑเธเธ—เธถเธเนเธเธเธเธญเธฃเนเธกเธชเธกเธฑเธเธฃเธเธญเธเธเธธเธ“ - 
เธชเธกเธฑเธเธฃเนเธเธฃเธเธเธฒเธฃ 100 เนเธฃเธเน€เธฃเธตเธขเธ

      at sendDraftSaveEmail (app/api/draft/save/route.ts:89:13)

    console.log
      Draft token: 16408bb7-c8a6-43fc-84ea-92030e7a95dd

      at sendDraftSaveEmail (app/api/draft/save/route.ts:90:13)

    console.log
      Draft save email would be sent to: test.}`vkzjdq^?.$25po.$1e*-.$mc9tfd41.u{uf{@8-b.m8aad81xrt.of

      at sendDraftSaveEmail (app/api/draft/save/route.ts:88:13)

    console.log
      Subject: เธเธฑเธเธ—เธถเธเนเธเธเธเธญเธฃเนเธกเธชเธกเธฑเธเธฃเธเธญเธเธเธธเธ“ - 
เธชเธกเธฑเธเธฃเธเธญเธฃเธฑเธเธเธฒเธฃเธชเธเธฑเธเธชเธเธธเธ

      at sendDraftSaveEmail (app/api/draft/save/route.ts:89:13)

    console.log
      Draft token: 63895f81-756a-45a6-965e-762bea9cad77

      at sendDraftSaveEmail (app/api/draft/save/route.ts:90:13)

    console.log
      Draft save email would be sent to: test.pk.i7736-=.peglov0@jsw1ae86p1d0.v7qaux.txw

      at sendDraftSaveEmail (app/api/draft/save/route.ts:88:13)

    console.log
      Subject: เธเธฑเธเธ—เธถเธเนเธเธเธเธญเธฃเนเธกเธชเธกเธฑเธเธฃเธเธญเธเธเธธเธ“ - 
เธชเธกเธฑเธเธฃเนเธเธฃเธเธเธฒเธฃ 100 เนเธฃเธเน€เธฃเธตเธขเธ

      at sendDraftSaveEmail (app/api/draft/save/route.ts:89:13)

    console.log
      Draft token: afa91367-0681-4fbd-841f-1e59e61c70b2

      at sendDraftSaveEmail (app/api/draft/save/route.ts:90:13)

    console.log
      Draft save email would be sent to: 
test.m*s'0.`!.e.r*?n!#!k?!.&`.&0g'?`uq4|.p'`cl|xpgk.^bb3_f?'e@p.nf0diycy40.ltl

      at sendDraftSaveEmail (app/api/draft/save/route.ts:88:13)

    console.log
      Subject: เธเธฑเธเธ—เธถเธเนเธเธเธเธญเธฃเนเธกเธชเธกเธฑเธเธฃเธเธญเธเธเธธเธ“ - 
เธชเธกเธฑเธเธฃเธเธญเธฃเธฑเธเธเธฒเธฃเธชเธเธฑเธเธชเธเธธเธ

      at sendDraftSaveEmail (app/api/draft/save/route.ts:89:13)

    console.log
      Draft token: 56eb3073-e3eb-47c1-8496-2a3103b59030

      at sendDraftSaveEmail (app/api/draft/save/route.ts:90:13)

    console.log
      Draft save email would be sent to: test.ic88kj9c*4r._a5~3.1p.'?h^{.#|dp?bt{=@rafz.jpz

      at sendDraftSaveEmail (app/api/draft/save/route.ts:88:13)

    console.log
      Subject: เธเธฑเธเธ—เธถเธเนเธเธเธเธญเธฃเนเธกเธชเธกเธฑเธเธฃเธเธญเธเธเธธเธ“ - 
เธชเธกเธฑเธเธฃเธเธญเธฃเธฑเธเธเธฒเธฃเธชเธเธฑเธเธชเธเธธเธ

      at sendDraftSaveEmail (app/api/draft/save/route.ts:89:13)

    console.log
      Draft token: 484bc751-5fe4-4096-b62a-d27745a27f77

      at sendDraftSaveEmail (app/api/draft/save/route.ts:90:13)

    console.log
      Draft save email would be sent to: test.nb37k.gjy3-$z#7*i.%.#h7/2y$jf.//.^c=`6bd/.gx5s-0cs.z.3@r62p.si

      at sendDraftSaveEmail (app/api/draft/save/route.ts:88:13)

    console.log
      Subject: เธเธฑเธเธ—เธถเธเนเธเธเธเธญเธฃเนเธกเธชเธกเธฑเธเธฃเธเธญเธเธเธธเธ“ - 
เธชเธกเธฑเธเธฃเนเธเธฃเธเธเธฒเธฃ 100 เนเธฃเธเน€เธฃเธตเธขเธ

      at sendDraftSaveEmail (app/api/draft/save/route.ts:89:13)

    console.log
      Draft token: 49859e53-ed00-43f2-9743-130ae22c9f96

      at sendDraftSaveEmail (app/api/draft/save/route.ts:90:13)

    console.log
      Draft save email would be sent to: test.$'3wq-du`.`?0pk`{!uf{_.b.1_`|$z?2hyx.p@g9.qu

      at sendDraftSaveEmail (app/api/draft/save/route.ts:88:13)

    console.log
      Subject: เธเธฑเธเธ—เธถเธเนเธเธเธเธญเธฃเนเธกเธชเธกเธฑเธเธฃเธเธญเธเธเธธเธ“ - 
เธชเธกเธฑเธเธฃเนเธเธฃเธเธเธฒเธฃ 100 เนเธฃเธเน€เธฃเธตเธขเธ

      at sendDraftSaveEmail (app/api/draft/save/route.ts:89:13)

    console.log
      Draft token: be3d03e0-781a-4697-b4fc-3e711c501da5

      at sendDraftSaveEmail (app/api/draft/save/route.ts:90:13)

    console.log
      Draft save email would be sent to: 
test.0?'m.`j8h.}i|^dw{.zq}a$!&.96&c*bmrz.9.pjp_%kb.!&{m$cu&?.ypkbj=@l.fe

      at sendDraftSaveEmail (app/api/draft/save/route.ts:88:13)

    console.log
      Subject: เธเธฑเธเธ—เธถเธเนเธเธเธเธญเธฃเนเธกเธชเธกเธฑเธเธฃเธเธญเธเธเธธเธ“ - 
เธชเธกเธฑเธเธฃเนเธเธฃเธเธเธฒเธฃ 100 เนเธฃเธเน€เธฃเธตเธขเธ

      at sendDraftSaveEmail (app/api/draft/save/route.ts:89:13)

    console.log
      Draft token: 376d6722-0a05-4eb9-91c5-6123376549d7

      at sendDraftSaveEmail (app/api/draft/save/route.ts:90:13)

    console.log
      Draft save email would be sent to: test.}}ee@ytge8s7s.y.pr

      at sendDraftSaveEmail (app/api/draft/save/route.ts:88:13)

    console.log
      Subject: เธเธฑเธเธ—เธถเธเนเธเธเธเธญเธฃเนเธกเธชเธกเธฑเธเธฃเธเธญเธเธเธธเธ“ - 
เธชเธกเธฑเธเธฃเนเธเธฃเธเธเธฒเธฃ 100 เนเธฃเธเน€เธฃเธตเธขเธ

      at sendDraftSaveEmail (app/api/draft/save/route.ts:89:13)

    console.log
      Draft token: 3a3ecdad-8a25-4e16-adf0-034cf12facc3

      at sendDraftSaveEmail (app/api/draft/save/route.ts:90:13)

    console.log
      Draft save email would be sent to: test.?ppw$e^wjxqk@yjp3w8.pj65d.ey

      at sendDraftSaveEmail (app/api/draft/save/route.ts:88:13)

    console.log
      Subject: เธเธฑเธเธ—เธถเธเนเธเธเธเธญเธฃเนเธกเธชเธกเธฑเธเธฃเธเธญเธเธเธธเธ“ - 
เธชเธกเธฑเธเธฃเธเธญเธฃเธฑเธเธเธฒเธฃเธชเธเธฑเธเธชเธเธธเธ

      at sendDraftSaveEmail (app/api/draft/save/route.ts:89:13)

    console.log
      Draft token: 4a7e7a80-ba14-480b-9776-049fdb8d645c

      at sendDraftSaveEmail (app/api/draft/save/route.ts:90:13)

    console.log
      Draft save email would be sent to: 
test.~af_}u-ww/i.#2faw#r.h8gn$1'wna5.+i{k??6j|#4j.j/e-a.1_e0d&@1allbind7.uep

      at sendDraftSaveEmail (app/api/draft/save/route.ts:88:13)

    console.log
      Subject: เธเธฑเธเธ—เธถเธเนเธเธเธเธญเธฃเนเธกเธชเธกเธฑเธเธฃเธเธญเธเธเธธเธ“ - 
เธชเธกเธฑเธเธฃเนเธเธฃเธเธเธฒเธฃ 100 เนเธฃเธเน€เธฃเธตเธขเธ

      at sendDraftSaveEmail (app/api/draft/save/route.ts:89:13)

    console.log
      Draft token: 280618d7-7afa-4908-8571-edca4ab6eae1

      at sendDraftSaveEmail (app/api/draft/save/route.ts:90:13)

    console.log
      Draft save email would be sent to: test.x~*s&.57|+4{f-3`6.7.l+z6?g@0bd.qh

      at sendDraftSaveEmail (app/api/draft/save/route.ts:88:13)

    console.log
      Subject: เธเธฑเธเธ—เธถเธเนเธเธเธเธญเธฃเนเธกเธชเธกเธฑเธเธฃเธเธญเธเธเธธเธ“ - 
เธชเธกเธฑเธเธฃเนเธเธฃเธเธเธฒเธฃ 100 เนเธฃเธเน€เธฃเธตเธขเธ

      at sendDraftSaveEmail (app/api/draft/save/route.ts:89:13)

    console.log
      Draft token: c813a8f7-029a-434f-8761-5a07aac46dd1

      at sendDraftSaveEmail (app/api/draft/save/route.ts:90:13)

    console.log
      Draft save email would be sent to: 
test.2$j?z2f.^9x&4.nf_eppmdafa.w0`ui5y./8/fmyur}?._}.awdu.x`.d_#a.e!@vb.ez

      at sendDraftSaveEmail (app/api/draft/save/route.ts:88:13)

    console.log
      Subject: เธเธฑเธเธ—เธถเธเนเธเธเธเธญเธฃเนเธกเธชเธกเธฑเธเธฃเธเธญเธเธเธธเธ“ - 
เธชเธกเธฑเธเธฃเนเธเธฃเธเธเธฒเธฃ 100 เนเธฃเธเน€เธฃเธตเธขเธ

      at sendDraftSaveEmail (app/api/draft/save/route.ts:89:13)

    console.log
      Draft token: 088652fb-940d-46f0-8b68-438e937bf52e

      at sendDraftSaveEmail (app/api/draft/save/route.ts:90:13)

    console.log
      Draft save email would be sent to: 
test.y&c+.1eob4.t.t?b0`yg&.ur.c{ka.}9.kepply-.h-hp&6.a.2ttk#g'@73tv.ygk

      at sendDraftSaveEmail (app/api/draft/save/route.ts:88:13)

    console.log
      Subject: เธเธฑเธเธ—เธถเธเนเธเธเธเธญเธฃเนเธกเธชเธกเธฑเธเธฃเธเธญเธเธเธธเธ“ - 
เธชเธกเธฑเธเธฃเธเธญเธฃเธฑเธเธเธฒเธฃเธชเธเธฑเธเธชเธเธธเธ

      at sendDraftSaveEmail (app/api/draft/save/route.ts:89:13)

    console.log
      Draft token: df447ca8-bd97-4472-9b7f-0154b32e12ab

      at sendDraftSaveEmail (app/api/draft/save/route.ts:90:13)

    console.log
      Draft save email would be sent to: test.$d.a/jp4`#&tu4q.m}+3/^@9jp32mf8wr.hbpdu.ref

      at sendDraftSaveEmail (app/api/draft/save/route.ts:88:13)

    console.log
      Subject: เธเธฑเธเธ—เธถเธเนเธเธเธเธญเธฃเนเธกเธชเธกเธฑเธเธฃเธเธญเธเธเธธเธ“ - 
เธชเธกเธฑเธเธฃเนเธเธฃเธเธเธฒเธฃ 100 เนเธฃเธเน€เธฃเธตเธขเธ

      at sendDraftSaveEmail (app/api/draft/save/route.ts:89:13)

    console.log
      Draft token: ad8ae391-779d-4667-8750-7bf52819f4b2

      at sendDraftSaveEmail (app/api/draft/save/route.ts:90:13)

    console.log
      Draft save email would be sent to: test.d.pr.3d`-a`&.^@0kxzqn.rwc

      at sendDraftSaveEmail (app/api/draft/save/route.ts:88:13)

    console.log
      Subject: เธเธฑเธเธ—เธถเธเนเธเธเธเธญเธฃเนเธกเธชเธกเธฑเธเธฃเธเธญเธเธเธธเธ“ - 
เธชเธกเธฑเธเธฃเธเธญเธฃเธฑเธเธเธฒเธฃเธชเธเธฑเธเธชเธเธธเธ

      at sendDraftSaveEmail (app/api/draft/save/route.ts:89:13)

    console.log
      Draft token: f85d75b9-bb31-4aba-af97-d27d54fbcec8

      at sendDraftSaveEmail (app/api/draft/save/route.ts:90:13)

    console.log
      Draft save email would be sent to: test.'i?y5qt@2j.puk

      at sendDraftSaveEmail (app/api/draft/save/route.ts:88:13)

    console.log
      Subject: เธเธฑเธเธ—เธถเธเนเธเธเธเธญเธฃเนเธกเธชเธกเธฑเธเธฃเธเธญเธเธเธธเธ“ - 
เธชเธกเธฑเธเธฃเนเธเธฃเธเธเธฒเธฃ 100 เนเธฃเธเน€เธฃเธตเธขเธ

      at sendDraftSaveEmail (app/api/draft/save/route.ts:89:13)

    console.log
      Draft token: fa0b1001-c8d6-4d80-b2c3-0406861e4828

      at sendDraftSaveEmail (app/api/draft/save/route.ts:90:13)

    console.log
      Draft save email would be sent to: test.t@2j.puk

      at sendDraftSaveEmail (app/api/draft/save/route.ts:88:13)

    console.log
      Subject: เธเธฑเธเธ—เธถเธเนเธเธเธเธญเธฃเนเธกเธชเธกเธฑเธเธฃเธเธญเธเธเธธเธ“ - 
เธชเธกเธฑเธเธฃเนเธเธฃเธเธเธฒเธฃ 100 เนเธฃเธเน€เธฃเธตเธขเธ

      at sendDraftSaveEmail (app/api/draft/save/route.ts:89:13)

    console.log
      Draft token: 414eae1f-9e9e-4851-a5ca-df2d00664fca

      at sendDraftSaveEmail (app/api/draft/save/route.ts:90:13)

    console.log
      Draft save email would be sent to: test.a@2j.puk

      at sendDraftSaveEmail (app/api/draft/save/route.ts:88:13)

    console.log
      Subject: เธเธฑเธเธ—เธถเธเนเธเธเธเธญเธฃเนเธกเธชเธกเธฑเธเธฃเธเธญเธเธเธธเธ“ - 
เธชเธกเธฑเธเธฃเนเธเธฃเธเธเธฒเธฃ 100 เนเธฃเธเน€เธฃเธตเธขเธ

      at sendDraftSaveEmail (app/api/draft/save/route.ts:89:13)

    console.log
      Draft token: 23b2e5c3-2096-40e8-a847-9801c4a938c8

      at sendDraftSaveEmail (app/api/draft/save/route.ts:90:13)

    console.log
      Draft save email would be sent to: test.a@aj.puk

      at sendDraftSaveEmail (app/api/draft/save/route.ts:88:13)

    console.log
      Subject: เธเธฑเธเธ—เธถเธเนเธเธเธเธญเธฃเนเธกเธชเธกเธฑเธเธฃเธเธญเธเธเธธเธ“ - 
เธชเธกเธฑเธเธฃเนเธเธฃเธเธเธฒเธฃ 100 เนเธฃเธเน€เธฃเธตเธขเธ

      at sendDraftSaveEmail (app/api/draft/save/route.ts:89:13)

    console.log
      Draft token: 00c493bc-0e94-4ed9-a4e9-f4c60031f866

      at sendDraftSaveEmail (app/api/draft/save/route.ts:90:13)

    console.log
      Draft save email would be sent to: test.a@a.puk

      at sendDraftSaveEmail (app/api/draft/save/route.ts:88:13)

    console.log
      Subject: เธเธฑเธเธ—เธถเธเนเธเธเธเธญเธฃเนเธกเธชเธกเธฑเธเธฃเธเธญเธเธเธธเธ“ - 
เธชเธกเธฑเธเธฃเนเธเธฃเธเธเธฒเธฃ 100 เนเธฃเธเน€เธฃเธตเธขเธ

      at sendDraftSaveEmail (app/api/draft/save/route.ts:89:13)

    console.log
      Draft token: 2dd08d23-b440-40e7-8fbb-2806232bee7e

      at sendDraftSaveEmail (app/api/draft/save/route.ts:90:13)

    console.log
      Draft save email would be sent to: test.a@a.uk

      at sendDraftSaveEmail (app/api/draft/save/route.ts:88:13)

    console.log
      Subject: เธเธฑเธเธ—เธถเธเนเธเธเธเธญเธฃเนเธกเธชเธกเธฑเธเธฃเธเธญเธเธเธธเธ“ - 
เธชเธกเธฑเธเธฃเนเธเธฃเธเธเธฒเธฃ 100 เนเธฃเธเน€เธฃเธตเธขเธ

      at sendDraftSaveEmail (app/api/draft/save/route.ts:89:13)

    console.log
      Draft token: 247e316a-e3bd-4750-ba26-a789c0decceb

      at sendDraftSaveEmail (app/api/draft/save/route.ts:90:13)

    console.log
      Draft save email would be sent to: test.a@a.ak

      at sendDraftSaveEmail (app/api/draft/save/route.ts:88:13)

    console.log
      Subject: เธเธฑเธเธ—เธถเธเนเธเธเธเธญเธฃเนเธกเธชเธกเธฑเธเธฃเธเธญเธเธเธธเธ“ - 
เธชเธกเธฑเธเธฃเนเธเธฃเธเธเธฒเธฃ 100 เนเธฃเธเน€เธฃเธตเธขเธ

      at sendDraftSaveEmail (app/api/draft/save/route.ts:89:13)

    console.log
      Draft token: 19dfb8a3-b7bf-4ede-a397-0a50091ad4db

      at sendDraftSaveEmail (app/api/draft/save/route.ts:90:13)

    console.log
      Draft save email would be sent to: test.a@a.aa

      at sendDraftSaveEmail (app/api/draft/save/route.ts:88:13)

    console.log
      Subject: เธเธฑเธเธ—เธถเธเนเธเธเธเธญเธฃเนเธกเธชเธกเธฑเธเธฃเธเธญเธเธเธธเธ“ - 
เธชเธกเธฑเธเธฃเนเธเธฃเธเธเธฒเธฃ 100 เนเธฃเธเน€เธฃเธตเธขเธ

      at sendDraftSaveEmail (app/api/draft/save/route.ts:89:13)

    console.log
      Draft token: 5620f424-98e6-4020-bc01-6bf273684b9e

      at sendDraftSaveEmail (app/api/draft/save/route.ts:90:13)

    console.log
      Draft save email would be sent to: test.a@a.aa

      at sendDraftSaveEmail (app/api/draft/save/route.ts:88:13)

    console.log
      Subject: เธเธฑเธเธ—เธถเธเนเธเธเธเธญเธฃเนเธกเธชเธกเธฑเธเธฃเธเธญเธเธเธธเธ“ - 
เธชเธกเธฑเธเธฃเนเธเธฃเธเธเธฒเธฃ 100 เนเธฃเธเน€เธฃเธตเธขเธ

      at sendDraftSaveEmail (app/api/draft/save/route.ts:89:13)

    console.log
      Draft token: b1571cf7-c17b-4883-b558-1984b7927472

      at sendDraftSaveEmail (app/api/draft/save/route.ts:90:13)

    console.log
      Draft save email would be sent to: test.a@a.aa

      at sendDraftSaveEmail (app/api/draft/save/route.ts:88:13)

    console.log
      Subject: เธเธฑเธเธ—เธถเธเนเธเธเธเธญเธฃเนเธกเธชเธกเธฑเธเธฃเธเธญเธเธเธธเธ“ - 
เธชเธกเธฑเธเธฃเนเธเธฃเธเธเธฒเธฃ 100 เนเธฃเธเน€เธฃเธตเธขเธ

      at sendDraftSaveEmail (app/api/draft/save/route.ts:89:13)

    console.log
      Draft token: 4a62bbdc-daa5-481b-8f70-9f661b448b14

      at sendDraftSaveEmail (app/api/draft/save/route.ts:90:13)

    console.log
      Draft save email would be sent to: test.a@a.aa

      at sendDraftSaveEmail (app/api/draft/save/route.ts:88:13)

    console.log
      Subject: เธเธฑเธเธ—เธถเธเนเธเธเธเธญเธฃเนเธกเธชเธกเธฑเธเธฃเธเธญเธเธเธธเธ“ - 
เธชเธกเธฑเธเธฃเนเธเธฃเธเธเธฒเธฃ 100 เนเธฃเธเน€เธฃเธตเธขเธ

      at sendDraftSaveEmail (app/api/draft/save/route.ts:89:13)

    console.log
      Draft token: f4484e66-4dd4-4fe9-8a5d-54f7ecafce5b

      at sendDraftSaveEmail (app/api/draft/save/route.ts:90:13)

    console.log
      Draft save email would be sent to: test.a@a.aa

      at sendDraftSaveEmail (app/api/draft/save/route.ts:88:13)

    console.log
      Subject: เธเธฑเธเธ—เธถเธเนเธเธเธเธญเธฃเนเธกเธชเธกเธฑเธเธฃเธเธญเธเธเธธเธ“ - 
เธชเธกเธฑเธเธฃเนเธเธฃเธเธเธฒเธฃ 100 เนเธฃเธเน€เธฃเธตเธขเธ

      at sendDraftSaveEmail (app/api/draft/save/route.ts:89:13)

    console.log
      Draft token: 39e41e8d-e729-4854-87c0-e87bde64c37c

      at sendDraftSaveEmail (app/api/draft/save/route.ts:90:13)

    console.log
      Draft save email would be sent to: test.a@a.aa

      at sendDraftSaveEmail (app/api/draft/save/route.ts:88:13)

    console.log
      Subject: เธเธฑเธเธ—เธถเธเนเธเธเธเธญเธฃเนเธกเธชเธกเธฑเธเธฃเธเธญเธเธเธธเธ“ - 
เธชเธกเธฑเธเธฃเนเธเธฃเธเธเธฒเธฃ 100 เนเธฃเธเน€เธฃเธตเธขเธ

      at sendDraftSaveEmail (app/api/draft/save/route.ts:89:13)

    console.log
      Draft token: 90e411a5-f97a-4589-a5ac-87466d675f44

      at sendDraftSaveEmail (app/api/draft/save/route.ts:90:13)

    console.log
      Draft save email would be sent to: test.a@a.aa

      at sendDraftSaveEmail (app/api/draft/save/route.ts:88:13)

    console.log
      Subject: เธเธฑเธเธ—เธถเธเนเธเธเธเธญเธฃเนเธกเธชเธกเธฑเธเธฃเธเธญเธเธเธธเธ“ - 
เธชเธกเธฑเธเธฃเนเธเธฃเธเธเธฒเธฃ 100 เนเธฃเธเน€เธฃเธตเธขเธ

      at sendDraftSaveEmail (app/api/draft/save/route.ts:89:13)

    console.log
      Draft token: 7f047b5a-c34f-441f-b8a8-13df3d39aa48

      at sendDraftSaveEmail (app/api/draft/save/route.ts:90:13)

    console.log
      Draft save email would be sent to: test.a@a.aa

      at sendDraftSaveEmail (app/api/draft/save/route.ts:88:13)

    console.log
      Subject: เธเธฑเธเธ—เธถเธเนเธเธเธเธญเธฃเนเธกเธชเธกเธฑเธเธฃเธเธญเธเธเธธเธ“ - 
เธชเธกเธฑเธเธฃเนเธเธฃเธเธเธฒเธฃ 100 เนเธฃเธเน€เธฃเธตเธขเธ

      at sendDraftSaveEmail (app/api/draft/save/route.ts:89:13)

    console.log
      Draft token: 89bf8919-b4ef-4c13-b4c1-0c3c057cddff

      at sendDraftSaveEmail (app/api/draft/save/route.ts:90:13)

    console.log
      Draft save email would be sent to: test.a@a.aa

      at sendDraftSaveEmail (app/api/draft/save/route.ts:88:13)

    console.log
      Subject: เธเธฑเธเธ—เธถเธเนเธเธเธเธญเธฃเนเธกเธชเธกเธฑเธเธฃเธเธญเธเธเธธเธ“ - 
เธชเธกเธฑเธเธฃเนเธเธฃเธเธเธฒเธฃ 100 เนเธฃเธเน€เธฃเธตเธขเธ

      at sendDraftSaveEmail (app/api/draft/save/route.ts:89:13)

    console.log
      Draft token: 0a016af4-14c1-40ca-aece-754bb0258640

      at sendDraftSaveEmail (app/api/draft/save/route.ts:90:13)

    console.log
      Draft save email would be sent to: test.a@a.aa

      at sendDraftSaveEmail (app/api/draft/save/route.ts:88:13)

    console.log
      Subject: เธเธฑเธเธ—เธถเธเนเธเธเธเธญเธฃเนเธกเธชเธกเธฑเธเธฃเธเธญเธเธเธธเธ“ - 
เธชเธกเธฑเธเธฃเนเธเธฃเธเธเธฒเธฃ 100 เนเธฃเธเน€เธฃเธตเธขเธ

      at sendDraftSaveEmail (app/api/draft/save/route.ts:89:13)

    console.log
      Draft token: 9563c007-bd4d-49f4-b387-7d9bb75e3430

      at sendDraftSaveEmail (app/api/draft/save/route.ts:90:13)

    console.log
      Draft save email would be sent to: test.a@a.aa

      at sendDraftSaveEmail (app/api/draft/save/route.ts:88:13)

    console.log
      Subject: เธเธฑเธเธ—เธถเธเนเธเธเธเธญเธฃเนเธกเธชเธกเธฑเธเธฃเธเธญเธเธเธธเธ“ - 
เธชเธกเธฑเธเธฃเนเธเธฃเธเธเธฒเธฃ 100 เนเธฃเธเน€เธฃเธตเธขเธ

      at sendDraftSaveEmail (app/api/draft/save/route.ts:89:13)

    console.log
      Draft token: 4d64c63b-4bb9-4dbd-8b18-cd5dac5764b1

      at sendDraftSaveEmail (app/api/draft/save/route.ts:90:13)

    console.log
      Draft save email would be sent to: test.a@a.aa

      at sendDraftSaveEmail (app/api/draft/save/route.ts:88:13)

    console.log
      Subject: เธเธฑเธเธ—เธถเธเนเธเธเธเธญเธฃเนเธกเธชเธกเธฑเธเธฃเธเธญเธเธเธธเธ“ - 
เธชเธกเธฑเธเธฃเนเธเธฃเธเธเธฒเธฃ 100 เนเธฃเธเน€เธฃเธตเธขเธ

      at sendDraftSaveEmail (app/api/draft/save/route.ts:89:13)

    console.log
      Draft token: 19acb499-cd7b-473b-9de0-6dc3f8ccb2cb

      at sendDraftSaveEmail (app/api/draft/save/route.ts:90:13)

    console.log
      Draft save email would be sent to: test.a@a.aa

      at sendDraftSaveEmail (app/api/draft/save/route.ts:88:13)

    console.log
      Subject: เธเธฑเธเธ—เธถเธเนเธเธเธเธญเธฃเนเธกเธชเธกเธฑเธเธฃเธเธญเธเธเธธเธ“ - 
เธชเธกเธฑเธเธฃเนเธเธฃเธเธเธฒเธฃ 100 เนเธฃเธเน€เธฃเธตเธขเธ

      at sendDraftSaveEmail (app/api/draft/save/route.ts:89:13)

    console.log
      Draft token: aca020c0-f2eb-4da6-b468-fe9671865311

      at sendDraftSaveEmail (app/api/draft/save/route.ts:90:13)

    console.log
      Draft save email would be sent to: test.a@a.aa

      at sendDraftSaveEmail (app/api/draft/save/route.ts:88:13)

    console.log
      Subject: เธเธฑเธเธ—เธถเธเนเธเธเธเธญเธฃเนเธกเธชเธกเธฑเธเธฃเธเธญเธเธเธธเธ“ - 
เธชเธกเธฑเธเธฃเนเธเธฃเธเธเธฒเธฃ 100 เนเธฃเธเน€เธฃเธตเธขเธ

      at sendDraftSaveEmail (app/api/draft/save/route.ts:89:13)

    console.log
      Draft token: 208f1986-b9d3-484c-8faf-4790a1a686aa

      at sendDraftSaveEmail (app/api/draft/save/route.ts:90:13)

    console.log
      Draft save email would be sent to: test.a@a.aa

      at sendDraftSaveEmail (app/api/draft/save/route.ts:88:13)

    console.log
      Subject: เธเธฑเธเธ—เธถเธเนเธเธเธเธญเธฃเนเธกเธชเธกเธฑเธเธฃเธเธญเธเธเธธเธ“ - 
เธชเธกเธฑเธเธฃเนเธเธฃเธเธเธฒเธฃ 100 เนเธฃเธเน€เธฃเธตเธขเธ

      at sendDraftSaveEmail (app/api/draft/save/route.ts:89:13)

    console.log
      Draft token: 864f4305-37b2-4471-b50b-5e06096a1130

      at sendDraftSaveEmail (app/api/draft/save/route.ts:90:13)

    console.log
      Draft save email would be sent to: test.a@a.aa

      at sendDraftSaveEmail (app/api/draft/save/route.ts:88:13)

    console.log
      Subject: เธเธฑเธเธ—เธถเธเนเธเธเธเธญเธฃเนเธกเธชเธกเธฑเธเธฃเธเธญเธเธเธธเธ“ - 
เธชเธกเธฑเธเธฃเนเธเธฃเธเธเธฒเธฃ 100 เนเธฃเธเน€เธฃเธตเธขเธ

      at sendDraftSaveEmail (app/api/draft/save/route.ts:89:13)

    console.log
      Draft token: 248f9f40-bc63-4678-bed3-538c1635a3ff

      at sendDraftSaveEmail (app/api/draft/save/route.ts:90:13)

    console.log
      Draft save email would be sent to: test.a@a.aa

      at sendDraftSaveEmail (app/api/draft/save/route.ts:88:13)

    console.log
      Subject: เธเธฑเธเธ—เธถเธเนเธเธเธเธญเธฃเนเธกเธชเธกเธฑเธเธฃเธเธญเธเธเธธเธ“ - 
เธชเธกเธฑเธเธฃเนเธเธฃเธเธเธฒเธฃ 100 เนเธฃเธเน€เธฃเธตเธขเธ

      at sendDraftSaveEmail (app/api/draft/save/route.ts:89:13)

    console.log
      Draft token: c556aedf-4351-4e6e-a4cf-db82e8a08f2c

      at sendDraftSaveEmail (app/api/draft/save/route.ts:90:13)

    console.log
      Draft save email would be sent to: test.a@a.aa

      at sendDraftSaveEmail (app/api/draft/save/route.ts:88:13)

    console.log
      Subject: เธเธฑเธเธ—เธถเธเนเธเธเธเธญเธฃเนเธกเธชเธกเธฑเธเธฃเธเธญเธเธเธธเธ“ - 
เธชเธกเธฑเธเธฃเนเธเธฃเธเธเธฒเธฃ 100 เนเธฃเธเน€เธฃเธตเธขเธ

      at sendDraftSaveEmail (app/api/draft/save/route.ts:89:13)

    console.log
      Draft token: 784fcc7f-72bf-45e7-88f1-d2333219ca0d

      at sendDraftSaveEmail (app/api/draft/save/route.ts:90:13)

    console.log
      Draft save email would be sent to: test.a@a.aa

      at sendDraftSaveEmail (app/api/draft/save/route.ts:88:13)

    console.log
      Subject: เธเธฑเธเธ—เธถเธเนเธเธเธเธญเธฃเนเธกเธชเธกเธฑเธเธฃเธเธญเธเธเธธเธ“ - 
เธชเธกเธฑเธเธฃเนเธเธฃเธเธเธฒเธฃ 100 เนเธฃเธเน€เธฃเธตเธขเธ

      at sendDraftSaveEmail (app/api/draft/save/route.ts:89:13)

    console.log
      Draft token: dd78add6-ddd1-4d79-b0bb-70a1c3da9435

      at sendDraftSaveEmail (app/api/draft/save/route.ts:90:13)

    console.log
      Draft save email would be sent to: test.a@a.aa

      at sendDraftSaveEmail (app/api/draft/save/route.ts:88:13)

    console.log
      Subject: เธเธฑเธเธ—เธถเธเนเธเธเธเธญเธฃเนเธกเธชเธกเธฑเธเธฃเธเธญเธเธเธธเธ“ - 
เธชเธกเธฑเธเธฃเนเธเธฃเธเธเธฒเธฃ 100 เนเธฃเธเน€เธฃเธตเธขเธ

      at sendDraftSaveEmail (app/api/draft/save/route.ts:89:13)

    console.log
      Draft token: 3b25a6fc-a3c1-4fa8-a0bb-d63615cab39a

      at sendDraftSaveEmail (app/api/draft/save/route.ts:90:13)

    console.log
      Draft save email would be sent to: test.a@a.aa

      at sendDraftSaveEmail (app/api/draft/save/route.ts:88:13)

    console.log
      Subject: เธเธฑเธเธ—เธถเธเนเธเธเธเธญเธฃเนเธกเธชเธกเธฑเธเธฃเธเธญเธเธเธธเธ“ - 
เธชเธกเธฑเธเธฃเนเธเธฃเธเธเธฒเธฃ 100 เนเธฃเธเน€เธฃเธตเธขเธ

      at sendDraftSaveEmail (app/api/draft/save/route.ts:89:13)

    console.log
      Draft token: 00f3c4a1-a868-4779-8fae-2e764d28a040

      at sendDraftSaveEmail (app/api/draft/save/route.ts:90:13)

    console.log
      Draft save email would be sent to: test.a@a.aa

      at sendDraftSaveEmail (app/api/draft/save/route.ts:88:13)

    console.log
      Subject: เธเธฑเธเธ—เธถเธเนเธเธเธเธญเธฃเนเธกเธชเธกเธฑเธเธฃเธเธญเธเธเธธเธ“ - 
เธชเธกเธฑเธเธฃเนเธเธฃเธเธเธฒเธฃ 100 เนเธฃเธเน€เธฃเธตเธขเธ

      at sendDraftSaveEmail (app/api/draft/save/route.ts:89:13)

    console.log
      Draft token: 2d234f3b-0c30-4d00-9a46-b200cdcbfa22

      at sendDraftSaveEmail (app/api/draft/save/route.ts:90:13)

    console.log
      Draft save email would be sent to: test.a@a.aa

      at sendDraftSaveEmail (app/api/draft/save/route.ts:88:13)

    console.log
      Subject: เธเธฑเธเธ—เธถเธเนเธเธเธเธญเธฃเนเธกเธชเธกเธฑเธเธฃเธเธญเธเธเธธเธ“ - 
เธชเธกเธฑเธเธฃเนเธเธฃเธเธเธฒเธฃ 100 เนเธฃเธเน€เธฃเธตเธขเธ

      at sendDraftSaveEmail (app/api/draft/save/route.ts:89:13)

    console.log
      Draft token: 83bb1c5b-fd33-48ee-ae62-f10b78eae76a

      at sendDraftSaveEmail (app/api/draft/save/route.ts:90:13)

    console.log
      Draft save email would be sent to: test.a@a.aa

      at sendDraftSaveEmail (app/api/draft/save/route.ts:88:13)

    console.log
      Subject: เธเธฑเธเธ—เธถเธเนเธเธเธเธญเธฃเนเธกเธชเธกเธฑเธเธฃเธเธญเธเธเธธเธ“ - 
เธชเธกเธฑเธเธฃเนเธเธฃเธเธเธฒเธฃ 100 เนเธฃเธเน€เธฃเธตเธขเธ

      at sendDraftSaveEmail (app/api/draft/save/route.ts:89:13)

    console.log
      Draft token: 73ac8614-87c3-407c-bebd-1c394f4b231c

      at sendDraftSaveEmail (app/api/draft/save/route.ts:90:13)

    console.log
      Draft save email would be sent to: test.a@a.aa

      at sendDraftSaveEmail (app/api/draft/save/route.ts:88:13)

    console.log
      Subject: เธเธฑเธเธ—เธถเธเนเธเธเธเธญเธฃเนเธกเธชเธกเธฑเธเธฃเธเธญเธเธเธธเธ“ - 
เธชเธกเธฑเธเธฃเนเธเธฃเธเธเธฒเธฃ 100 เนเธฃเธเน€เธฃเธตเธขเธ

      at sendDraftSaveEmail (app/api/draft/save/route.ts:89:13)

    console.log
      Draft token: 1af357d2-c355-4624-88a7-829c456dfb66

      at sendDraftSaveEmail (app/api/draft/save/route.ts:90:13)

    console.log
      Draft save email would be sent to: test.a@a.aa

      at sendDraftSaveEmail (app/api/draft/save/route.ts:88:13)

    console.log
      Subject: เธเธฑเธเธ—เธถเธเนเธเธเธเธญเธฃเนเธกเธชเธกเธฑเธเธฃเธเธญเธเธเธธเธ“ - 
เธชเธกเธฑเธเธฃเนเธเธฃเธเธเธฒเธฃ 100 เนเธฃเธเน€เธฃเธตเธขเธ

      at sendDraftSaveEmail (app/api/draft/save/route.ts:89:13)

    console.log
      Draft token: 5c61e5d0-f80a-4e88-9be8-7281ce2017a1

      at sendDraftSaveEmail (app/api/draft/save/route.ts:90:13)

    console.log
      Draft save email would be sent to: test.a@a.aa

      at sendDraftSaveEmail (app/api/draft/save/route.ts:88:13)

    console.log
      Subject: เธเธฑเธเธ—เธถเธเนเธเธเธเธญเธฃเนเธกเธชเธกเธฑเธเธฃเธเธญเธเธเธธเธ“ - 
เธชเธกเธฑเธเธฃเนเธเธฃเธเธเธฒเธฃ 100 เนเธฃเธเน€เธฃเธตเธขเธ

      at sendDraftSaveEmail (app/api/draft/save/route.ts:89:13)

    console.log
      Draft token: 86543aac-3e6a-413b-a805-2943706a7083

      at sendDraftSaveEmail (app/api/draft/save/route.ts:90:13)

    console.log
      Draft save email would be sent to: test.a@a.aa

      at sendDraftSaveEmail (app/api/draft/save/route.ts:88:13)

    console.log
      Subject: เธเธฑเธเธ—เธถเธเนเธเธเธเธญเธฃเนเธกเธชเธกเธฑเธเธฃเธเธญเธเธเธธเธ“ - 
เธชเธกเธฑเธเธฃเนเธเธฃเธเธเธฒเธฃ 100 เนเธฃเธเน€เธฃเธตเธขเธ

      at sendDraftSaveEmail (app/api/draft/save/route.ts:89:13)

    console.log
      Draft token: c3436c1c-fa7b-4ee0-bc14-8f7e3cadb209

      at sendDraftSaveEmail (app/api/draft/save/route.ts:90:13)

    console.log
      Draft save email would be sent to: test.a@a.aa

      at sendDraftSaveEmail (app/api/draft/save/route.ts:88:13)

    console.log
      Subject: เธเธฑเธเธ—เธถเธเนเธเธเธเธญเธฃเนเธกเธชเธกเธฑเธเธฃเธเธญเธเธเธธเธ“ - 
เธชเธกเธฑเธเธฃเนเธเธฃเธเธเธฒเธฃ 100 เนเธฃเธเน€เธฃเธตเธขเธ

      at sendDraftSaveEmail (app/api/draft/save/route.ts:89:13)

    console.log
      Draft token: d7d2170b-d386-42a7-91cb-21699187866e

      at sendDraftSaveEmail (app/api/draft/save/route.ts:90:13)

    console.log
      Draft save email would be sent to: test.a@a.aa

      at sendDraftSaveEmail (app/api/draft/save/route.ts:88:13)

    console.log
      Subject: เธเธฑเธเธ—เธถเธเนเธเธเธเธญเธฃเนเธกเธชเธกเธฑเธเธฃเธเธญเธเธเธธเธ“ - 
เธชเธกเธฑเธเธฃเนเธเธฃเธเธเธฒเธฃ 100 เนเธฃเธเน€เธฃเธตเธขเธ

      at sendDraftSaveEmail (app/api/draft/save/route.ts:89:13)

    console.log
      Draft token: 9b927051-6c58-4e2e-a202-b7818525f307

      at sendDraftSaveEmail (app/api/draft/save/route.ts:90:13)

    console.log
      Draft save email would be sent to: test.a@a.aa

      at sendDraftSaveEmail (app/api/draft/save/route.ts:88:13)

    console.log
      Subject: เธเธฑเธเธ—เธถเธเนเธเธเธเธญเธฃเนเธกเธชเธกเธฑเธเธฃเธเธญเธเธเธธเธ“ - 
เธชเธกเธฑเธเธฃเนเธเธฃเธเธเธฒเธฃ 100 เนเธฃเธเน€เธฃเธตเธขเธ

      at sendDraftSaveEmail (app/api/draft/save/route.ts:89:13)

    console.log
      Draft token: a550b2ad-c335-4c4f-ae2b-161164515534

      at sendDraftSaveEmail (app/api/draft/save/route.ts:90:13)

    console.log
      Draft save email would be sent to: test.a@a.aa

      at sendDraftSaveEmail (app/api/draft/save/route.ts:88:13)

    console.log
      Subject: เธเธฑเธเธ—เธถเธเนเธเธเธเธญเธฃเนเธกเธชเธกเธฑเธเธฃเธเธญเธเธเธธเธ“ - 
เธชเธกเธฑเธเธฃเนเธเธฃเธเธเธฒเธฃ 100 เนเธฃเธเน€เธฃเธตเธขเธ

      at sendDraftSaveEmail (app/api/draft/save/route.ts:89:13)

    console.log
      Draft token: f05113b3-178f-4787-bc46-072dea59b7a1

      at sendDraftSaveEmail (app/api/draft/save/route.ts:90:13)

    console.log
      Draft save email would be sent to: test.a@a.aa

      at sendDraftSaveEmail (app/api/draft/save/route.ts:88:13)

    console.log
      Subject: เธเธฑเธเธ—เธถเธเนเธเธเธเธญเธฃเนเธกเธชเธกเธฑเธเธฃเธเธญเธเธเธธเธ“ - 
เธชเธกเธฑเธเธฃเนเธเธฃเธเธเธฒเธฃ 100 เนเธฃเธเน€เธฃเธตเธขเธ

      at sendDraftSaveEmail (app/api/draft/save/route.ts:89:13)

    console.log
      Draft token: d99add53-72f9-4c57-ab54-00096d4ad7c7

      at sendDraftSaveEmail (app/api/draft/save/route.ts:90:13)

    console.log
      Draft save email would be sent to: test.a@a.aa

      at sendDraftSaveEmail (app/api/draft/save/route.ts:88:13)

    console.log
      Subject: เธเธฑเธเธ—เธถเธเนเธเธเธเธญเธฃเนเธกเธชเธกเธฑเธเธฃเธเธญเธเธเธธเธ“ - 
เธชเธกเธฑเธเธฃเนเธเธฃเธเธเธฒเธฃ 100 เนเธฃเธเน€เธฃเธตเธขเธ

      at sendDraftSaveEmail (app/api/draft/save/route.ts:89:13)

    console.log
      Draft token: 79f2f0d3-8f2d-4153-8dc6-24b44a76b1f2

      at sendDraftSaveEmail (app/api/draft/save/route.ts:90:13)

    console.log
      Draft save email would be sent to: test.a@a.aa

      at sendDraftSaveEmail (app/api/draft/save/route.ts:88:13)

    console.log
      Subject: เธเธฑเธเธ—เธถเธเนเธเธเธเธญเธฃเนเธกเธชเธกเธฑเธเธฃเธเธญเธเธเธธเธ“ - 
เธชเธกเธฑเธเธฃเนเธเธฃเธเธเธฒเธฃ 100 เนเธฃเธเน€เธฃเธตเธขเธ

      at sendDraftSaveEmail (app/api/draft/save/route.ts:89:13)

    console.log
      Draft token: 075f4aca-45e0-45e8-82bb-fdc56b420225

      at sendDraftSaveEmail (app/api/draft/save/route.ts:90:13)

    console.log
      Draft save email would be sent to: test.z.5-~_mh.9!kahv~}g.nrau.8+`-.{_'{hj}?$^.%`.+f.hz.t@3jw1r.dk

      at sendDraftSaveEmail (app/api/draft/save/route.ts:88:13)

    console.log
      Subject: เธเธฑเธเธ—เธถเธเนเธเธเธเธญเธฃเนเธกเธชเธกเธฑเธเธฃเธเธญเธเธเธธเธ“ - 
เธชเธกเธฑเธเธฃเธเธญเธฃเธฑเธเธเธฒเธฃเธชเธเธฑเธเธชเธเธธเธ

      at sendDraftSaveEmail (app/api/draft/save/route.ts:89:13)

    console.log
      Draft token: d2f054f1-efc9-4cf8-85c5-829bd890cde5

      at sendDraftSaveEmail (app/api/draft/save/route.ts:90:13)

    console.log
      Draft save email would be sent to: test.a'7d=|ptqr*.w59.8r_1?5t@mr2.yd

      at sendDraftSaveEmail (app/api/draft/save/route.ts:88:13)

    console.log
      Subject: เธเธฑเธเธ—เธถเธเนเธเธเธเธญเธฃเนเธกเธชเธกเธฑเธเธฃเธเธญเธเธเธธเธ“ - 
เธชเธกเธฑเธเธฃเนเธเธฃเธเธเธฒเธฃ 100 เนเธฃเธเน€เธฃเธตเธขเธ

      at sendDraftSaveEmail (app/api/draft/save/route.ts:89:13)

    console.log
      Draft token: aea11ca9-272e-4f80-8de0-37a0dc3e7d19

      at sendDraftSaveEmail (app/api/draft/save/route.ts:90:13)

    console.log
      Draft save email would be sent to: 
test.e?p!||+q.y.21w-.s!v=}r$f+!xv.iawrj+03iq9.ath$#2e8_rp_.f_v8k.-l/@5.og

      at sendDraftSaveEmail (app/api/draft/save/route.ts:88:13)

    console.log
      Subject: เธเธฑเธเธ—เธถเธเนเธเธเธเธญเธฃเนเธกเธชเธกเธฑเธเธฃเธเธญเธเธเธธเธ“ - 
เธชเธกเธฑเธเธฃเนเธเธฃเธเธเธฒเธฃ 100 เนเธฃเธเน€เธฃเธตเธขเธ

      at sendDraftSaveEmail (app/api/draft/save/route.ts:89:13)

    console.log
      Draft token: 793cb43d-db40-4f43-b802-f65713e05f1f

      at sendDraftSaveEmail (app/api/draft/save/route.ts:90:13)

    console.log
      Draft save email would be sent to: 
test.~c.jp~vpken7$c*.z~td.e|g.j~lfdz45*k.*egpe.klf32&s6.0=j_3ymjql@uo4fmdrk.td

      at sendDraftSaveEmail (app/api/draft/save/route.ts:88:13)

    console.log
      Subject: เธเธฑเธเธ—เธถเธเนเธเธเธเธญเธฃเนเธกเธชเธกเธฑเธเธฃเธเธญเธเธเธธเธ“ - 
เธชเธกเธฑเธเธฃเนเธเธฃเธเธเธฒเธฃ 100 เนเธฃเธเน€เธฃเธตเธขเธ

      at sendDraftSaveEmail (app/api/draft/save/route.ts:89:13)

    console.log
      Draft token: 3d3a105f-8b13-465c-b207-5c50026605e1

      at sendDraftSaveEmail (app/api/draft/save/route.ts:90:13)

    console.log
      Draft save email would be sent to: 
test.y$e|.ccallerme.rbindc.*bc`rcvh-.call.4?={s'&s.v_n#9s&62.3kfd@cn860sccal1q.zbwa52.nd

      at sendDraftSaveEmail (app/api/draft/save/route.ts:88:13)

    console.log
      Subject: เธเธฑเธเธ—เธถเธเนเธเธเธเธญเธฃเนเธกเธชเธกเธฑเธเธฃเธเธญเธเธเธธเธ“ - 
เธชเธกเธฑเธเธฃเนเธเธฃเธเธเธฒเธฃ 100 เนเธฃเธเน€เธฃเธตเธขเธ

      at sendDraftSaveEmail (app/api/draft/save/route.ts:89:13)

    console.log
      Draft token: 0b9ead67-a069-4546-a2d1-1935330d0e95

      at sendDraftSaveEmail (app/api/draft/save/route.ts:90:13)

    console.log
      Draft save email would be sent to: test.}.o3@7utfw.wp

      at sendDraftSaveEmail (app/api/draft/save/route.ts:88:13)

    console.log
      Subject: เธเธฑเธเธ—เธถเธเนเธเธเธเธญเธฃเนเธกเธชเธกเธฑเธเธฃเธเธญเธเธเธธเธ“ - 
เธชเธกเธฑเธเธฃเนเธเธฃเธเธเธฒเธฃ 100 เนเธฃเธเน€เธฃเธตเธขเธ

      at sendDraftSaveEmail (app/api/draft/save/route.ts:89:13)

    console.log
      Draft token: 94594f02-8645-45dc-bffe-e75108751f1b

      at sendDraftSaveEmail (app/api/draft/save/route.ts:90:13)

    console.log
      Draft save email would be sent to: 
test.hs#%5=e{#t.!ri6&^^.t/^n.b9o40`da8vd.d+s.f&~g!1!`l`%|.jvd`k`9!`$@47o46hcyi7m.ec

      at sendDraftSaveEmail (app/api/draft/save/route.ts:88:13)

    console.log
      Subject: เธเธฑเธเธ—เธถเธเนเธเธเธเธญเธฃเนเธกเธชเธกเธฑเธเธฃเธเธญเธเธเธธเธ“ - 
เธชเธกเธฑเธเธฃเนเธเธฃเธเธเธฒเธฃ 100 เนเธฃเธเน€เธฃเธตเธขเธ

      at sendDraftSaveEmail (app/api/draft/save/route.ts:89:13)

    console.log
      Draft token: c3618389-f602-4c79-a695-e73ea27ecf41

      at sendDraftSaveEmail (app/api/draft/save/route.ts:90:13)

    console.log
      Draft save email would be sent to: test.fypv.e|hn56c&.29.x1b5qjl+!@m4w5b8mqnrl.kje5y4f.gf

      at sendDraftSaveEmail (app/api/draft/save/route.ts:88:13)

    console.log
      Subject: เธเธฑเธเธ—เธถเธเนเธเธเธเธญเธฃเนเธกเธชเธกเธฑเธเธฃเธเธญเธเธเธธเธ“ - 
เธชเธกเธฑเธเธฃเธเธญเธฃเธฑเธเธเธฒเธฃเธชเธเธฑเธเธชเธเธธเธ

      at sendDraftSaveEmail (app/api/draft/save/route.ts:89:13)

    console.log
      Draft token: 8214abff-43c9-4ea0-9272-5e625f929c90

      at sendDraftSaveEmail (app/api/draft/save/route.ts:90:13)

    console.log
      Draft save email would be sent to: test.#yh^-.ho`-/@s0xrplieo71.u4zd.ych

      at sendDraftSaveEmail (app/api/draft/save/route.ts:88:13)

    console.log
      Subject: เธเธฑเธเธ—เธถเธเนเธเธเธเธญเธฃเนเธกเธชเธกเธฑเธเธฃเธเธญเธเธเธธเธ“ - 
เธชเธกเธฑเธเธฃเนเธเธฃเธเธเธฒเธฃ 100 เนเธฃเธเน€เธฃเธตเธขเธ

      at sendDraftSaveEmail (app/api/draft/save/route.ts:89:13)

    console.log
      Draft token: 9ccba88a-8d2d-4de8-8ae8-6cc5da638ccb

      at sendDraftSaveEmail (app/api/draft/save/route.ts:90:13)

    console.log
      Draft save email would be sent to: test.tpcuk&c2.$#84d=@ondu.re

      at sendDraftSaveEmail (app/api/draft/save/route.ts:88:13)

    console.log
      Subject: เธเธฑเธเธ—เธถเธเนเธเธเธเธญเธฃเนเธกเธชเธกเธฑเธเธฃเธเธญเธเธเธธเธ“ - 
เธชเธกเธฑเธเธฃเนเธเธฃเธเธเธฒเธฃ 100 เนเธฃเธเน€เธฃเธตเธขเธ

      at sendDraftSaveEmail (app/api/draft/save/route.ts:89:13)

    console.log
      Draft token: 581c690b-8d1d-4ddf-949f-2f79698c0dfb

      at sendDraftSaveEmail (app/api/draft/save/route.ts:90:13)

    console.log
      Draft save email would be sent to: test.~'}l#p4l!*@nee.yi1fa3k5.dco

      at sendDraftSaveEmail (app/api/draft/save/route.ts:88:13)

    console.log
      Subject: เธเธฑเธเธ—เธถเธเนเธเธเธเธญเธฃเนเธกเธชเธกเธฑเธเธฃเธเธญเธเธเธธเธ“ - 
เธชเธกเธฑเธเธฃเนเธเธฃเธเธเธฒเธฃ 100 เนเธฃเธเน€เธฃเธตเธขเธ

      at sendDraftSaveEmail (app/api/draft/save/route.ts:89:13)

    console.log
      Draft token: 5ea54beb-e8c0-4136-9ea2-39df848d2486

      at sendDraftSaveEmail (app/api/draft/save/route.ts:90:13)

    console.log
      Draft save email would be sent to: test.}.key.8f&`.!bb{8`iw.cf3|j$oxa@pvv9q3reqk9.enf

      at sendDraftSaveEmail (app/api/draft/save/route.ts:88:13)

    console.log
      Subject: เธเธฑเธเธ—เธถเธเนเธเธเธเธญเธฃเนเธกเธชเธกเธฑเธเธฃเธเธญเธเธเธธเธ“ - 
เธชเธกเธฑเธเธฃเนเธเธฃเธเธเธฒเธฃ 100 เนเธฃเธเน€เธฃเธตเธขเธ

      at sendDraftSaveEmail (app/api/draft/save/route.ts:89:13)

    console.log
      Draft token: 7f13af45-04b9-41f5-a7a9-8c778852633a

      at sendDraftSaveEmail (app/api/draft/save/route.ts:90:13)

    console.log
      Draft save email would be sent to: 
test.x#x#.a=_.!|_vz&rf.#f2d81.q92g5xo6rvr&.constructor.e1-7=?@6z6znb.zo

      at sendDraftSaveEmail (app/api/draft/save/route.ts:88:13)

    console.log
      Subject: เธเธฑเธเธ—เธถเธเนเธเธเธเธญเธฃเนเธกเธชเธกเธฑเธเธฃเธเธญเธเธเธธเธ“ - 
เธชเธกเธฑเธเธฃเนเธเธฃเธเธเธฒเธฃ 100 เนเธฃเธเน€เธฃเธตเธขเธ

      at sendDraftSaveEmail (app/api/draft/save/route.ts:89:13)

    console.log
      Draft token: d5f37266-561b-4f67-adfb-cd53ff935218

      at sendDraftSaveEmail (app/api/draft/save/route.ts:90:13)

    console.log
      Draft save email would be sent to: test.1rotv.=0+.^.nameo@pehvh7.pe

      at sendDraftSaveEmail (app/api/draft/save/route.ts:88:13)

    console.log
      Subject: เธเธฑเธเธ—เธถเธเนเธเธเธเธญเธฃเนเธกเธชเธกเธฑเธเธฃเธเธญเธเธเธธเธ“ - 
เธชเธกเธฑเธเธฃเธเธญเธฃเธฑเธเธเธฒเธฃเธชเธเธฑเธเธชเธเธธเธ

      at sendDraftSaveEmail (app/api/draft/save/route.ts:89:13)

    console.log
      Draft token: 3176cbbd-aa2d-41fd-954a-a43e443635d9

      at sendDraftSaveEmail (app/api/draft/save/route.ts:90:13)

    console.log
      Draft save email would be sent to: test.lt--5$|gk8@14wfyenl35.uliq.sa

      at sendDraftSaveEmail (app/api/draft/save/route.ts:88:13)

    console.log
      Subject: เธเธฑเธเธ—เธถเธเนเธเธเธเธญเธฃเนเธกเธชเธกเธฑเธเธฃเธเธญเธเธเธธเธ“ - 
เธชเธกเธฑเธเธฃเนเธเธฃเธเธเธฒเธฃ 100 เนเธฃเธเน€เธฃเธตเธขเธ

      at sendDraftSaveEmail (app/api/draft/save/route.ts:89:13)

    console.log
      Draft token: 3f20b86f-0e94-47dc-aa4c-09883e4d8b68

      at sendDraftSaveEmail (app/api/draft/save/route.ts:90:13)

    console.log
      Draft save email would be sent to: test.ee'/zob0w.c=?^.u%s'/jb7/*xp@v.bs

      at sendDraftSaveEmail (app/api/draft/save/route.ts:88:13)

    console.log
      Subject: เธเธฑเธเธ—เธถเธเนเธเธเธเธญเธฃเนเธกเธชเธกเธฑเธเธฃเธเธญเธเธเธธเธ“ - 
เธชเธกเธฑเธเธฃเนเธเธฃเธเธเธฒเธฃ 100 เนเธฃเธเน€เธฃเธตเธขเธ

      at sendDraftSaveEmail (app/api/draft/save/route.ts:89:13)

    console.log
      Draft token: cfc3bf33-518b-4796-a12b-73815a59bc2d

      at sendDraftSaveEmail (app/api/draft/save/route.ts:90:13)

    console.log
      Draft save email would be sent to: 
test.5fk7.`ao`}ad/`b.31ddkc9.2k!7.ba{0h`.$fca.~1'+.r{t7.ws^m6|/.r'b.n@cto66.bi

      at sendDraftSaveEmail (app/api/draft/save/route.ts:88:13)

    console.log
      Subject: เธเธฑเธเธ—เธถเธเนเธเธเธเธญเธฃเนเธกเธชเธกเธฑเธเธฃเธเธญเธเธเธธเธ“ - 
เธชเธกเธฑเธเธฃเธเธญเธฃเธฑเธเธเธฒเธฃเธชเธเธฑเธเธชเธเธธเธ

      at sendDraftSaveEmail (app/api/draft/save/route.ts:89:13)

    console.log
      Draft token: 807d3048-d6fc-47d1-b583-b2e0f4652d02

      at sendDraftSaveEmail (app/api/draft/save/route.ts:90:13)

    console.log
      Draft save email would be sent to: 
test.g/-%.1k0dh.1`{.frn?1q=h=bbj.!vut9z.o901.p$|2?./_rd9vspcr3'.%^i@5p9qrp.bzf

      at sendDraftSaveEmail (app/api/draft/save/route.ts:88:13)

    console.log
      Subject: เธเธฑเธเธ—เธถเธเนเธเธเธเธญเธฃเนเธกเธชเธกเธฑเธเธฃเธเธญเธเธเธธเธ“ - 
เธชเธกเธฑเธเธฃเนเธเธฃเธเธเธฒเธฃ 100 เนเธฃเธเน€เธฃเธตเธขเธ

      at sendDraftSaveEmail (app/api/draft/save/route.ts:89:13)

    console.log
      Draft token: 57b4d026-caa0-47aa-b4f8-2baa0a41d1d5

      at sendDraftSaveEmail (app/api/draft/save/route.ts:90:13)

    console.log
      Draft save email would be sent to: test.kgzi36g$5giw.b__3|}z{.+ynhzr{mqb%_@zag.5j8s78xg2g26.as

      at sendDraftSaveEmail (app/api/draft/save/route.ts:88:13)

    console.log
      Subject: เธเธฑเธเธ—เธถเธเนเธเธเธเธญเธฃเนเธกเธชเธกเธฑเธเธฃเธเธญเธเธเธธเธ“ - 
เธชเธกเธฑเธเธฃเนเธเธฃเธเธเธฒเธฃ 100 เนเธฃเธเน€เธฃเธตเธขเธ

      at sendDraftSaveEmail (app/api/draft/save/route.ts:89:13)

    console.log
      Draft token: c99b44ec-f3d4-46e2-8304-2b284d7ff631

      at sendDraftSaveEmail (app/api/draft/save/route.ts:90:13)

    console.log
      Draft save email would be sent to: test.#|bindenq.^.8b@2foig.vdw

      at sendDraftSaveEmail (app/api/draft/save/route.ts:88:13)

    console.log
      Subject: เธเธฑเธเธ—เธถเธเนเธเธเธเธญเธฃเนเธกเธชเธกเธฑเธเธฃเธเธญเธเธเธธเธ“ - 
เธชเธกเธฑเธเธฃเนเธเธฃเธเธเธฒเธฃ 100 เนเธฃเธเน€เธฃเธตเธขเธ

      at sendDraftSaveEmail (app/api/draft/save/route.ts:89:13)

    console.log
      Draft token: b055dfee-16f4-48a1-8d3b-671433007280

      at sendDraftSaveEmail (app/api/draft/save/route.ts:90:13)

    console.log
      Draft save email would be sent to: 
test.`.kk.z.applyprot.#.ilbu2o5/~+'`.'-'.vbh`.l17l6l_fe5b-.t.49dt9#n!@rv.ryy

      at sendDraftSaveEmail (app/api/draft/save/route.ts:88:13)

    console.log
      Subject: เธเธฑเธเธ—เธถเธเนเธเธเธเธญเธฃเนเธกเธชเธกเธฑเธเธฃเธเธญเธเธเธธเธ“ - 
เธชเธกเธฑเธเธฃเธเธญเธฃเธฑเธเธเธฒเธฃเธชเธเธฑเธเธชเธเธธเธ

      at sendDraftSaveEmail (app/api/draft/save/route.ts:89:13)

    console.log
      Draft token: 1f9294c0-c24f-4bc9-bfb4-8fb623d4b686

      at sendDraftSaveEmail (app/api/draft/save/route.ts:90:13)

    console.log
      Draft save email would be sent to: test.tne+x=a|&.&&.}e&}enz.n@zac75.zx

      at sendDraftSaveEmail (app/api/draft/save/route.ts:88:13)

    console.log
      Subject: เธเธฑเธเธ—เธถเธเนเธเธเธเธญเธฃเนเธกเธชเธกเธฑเธเธฃเธเธญเธเธเธธเธ“ - 
เธชเธกเธฑเธเธฃเธเธญเธฃเธฑเธเธเธฒเธฃเธชเธเธฑเธเธชเธเธธเธ

      at sendDraftSaveEmail (app/api/draft/save/route.ts:89:13)

    console.log
      Draft token: 6cc8dfac-7e6f-4eab-9df1-de84d64954fd

      at sendDraftSaveEmail (app/api/draft/save/route.ts:90:13)

    console.log
      Draft save email would be sent to: test.+ve.4.yc|6w{y.#$$.'xy@ga3nu3cjiq7m.ssl

      at sendDraftSaveEmail (app/api/draft/save/route.ts:88:13)

    console.log
      Subject: เธเธฑเธเธ—เธถเธเนเธเธเธเธญเธฃเนเธกเธชเธกเธฑเธเธฃเธเธญเธเธเธธเธ“ - 
เธชเธกเธฑเธเธฃเนเธเธฃเธเธเธฒเธฃ 100 เนเธฃเธเน€เธฃเธตเธขเธ

      at sendDraftSaveEmail (app/api/draft/save/route.ts:89:13)

    console.log
      Draft token: 26eefa74-4fba-4f0e-a6b0-c66cab818204

      at sendDraftSaveEmail (app/api/draft/save/route.ts:90:13)

    console.log
      Draft save email would be sent to: test.e.bbd~|fji@ehnmuhml.w0.qrg

      at sendDraftSaveEmail (app/api/draft/save/route.ts:88:13)

    console.log
      Subject: เธเธฑเธเธ—เธถเธเนเธเธเธเธญเธฃเนเธกเธชเธกเธฑเธเธฃเธเธญเธเธเธธเธ“ - 
เธชเธกเธฑเธเธฃเธเธญเธฃเธฑเธเธเธฒเธฃเธชเธเธฑเธเธชเธเธธเธ

      at sendDraftSaveEmail (app/api/draft/save/route.ts:89:13)

    console.log
      Draft token: aa56e445-271e-46e9-bf23-18d6d01249fa

      at sendDraftSaveEmail (app/api/draft/save/route.ts:90:13)

    console.log
      Draft save email would be sent to: test._tz'/{i2e4v4.^rq1@fl-j.r.ren

      at sendDraftSaveEmail (app/api/draft/save/route.ts:88:13)

    console.log
      Subject: เธเธฑเธเธ—เธถเธเนเธเธเธเธญเธฃเนเธกเธชเธกเธฑเธเธฃเธเธญเธเธเธธเธ“ - 
เธชเธกเธฑเธเธฃเธเธญเธฃเธฑเธเธเธฒเธฃเธชเธเธฑเธเธชเธเธธเธ

      at sendDraftSaveEmail (app/api/draft/save/route.ts:89:13)

    console.log
      Draft token: b2256ed3-f8fa-46b5-a766-25f5c35248a8

      at sendDraftSaveEmail (app/api/draft/save/route.ts:90:13)

    console.log
      Draft save email would be sent to: test.}0k.{na01@gprototyt.5fkhqb6.gig

      at sendDraftSaveEmail (app/api/draft/save/route.ts:88:13)

    console.log
      Subject: เธเธฑเธเธ—เธถเธเนเธเธเธเธญเธฃเนเธกเธชเธกเธฑเธเธฃเธเธญเธเธเธธเธ“ - 
เธชเธกเธฑเธเธฃเนเธเธฃเธเธเธฒเธฃ 100 เนเธฃเธเน€เธฃเธตเธขเธ

      at sendDraftSaveEmail (app/api/draft/save/route.ts:89:13)

    console.log
      Draft token: 08f482f8-1478-48fc-9e9f-771d226a3f8a

      at sendDraftSaveEmail (app/api/draft/save/route.ts:90:13)

    console.log
      Draft save email would be sent to: test.f^yck~=1q`5@uyvoqeevtw3.acc7.sr

      at sendDraftSaveEmail (app/api/draft/save/route.ts:88:13)

    console.log
      Subject: เธเธฑเธเธ—เธถเธเนเธเธเธเธญเธฃเนเธกเธชเธกเธฑเธเธฃเธเธญเธเธเธธเธ“ - 
เธชเธกเธฑเธเธฃเธเธญเธฃเธฑเธเธเธฒเธฃเธชเธเธฑเธเธชเธเธธเธ

      at sendDraftSaveEmail (app/api/draft/save/route.ts:89:13)

    console.log
      Draft token: 74e5c8e3-fb85-4f9e-a773-76a9f6fbb168

      at sendDraftSaveEmail (app/api/draft/save/route.ts:90:13)

    console.log
      Draft save email would be sent to: test./%w/tgu~=8.%*~d+z$|4.`b&%f~.|vz9i#.#z%i94@g.4px9sxrjce.dw

      at sendDraftSaveEmail (app/api/draft/save/route.ts:88:13)

    console.log
      Subject: เธเธฑเธเธ—เธถเธเนเธเธเธเธญเธฃเนเธกเธชเธกเธฑเธเธฃเธเธญเธเธเธธเธ“ - 
เธชเธกเธฑเธเธฃเธเธญเธฃเธฑเธเธเธฒเธฃเธชเธเธฑเธเธชเธเธธเธ

      at sendDraftSaveEmail (app/api/draft/save/route.ts:89:13)

    console.log
      Draft token: b12dc4ed-721c-4e7e-be62-df26cf3ac960

      at sendDraftSaveEmail (app/api/draft/save/route.ts:90:13)

    console.log
      Draft save email would be sent to: test.*0^tb.p#/&%b`0d.g}l|yz@lv.g8fw2mhb6l.cap

      at sendDraftSaveEmail (app/api/draft/save/route.ts:88:13)

    console.log
      Subject: เธเธฑเธเธ—เธถเธเนเธเธเธเธญเธฃเนเธกเธชเธกเธฑเธเธฃเธเธญเธเธเธธเธ“ - 
เธชเธกเธฑเธเธฃเนเธเธฃเธเธเธฒเธฃ 100 เนเธฃเธเน€เธฃเธตเธขเธ

      at sendDraftSaveEmail (app/api/draft/save/route.ts:89:13)

    console.log
      Draft token: 4a742be8-43b8-4d09-931a-b54229a41044

      at sendDraftSaveEmail (app/api/draft/save/route.ts:90:13)

    console.log
      Draft save email would be sent to: 
test.~l.m0.d%c9enrec$.4y`^f5c`ed.~ue83=qp0u.hx|y6_d.&ld.s#63r'^3|k@l.tjv.yg

      at sendDraftSaveEmail (app/api/draft/save/route.ts:88:13)

    console.log
      Subject: เธเธฑเธเธ—เธถเธเนเธเธเธเธญเธฃเนเธกเธชเธกเธฑเธเธฃเธเธญเธเธเธธเธ“ - 
เธชเธกเธฑเธเธฃเนเธเธฃเธเธเธฒเธฃ 100 เนเธฃเธเน€เธฃเธตเธขเธ

      at sendDraftSaveEmail (app/api/draft/save/route.ts:89:13)

    console.log
      Draft token: 2c56c39d-ec6a-4c06-9c84-e9468aa234fa

      at sendDraftSaveEmail (app/api/draft/save/route.ts:90:13)

    console.log
      Draft save email would be sent to: test.6is%?/s%o.+^.fy@ehhhieg.tys

      at sendDraftSaveEmail (app/api/draft/save/route.ts:88:13)

    console.log
      Subject: เธเธฑเธเธ—เธถเธเนเธเธเธเธญเธฃเนเธกเธชเธกเธฑเธเธฃเธเธญเธเธเธธเธ“ - 
เธชเธกเธฑเธเธฃเนเธเธฃเธเธเธฒเธฃ 100 เนเธฃเธเน€เธฃเธตเธขเธ

      at sendDraftSaveEmail (app/api/draft/save/route.ts:89:13)

    console.log
      Draft token: 2f3f3080-450e-4f30-b153-31c192d3ae20

      at sendDraftSaveEmail (app/api/draft/save/route.ts:90:13)

    console.log
      Draft save email would be sent to: test.ro.u.'`a}t?ze.7s.bi.!|`@ufdod5mwk.erwyyq.pkx

      at sendDraftSaveEmail (app/api/draft/save/route.ts:88:13)

    console.log
      Subject: เธเธฑเธเธ—เธถเธเนเธเธเธเธญเธฃเนเธกเธชเธกเธฑเธเธฃเธเธญเธเธเธธเธ“ - 
เธชเธกเธฑเธเธฃเนเธเธฃเธเธเธฒเธฃ 100 เนเธฃเธเน€เธฃเธตเธขเธ

      at sendDraftSaveEmail (app/api/draft/save/route.ts:89:13)

    console.log
      Draft token: cffd9ee1-af5e-43a4-9e58-5c76f0a56182

      at sendDraftSaveEmail (app/api/draft/save/route.ts:90:13)

    console.log
      Draft save email would be sent to: 
test.w1.pe3.%yb.gn''z.swv.{&.}1`3_n*4-n8.+'y.a.1k#*%ka2|t/f.%1z-5{`$@ei8ncbsfjt.2i317ws4ja.dh

      at sendDraftSaveEmail (app/api/draft/save/route.ts:88:13)

    console.log
      Subject: เธเธฑเธเธ—เธถเธเนเธเธเธเธญเธฃเนเธกเธชเธกเธฑเธเธฃเธเธญเธเธเธธเธ“ - 
เธชเธกเธฑเธเธฃเธเธญเธฃเธฑเธเธเธฒเธฃเธชเธเธฑเธเธชเธเธธเธ

      at sendDraftSaveEmail (app/api/draft/save/route.ts:89:13)

    console.log
      Draft token: 12bcca97-7b56-4fa4-9ff2-065e394f2e0c

      at sendDraftSaveEmail (app/api/draft/save/route.ts:90:13)

    console.log
      Draft save email would be sent to: test.rqoixd'~`z0.4r5*38e?.4fs1v.b`f?63jb6a=t@j98nr.bidv5.sco

      at sendDraftSaveEmail (app/api/draft/save/route.ts:88:13)

    console.log
      Subject: เธเธฑเธเธ—เธถเธเนเธเธเธเธญเธฃเนเธกเธชเธกเธฑเธเธฃเธเธญเธเธเธธเธ“ - 
เธชเธกเธฑเธเธฃเนเธเธฃเธเธเธฒเธฃ 100 เนเธฃเธเน€เธฃเธตเธขเธ

      at sendDraftSaveEmail (app/api/draft/save/route.ts:89:13)

    console.log
      Draft token: 60c7d1ff-e974-4f70-b483-156ad4e8bf63

      at sendDraftSaveEmail (app/api/draft/save/route.ts:90:13)

    console.log
      Draft save email would be sent to: 
test.`r.2~k&.leng.ui24b=.8applyr.+ne2.q/?uz.l7$--/#k&.7%z^m%|bd@bo59ue.lvy

      at sendDraftSaveEmail (app/api/draft/save/route.ts:88:13)

    console.log
      Subject: เธเธฑเธเธ—เธถเธเนเธเธเธเธญเธฃเนเธกเธชเธกเธฑเธเธฃเธเธญเธเธเธธเธ“ - 
เธชเธกเธฑเธเธฃเนเธเธฃเธเธเธฒเธฃ 100 เนเธฃเธเน€เธฃเธตเธขเธ

      at sendDraftSaveEmail (app/api/draft/save/route.ts:89:13)

    console.log
      Draft token: f03cb5ef-d429-4974-85a5-e89537cfb761

      at sendDraftSaveEmail (app/api/draft/save/route.ts:90:13)

    console.log
      Draft save email would be sent to: test.?j{=0kedb.3_nfb.1du9~+$r6ob.}f93ij&-1gx@153kynk.rqo

      at sendDraftSaveEmail (app/api/draft/save/route.ts:88:13)

    console.log
      Subject: เธเธฑเธเธ—เธถเธเนเธเธเธเธญเธฃเนเธกเธชเธกเธฑเธเธฃเธเธญเธเธเธธเธ“ - 
เธชเธกเธฑเธเธฃเนเธเธฃเธเธเธฒเธฃ 100 เนเธฃเธเน€เธฃเธตเธขเธ

      at sendDraftSaveEmail (app/api/draft/save/route.ts:89:13)

    console.log
      Draft token: 48ccb2bb-1822-44f1-8788-3a2524364e0f

      at sendDraftSaveEmail (app/api/draft/save/route.ts:90:13)

    console.log
      Draft save email would be sent to: test.cfgg|^8nb9.7lj@71flaenj.0zm-p2z2y4.zn

      at sendDraftSaveEmail (app/api/draft/save/route.ts:88:13)

    console.log
      Subject: เธเธฑเธเธ—เธถเธเนเธเธเธเธญเธฃเนเธกเธชเธกเธฑเธเธฃเธเธญเธเธเธธเธ“ - 
เธชเธกเธฑเธเธฃเนเธเธฃเธเธเธฒเธฃ 100 เนเธฃเธเน€เธฃเธตเธขเธ

      at sendDraftSaveEmail (app/api/draft/save/route.ts:89:13)

    console.log
      Draft token: 12b8bfc1-9397-4813-828d-5f04baf5945b

      at sendDraftSaveEmail (app/api/draft/save/route.ts:90:13)

    console.log
      Draft save email would be sent to: test.7k.d{{m~.+@9i4kec5pke.5beg.fgk

      at sendDraftSaveEmail (app/api/draft/save/route.ts:88:13)

    console.log
      Subject: เธเธฑเธเธ—เธถเธเนเธเธเธเธญเธฃเนเธกเธชเธกเธฑเธเธฃเธเธญเธเธเธธเธ“ - 
เธชเธกเธฑเธเธฃเธเธญเธฃเธฑเธเธเธฒเธฃเธชเธเธฑเธเธชเธเธธเธ

      at sendDraftSaveEmail (app/api/draft/save/route.ts:89:13)

    console.log
      Draft token: f92bd1b4-7f9c-46a4-a951-1769dab83140

      at sendDraftSaveEmail (app/api/draft/save/route.ts:90:13)

    console.log
      Draft save email would be sent to: test.s!=grewn9@1.qxi

      at sendDraftSaveEmail (app/api/draft/save/route.ts:88:13)

    console.log
      Subject: เธเธฑเธเธ—เธถเธเนเธเธเธเธญเธฃเนเธกเธชเธกเธฑเธเธฃเธเธญเธเธเธธเธ“ - 
เธชเธกเธฑเธเธฃเนเธเธฃเธเธเธฒเธฃ 100 เนเธฃเธเน€เธฃเธตเธขเธ

      at sendDraftSaveEmail (app/api/draft/save/route.ts:89:13)

    console.log
      Draft token: 34ddd702-4af1-4b73-b9e0-e9ca76307a5a

      at sendDraftSaveEmail (app/api/draft/save/route.ts:90:13)

    console.log
      Draft save email would be sent to: test.7z5c-_6.nz{i.d|a_1brla^@8kt.gc.sog

      at sendDraftSaveEmail (app/api/draft/save/route.ts:88:13)

    console.log
      Subject: เธเธฑเธเธ—เธถเธเนเธเธเธเธญเธฃเนเธกเธชเธกเธฑเธเธฃเธเธญเธเธเธธเธ“ - 
เธชเธกเธฑเธเธฃเนเธเธฃเธเธเธฒเธฃ 100 เนเธฃเธเน€เธฃเธตเธขเธ

      at sendDraftSaveEmail (app/api/draft/save/route.ts:89:13)

    console.log
      Draft token: d199ba2e-c546-458a-acf5-b98235287351

      at sendDraftSaveEmail (app/api/draft/save/route.ts:90:13)

    console.log
      Draft save email would be sent to: 
test.?j$ve'j_.^b4t/!7z8?e.=r3%i{+hup%.ptg.%&8_&^~9?.m+e.uhj6}$@coppq0.ny

      at sendDraftSaveEmail (app/api/draft/save/route.ts:88:13)

    console.log
      Subject: เธเธฑเธเธ—เธถเธเนเธเธเธเธญเธฃเนเธกเธชเธกเธฑเธเธฃเธเธญเธเธเธธเธ“ - 
เธชเธกเธฑเธเธฃเนเธเธฃเธเธเธฒเธฃ 100 เนเธฃเธเน€เธฃเธตเธขเธ

      at sendDraftSaveEmail (app/api/draft/save/route.ts:89:13)

    console.log
      Draft token: 380e0741-fbe9-4a06-8128-019c41a00a54

      at sendDraftSaveEmail (app/api/draft/save/route.ts:90:13)

    console.log
      Draft save email would be sent to: 
test.v$^q&hd.c}/?2!&9t8%.!5.+di~o=0.fd9#k`v5.hzg%3=ga.|9.48n63.89#u8y@grsbrawv694.dy

      at sendDraftSaveEmail (app/api/draft/save/route.ts:88:13)

    console.log
      Subject: เธเธฑเธเธ—เธถเธเนเธเธเธเธญเธฃเนเธกเธชเธกเธฑเธเธฃเธเธญเธเธเธธเธ“ - 
เธชเธกเธฑเธเธฃเธเธญเธฃเธฑเธเธเธฒเธฃเธชเธเธฑเธเธชเธเธธเธ

      at sendDraftSaveEmail (app/api/draft/save/route.ts:89:13)

    console.log
      Draft token: edb93954-5f59-4773-bd18-b4094e6aacc4

      at sendDraftSaveEmail (app/api/draft/save/route.ts:90:13)

    console.log
      Draft save email would be sent to: test.dc+g'l4hm!}.ebb'4%?m@okubko1nft7.kmg4todubzn.key

      at sendDraftSaveEmail (app/api/draft/save/route.ts:88:13)

    console.log
      Subject: เธเธฑเธเธ—เธถเธเนเธเธเธเธญเธฃเนเธกเธชเธกเธฑเธเธฃเธเธญเธเธเธธเธ“ - 
เธชเธกเธฑเธเธฃเนเธเธฃเธเธเธฒเธฃ 100 เนเธฃเธเน€เธฃเธตเธขเธ

      at sendDraftSaveEmail (app/api/draft/save/route.ts:89:13)

    console.log
      Draft token: e5cc9cd1-2892-407c-acbc-e2ebe572851b

      at sendDraftSaveEmail (app/api/draft/save/route.ts:90:13)

    console.log
      Draft save email would be sent to: test.j.+cy`.-_^4i}6.bt}$x=9.}@o.wi

      at sendDraftSaveEmail (app/api/draft/save/route.ts:88:13)

    console.log
      Subject: เธเธฑเธเธ—เธถเธเนเธเธเธเธญเธฃเนเธกเธชเธกเธฑเธเธฃเธเธญเธเธเธธเธ“ - 
เธชเธกเธฑเธเธฃเนเธเธฃเธเธเธฒเธฃ 100 เนเธฃเธเน€เธฃเธตเธขเธ

      at sendDraftSaveEmail (app/api/draft/save/route.ts:89:13)

    console.log
      Draft token: 8e38621e-ed10-47a0-b0a1-459351fcdeb6

      at sendDraftSaveEmail (app/api/draft/save/route.ts:90:13)

    console.log
      Draft save email would be sent to: test.%gw.$?kyauc2%.%.r?r3m=.c/6+.d6.o~qbm}@0e-m93amd.xn

      at sendDraftSaveEmail (app/api/draft/save/route.ts:88:13)

    console.log
      Subject: เธเธฑเธเธ—เธถเธเนเธเธเธเธญเธฃเนเธกเธชเธกเธฑเธเธฃเธเธญเธเธเธธเธ“ - 
เธชเธกเธฑเธเธฃเนเธเธฃเธเธเธฒเธฃ 100 เนเธฃเธเน€เธฃเธตเธขเธ

      at sendDraftSaveEmail (app/api/draft/save/route.ts:89:13)

    console.log
      Draft token: ca449739-3d73-4c6e-b053-7ece45444c45

      at sendDraftSaveEmail (app/api/draft/save/route.ts:90:13)

    console.log
      Draft save email would be sent to: test.bi{3!}4q7b@u3lvvvark.4z-y1c4.sdi

      at sendDraftSaveEmail (app/api/draft/save/route.ts:88:13)

    console.log
      Subject: เธเธฑเธเธ—เธถเธเนเธเธเธเธญเธฃเนเธกเธชเธกเธฑเธเธฃเธเธญเธเธเธธเธ“ - 
เธชเธกเธฑเธเธฃเธเธญเธฃเธฑเธเธเธฒเธฃเธชเธเธฑเธเธชเธเธธเธ

      at sendDraftSaveEmail (app/api/draft/save/route.ts:89:13)

    console.log
      Draft token: aa38b900-e55d-4446-aeea-aa2d4a24ae57

      at sendDraftSaveEmail (app/api/draft/save/route.ts:90:13)

    console.log
      Draft save email would be sent to: 
test.v$u}q38|q.$*b&ylu8r+c.?.-=j2f#v.61pk1^|i3!*$.jfm*fe.mq~&@gzmlxdu-lqsj.nw

      at sendDraftSaveEmail (app/api/draft/save/route.ts:88:13)

    console.log
      Subject: เธเธฑเธเธ—เธถเธเนเธเธเธเธญเธฃเนเธกเธชเธกเธฑเธเธฃเธเธญเธเธเธธเธ“ - 
เธชเธกเธฑเธเธฃเนเธเธฃเธเธเธฒเธฃ 100 เนเธฃเธเน€เธฃเธตเธขเธ

      at sendDraftSaveEmail (app/api/draft/save/route.ts:89:13)

    console.log
      Draft token: a5ca73ad-ddba-46f2-9ba7-97b513c339f1

      at sendDraftSaveEmail (app/api/draft/save/route.ts:90:13)

    console.log
      Draft save email would be sent to: test.*%@g.rkb

      at sendDraftSaveEmail (app/api/draft/save/route.ts:88:13)

    console.log
      Subject: เธเธฑเธเธ—เธถเธเนเธเธเธเธญเธฃเนเธกเธชเธกเธฑเธเธฃเธเธญเธเธเธธเธ“ - 
เธชเธกเธฑเธเธฃเธเธญเธฃเธฑเธเธเธฒเธฃเธชเธเธฑเธเธชเธเธธเธ

      at sendDraftSaveEmail (app/api/draft/save/route.ts:89:13)

    console.log
      Draft token: cfb5bfef-7f45-43b4-859e-49c02037ba3e

      at sendDraftSaveEmail (app/api/draft/save/route.ts:90:13)

    console.log
      Draft save email would be sent to: test.w$-.f$+_'.3nu4w4^t8j.|c3vn8y'?|uy.6g'.&u@s.yz.nsz

      at sendDraftSaveEmail (app/api/draft/save/route.ts:88:13)

    console.log
      Subject: เธเธฑเธเธ—เธถเธเนเธเธเธเธญเธฃเนเธกเธชเธกเธฑเธเธฃเธเธญเธเธเธธเธ“ - 
เธชเธกเธฑเธเธฃเธเธญเธฃเธฑเธเธเธฒเธฃเธชเธเธฑเธเธชเธเธธเธ

      at sendDraftSaveEmail (app/api/draft/save/route.ts:89:13)

    console.log
      Draft token: 1f39f369-a75f-4906-afa1-e279364ba0e3

      at sendDraftSaveEmail (app/api/draft/save/route.ts:90:13)

    console.log
      Draft save email would be sent to: test.zc$m.f/h1.eref.1.'`j&-*9c@co-o0-t5v48.zj

      at sendDraftSaveEmail (app/api/draft/save/route.ts:88:13)

    console.log
      Subject: เธเธฑเธเธ—เธถเธเนเธเธเธเธญเธฃเนเธกเธชเธกเธฑเธเธฃเธเธญเธเธเธธเธ“ - 
เธชเธกเธฑเธเธฃเธเธญเธฃเธฑเธเธเธฒเธฃเธชเธเธฑเธเธชเธเธธเธ

      at sendDraftSaveEmail (app/api/draft/save/route.ts:89:13)

    console.log
      Draft token: 9024d04a-99b1-495a-9ac3-909de275efd3

      at sendDraftSaveEmail (app/api/draft/save/route.ts:90:13)

    console.log
      Draft save email would be sent to: test./d+%i^.#5arr.~4vj=q.__pro@x.cj

      at sendDraftSaveEmail (app/api/draft/save/route.ts:88:13)

    console.log
      Subject: เธเธฑเธเธ—เธถเธเนเธเธเธเธญเธฃเนเธกเธชเธกเธฑเธเธฃเธเธญเธเธเธธเธ“ - 
เธชเธกเธฑเธเธฃเนเธเธฃเธเธเธฒเธฃ 100 เนเธฃเธเน€เธฃเธตเธขเธ

      at sendDraftSaveEmail (app/api/draft/save/route.ts:89:13)

    console.log
      Draft token: ba6b714b-b4c8-4814-bdf3-3598f153144a

      at sendDraftSaveEmail (app/api/draft/save/route.ts:90:13)

    console.log
      Draft save email would be sent to: test.nk.y1.5/e~v&q.m@o.6mbqs6vd.bca

      at sendDraftSaveEmail (app/api/draft/save/route.ts:88:13)

    console.log
      Subject: เธเธฑเธเธ—เธถเธเนเธเธเธเธญเธฃเนเธกเธชเธกเธฑเธเธฃเธเธญเธเธเธธเธ“ - 
เธชเธกเธฑเธเธฃเนเธเธฃเธเธเธฒเธฃ 100 เนเธฃเธเน€เธฃเธตเธขเธ

      at sendDraftSaveEmail (app/api/draft/save/route.ts:89:13)

    console.log
      Draft token: b50dc249-f4ed-4311-87c4-6fbcaa0fc624

      at sendDraftSaveEmail (app/api/draft/save/route.ts:90:13)

    console.log
      Draft save email would be sent to: test.u.$7p@no1dapya8vzq.bej

      at sendDraftSaveEmail (app/api/draft/save/route.ts:88:13)

    console.log
      Subject: เธเธฑเธเธ—เธถเธเนเธเธเธเธญเธฃเนเธกเธชเธกเธฑเธเธฃเธเธญเธเธเธธเธ“ - 
เธชเธกเธฑเธเธฃเนเธเธฃเธเธเธฒเธฃ 100 เนเธฃเธเน€เธฃเธตเธขเธ

      at sendDraftSaveEmail (app/api/draft/save/route.ts:89:13)

    console.log
      Draft token: be060f33-2ea6-40c7-92c1-cbfb11533f10

      at sendDraftSaveEmail (app/api/draft/save/route.ts:90:13)

    console.log
      Draft save email would be sent to: test.|$%/0dkv.51i=q0.rb+3._vpk.9=`'u/~/#@0jo47juifu.rg8ohkot4o6.vmu

      at sendDraftSaveEmail (app/api/draft/save/route.ts:88:13)

    console.log
      Subject: เธเธฑเธเธ—เธถเธเนเธเธเธเธญเธฃเนเธกเธชเธกเธฑเธเธฃเธเธญเธเธเธธเธ“ - 
เธชเธกเธฑเธเธฃเนเธเธฃเธเธเธฒเธฃ 100 เนเธฃเธเน€เธฃเธตเธขเธ

      at sendDraftSaveEmail (app/api/draft/save/route.ts:89:13)

    console.log
      Draft token: b22e1635-a1ba-45c2-95eb-15670b38842f

      at sendDraftSaveEmail (app/api/draft/save/route.ts:90:13)

    console.log
      Draft save email would be sent to: test.h/2vja$.o1dzean'.n.v}qr'.sd9}5%y#?.l^2l.-qye^*yxq5t@xbi75ec.ktj

      at sendDraftSaveEmail (app/api/draft/save/route.ts:88:13)

    console.log
      Subject: เธเธฑเธเธ—เธถเธเนเธเธเธเธญเธฃเนเธกเธชเธกเธฑเธเธฃเธเธญเธเธเธธเธ“ - 
เธชเธกเธฑเธเธฃเธเธญเธฃเธฑเธเธเธฒเธฃเธชเธเธฑเธเธชเธเธธเธ

      at sendDraftSaveEmail (app/api/draft/save/route.ts:89:13)

    console.log
      Draft token: bb276dc5-e0b1-406f-9d41-4eb0fc8888af

      at sendDraftSaveEmail (app/api/draft/save/route.ts:90:13)

    console.log
      Draft save email would be sent to: 
test.oah/v.4tm_}'s3p~.s*hryuoda!nr.+.nb{wn1.vkeo.k6~y}jbi{.a$3&c147b@3x3f.pp

      at sendDraftSaveEmail (app/api/draft/save/route.ts:88:13)

    console.log
      Subject: เธเธฑเธเธ—เธถเธเนเธเธเธเธญเธฃเนเธกเธชเธกเธฑเธเธฃเธเธญเธเธเธธเธ“ - 
เธชเธกเธฑเธเธฃเธเธญเธฃเธฑเธเธเธฒเธฃเธชเธเธฑเธเธชเธเธธเธ

      at sendDraftSaveEmail (app/api/draft/save/route.ts:89:13)

    console.log
      Draft token: f95c4ffa-c5d9-4c67-add4-d154e9d32589

      at sendDraftSaveEmail (app/api/draft/save/route.ts:90:13)

    console.log
      Draft save email would be sent to: test.8&l^a1o.z%1.1=0x.$bx7@a8kmhoi0w.btj

      at sendDraftSaveEmail (app/api/draft/save/route.ts:88:13)

    console.log
      Subject: เธเธฑเธเธ—เธถเธเนเธเธเธเธญเธฃเนเธกเธชเธกเธฑเธเธฃเธเธญเธเธเธธเธ“ - 
เธชเธกเธฑเธเธฃเธเธญเธฃเธฑเธเธเธฒเธฃเธชเธเธฑเธเธชเธเธธเธ

      at sendDraftSaveEmail (app/api/draft/save/route.ts:89:13)

    console.log
      Draft token: 0ea2e92d-63c2-40a1-9d45-7dc08b07e1e8

      at sendDraftSaveEmail (app/api/draft/save/route.ts:90:13)

    console.log
      Draft save email would be sent to: 
test.hp-|ouv.1~o-`6sob.|.#.k!`#g1*.^-.$9f+q~o3a~6q.0`q.lb!c.|gj./@y7uchva.9.gu

      at sendDraftSaveEmail (app/api/draft/save/route.ts:88:13)

    console.log
      Subject: เธเธฑเธเธ—เธถเธเนเธเธเธเธญเธฃเนเธกเธชเธกเธฑเธเธฃเธเธญเธเธเธธเธ“ - 
เธชเธกเธฑเธเธฃเธเธญเธฃเธฑเธเธเธฒเธฃเธชเธเธฑเธเธชเธเธธเธ

      at sendDraftSaveEmail (app/api/draft/save/route.ts:89:13)

    console.log
      Draft token: d3cf2e4e-870e-4082-b10a-26e9970451e5

      at sendDraftSaveEmail (app/api/draft/save/route.ts:90:13)

    console.log
      Draft save email would be sent to: test.f.h.zdekee}az`.v=./xj~$.wkf3udp_a.j%.=|%_.s@br-otvf.jqtk.xy

      at sendDraftSaveEmail (app/api/draft/save/route.ts:88:13)

    console.log
      Subject: เธเธฑเธเธ—เธถเธเนเธเธเธเธญเธฃเนเธกเธชเธกเธฑเธเธฃเธเธญเธเธเธธเธ“ - 
เธชเธกเธฑเธเธฃเธเธญเธฃเธฑเธเธเธฒเธฃเธชเธเธฑเธเธชเธเธธเธ

      at sendDraftSaveEmail (app/api/draft/save/route.ts:89:13)

    console.log
      Draft token: e73f6141-5b72-41db-bd97-550fb686bbd9

      at sendDraftSaveEmail (app/api/draft/save/route.ts:90:13)

    console.log
      Draft save email would be sent to: 
test.c15`/.6^qo+7h5.94a|4.o}.a7=34y~fa.t.v.%^e/mq8!.wjnx0'6/y.se_y.h@xg4foggmsc2h.ol

      at sendDraftSaveEmail (app/api/draft/save/route.ts:88:13)

    console.log
      Subject: เธเธฑเธเธ—เธถเธเนเธเธเธเธญเธฃเนเธกเธชเธกเธฑเธเธฃเธเธญเธเธเธธเธ“ - 
เธชเธกเธฑเธเธฃเธเธญเธฃเธฑเธเธเธฒเธฃเธชเธเธฑเธเธชเธเธธเธ

      at sendDraftSaveEmail (app/api/draft/save/route.ts:89:13)

    console.log
      Draft token: 9af70a02-698e-4481-a7a4-6ae4108a156f

      at sendDraftSaveEmail (app/api/draft/save/route.ts:90:13)

    console.log
      Draft save email would be sent to: 
test.ya+r.h^.6.-.1^h0w1u`.y1#.ref.z?=+m}v1m7f.}q||3*~{_c.tyc=?qqd2x4u@5kb0feh2tn0.hue-0wf.gb

      at sendDraftSaveEmail (app/api/draft/save/route.ts:88:13)

    console.log
      Subject: เธเธฑเธเธ—เธถเธเนเธเธเธเธญเธฃเนเธกเธชเธกเธฑเธเธฃเธเธญเธเธเธธเธ“ - 
เธชเธกเธฑเธเธฃเนเธเธฃเธเธเธฒเธฃ 100 เนเธฃเธเน€เธฃเธตเธขเธ

      at sendDraftSaveEmail (app/api/draft/save/route.ts:89:13)

    console.log
      Draft token: 1b1267bf-7918-48fd-b615-e3532049ca8e

      at sendDraftSaveEmail (app/api/draft/save/route.ts:90:13)

    console.log
      Draft save email would be sent to: test.ed-{g.*wx.a.n&*0k=.6}t^.~@61tu9.in

      at sendDraftSaveEmail (app/api/draft/save/route.ts:88:13)

    console.log
      Subject: เธเธฑเธเธ—เธถเธเนเธเธเธเธญเธฃเนเธกเธชเธกเธฑเธเธฃเธเธญเธเธเธธเธ“ - 
เธชเธกเธฑเธเธฃเธเธญเธฃเธฑเธเธเธฒเธฃเธชเธเธฑเธเธชเธเธธเธ

      at sendDraftSaveEmail (app/api/draft/save/route.ts:89:13)

    console.log
      Draft token: 910817b1-681f-48de-8e40-4c595a4198cc

      at sendDraftSaveEmail (app/api/draft/save/route.ts:90:13)

    console.log
      Draft save email would be sent to: test.l0n`nyt#{g#@pqs089cggq42.z0cs.oil

      at sendDraftSaveEmail (app/api/draft/save/route.ts:88:13)

    console.log
      Subject: เธเธฑเธเธ—เธถเธเนเธเธเธเธญเธฃเนเธกเธชเธกเธฑเธเธฃเธเธญเธเธเธธเธ“ - 
เธชเธกเธฑเธเธฃเนเธเธฃเธเธเธฒเธฃ 100 เนเธฃเธเน€เธฃเธตเธขเธ

      at sendDraftSaveEmail (app/api/draft/save/route.ts:89:13)

    console.log
      Draft token: 474c331c-db9b-4526-a1fe-260083ad0041

      at sendDraftSaveEmail (app/api/draft/save/route.ts:90:13)

    console.log
      Draft save email would be sent to: test.+1w{0qdg~zu.'0'?~b|l%9@c2m5pv.7r397cay8z8.ey

      at sendDraftSaveEmail (app/api/draft/save/route.ts:88:13)

    console.log
      Subject: เธเธฑเธเธ—เธถเธเนเธเธเธเธญเธฃเนเธกเธชเธกเธฑเธเธฃเธเธญเธเธเธธเธ“ - 
เธชเธกเธฑเธเธฃเนเธเธฃเธเธเธฒเธฃ 100 เนเธฃเธเน€เธฃเธตเธขเธ

      at sendDraftSaveEmail (app/api/draft/save/route.ts:89:13)

    console.log
      Draft token: 24e44d73-a3cb-45e7-8288-eaaae1f61f43

      at sendDraftSaveEmail (app/api/draft/save/route.ts:90:13)

    console.log
      Draft save email would be sent to: 
test.?g4$d4!{6b.xpeg.$/^9~#f$9.'%5a.-b^~.t'm1?0.hhom*1a.c-y90rgohh~@oqqrnqti.u.qpl

      at sendDraftSaveEmail (app/api/draft/save/route.ts:88:13)

    console.log
      Subject: เธเธฑเธเธ—เธถเธเนเธเธเธเธญเธฃเนเธกเธชเธกเธฑเธเธฃเธเธญเธเธเธธเธ“ - 
เธชเธกเธฑเธเธฃเนเธเธฃเธเธเธฒเธฃ 100 เนเธฃเธเน€เธฃเธตเธขเธ

      at sendDraftSaveEmail (app/api/draft/save/route.ts:89:13)

    console.log
      Draft token: 66c79ca8-95fb-44d8-8a86-d6b8f698fcd2

      at sendDraftSaveEmail (app/api/draft/save/route.ts:90:13)

    console.log
      Draft save email would be sent to: 
test.?/%#m*ym`+'=.$47rb*_pb0j$.?j!x/b37a.=t+0&313=7hx.b/#nwk1.2x|ie@ud4.bfbw1a.nk

      at sendDraftSaveEmail (app/api/draft/save/route.ts:88:13)

    console.log
      Subject: เธเธฑเธเธ—เธถเธเนเธเธเธเธญเธฃเนเธกเธชเธกเธฑเธเธฃเธเธญเธเธเธธเธ“ - 
เธชเธกเธฑเธเธฃเนเธเธฃเธเธเธฒเธฃ 100 เนเธฃเธเน€เธฃเธตเธขเธ

      at sendDraftSaveEmail (app/api/draft/save/route.ts:89:13)

    console.log
      Draft token: ba27bbe3-f68f-4d16-ac3e-842b6ffb8390

      at sendDraftSaveEmail (app/api/draft/save/route.ts:90:13)

    console.log
      Draft save email would be sent to: test.**21vr''?.`a5&u{.y.ykb}.'g'.e/1%v@kzs.75.ghd

      at sendDraftSaveEmail (app/api/draft/save/route.ts:88:13)

    console.log
      Subject: เธเธฑเธเธ—เธถเธเนเธเธเธเธญเธฃเนเธกเธชเธกเธฑเธเธฃเธเธญเธเธเธธเธ“ - 
เธชเธกเธฑเธเธฃเนเธเธฃเธเธเธฒเธฃ 100 เนเธฃเธเน€เธฃเธตเธขเธ

      at sendDraftSaveEmail (app/api/draft/save/route.ts:89:13)

    console.log
      Draft token: ea2f6d25-e5ff-4ede-a228-5fc9df06b89c

      at sendDraftSaveEmail (app/api/draft/save/route.ts:90:13)

    console.log
      Draft save email would be sent to: test.5l5`or#s.%8i48d.c{cb.~ff@14s-gpplm.tdlttaxq1z.ztc

      at sendDraftSaveEmail (app/api/draft/save/route.ts:88:13)

    console.log
      Subject: เธเธฑเธเธ—เธถเธเนเธเธเธเธญเธฃเนเธกเธชเธกเธฑเธเธฃเธเธญเธเธเธธเธ“ - 
เธชเธกเธฑเธเธฃเธเธญเธฃเธฑเธเธเธฒเธฃเธชเธเธฑเธเธชเธเธธเธ

      at sendDraftSaveEmail (app/api/draft/save/route.ts:89:13)

    console.log
      Draft token: 280e803b-7028-4924-933c-614cfef62af0

      at sendDraftSaveEmail (app/api/draft/save/route.ts:90:13)

    console.log
      Draft save email would be sent to: test.eqff*q{bau^{.key.edds@s6hzcwoy.js.ref

      at sendDraftSaveEmail (app/api/draft/save/route.ts:88:13)

    console.log
      Subject: เธเธฑเธเธ—เธถเธเนเธเธเธเธญเธฃเนเธกเธชเธกเธฑเธเธฃเธเธญเธเธเธธเธ“ - 
เธชเธกเธฑเธเธฃเนเธเธฃเธเธเธฒเธฃ 100 เนเธฃเธเน€เธฃเธตเธขเธ

      at sendDraftSaveEmail (app/api/draft/save/route.ts:89:13)

    console.log
      Draft token: 25b6d967-09e0-4a71-a0f3-04f1c38d6809

      at sendDraftSaveEmail (app/api/draft/save/route.ts:90:13)

    console.log
      Draft save email would be sent to: test.rg9i0t74}.key.%}*@ey6e.b6mwub5175.pr

      at sendDraftSaveEmail (app/api/draft/save/route.ts:88:13)

    console.log
      Subject: เธเธฑเธเธ—เธถเธเนเธเธเธเธญเธฃเนเธกเธชเธกเธฑเธเธฃเธเธญเธเธเธธเธ“ - 
เธชเธกเธฑเธเธฃเธเธญเธฃเธฑเธเธเธฒเธฃเธชเธเธฑเธเธชเธเธธเธ

      at sendDraftSaveEmail (app/api/draft/save/route.ts:89:13)

    console.log
      Draft token: 0a561e23-0cd3-4a3c-87d6-8fbb29097a56

      at sendDraftSaveEmail (app/api/draft/save/route.ts:90:13)

    console.log
      Draft save email would be sent to: 
test.--jg?.sgdpqujt71rv.+zz.$.-xs~9.*_es~461.-0`%u{9_?o.yxjn*@yznx6b9u.r.bff

      at sendDraftSaveEmail (app/api/draft/save/route.ts:88:13)

    console.log
      Subject: เธเธฑเธเธ—เธถเธเนเธเธเธเธญเธฃเนเธกเธชเธกเธฑเธเธฃเธเธญเธเธเธธเธ“ - 
เธชเธกเธฑเธเธฃเนเธเธฃเธเธเธฒเธฃ 100 เนเธฃเธเน€เธฃเธตเธขเธ

      at sendDraftSaveEmail (app/api/draft/save/route.ts:89:13)

    console.log
      Draft token: 9b92c0f8-ed41-4faf-8800-400b4f1b3849

      at sendDraftSaveEmail (app/api/draft/save/route.ts:90:13)

    console.log
      Draft save email would be sent to: 
test.a'nv_.62q.4?7`3$~'|7.`2l%.c6.ut.0`.u/v8~r.3.%2nazw72m.3^}'j.}9nl@jukxwgv.5vq.pk

      at sendDraftSaveEmail (app/api/draft/save/route.ts:88:13)

    console.log
      Subject: เธเธฑเธเธ—เธถเธเนเธเธเธเธญเธฃเนเธกเธชเธกเธฑเธเธฃเธเธญเธเธเธธเธ“ - 
เธชเธกเธฑเธเธฃเธเธญเธฃเธฑเธเธเธฒเธฃเธชเธเธฑเธเธชเธเธธเธ

      at sendDraftSaveEmail (app/api/draft/save/route.ts:89:13)

    console.log
      Draft token: 8163db42-de9b-43cd-98e3-284b213fb7b5

      at sendDraftSaveEmail (app/api/draft/save/route.ts:90:13)

    console.log
      Draft save email would be sent to: 
test.k08u={7~.uz7%'8$}u^v.a5v?'0.lx0.}isz5n.tpf.{/%@udad4-oijkor.55.mss

      at sendDraftSaveEmail (app/api/draft/save/route.ts:88:13)

    console.log
      Subject: เธเธฑเธเธ—เธถเธเนเธเธเธเธญเธฃเนเธกเธชเธกเธฑเธเธฃเธเธญเธเธเธธเธ“ - 
เธชเธกเธฑเธเธฃเนเธเธฃเธเธเธฒเธฃ 100 เนเธฃเธเน€เธฃเธตเธขเธ

      at sendDraftSaveEmail (app/api/draft/save/route.ts:89:13)

    console.log
      Draft token: 837c835a-0097-4815-831d-95526229b7a8

      at sendDraftSaveEmail (app/api/draft/save/route.ts:90:13)

    console.log
      Draft save email would be sent to: test.ur.pj~7o&ba!.eo-~4s6zy%a.&g.j=@1uca.fg.boo

      at sendDraftSaveEmail (app/api/draft/save/route.ts:88:13)

    console.log
      Subject: เธเธฑเธเธ—เธถเธเนเธเธเธเธญเธฃเนเธกเธชเธกเธฑเธเธฃเธเธญเธเธเธธเธ“ - 
เธชเธกเธฑเธเธฃเธเธญเธฃเธฑเธเธเธฒเธฃเธชเธเธฑเธเธชเธเธธเธ

      at sendDraftSaveEmail (app/api/draft/save/route.ts:89:13)

    console.log
      Draft token: 4deb18ec-4f77-40f4-a9e8-43ddbc9585f9

      at sendDraftSaveEmail (app/api/draft/save/route.ts:90:13)

    console.log
      Draft save email would be sent to: test.+|^7987x~.ref@r.8.iwg

      at sendDraftSaveEmail (app/api/draft/save/route.ts:88:13)

    console.log
      Subject: เธเธฑเธเธ—เธถเธเนเธเธเธเธญเธฃเนเธกเธชเธกเธฑเธเธฃเธเธญเธเธเธธเธ“ - 
เธชเธกเธฑเธเธฃเนเธเธฃเธเธเธฒเธฃ 100 เนเธฃเธเน€เธฃเธตเธขเธ

      at sendDraftSaveEmail (app/api/draft/save/route.ts:89:13)

    console.log
      Draft token: 59c8bfab-39d8-44d5-9179-dd02f4e32d8e

      at sendDraftSaveEmail (app/api/draft/save/route.ts:90:13)

    console.log
      Draft save email would be sent to: test.v^35v/cv./m/zn7ff^.btlyd%qn7@qgvr8.f7oa30n93-d0.xx

      at sendDraftSaveEmail (app/api/draft/save/route.ts:88:13)

    console.log
      Subject: เธเธฑเธเธ—เธถเธเนเธเธเธเธญเธฃเนเธกเธชเธกเธฑเธเธฃเธเธญเธเธเธธเธ“ - 
เธชเธกเธฑเธเธฃเธเธญเธฃเธฑเธเธเธฒเธฃเธชเธเธฑเธเธชเธเธธเธ

      at sendDraftSaveEmail (app/api/draft/save/route.ts:89:13)

    console.log
      Draft token: c58536ea-841e-4b5f-8894-566d41b0d5c1

      at sendDraftSaveEmail (app/api/draft/save/route.ts:90:13)

    console.log
      Draft save email would be sent to: test.}#aj-s+.qj|{?3bo.#__|ff0c{&}`.a52'|v!9=w.8px.o7@6.lq

      at sendDraftSaveEmail (app/api/draft/save/route.ts:88:13)

    console.log
      Subject: เธเธฑเธเธ—เธถเธเนเธเธเธเธญเธฃเนเธกเธชเธกเธฑเธเธฃเธเธญเธเธเธธเธ“ - 
เธชเธกเธฑเธเธฃเธเธญเธฃเธฑเธเธเธฒเธฃเธชเธเธฑเธเธชเธเธธเธ

      at sendDraftSaveEmail (app/api/draft/save/route.ts:89:13)

    console.log
      Draft token: da63abde-706d-44e1-875b-7a6104985b3f

      at sendDraftSaveEmail (app/api/draft/save/route.ts:90:13)

    console.log
      Draft save email would be sent to: test.}jxe{a.v7/bi.!?8a.ea@pt7oeuqw4c.9nu-pg1.yp

      at sendDraftSaveEmail (app/api/draft/save/route.ts:88:13)

    console.log
      Subject: เธเธฑเธเธ—เธถเธเนเธเธเธเธญเธฃเนเธกเธชเธกเธฑเธเธฃเธเธญเธเธเธธเธ“ - 
เธชเธกเธฑเธเธฃเนเธเธฃเธเธเธฒเธฃ 100 เนเธฃเธเน€เธฃเธตเธขเธ

      at sendDraftSaveEmail (app/api/draft/save/route.ts:89:13)

    console.log
      Draft token: e370532c-104a-4faf-a2ff-bbbd3af94fcd

      at sendDraftSaveEmail (app/api/draft/save/route.ts:90:13)

    console.log
      Draft save email would be sent to: test.-/4a&mqy|yma.f|x}yd*~!'f2.ref@2.cp

      at sendDraftSaveEmail (app/api/draft/save/route.ts:88:13)

    console.log
      Subject: เธเธฑเธเธ—เธถเธเนเธเธเธเธญเธฃเนเธกเธชเธกเธฑเธเธฃเธเธญเธเธเธธเธ“ - 
เธชเธกเธฑเธเธฃเธเธญเธฃเธฑเธเธเธฒเธฃเธชเธเธฑเธเธชเธเธธเธ

      at sendDraftSaveEmail (app/api/draft/save/route.ts:89:13)

    console.log
      Draft token: 9d450ca7-a3ea-4d72-ac99-251e6b6aea26

      at sendDraftSaveEmail (app/api/draft/save/route.ts:90:13)

    console.log
      Draft save email would be sent to: test.=ko~.25/^.w2uh'pk/5d.6del!*^$x@ro1b0a8uhh.na

      at sendDraftSaveEmail (app/api/draft/save/route.ts:88:13)

    console.log
      Subject: เธเธฑเธเธ—เธถเธเนเธเธเธเธญเธฃเนเธกเธชเธกเธฑเธเธฃเธเธญเธเธเธธเธ“ - 
เธชเธกเธฑเธเธฃเธเธญเธฃเธฑเธเธเธฒเธฃเธชเธเธฑเธเธชเธเธธเธ

      at sendDraftSaveEmail (app/api/draft/save/route.ts:89:13)

    console.log
      Draft token: 917e562d-cfef-4395-9ec2-df58eac4069f

      at sendDraftSaveEmail (app/api/draft/save/route.ts:90:13)

    console.log
      Draft save email would be sent to: test.rg0t##.i`wg.i2/3.s.qnqzs`-w?x%.yu_`%'5@m.luy

      at sendDraftSaveEmail (app/api/draft/save/route.ts:88:13)

    console.log
      Subject: เธเธฑเธเธ—เธถเธเนเธเธเธเธญเธฃเนเธกเธชเธกเธฑเธเธฃเธเธญเธเธเธธเธ“ - 
เธชเธกเธฑเธเธฃเธเธญเธฃเธฑเธเธเธฒเธฃเธชเธเธฑเธเธชเธเธธเธ

      at sendDraftSaveEmail (app/api/draft/save/route.ts:89:13)

    console.log
      Draft token: 528c5e08-dd52-4f7e-9a8f-9524042b1fd2

      at sendDraftSaveEmail (app/api/draft/save/route.ts:90:13)

    console.log
      Draft save email would be sent to: 
test.v/#$fl%?~xj.qv7m4.v88o?`.n^p_#6'.hlh+3.i7+a4?_z-vo.-$+phl|#xw3@r3ebcy.8vmrgk61v.ee

      at sendDraftSaveEmail (app/api/draft/save/route.ts:88:13)

    console.log
      Subject: เธเธฑเธเธ—เธถเธเนเธเธเธเธญเธฃเนเธกเธชเธกเธฑเธเธฃเธเธญเธเธเธธเธ“ - 
เธชเธกเธฑเธเธฃเนเธเธฃเธเธเธฒเธฃ 100 เนเธฃเธเน€เธฃเธตเธขเธ

      at sendDraftSaveEmail (app/api/draft/save/route.ts:89:13)

    console.log
      Draft token: 5382a325-c890-43b4-a73f-671b0f79122b

      at sendDraftSaveEmail (app/api/draft/save/route.ts:90:13)

    console.log
      Draft save email would be sent to: 
test.1*.nt|.q+x}sag5b_z$.f`ixc0.`&6uao/dva.|c0pkttxqbwb.ha7@ddmeubd.8deob3k.wyo

      at sendDraftSaveEmail (app/api/draft/save/route.ts:88:13)

    console.log
      Subject: เธเธฑเธเธ—เธถเธเนเธเธเธเธญเธฃเนเธกเธชเธกเธฑเธเธฃเธเธญเธเธเธธเธ“ - 
เธชเธกเธฑเธเธฃเนเธเธฃเธเธเธฒเธฃ 100 เนเธฃเธเน€เธฃเธตเธขเธ

      at sendDraftSaveEmail (app/api/draft/save/route.ts:89:13)

    console.log
      Draft token: a4b2bf0c-5c8a-4cdd-9215-3570c5d4f434

      at sendDraftSaveEmail (app/api/draft/save/route.ts:90:13)

    console.log
      Draft save email would be sent to: test._?|p@vg8g2z9vge.ch

      at sendDraftSaveEmail (app/api/draft/save/route.ts:88:13)

    console.log
      Subject: เธเธฑเธเธ—เธถเธเนเธเธเธเธญเธฃเนเธกเธชเธกเธฑเธเธฃเธเธญเธเธเธธเธ“ - 
เธชเธกเธฑเธเธฃเนเธเธฃเธเธเธฒเธฃ 100 เนเธฃเธเน€เธฃเธตเธขเธ

      at sendDraftSaveEmail (app/api/draft/save/route.ts:89:13)

    console.log
      Draft token: b75de07d-58a0-4b39-8777-8d9c972396c9

      at sendDraftSaveEmail (app/api/draft/save/route.ts:90:13)

    console.log
      Draft save email would be sent to: test.=/@featspyytwl.eah

      at sendDraftSaveEmail (app/api/draft/save/route.ts:88:13)

    console.log
      Subject: เธเธฑเธเธ—เธถเธเนเธเธเธเธญเธฃเนเธกเธชเธกเธฑเธเธฃเธเธญเธเธเธธเธ“ - 
เธชเธกเธฑเธเธฃเนเธเธฃเธเธเธฒเธฃ 100 เนเธฃเธเน€เธฃเธตเธขเธ

      at sendDraftSaveEmail (app/api/draft/save/route.ts:89:13)

    console.log
      Draft token: d64d1f8c-1d59-4ca3-9fe5-245bf296d25c

      at sendDraftSaveEmail (app/api/draft/save/route.ts:90:13)

    console.log
      Draft save email would be sent to: test.+bn11g|%~*j.|rpg.%t&|pctww.fhp_~`4*z.d@s.zu

      at sendDraftSaveEmail (app/api/draft/save/route.ts:88:13)

    console.log
      Subject: เธเธฑเธเธ—เธถเธเนเธเธเธเธญเธฃเนเธกเธชเธกเธฑเธเธฃเธเธญเธเธเธธเธ“ - 
เธชเธกเธฑเธเธฃเธเธญเธฃเธฑเธเธเธฒเธฃเธชเธเธฑเธเธชเธเธธเธ

      at sendDraftSaveEmail (app/api/draft/save/route.ts:89:13)

    console.log
      Draft token: ec40e73e-2e9e-4e62-a036-eb631236ff62

      at sendDraftSaveEmail (app/api/draft/save/route.ts:90:13)

    console.log
      Draft save email would be sent to: test.t=3fcpynt9e.mb7bxs'+&.hyozxawiwzs#.l=i9to.r'rz`@5dwim.ksh

      at sendDraftSaveEmail (app/api/draft/save/route.ts:88:13)

    console.log
      Subject: เธเธฑเธเธ—เธถเธเนเธเธเธเธญเธฃเนเธกเธชเธกเธฑเธเธฃเธเธญเธเธเธธเธ“ - 
เธชเธกเธฑเธเธฃเธเธญเธฃเธฑเธเธเธฒเธฃเธชเธเธฑเธเธชเธเธธเธ

      at sendDraftSaveEmail (app/api/draft/save/route.ts:89:13)

    console.log
      Draft token: 4231baef-12cd-48ef-ad9c-71026999f5e3

      at sendDraftSaveEmail (app/api/draft/save/route.ts:90:13)

    console.log
      Draft save email would be sent to: test.fz_2_fg9^.m=l.ix9=gt53g~-y@jd9fn09adloj.ap

      at sendDraftSaveEmail (app/api/draft/save/route.ts:88:13)

    console.log
      Subject: เธเธฑเธเธ—เธถเธเนเธเธเธเธญเธฃเนเธกเธชเธกเธฑเธเธฃเธเธญเธเธเธธเธ“ - 
เธชเธกเธฑเธเธฃเนเธเธฃเธเธเธฒเธฃ 100 เนเธฃเธเน€เธฃเธตเธขเธ

      at sendDraftSaveEmail (app/api/draft/save/route.ts:89:13)

    console.log
      Draft token: f173d02d-60a6-448f-99af-89d6fa6232b1

      at sendDraftSaveEmail (app/api/draft/save/route.ts:90:13)

    console.log
      Draft save email would be sent to: 
test.+%p{ndp.rvy&ed*i43ar.'_$v4g.v.-9+4bv2+07s?.1r}.?r.ofs2!`rt{d~8@pdrrj3t7d1sz.1.re

      at sendDraftSaveEmail (app/api/draft/save/route.ts:88:13)

    console.log
      Subject: เธเธฑเธเธ—เธถเธเนเธเธเธเธญเธฃเนเธกเธชเธกเธฑเธเธฃเธเธญเธเธเธธเธ“ - 
เธชเธกเธฑเธเธฃเนเธเธฃเธเธเธฒเธฃ 100 เนเธฃเธเน€เธฃเธตเธขเธ

      at sendDraftSaveEmail (app/api/draft/save/route.ts:89:13)

    console.log
      Draft token: b1da2c69-6a01-421d-8d4a-45ba7dda2f88

      at sendDraftSaveEmail (app/api/draft/save/route.ts:90:13)

    console.log
      Draft save email would be sent to: 
test.o.q9t+sma7!9ui.zd{v5%}w1{.4'|yx%.j.7.+tqc^++4f}bx.xy'79ftu30.v@hp6u5mwfz.ba

      at sendDraftSaveEmail (app/api/draft/save/route.ts:88:13)

    console.log
      Subject: เธเธฑเธเธ—เธถเธเนเธเธเธเธญเธฃเนเธกเธชเธกเธฑเธเธฃเธเธญเธเธเธธเธ“ - 
เธชเธกเธฑเธเธฃเนเธเธฃเธเธเธฒเธฃ 100 เนเธฃเธเน€เธฃเธตเธขเธ

      at sendDraftSaveEmail (app/api/draft/save/route.ts:89:13)

    console.log
      Draft token: 5baa065e-52dc-477d-b3cb-023c6ee6d70d

      at sendDraftSaveEmail (app/api/draft/save/route.ts:90:13)

    console.log
      Draft save email would be sent to: test.#m=1zkj.&y7z#n=@pi5o.gu

      at sendDraftSaveEmail (app/api/draft/save/route.ts:88:13)

    console.log
      Subject: เธเธฑเธเธ—เธถเธเนเธเธเธเธญเธฃเนเธกเธชเธกเธฑเธเธฃเธเธญเธเธเธธเธ“ - 
เธชเธกเธฑเธเธฃเธเธญเธฃเธฑเธเธเธฒเธฃเธชเธเธฑเธเธชเธเธธเธ

      at sendDraftSaveEmail (app/api/draft/save/route.ts:89:13)

    console.log
      Draft token: a9258e85-5e61-4354-81fc-593a84feb416

      at sendDraftSaveEmail (app/api/draft/save/route.ts:90:13)

    console.log
      Draft save email would be sent to: test.bd0+&#_.5d.eu.+iwnats.yze1.7`b.xpv#`*.9xp$#k'%8px.*@qlnhv.ix

      at sendDraftSaveEmail (app/api/draft/save/route.ts:88:13)

    console.log
      Subject: เธเธฑเธเธ—เธถเธเนเธเธเธเธญเธฃเนเธกเธชเธกเธฑเธเธฃเธเธญเธเธเธธเธ“ - 
เธชเธกเธฑเธเธฃเธเธญเธฃเธฑเธเธเธฒเธฃเธชเธเธฑเธเธชเธเธธเธ

      at sendDraftSaveEmail (app/api/draft/save/route.ts:89:13)

    console.log
      Draft token: 0da34e01-b2a2-4f5e-97f0-36de1a2e5f73

      at sendDraftSaveEmail (app/api/draft/save/route.ts:90:13)

    console.log
      Draft save email would be sent to: 
test.+^*m._=did&39cw5.f.{j}`_{8%.`c$ctpby0.0?zb}hyn0e.+.7svp-k@8r47.vjk

      at sendDraftSaveEmail (app/api/draft/save/route.ts:88:13)

    console.log
      Subject: เธเธฑเธเธ—เธถเธเนเธเธเธเธญเธฃเนเธกเธชเธกเธฑเธเธฃเธเธญเธเธเธธเธ“ - 
เธชเธกเธฑเธเธฃเนเธเธฃเธเธเธฒเธฃ 100 เนเธฃเธเน€เธฃเธตเธขเธ

      at sendDraftSaveEmail (app/api/draft/save/route.ts:89:13)

    console.log
      Draft token: a7aad4e4-f7e0-4616-9832-d3896e4a3969

      at sendDraftSaveEmail (app/api/draft/save/route.ts:90:13)

    console.log
      Draft save email would be sent to: test.xz~ka3^.=df/'.d$_!b3z.y9gh%t%d_5@bjw8y.to516g36.llf

      at sendDraftSaveEmail (app/api/draft/save/route.ts:88:13)

    console.log
      Subject: เธเธฑเธเธ—เธถเธเนเธเธเธเธญเธฃเนเธกเธชเธกเธฑเธเธฃเธเธญเธเธเธธเธ“ - 
เธชเธกเธฑเธเธฃเธเธญเธฃเธฑเธเธเธฒเธฃเธชเธเธฑเธเธชเธเธธเธ

      at sendDraftSaveEmail (app/api/draft/save/route.ts:89:13)

    console.log
      Draft token: 5d9a80be-3a04-4f9b-9aaa-ce5fc711cf82

      at sendDraftSaveEmail (app/api/draft/save/route.ts:90:13)

    console.log
      Draft save email would be sent to: test.ia^b^{23.6|-8f'9!3.{et!7.%$#.*a3esi8.3w}x@f1rpa9.lr

      at sendDraftSaveEmail (app/api/draft/save/route.ts:88:13)

    console.log
      Subject: เธเธฑเธเธ—เธถเธเนเธเธเธเธญเธฃเนเธกเธชเธกเธฑเธเธฃเธเธญเธเธเธธเธ“ - 
เธชเธกเธฑเธเธฃเนเธเธฃเธเธเธฒเธฃ 100 เนเธฃเธเน€เธฃเธตเธขเธ

      at sendDraftSaveEmail (app/api/draft/save/route.ts:89:13)

    console.log
      Draft token: 266cdc07-4c4e-442d-b96b-7f0df19dd332

      at sendDraftSaveEmail (app/api/draft/save/route.ts:90:13)

    console.log
      Draft save email would be sent to: test.b*#?tp3.r_*ve|m6uagm.9`xs.o.%zl.e0uhh'?fp.xxc^.4^0@xc6958mbbq.tgy

      at sendDraftSaveEmail (app/api/draft/save/route.ts:88:13)

    console.log
      Subject: เธเธฑเธเธ—เธถเธเนเธเธเธเธญเธฃเนเธกเธชเธกเธฑเธเธฃเธเธญเธเธเธธเธ“ - 
เธชเธกเธฑเธเธฃเนเธเธฃเธเธเธฒเธฃ 100 เนเธฃเธเน€เธฃเธตเธขเธ

      at sendDraftSaveEmail (app/api/draft/save/route.ts:89:13)

    console.log
      Draft token: 4be490cb-7a7f-4d0d-b0bd-be32098cdec7

      at sendDraftSaveEmail (app/api/draft/save/route.ts:90:13)

    console.log
      Draft save email would be sent to: test.?'3@dwd6vok-l.ct

      at sendDraftSaveEmail (app/api/draft/save/route.ts:88:13)

    console.log
      Subject: เธเธฑเธเธ—เธถเธเนเธเธเธเธญเธฃเนเธกเธชเธกเธฑเธเธฃเธเธญเธเธเธธเธ“ - 
เธชเธกเธฑเธเธฃเธเธญเธฃเธฑเธเธเธฒเธฃเธชเธเธฑเธเธชเธเธธเธ

      at sendDraftSaveEmail (app/api/draft/save/route.ts:89:13)

    console.log
      Draft token: 3fdbc12f-4131-4449-a6ff-904b518634db

      at sendDraftSaveEmail (app/api/draft/save/route.ts:90:13)

    console.log
      Draft save email would be sent to: test.f._.k3fw.`^$vc%.v=c3.3n@7ulc.fej

      at sendDraftSaveEmail (app/api/draft/save/route.ts:88:13)

    console.log
      Subject: เธเธฑเธเธ—เธถเธเนเธเธเธเธญเธฃเนเธกเธชเธกเธฑเธเธฃเธเธญเธเธเธธเธ“ - 
เธชเธกเธฑเธเธฃเธเธญเธฃเธฑเธเธเธฒเธฃเธชเธเธฑเธเธชเธเธธเธ

      at sendDraftSaveEmail (app/api/draft/save/route.ts:89:13)

    console.log
      Draft token: ad498b72-b6a4-4ff0-ad22-4d05244a9e89

      at sendDraftSaveEmail (app/api/draft/save/route.ts:90:13)

    console.log
      Draft save email would be sent to: test.|z@dtxxp4.hak

      at sendDraftSaveEmail (app/api/draft/save/route.ts:88:13)

    console.log
      Subject: เธเธฑเธเธ—เธถเธเนเธเธเธเธญเธฃเนเธกเธชเธกเธฑเธเธฃเธเธญเธเธเธธเธ“ - 
เธชเธกเธฑเธเธฃเนเธเธฃเธเธเธฒเธฃ 100 เนเธฃเธเน€เธฃเธตเธขเธ

      at sendDraftSaveEmail (app/api/draft/save/route.ts:89:13)

    console.log
      Draft token: 902169d0-6c05-40f7-9280-fc0f0880c045

      at sendDraftSaveEmail (app/api/draft/save/route.ts:90:13)

    console.log
      Draft save email would be sent to: 
test.t6.c2{t.+veq.48_*$6$$dvc4.h}5k44^p*~z.?a?mhc21!.a~0ywre.f~|=.`?1@14lh8goc.vzj85-h-6qu.fr

      at sendDraftSaveEmail (app/api/draft/save/route.ts:88:13)

    console.log
      Subject: เธเธฑเธเธ—เธถเธเนเธเธเธเธญเธฃเนเธกเธชเธกเธฑเธเธฃเธเธญเธเธเธธเธ“ - 
เธชเธกเธฑเธเธฃเนเธเธฃเธเธเธฒเธฃ 100 เนเธฃเธเน€เธฃเธตเธขเธ

      at sendDraftSaveEmail (app/api/draft/save/route.ts:89:13)

    console.log
      Draft token: c773edec-e23f-4db4-80b6-0617e184d884

      at sendDraftSaveEmail (app/api/draft/save/route.ts:90:13)

    console.log
      Draft save email would be sent to: test.`enf2-xm@8yjy4d3.te

      at sendDraftSaveEmail (app/api/draft/save/route.ts:88:13)

    console.log
      Subject: เธเธฑเธเธ—เธถเธเนเธเธเธเธญเธฃเนเธกเธชเธกเธฑเธเธฃเธเธญเธเธเธธเธ“ - 
เธชเธกเธฑเธเธฃเนเธเธฃเธเธเธฒเธฃ 100 เนเธฃเธเน€เธฃเธตเธขเธ

      at sendDraftSaveEmail (app/api/draft/save/route.ts:89:13)

    console.log
      Draft token: 742844ad-1456-407d-8d38-2e503f1b79f0

      at sendDraftSaveEmail (app/api/draft/save/route.ts:90:13)

    console.log
      Draft save email would be sent to: test.8h.^}|'.4qqpqm*`3@g8fak.ofac.ddo

      at sendDraftSaveEmail (app/api/draft/save/route.ts:88:13)

    console.log
      Subject: เธเธฑเธเธ—เธถเธเนเธเธเธเธญเธฃเนเธกเธชเธกเธฑเธเธฃเธเธญเธเธเธธเธ“ - 
เธชเธกเธฑเธเธฃเธเธญเธฃเธฑเธเธเธฒเธฃเธชเธเธฑเธเธชเธเธธเธ

      at sendDraftSaveEmail (app/api/draft/save/route.ts:89:13)

    console.log
      Draft token: 9832b02e-ba3e-46d9-9a29-93720c690a7d

      at sendDraftSaveEmail (app/api/draft/save/route.ts:90:13)

    console.log
      Draft save email would be sent to: 
test.~^5d}w4+0.s&|=cqsxk%.eyq/$s}'.=g-fh#n-.rst8vr`=rf.yqsb3}r^y@tea37m6dgbo.f.rqy

      at sendDraftSaveEmail (app/api/draft/save/route.ts:88:13)

    console.log
      Subject: เธเธฑเธเธ—เธถเธเนเธเธเธเธญเธฃเนเธกเธชเธกเธฑเธเธฃเธเธญเธเธเธธเธ“ - 
เธชเธกเธฑเธเธฃเนเธเธฃเธเธเธฒเธฃ 100 เนเธฃเธเน€เธฃเธตเธขเธ

      at sendDraftSaveEmail (app/api/draft/save/route.ts:89:13)

    console.log
      Draft token: e60e4105-d1bd-45f6-9964-bccf083c1a7d

      at sendDraftSaveEmail (app/api/draft/save/route.ts:90:13)

    console.log
      Draft save email would be sent to: test.7{cgg`?m.8ij}9gs.a+9=+_$kq1+^.9zwvz+b$@46xjtky9clfl.hn

      at sendDraftSaveEmail (app/api/draft/save/route.ts:88:13)

    console.log
      Subject: เธเธฑเธเธ—เธถเธเนเธเธเธเธญเธฃเนเธกเธชเธกเธฑเธเธฃเธเธญเธเธเธธเธ“ - 
เธชเธกเธฑเธเธฃเธเธญเธฃเธฑเธเธเธฒเธฃเธชเธเธฑเธเธชเธเธธเธ

      at sendDraftSaveEmail (app/api/draft/save/route.ts:89:13)

    console.log
      Draft token: 5602cf88-ca3b-480e-b0cb-bc06c8a268bc

      at sendDraftSaveEmail (app/api/draft/save/route.ts:90:13)

    console.log
      Draft save email would be sent to: test.?cn=iq3gsv.z2b^wbe%_xn.`*&}vn}9!.+*mc_i.y*&{*tn@dapplya.ozu

      at sendDraftSaveEmail (app/api/draft/save/route.ts:88:13)

    console.log
      Subject: เธเธฑเธเธ—เธถเธเนเธเธเธเธญเธฃเนเธกเธชเธกเธฑเธเธฃเธเธญเธเธเธธเธ“ - 
เธชเธกเธฑเธเธฃเนเธเธฃเธเธเธฒเธฃ 100 เนเธฃเธเน€เธฃเธตเธขเธ

      at sendDraftSaveEmail (app/api/draft/save/route.ts:89:13)

    console.log
      Draft token: d99b2131-a9d1-472d-9bc6-3d466dbb24b5

      at sendDraftSaveEmail (app/api/draft/save/route.ts:90:13)

    console.log
      Draft save email would be sent to: test.u5dx.s._ax!24j.4l|2gq!f+21.yn&*mgz/c$e.podp7.0`.o`5|@j8cno.ce

      at sendDraftSaveEmail (app/api/draft/save/route.ts:88:13)

    console.log
      Subject: เธเธฑเธเธ—เธถเธเนเธเธเธเธญเธฃเนเธกเธชเธกเธฑเธเธฃเธเธญเธเธเธธเธ“ - 
เธชเธกเธฑเธเธฃเธเธญเธฃเธฑเธเธเธฒเธฃเธชเธเธฑเธเธชเธเธธเธ

      at sendDraftSaveEmail (app/api/draft/save/route.ts:89:13)

    console.log
      Draft token: ddca65b8-3c3d-4376-97c4-3f6207801cb0

      at sendDraftSaveEmail (app/api/draft/save/route.ts:90:13)

    console.log
      Draft save email would be sent to: test.~^v3}hc.-{{*6.+e'zq+^5h*}.=@wfbke9.jur

      at sendDraftSaveEmail (app/api/draft/save/route.ts:88:13)

    console.log
      Subject: เธเธฑเธเธ—เธถเธเนเธเธเธเธญเธฃเนเธกเธชเธกเธฑเธเธฃเธเธญเธเธเธธเธ“ - 
เธชเธกเธฑเธเธฃเนเธเธฃเธเธเธฒเธฃ 100 เนเธฃเธเน€เธฃเธตเธขเธ

      at sendDraftSaveEmail (app/api/draft/save/route.ts:89:13)

    console.log
      Draft token: 53d74c95-1e33-4aa1-954e-4b159436e4c2

      at sendDraftSaveEmail (app/api/draft/save/route.ts:90:13)

    console.log
      Draft save email would be sent to: test.*~^.s*!s8!.n.ca.a!8*.e@p1.qu

      at sendDraftSaveEmail (app/api/draft/save/route.ts:88:13)

    console.log
      Subject: เธเธฑเธเธ—เธถเธเนเธเธเธเธญเธฃเนเธกเธชเธกเธฑเธเธฃเธเธญเธเธเธธเธ“ - 
เธชเธกเธฑเธเธฃเนเธเธฃเธเธเธฒเธฃ 100 เนเธฃเธเน€เธฃเธตเธขเธ

      at sendDraftSaveEmail (app/api/draft/save/route.ts:89:13)

    console.log
      Draft token: 32bed69c-2888-48de-a285-f399b6701018

      at sendDraftSaveEmail (app/api/draft/save/route.ts:90:13)

    console.log
      Draft save email would be sent to: 
test.$.kvw'n5%'c}_r.ethprot.n__p.ks#g?0^q!j{./#21.{g'+$6}#$3@38n1x.7gi2cya25jj.ev

      at sendDraftSaveEmail (app/api/draft/save/route.ts:88:13)

    console.log
      Subject: เธเธฑเธเธ—เธถเธเนเธเธเธเธญเธฃเนเธกเธชเธกเธฑเธเธฃเธเธญเธเธเธธเธ“ - 
เธชเธกเธฑเธเธฃเนเธเธฃเธเธเธฒเธฃ 100 เนเธฃเธเน€เธฃเธตเธขเธ

      at sendDraftSaveEmail (app/api/draft/save/route.ts:89:13)

    console.log
      Draft token: 19c59f3e-5fac-4cc2-bc51-8883bd37affc

      at sendDraftSaveEmail (app/api/draft/save/route.ts:90:13)

    console.log
      Draft save email would be sent to: 
test.m+uhfkb&.&h+lo%h2-w|.gs|$|e-3p6.twn6-vkne%mf.y5o}w/b2w@l8qnh5r4.bg

      at sendDraftSaveEmail (app/api/draft/save/route.ts:88:13)

    console.log
      Subject: เธเธฑเธเธ—เธถเธเนเธเธเธเธญเธฃเนเธกเธชเธกเธฑเธเธฃเธเธญเธเธเธธเธ“ - 
เธชเธกเธฑเธเธฃเนเธเธฃเธเธเธฒเธฃ 100 เนเธฃเธเน€เธฃเธตเธขเธ

      at sendDraftSaveEmail (app/api/draft/save/route.ts:89:13)

    console.log
      Draft token: e41c4132-068c-4f83-976e-5824259c61ee

      at sendDraftSaveEmail (app/api/draft/save/route.ts:90:13)

    console.log
      Draft save email would be sent to: test.ii6^.qj4~yc-._6`cdbq&c37.h}'l.+u}^5um#+h.micd@g.sdja5ppb6rv.ok

      at sendDraftSaveEmail (app/api/draft/save/route.ts:88:13)

    console.log
      Subject: เธเธฑเธเธ—เธถเธเนเธเธเธเธญเธฃเนเธกเธชเธกเธฑเธเธฃเธเธญเธเธเธธเธ“ - 
เธชเธกเธฑเธเธฃเธเธญเธฃเธฑเธเธเธฒเธฃเธชเธเธฑเธเธชเธเธธเธ

      at sendDraftSaveEmail (app/api/draft/save/route.ts:89:13)

    console.log
      Draft token: 0172face-a468-40f0-8458-f8eaef27baa3

      at sendDraftSaveEmail (app/api/draft/save/route.ts:90:13)

    console.log
      Draft save email would be sent to: test.'}xs^g{p.!0.%$m0x0+$i'.j+.n29+r=|l*p.8.'.gn9ka0.p@zqx60nx.yun.ez

      at sendDraftSaveEmail (app/api/draft/save/route.ts:88:13)

    console.log
      Subject: เธเธฑเธเธ—เธถเธเนเธเธเธเธญเธฃเนเธกเธชเธกเธฑเธเธฃเธเธญเธเธเธธเธ“ - 
เธชเธกเธฑเธเธฃเธเธญเธฃเธฑเธเธเธฒเธฃเธชเธเธฑเธเธชเธเธธเธ

      at sendDraftSaveEmail (app/api/draft/save/route.ts:89:13)

    console.log
      Draft token: a24e7935-c00a-4462-a852-0db6322d5fa7

      at sendDraftSaveEmail (app/api/draft/save/route.ts:90:13)

    console.log
      Draft save email would be sent to: test.7kgo.5dj'oou`1.^c.0?k7|#_&@oarmw6x3bxd.ja

      at sendDraftSaveEmail (app/api/draft/save/route.ts:88:13)

    console.log
      Subject: เธเธฑเธเธ—เธถเธเนเธเธเธเธญเธฃเนเธกเธชเธกเธฑเธเธฃเธเธญเธเธเธธเธ“ - 
เธชเธกเธฑเธเธฃเธเธญเธฃเธฑเธเธเธฒเธฃเธชเธเธฑเธเธชเธเธธเธ

      at sendDraftSaveEmail (app/api/draft/save/route.ts:89:13)

    console.log
      Draft token: 9453b7c8-39c5-4d4d-99fe-5edb685ecfa0

      at sendDraftSaveEmail (app/api/draft/save/route.ts:90:13)

    console.log
      Draft save email would be sent to: test.cc'1r{&ab.#zn=dq3't@mm23vmhgs.fetyw13du2.ih

      at sendDraftSaveEmail (app/api/draft/save/route.ts:88:13)

    console.log
      Subject: เธเธฑเธเธ—เธถเธเนเธเธเธเธญเธฃเนเธกเธชเธกเธฑเธเธฃเธเธญเธเธเธธเธ“ - 
เธชเธกเธฑเธเธฃเธเธญเธฃเธฑเธเธเธฒเธฃเธชเธเธฑเธเธชเธเธธเธ

      at sendDraftSaveEmail (app/api/draft/save/route.ts:89:13)

    console.log
      Draft token: 9a669943-17d9-4513-9390-97f5a453baee

      at sendDraftSaveEmail (app/api/draft/save/route.ts:90:13)

    console.log
      Draft save email would be sent to: test.y.6av1nsh`.}anpezpc&9h?.iior3&bw-.r9.k2*!.?l.1/_2sf.+@n8.zh

      at sendDraftSaveEmail (app/api/draft/save/route.ts:88:13)

    console.log
      Subject: เธเธฑเธเธ—เธถเธเนเธเธเธเธญเธฃเนเธกเธชเธกเธฑเธเธฃเธเธญเธเธเธธเธ“ - 
เธชเธกเธฑเธเธฃเธเธญเธฃเธฑเธเธเธฒเธฃเธชเธเธฑเธเธชเธเธธเธ

      at sendDraftSaveEmail (app/api/draft/save/route.ts:89:13)

    console.log
      Draft token: ec440793-6556-49f7-96dd-3e6b356f123c

      at sendDraftSaveEmail (app/api/draft/save/route.ts:90:13)

    console.log
      Draft save email would be sent to: 
test.kd|tce`.c_#{^%5kte.{bm_'zj.196!37p6y}z.jy3-tnp2rk3+.}*%n#/9&a%7z@7okmnrd.rio

      at sendDraftSaveEmail (app/api/draft/save/route.ts:88:13)

    console.log
      Subject: เธเธฑเธเธ—เธถเธเนเธเธเธเธญเธฃเนเธกเธชเธกเธฑเธเธฃเธเธญเธเธเธธเธ“ - 
เธชเธกเธฑเธเธฃเนเธเธฃเธเธเธฒเธฃ 100 เนเธฃเธเน€เธฃเธตเธขเธ

      at sendDraftSaveEmail (app/api/draft/save/route.ts:89:13)

    console.log
      Draft token: fb652d86-c01e-40d7-9272-0ebc6a83cc73

      at sendDraftSaveEmail (app/api/draft/save/route.ts:90:13)

    console.log
      Draft save email would be sent to: 
test.kcb4ufenb.9df2{~r5m.!d%xwp2j*vd.8f3{$jvifv.^`kmy.5.lt`+^wk0.|k@8hsw.egf

      at sendDraftSaveEmail (app/api/draft/save/route.ts:88:13)

    console.log
      Subject: เธเธฑเธเธ—เธถเธเนเธเธเธเธญเธฃเนเธกเธชเธกเธฑเธเธฃเธเธญเธเธเธธเธ“ - 
เธชเธกเธฑเธเธฃเธเธญเธฃเธฑเธเธเธฒเธฃเธชเธเธฑเธเธชเธเธธเธ

      at sendDraftSaveEmail (app/api/draft/save/route.ts:89:13)

    console.log
      Draft token: ece510f6-2446-45c1-a5b7-75558bad7a47

      at sendDraftSaveEmail (app/api/draft/save/route.ts:90:13)

    console.log
      Draft save email would be sent to: 
test.9plpfe`l798.y=|2hm=.gb.^/|cozf?.3v/werwg.fjfi+j8|45.ymy@tsskvqw0m.lvb87.om

      at sendDraftSaveEmail (app/api/draft/save/route.ts:88:13)

    console.log
      Subject: เธเธฑเธเธ—เธถเธเนเธเธเธเธญเธฃเนเธกเธชเธกเธฑเธเธฃเธเธญเธเธเธธเธ“ - 
เธชเธกเธฑเธเธฃเธเธญเธฃเธฑเธเธเธฒเธฃเธชเธเธฑเธเธชเธเธธเธ

      at sendDraftSaveEmail (app/api/draft/save/route.ts:89:13)

    console.log
      Draft token: 2a0e1b70-5cee-4727-8c15-621dd7f5b768

      at sendDraftSaveEmail (app/api/draft/save/route.ts:90:13)

    console.log
      Draft save email would be sent to: 
test.|zj7'?'b+e.1.+!.k.&/_+'${b-*.rld+&.t%/c#cgtw.0edt=j.oe/wu-.j@hhyenz0a0av3.lwx

      at sendDraftSaveEmail (app/api/draft/save/route.ts:88:13)

    console.log
      Subject: เธเธฑเธเธ—เธถเธเนเธเธเธเธญเธฃเนเธกเธชเธกเธฑเธเธฃเธเธญเธเธเธธเธ“ - 
เธชเธกเธฑเธเธฃเธเธญเธฃเธฑเธเธเธฒเธฃเธชเธเธฑเธเธชเธเธธเธ

      at sendDraftSaveEmail (app/api/draft/save/route.ts:89:13)

    console.log
      Draft token: f1cc7594-337d-4be1-8bd1-2e6489848e38

      at sendDraftSaveEmail (app/api/draft/save/route.ts:90:13)

    console.log
      Draft save email would be sent to: 
test.c/%j9.8kgkv/yb4|.c_/bl|=|s&5.j=v#.^7|t*.l295.?/ep2v=~.f#.69{6lao@actef.frkt38.de

      at sendDraftSaveEmail (app/api/draft/save/route.ts:88:13)

    console.log
      Subject: เธเธฑเธเธ—เธถเธเนเธเธเธเธญเธฃเนเธกเธชเธกเธฑเธเธฃเธเธญเธเธเธธเธ“ - 
เธชเธกเธฑเธเธฃเนเธเธฃเธเธเธฒเธฃ 100 เนเธฃเธเน€เธฃเธตเธขเธ

      at sendDraftSaveEmail (app/api/draft/save/route.ts:89:13)

    console.log
      Draft token: fac8d4fc-4bdc-431b-affc-a65bc72f4de5

      at sendDraftSaveEmail (app/api/draft/save/route.ts:90:13)

    console.log
      Draft save email would be sent to: test.2%}5`vr-.v#ak?=u.3bc.d`4n@r4calcv.i24osw.bni

      at sendDraftSaveEmail (app/api/draft/save/route.ts:88:13)

    console.log
      Subject: เธเธฑเธเธ—เธถเธเนเธเธเธเธญเธฃเนเธกเธชเธกเธฑเธเธฃเธเธญเธเธเธธเธ“ - 
เธชเธกเธฑเธเธฃเนเธเธฃเธเธเธฒเธฃ 100 เนเธฃเธเน€เธฃเธตเธขเธ

      at sendDraftSaveEmail (app/api/draft/save/route.ts:89:13)

    console.log
      Draft token: e42a1edc-8b15-41a7-a6df-d9ef51c2408b

      at sendDraftSaveEmail (app/api/draft/save/route.ts:90:13)

    console.log
      Draft save email would be sent to: 
test.jj&x8$**.yhp~inxu`wd^.4/g+e6#x.4.yord`1-.hv$&_i?`4#.ens+t2sagfq~@vo.zl

      at sendDraftSaveEmail (app/api/draft/save/route.ts:88:13)

    console.log
      Subject: เธเธฑเธเธ—เธถเธเนเธเธเธเธญเธฃเนเธกเธชเธกเธฑเธเธฃเธเธญเธเธเธธเธ“ - 
เธชเธกเธฑเธเธฃเนเธเธฃเธเธเธฒเธฃ 100 เนเธฃเธเน€เธฃเธตเธขเธ

      at sendDraftSaveEmail (app/api/draft/save/route.ts:89:13)

    console.log
      Draft token: 7053d0f5-0009-46d9-9d23-11e0dc175fe9

      at sendDraftSaveEmail (app/api/draft/save/route.ts:90:13)

    console.log
      Draft save email would be sent to: 
test.wdwj?z~j7.jp#{#j1`.vproto.29/}}_j7r2.1r}2_tp.dp3{vv075e*f.`#+.8@4njcz-uxc.9.dh

      at sendDraftSaveEmail (app/api/draft/save/route.ts:88:13)

    console.log
      Subject: เธเธฑเธเธ—เธถเธเนเธเธเธเธญเธฃเนเธกเธชเธกเธฑเธเธฃเธเธญเธเธเธธเธ“ - 
เธชเธกเธฑเธเธฃเนเธเธฃเธเธเธฒเธฃ 100 เนเธฃเธเน€เธฃเธตเธขเธ

      at sendDraftSaveEmail (app/api/draft/save/route.ts:89:13)

    console.log
      Draft token: 6c9924f4-0370-487e-8144-79cd0fd97a77

      at sendDraftSaveEmail (app/api/draft/save/route.ts:90:13)

    console.log
      Draft save email would be sent to: test.uz.x#'ib9@wu09v80vv7t.i1.gbj

      at sendDraftSaveEmail (app/api/draft/save/route.ts:88:13)

    console.log
      Subject: เธเธฑเธเธ—เธถเธเนเธเธเธเธญเธฃเนเธกเธชเธกเธฑเธเธฃเธเธญเธเธเธธเธ“ - 
เธชเธกเธฑเธเธฃเนเธเธฃเธเธเธฒเธฃ 100 เนเธฃเธเน€เธฃเธตเธขเธ

      at sendDraftSaveEmail (app/api/draft/save/route.ts:89:13)

    console.log
      Draft token: e81ccf84-d08e-455a-8ed5-77275a371e03

      at sendDraftSaveEmail (app/api/draft/save/route.ts:90:13)

    console.log
      Draft save email would be sent to: 
test.i0k~.7a=u|xpfp|&.'.{xp`tosdw.s#`l.izop{14.43+-.f#1yu5t.'6.q|?}+#@y4yp-dmwedz.ogb-u9copy1.ep

      at sendDraftSaveEmail (app/api/draft/save/route.ts:88:13)

    console.log
      Subject: เธเธฑเธเธ—เธถเธเนเธเธเธเธญเธฃเนเธกเธชเธกเธฑเธเธฃเธเธญเธเธเธธเธ“ - 
เธชเธกเธฑเธเธฃเนเธเธฃเธเธเธฒเธฃ 100 เนเธฃเธเน€เธฃเธตเธขเธ

      at sendDraftSaveEmail (app/api/draft/save/route.ts:89:13)

    console.log
      Draft token: b4163653-baa8-43e9-bd8d-507b01ec7a3a

      at sendDraftSaveEmail (app/api/draft/save/route.ts:90:13)

    console.log
      Draft save email would be sent to: 
test.7glf`_b.{x~+p$}h._`fd69.d2?%ox.to_.&v_.n%n96{qgm.r'.c-na@fes.g7a308.uc

      at sendDraftSaveEmail (app/api/draft/save/route.ts:88:13)

    console.log
      Subject: เธเธฑเธเธ—เธถเธเนเธเธเธเธญเธฃเนเธกเธชเธกเธฑเธเธฃเธเธญเธเธเธธเธ“ - 
เธชเธกเธฑเธเธฃเธเธญเธฃเธฑเธเธเธฒเธฃเธชเธเธฑเธเธชเธเธธเธ

      at sendDraftSaveEmail (app/api/draft/save/route.ts:89:13)

    console.log
      Draft token: 9ea53d6c-9a07-4775-8b7c-56754576d93e

      at sendDraftSaveEmail (app/api/draft/save/route.ts:90:13)

    console.log
      Draft save email would be sent to: test.lzvd`qy!xp._o=&zj==//{.ae%$r`i+we.}u3c&gd%@q.gbg.mx

      at sendDraftSaveEmail (app/api/draft/save/route.ts:88:13)

    console.log
      Subject: เธเธฑเธเธ—เธถเธเนเธเธเธเธญเธฃเนเธกเธชเธกเธฑเธเธฃเธเธญเธเธเธธเธ“ - 
เธชเธกเธฑเธเธฃเนเธเธฃเธเธเธฒเธฃ 100 เนเธฃเธเน€เธฃเธตเธขเธ

      at sendDraftSaveEmail (app/api/draft/save/route.ts:89:13)

    console.log
      Draft token: b25abd45-af08-4661-9545-e6f4bd8b1ee9

      at sendDraftSaveEmail (app/api/draft/save/route.ts:90:13)

    console.log
      Draft save email would be sent to: 
test.q/r~p`dox.!$|8x`.ir.6ax.`'_ln?~6{5o.&/wm1/%ovw``.%lep/0}*u#{f.d}@v4tk.pk

      at sendDraftSaveEmail (app/api/draft/save/route.ts:88:13)

    console.log
      Subject: เธเธฑเธเธ—เธถเธเนเธเธเธเธญเธฃเนเธกเธชเธกเธฑเธเธฃเธเธญเธเธเธธเธ“ - 
เธชเธกเธฑเธเธฃเนเธเธฃเธเธเธฒเธฃ 100 เนเธฃเธเน€เธฃเธตเธขเธ

      at sendDraftSaveEmail (app/api/draft/save/route.ts:89:13)

    console.log
      Draft token: ddce627a-0094-489c-9b2e-95ecc5f82667

      at sendDraftSaveEmail (app/api/draft/save/route.ts:90:13)

    console.log
      Draft save email would be sent to: 
test.4x_i5a3_c.q.#ut!.z=9h&lw#.bd{s&inhh2.-arr5s^$j/!h.qk-q@la6kk6xa.eev75.oj

      at sendDraftSaveEmail (app/api/draft/save/route.ts:88:13)

    console.log
      Subject: เธเธฑเธเธ—เธถเธเนเธเธเธเธญเธฃเนเธกเธชเธกเธฑเธเธฃเธเธญเธเธเธธเธ“ - 
เธชเธกเธฑเธเธฃเนเธเธฃเธเธเธฒเธฃ 100 เนเธฃเธเน€เธฃเธตเธขเธ

      at sendDraftSaveEmail (app/api/draft/save/route.ts:89:13)

    console.log
      Draft token: 56e998e2-fb99-4e72-90bb-cf9aa175397b

      at sendDraftSaveEmail (app/api/draft/save/route.ts:90:13)

    console.log
      Draft save email would be sent to: 
test.{v|y6=.0c|$`jmb.3rt4r/.zvp{o02_.q|hzmx.s.%jhw=^=w./v`g^8.*@aix24psno.tlb9.vs

      at sendDraftSaveEmail (app/api/draft/save/route.ts:88:13)

    console.log
      Subject: เธเธฑเธเธ—เธถเธเนเธเธเธเธญเธฃเนเธกเธชเธกเธฑเธเธฃเธเธญเธเธเธธเธ“ - 
เธชเธกเธฑเธเธฃเธเธญเธฃเธฑเธเธเธฒเธฃเธชเธเธฑเธเธชเธเธธเธ

      at sendDraftSaveEmail (app/api/draft/save/route.ts:89:13)

    console.log
      Draft token: c4436756-8c0b-464e-bcea-13bed71e1161

      at sendDraftSaveEmail (app/api/draft/save/route.ts:90:13)

    console.log
      Draft save email would be sent to: test.f%u{n9=@e.l8atdb6smh48.fe

      at sendDraftSaveEmail (app/api/draft/save/route.ts:88:13)

    console.log
      Subject: เธเธฑเธเธ—เธถเธเนเธเธเธเธญเธฃเนเธกเธชเธกเธฑเธเธฃเธเธญเธเธเธธเธ“ - 
เธชเธกเธฑเธเธฃเธเธญเธฃเธฑเธเธเธฒเธฃเธชเธเธฑเธเธชเธเธธเธ

      at sendDraftSaveEmail (app/api/draft/save/route.ts:89:13)

    console.log
      Draft token: 74d327a2-2720-401e-9967-d71fe90c1489

      at sendDraftSaveEmail (app/api/draft/save/route.ts:90:13)

    console.log
      Draft save email would be sent to: test.u5ec$remnx=.i2g.o6'$9oh@3.br

      at sendDraftSaveEmail (app/api/draft/save/route.ts:88:13)

    console.log
      Subject: เธเธฑเธเธ—เธถเธเนเธเธเธเธญเธฃเนเธกเธชเธกเธฑเธเธฃเธเธญเธเธเธธเธ“ - 
เธชเธกเธฑเธเธฃเนเธเธฃเธเธเธฒเธฃ 100 เนเธฃเธเน€เธฃเธตเธขเธ

      at sendDraftSaveEmail (app/api/draft/save/route.ts:89:13)

    console.log
      Draft token: 5169a249-910f-4013-8838-5a73f282edc7

      at sendDraftSaveEmail (app/api/draft/save/route.ts:90:13)

    console.log
      Draft save email would be sent to: 
test.2&dz+zc?+.lc-*s.#x.szb.$sr-zml#/`.mb+h.&#{jl=c*m.ee.gs.`ts+mjfz@jcay78xpsl.89.xwu

      at sendDraftSaveEmail (app/api/draft/save/route.ts:88:13)

    console.log
      Subject: เธเธฑเธเธ—เธถเธเนเธเธเธเธญเธฃเนเธกเธชเธกเธฑเธเธฃเธเธญเธเธเธธเธ“ - 
เธชเธกเธฑเธเธฃเธเธญเธฃเธฑเธเธเธฒเธฃเธชเธเธฑเธเธชเธเธธเธ

      at sendDraftSaveEmail (app/api/draft/save/route.ts:89:13)

    console.log
      Draft token: 84a4c6ca-51fe-4799-b9c2-448d53bc6b86

      at sendDraftSaveEmail (app/api/draft/save/route.ts:90:13)

    console.log
      Draft save email would be sent to: test.4cg4{}~4y./lceg}/tql.?ui{6!c$_?uf@ysq3eeem.o-bx8rk69rv.zca

      at sendDraftSaveEmail (app/api/draft/save/route.ts:88:13)

    console.log
      Subject: เธเธฑเธเธ—เธถเธเนเธเธเธเธญเธฃเนเธกเธชเธกเธฑเธเธฃเธเธญเธเธเธธเธ“ - 
เธชเธกเธฑเธเธฃเนเธเธฃเธเธเธฒเธฃ 100 เนเธฃเธเน€เธฃเธตเธขเธ

      at sendDraftSaveEmail (app/api/draft/save/route.ts:89:13)

    console.log
      Draft token: abac798b-7eac-4550-94a8-47083066ff5c

      at sendDraftSaveEmail (app/api/draft/save/route.ts:90:13)

    console.log
      Draft save email would be sent to: test.5@4fwoc1.qsn.zl

      at sendDraftSaveEmail (app/api/draft/save/route.ts:88:13)

    console.log
      Subject: เธเธฑเธเธ—เธถเธเนเธเธเธเธญเธฃเนเธกเธชเธกเธฑเธเธฃเธเธญเธเธเธธเธ“ - 
เธชเธกเธฑเธเธฃเนเธเธฃเธเธเธฒเธฃ 100 เนเธฃเธเน€เธฃเธตเธขเธ

      at sendDraftSaveEmail (app/api/draft/save/route.ts:89:13)

    console.log
      Draft token: d73695cb-61e9-47b8-8a74-1f3e1af4145d

      at sendDraftSaveEmail (app/api/draft/save/route.ts:90:13)

    console.log
      Draft save email would be sent to: 
test.c_`'kt*v._qd=6/t*.nv_tod%ou2a1.=/$.f.g=dtn73.&}ak~b{.rp_`woi!~m!@pvn9vqyc97.gf

      at sendDraftSaveEmail (app/api/draft/save/route.ts:88:13)

    console.log
      Subject: เธเธฑเธเธ—เธถเธเนเธเธเธเธญเธฃเนเธกเธชเธกเธฑเธเธฃเธเธญเธเธเธธเธ“ - 
เธชเธกเธฑเธเธฃเนเธเธฃเธเธเธฒเธฃ 100 เนเธฃเธเน€เธฃเธตเธขเธ

      at sendDraftSaveEmail (app/api/draft/save/route.ts:89:13)

    console.log
      Draft token: 623e1639-8645-42ce-ba6b-812e584d80f5

      at sendDraftSaveEmail (app/api/draft/save/route.ts:90:13)

    console.log
      Draft save email would be sent to: test.^0z~t.#3$cm7y.{5!0o9}u.1*!.5=2ywl$!072k.{k8h.ee.%_q${^3m@avkcd.be

      at sendDraftSaveEmail (app/api/draft/save/route.ts:88:13)

    console.log
      Subject: เธเธฑเธเธ—เธถเธเนเธเธเธเธญเธฃเนเธกเธชเธกเธฑเธเธฃเธเธญเธเธเธธเธ“ - 
เธชเธกเธฑเธเธฃเนเธเธฃเธเธเธฒเธฃ 100 เนเธฃเธเน€เธฃเธตเธขเธ

      at sendDraftSaveEmail (app/api/draft/save/route.ts:89:13)

    console.log
      Draft token: 59e870fe-198b-4274-b3d3-c6e61ded402b

      at sendDraftSaveEmail (app/api/draft/save/route.ts:90:13)

    console.log
      Draft save email would be sent to: 
test.4wxsrsk17.um2op1n.azmybp'y.f8yqi_-&7^.t/nq.-u}*.&s=v6d`g3x@rc4j3-go.fu

      at sendDraftSaveEmail (app/api/draft/save/route.ts:88:13)

    console.log
      Subject: เธเธฑเธเธ—เธถเธเนเธเธเธเธญเธฃเนเธกเธชเธกเธฑเธเธฃเธเธญเธเธเธธเธ“ - 
เธชเธกเธฑเธเธฃเธเธญเธฃเธฑเธเธเธฒเธฃเธชเธเธฑเธเธชเธเธธเธ

      at sendDraftSaveEmail (app/api/draft/save/route.ts:89:13)

    console.log
      Draft token: 56897fd2-6eed-477d-ac03-bc064b7e3a91

      at sendDraftSaveEmail (app/api/draft/save/route.ts:90:13)

    console.log
      Draft save email would be sent to: test.}5.%%wm!|!cu#x3.p.^c.ohyn55#8|w8l.j?9l@b9n18su9mn.wp

      at sendDraftSaveEmail (app/api/draft/save/route.ts:88:13)

    console.log
      Subject: เธเธฑเธเธ—เธถเธเนเธเธเธเธญเธฃเนเธกเธชเธกเธฑเธเธฃเธเธญเธเธเธธเธ“ - 
เธชเธกเธฑเธเธฃเนเธเธฃเธเธเธฒเธฃ 100 เนเธฃเธเน€เธฃเธตเธขเธ

      at sendDraftSaveEmail (app/api/draft/save/route.ts:89:13)

    console.log
      Draft token: 312d663a-80b3-44ae-81b2-8d4ba9b5af12

      at sendDraftSaveEmail (app/api/draft/save/route.ts:90:13)

    console.log
      Draft save email would be sent to: test.h3%}v.apply{{}.9d.wpda}1mu@0u2sh.eko.ep

      at sendDraftSaveEmail (app/api/draft/save/route.ts:88:13)

    console.log
      Subject: เธเธฑเธเธ—เธถเธเนเธเธเธเธญเธฃเนเธกเธชเธกเธฑเธเธฃเธเธญเธเธเธธเธ“ - 
เธชเธกเธฑเธเธฃเธเธญเธฃเธฑเธเธเธฒเธฃเธชเธเธฑเธเธชเธเธธเธ

      at sendDraftSaveEmail (app/api/draft/save/route.ts:89:13)

    console.log
      Draft token: ebd6dc86-665f-4c69-bfd3-39ea3aa4c85e

      at sendDraftSaveEmail (app/api/draft/save/route.ts:90:13)

    console.log
      Draft save email would be sent to: test.q5e8.w5/tt.w7xak?i3bce.+^am#8j&{?^.e|253|9ji@8fyh7kyly51.q9a.zv

      at sendDraftSaveEmail (app/api/draft/save/route.ts:88:13)

    console.log
      Subject: เธเธฑเธเธ—เธถเธเนเธเธเธเธญเธฃเนเธกเธชเธกเธฑเธเธฃเธเธญเธเธเธธเธ“ - 
เธชเธกเธฑเธเธฃเธเธญเธฃเธฑเธเธเธฒเธฃเธชเธเธฑเธเธชเธเธธเธ

      at sendDraftSaveEmail (app/api/draft/save/route.ts:89:13)

    console.log
      Draft token: 86a2a567-447e-4c82-b3c1-31c8ace3b511

      at sendDraftSaveEmail (app/api/draft/save/route.ts:90:13)

    console.log
      Draft save email would be sent to: test.h_.a+c.x2'0cre-i-_x.eq@jlg3.tbz

      at sendDraftSaveEmail (app/api/draft/save/route.ts:88:13)

    console.log
      Subject: เธเธฑเธเธ—เธถเธเนเธเธเธเธญเธฃเนเธกเธชเธกเธฑเธเธฃเธเธญเธเธเธธเธ“ - 
เธชเธกเธฑเธเธฃเนเธเธฃเธเธเธฒเธฃ 100 เนเธฃเธเน€เธฃเธตเธขเธ

      at sendDraftSaveEmail (app/api/draft/save/route.ts:89:13)

    console.log
      Draft token: f75dd904-750d-46ef-bee2-f11093db206d

      at sendDraftSaveEmail (app/api/draft/save/route.ts:90:13)

    console.log
      Draft save email would be sent to: test.p-0k?rk*_zf.b$.c7$7e._w#.p}h!/^#.fd7@h.f.nfs

      at sendDraftSaveEmail (app/api/draft/save/route.ts:88:13)

    console.log
      Subject: เธเธฑเธเธ—เธถเธเนเธเธเธเธญเธฃเนเธกเธชเธกเธฑเธเธฃเธเธญเธเธเธธเธ“ - 
เธชเธกเธฑเธเธฃเนเธเธฃเธเธเธฒเธฃ 100 เนเธฃเธเน€เธฃเธตเธขเธ

      at sendDraftSaveEmail (app/api/draft/save/route.ts:89:13)

    console.log
      Draft token: 3de61881-14c4-4ef9-a79e-9a408a6562c5

      at sendDraftSaveEmail (app/api/draft/save/route.ts:90:13)

    console.log
      Draft save email would be sent to: test.?%jj`x{l+{t5.9}r.65.=s@gtfoq.f0iul550g88.ca

      at sendDraftSaveEmail (app/api/draft/save/route.ts:88:13)

    console.log
      Subject: เธเธฑเธเธ—เธถเธเนเธเธเธเธญเธฃเนเธกเธชเธกเธฑเธเธฃเธเธญเธเธเธธเธ“ - 
เธชเธกเธฑเธเธฃเนเธเธฃเธเธเธฒเธฃ 100 เนเธฃเธเน€เธฃเธตเธขเธ

      at sendDraftSaveEmail (app/api/draft/save/route.ts:89:13)

    console.log
      Draft token: 1c59f87c-1680-4d42-a200-9a5b11db0970

      at sendDraftSaveEmail (app/api/draft/save/route.ts:90:13)

    console.log
      Draft save email would be sent to: test.a2++#p{.e3+0#@gq.rk

      at sendDraftSaveEmail (app/api/draft/save/route.ts:88:13)

    console.log
      Subject: เธเธฑเธเธ—เธถเธเนเธเธเธเธญเธฃเนเธกเธชเธกเธฑเธเธฃเธเธญเธเธเธธเธ“ - 
เธชเธกเธฑเธเธฃเธเธญเธฃเธฑเธเธเธฒเธฃเธชเธเธฑเธเธชเธเธธเธ

      at sendDraftSaveEmail (app/api/draft/save/route.ts:89:13)

    console.log
      Draft token: 45d863f7-6d49-4839-9025-0380a96da15f

      at sendDraftSaveEmail (app/api/draft/save/route.ts:90:13)

    console.log
      Draft save email would be sent to: test.`pg|z*.=~af.wpbindc%leng.namenstru.buf9.0-y&yfk${/@fasbrg.qc

      at sendDraftSaveEmail (app/api/draft/save/route.ts:88:13)

    console.log
      Subject: เธเธฑเธเธ—เธถเธเนเธเธเธเธญเธฃเนเธกเธชเธกเธฑเธเธฃเธเธญเธเธเธธเธ“ - 
เธชเธกเธฑเธเธฃเธเธญเธฃเธฑเธเธเธฒเธฃเธชเธเธฑเธเธชเธเธธเธ

      at sendDraftSaveEmail (app/api/draft/save/route.ts:89:13)

    console.log
      Draft token: c9b522c1-9ea2-4947-8e48-e63c2884ac44

      at sendDraftSaveEmail (app/api/draft/save/route.ts:90:13)

    console.log
      Draft save email would be sent to: test.5&.q.2#g*8g30/s.%cssv.#*8-z{+.o@ve.co

      at sendDraftSaveEmail (app/api/draft/save/route.ts:88:13)

    console.log
      Subject: เธเธฑเธเธ—เธถเธเนเธเธเธเธญเธฃเนเธกเธชเธกเธฑเธเธฃเธเธญเธเธเธธเธ“ - 
เธชเธกเธฑเธเธฃเธเธญเธฃเธฑเธเธเธฒเธฃเธชเธเธฑเธเธชเธเธธเธ

      at sendDraftSaveEmail (app/api/draft/save/route.ts:89:13)

    console.log
      Draft token: f22e5237-9de9-4c72-9ab5-a1bbefcbfb4e

      at sendDraftSaveEmail (app/api/draft/save/route.ts:90:13)

    console.log
      Draft save email would be sent to: test.b}~l@kfav8de18e.ll

      at sendDraftSaveEmail (app/api/draft/save/route.ts:88:13)

    console.log
      Subject: เธเธฑเธเธ—เธถเธเนเธเธเธเธญเธฃเนเธกเธชเธกเธฑเธเธฃเธเธญเธเธเธธเธ“ - 
เธชเธกเธฑเธเธฃเนเธเธฃเธเธเธฒเธฃ 100 เนเธฃเธเน€เธฃเธตเธขเธ

      at sendDraftSaveEmail (app/api/draft/save/route.ts:89:13)

    console.log
      Draft token: d0bec6fd-8669-4816-a2fd-1a07731f6362

      at sendDraftSaveEmail (app/api/draft/save/route.ts:90:13)

    console.log
      Draft save email would be sent to: test.2.d3m&0tq'#{.#2`.~._|v.~cz.#qw&`l19}@82t.ko

      at sendDraftSaveEmail (app/api/draft/save/route.ts:88:13)

    console.log
      Subject: เธเธฑเธเธ—เธถเธเนเธเธเธเธญเธฃเนเธกเธชเธกเธฑเธเธฃเธเธญเธเธเธธเธ“ - 
เธชเธกเธฑเธเธฃเธเธญเธฃเธฑเธเธเธฒเธฃเธชเธเธฑเธเธชเธเธธเธ

      at sendDraftSaveEmail (app/api/draft/save/route.ts:89:13)

    console.log
      Draft token: d6be0128-7e5b-4770-923c-39cd3e4ab4d4

      at sendDraftSaveEmail (app/api/draft/save/route.ts:90:13)

    console.log
      Draft save email would be sent to: test.lwm%.glxo*f'0+.ymu8xv@47q94k.ydj

      at sendDraftSaveEmail (app/api/draft/save/route.ts:88:13)

    console.log
      Subject: เธเธฑเธเธ—เธถเธเนเธเธเธเธญเธฃเนเธกเธชเธกเธฑเธเธฃเธเธญเธเธเธธเธ“ - 
เธชเธกเธฑเธเธฃเนเธเธฃเธเธเธฒเธฃ 100 เนเธฃเธเน€เธฃเธตเธขเธ

      at sendDraftSaveEmail (app/api/draft/save/route.ts:89:13)

    console.log
      Draft token: e101bc27-9854-4adc-938e-44706d1928e0

      at sendDraftSaveEmail (app/api/draft/save/route.ts:90:13)

    console.log
      Draft save email would be sent to: 
test.d74$9z.qm1j=*.-muxy9x.}r*z-.1i._e.#wf=.hk@435-or6y3ey.w8d5ouwagkge.yb

      at sendDraftSaveEmail (app/api/draft/save/route.ts:88:13)

    console.log
      Subject: เธเธฑเธเธ—เธถเธเนเธเธเธเธญเธฃเนเธกเธชเธกเธฑเธเธฃเธเธญเธเธเธธเธ“ - 
เธชเธกเธฑเธเธฃเธเธญเธฃเธฑเธเธเธฒเธฃเธชเธเธฑเธเธชเธเธธเธ

      at sendDraftSaveEmail (app/api/draft/save/route.ts:89:13)

    console.log
      Draft token: add27d89-82d3-4168-a1c4-d2d7cadabe30

      at sendDraftSaveEmail (app/api/draft/save/route.ts:90:13)

    console.log
      Draft save email would be sent to: test.8e3=s$-f6.^1{sw@x.y8-b7yf.mjd

      at sendDraftSaveEmail (app/api/draft/save/route.ts:88:13)

    console.log
      Subject: เธเธฑเธเธ—เธถเธเนเธเธเธเธญเธฃเนเธกเธชเธกเธฑเธเธฃเธเธญเธเธเธธเธ“ - 
เธชเธกเธฑเธเธฃเธเธญเธฃเธฑเธเธเธฒเธฃเธชเธเธฑเธเธชเธเธธเธ

      at sendDraftSaveEmail (app/api/draft/save/route.ts:89:13)

    console.log
      Draft token: b1630d20-bb37-4e29-9e76-64466791b25a

      at sendDraftSaveEmail (app/api/draft/save/route.ts:90:13)

    console.log
      Draft save email would be sent to: test.z*bgje?x.px`w{17y.}='u#_}ad{|}@m.ajvwwho.cb

      at sendDraftSaveEmail (app/api/draft/save/route.ts:88:13)

    console.log
      Subject: เธเธฑเธเธ—เธถเธเนเธเธเธเธญเธฃเนเธกเธชเธกเธฑเธเธฃเธเธญเธเธเธธเธ“ - 
เธชเธกเธฑเธเธฃเธเธญเธฃเธฑเธเธเธฒเธฃเธชเธเธฑเธเธชเธเธธเธ

      at sendDraftSaveEmail (app/api/draft/save/route.ts:89:13)

    console.log
      Draft token: 9a0f87cd-c960-441b-bb31-966a26053b90

      at sendDraftSaveEmail (app/api/draft/save/route.ts:90:13)

    console.log
      Draft save email would be sent to: 
test.|!mi'a?=#//.n`t-8_njxnzw.!k+.wdf`.pmh'*'3#.n|a74&?p^v.}feqn*@juonms-gesb.noo

      at sendDraftSaveEmail (app/api/draft/save/route.ts:88:13)

    console.log
      Subject: เธเธฑเธเธ—เธถเธเนเธเธเธเธญเธฃเนเธกเธชเธกเธฑเธเธฃเธเธญเธเธเธธเธ“ - 
เธชเธกเธฑเธเธฃเธเธญเธฃเธฑเธเธเธฒเธฃเธชเธเธฑเธเธชเธเธธเธ

      at sendDraftSaveEmail (app/api/draft/save/route.ts:89:13)

    console.log
      Draft token: 3a475503-f7c4-453a-81e0-7909dd1983c2

      at sendDraftSaveEmail (app/api/draft/save/route.ts:90:13)

    console.log
      Draft save email would be sent to: test.rgb?pz^gr2k.6sa7a67%m.$nbzjj73^dl.f.!.c.k89mhbg}r$_@mnds8llo05.jp

      at sendDraftSaveEmail (app/api/draft/save/route.ts:88:13)

    console.log
      Subject: เธเธฑเธเธ—เธถเธเนเธเธเธเธญเธฃเนเธกเธชเธกเธฑเธเธฃเธเธญเธเธเธธเธ“ - 
เธชเธกเธฑเธเธฃเนเธเธฃเธเธเธฒเธฃ 100 เนเธฃเธเน€เธฃเธตเธขเธ

      at sendDraftSaveEmail (app/api/draft/save/route.ts:89:13)

    console.log
      Draft token: ba2c33c3-2199-43ee-a230-86d7bb007034

      at sendDraftSaveEmail (app/api/draft/save/route.ts:90:13)

    console.log
      Draft save email would be sent to: 
test.s}/--p6.{j7c'2{z.`{57pup^.9|_u6{s._uogkem5-^.6!_la-fe{64s.4v6u_a@xjpz8pbk4.fj5z.va

      at sendDraftSaveEmail (app/api/draft/save/route.ts:88:13)

    console.log
      Subject: เธเธฑเธเธ—เธถเธเนเธเธเธเธญเธฃเนเธกเธชเธกเธฑเธเธฃเธเธญเธเธเธธเธ“ - 
เธชเธกเธฑเธเธฃเธเธญเธฃเธฑเธเธเธฒเธฃเธชเธเธฑเธเธชเธเธธเธ

      at sendDraftSaveEmail (app/api/draft/save/route.ts:89:13)

    console.log
      Draft token: c93c2a19-553e-4f12-88e1-990f2896c21e

      at sendDraftSaveEmail (app/api/draft/save/route.ts:90:13)

    console.log
      Draft save email would be sent to: 
test.3tam/d31.1rf7%viwh9|.#e`x!.h-iae7ptn|.zhtaa.$|nv2k&d.qh5{2@e8zqz.ksj

      at sendDraftSaveEmail (app/api/draft/save/route.ts:88:13)

    console.log
      Subject: เธเธฑเธเธ—เธถเธเนเธเธเธเธญเธฃเนเธกเธชเธกเธฑเธเธฃเธเธญเธเธเธธเธ“ - 
เธชเธกเธฑเธเธฃเนเธเธฃเธเธเธฒเธฃ 100 เนเธฃเธเน€เธฃเธตเธขเธ

      at sendDraftSaveEmail (app/api/draft/save/route.ts:89:13)

    console.log
      Draft token: e81b298e-aa63-4d5d-8e95-b867ad20b900

      at sendDraftSaveEmail (app/api/draft/save/route.ts:90:13)

    console.log
      Draft save email would be sent to: 
test.a3e%pdqv.v=.|.-n/xay/uf.g{%9m`4|i.?6%u${c|f%~&.h3?l~u5.da@3o4w0di1ay5f.yb

      at sendDraftSaveEmail (app/api/draft/save/route.ts:88:13)

    console.log
      Subject: เธเธฑเธเธ—เธถเธเนเธเธเธเธญเธฃเนเธกเธชเธกเธฑเธเธฃเธเธญเธเธเธธเธ“ - 
เธชเธกเธฑเธเธฃเธเธญเธฃเธฑเธเธเธฒเธฃเธชเธเธฑเธเธชเธเธธเธ

      at sendDraftSaveEmail (app/api/draft/save/route.ts:89:13)

    console.log
      Draft token: ed3eff6f-9b4c-44d1-b48e-1b6b542c92f6

      at sendDraftSaveEmail (app/api/draft/save/route.ts:90:13)

    console.log
      Draft save email would be sent to: test.argu.xr|aor&t!.`.l`ya$^jod#~2@v5atsqv.qc

      at sendDraftSaveEmail (app/api/draft/save/route.ts:88:13)

    console.log
      Subject: เธเธฑเธเธ—เธถเธเนเธเธเธเธญเธฃเนเธกเธชเธกเธฑเธเธฃเธเธญเธเธเธธเธ“ - 
เธชเธกเธฑเธเธฃเธเธญเธฃเธฑเธเธเธฒเธฃเธชเธเธฑเธเธชเธเธธเธ

      at sendDraftSaveEmail (app/api/draft/save/route.ts:89:13)

    console.log
      Draft token: b545cc6c-040f-4b0d-9982-3e61c043a482

      at sendDraftSaveEmail (app/api/draft/save/route.ts:90:13)

    console.log
      Draft save email would be sent to: 
test.i`1tc3p.&fdc.cf.8n*who&v#/}%.j}t.*_bz3cs.7dcp.e!4!7b5?&`@2kzn7cs7t.cpcl8ue.xa

      at sendDraftSaveEmail (app/api/draft/save/route.ts:88:13)

    console.log
      Subject: เธเธฑเธเธ—เธถเธเนเธเธเธเธญเธฃเนเธกเธชเธกเธฑเธเธฃเธเธญเธเธเธธเธ“ - 
เธชเธกเธฑเธเธฃเนเธเธฃเธเธเธฒเธฃ 100 เนเธฃเธเน€เธฃเธตเธขเธ

      at sendDraftSaveEmail (app/api/draft/save/route.ts:89:13)

    console.log
      Draft token: 6c9683fd-dfaf-415e-99fb-6ea7228d7b23

      at sendDraftSaveEmail (app/api/draft/save/route.ts:90:13)

    console.log
      Draft save email would be sent to: 
test.q8?d613i2h.wyq&gkcxhie.i&lq3$`3.49|=v-d.=$.'zow6/.eell8k+j&@4klky3ln5bn.h4f2.ar

      at sendDraftSaveEmail (app/api/draft/save/route.ts:88:13)

    console.log
      Subject: เธเธฑเธเธ—เธถเธเนเธเธเธเธญเธฃเนเธกเธชเธกเธฑเธเธฃเธเธญเธเธเธธเธ“ - 
เธชเธกเธฑเธเธฃเธเธญเธฃเธฑเธเธเธฒเธฃเธชเธเธฑเธเธชเธเธธเธ

      at sendDraftSaveEmail (app/api/draft/save/route.ts:89:13)

    console.log
      Draft token: 017eaff4-0eeb-42b1-bbe2-532e478c888d

      at sendDraftSaveEmail (app/api/draft/save/route.ts:90:13)

    console.log
      Draft save email would be sent to: test.9doy'j{b3.qhb._rj&26i@icalldeco3.hhe

      at sendDraftSaveEmail (app/api/draft/save/route.ts:88:13)

    console.log
      Subject: เธเธฑเธเธ—เธถเธเนเธเธเธเธญเธฃเนเธกเธชเธกเธฑเธเธฃเธเธญเธเธเธธเธ“ - 
เธชเธกเธฑเธเธฃเธเธญเธฃเธฑเธเธเธฒเธฃเธชเธเธฑเธเธชเธเธธเธ

      at sendDraftSaveEmail (app/api/draft/save/route.ts:89:13)

    console.log
      Draft token: 50576cbf-493c-49ae-b8a5-d1ea70cc2aa6

      at sendDraftSaveEmail (app/api/draft/save/route.ts:90:13)

    console.log
      Draft save email would be sent to: test.~fuw.vgzu_~8=pv*$.|f#2?5=r.36!@j06a094.kes

      at sendDraftSaveEmail (app/api/draft/save/route.ts:88:13)

    console.log
      Subject: เธเธฑเธเธ—เธถเธเนเธเธเธเธญเธฃเนเธกเธชเธกเธฑเธเธฃเธเธญเธเธเธธเธ“ - 
เธชเธกเธฑเธเธฃเธเธญเธฃเธฑเธเธเธฒเธฃเธชเธเธฑเธเธชเธเธธเธ

      at sendDraftSaveEmail (app/api/draft/save/route.ts:89:13)

    console.log
      Draft token: 6818dbae-d87c-4e7e-a7c6-4df206d39baa

      at sendDraftSaveEmail (app/api/draft/save/route.ts:90:13)

    console.log
      Draft save email would be sent to: 
test.}.7mza7ou%aldd.m.c786nk$9*q`v.$_h29'.!r{1va`{.p#i}nu.a@1ojqip9e6sjt.wh

      at sendDraftSaveEmail (app/api/draft/save/route.ts:88:13)

    console.log
      Subject: เธเธฑเธเธ—เธถเธเนเธเธเธเธญเธฃเนเธกเธชเธกเธฑเธเธฃเธเธญเธเธเธธเธ“ - 
เธชเธกเธฑเธเธฃเธเธญเธฃเธฑเธเธเธฒเธฃเธชเธเธฑเธเธชเธเธธเธ

      at sendDraftSaveEmail (app/api/draft/save/route.ts:89:13)

    console.log
      Draft token: d89c2656-8f41-4614-9cfd-7bbe7272d15a

      at sendDraftSaveEmail (app/api/draft/save/route.ts:90:13)

    console.log
      Draft save email would be sent to: 
test.`9c&.mr!!acm=ey/e.1!0*1d%.$a!uq8n*i63.?{pi77_.{war`!}.7#.p@8en1ish.ru

      at sendDraftSaveEmail (app/api/draft/save/route.ts:88:13)

    console.log
      Subject: เธเธฑเธเธ—เธถเธเนเธเธเธเธญเธฃเนเธกเธชเธกเธฑเธเธฃเธเธญเธเธเธธเธ“ - 
เธชเธกเธฑเธเธฃเนเธเธฃเธเธเธฒเธฃ 100 เนเธฃเธเน€เธฃเธตเธขเธ

      at sendDraftSaveEmail (app/api/draft/save/route.ts:89:13)

    console.log
      Draft token: 491a9e00-89c6-4f20-afea-43152ac950f7

      at sendDraftSaveEmail (app/api/draft/save/route.ts:90:13)

    console.log
      Draft save email would be sent to: test.wzhfm.8ukzljeaf#b.=ep'asn7v.=8.b##9`=.a.'.ung$jz0|?.x~p@ce9p.tw

      at sendDraftSaveEmail (app/api/draft/save/route.ts:88:13)

    console.log
      Subject: เธเธฑเธเธ—เธถเธเนเธเธเธเธญเธฃเนเธกเธชเธกเธฑเธเธฃเธเธญเธเธเธธเธ“ - 
เธชเธกเธฑเธเธฃเนเธเธฃเธเธเธฒเธฃ 100 เนเธฃเธเน€เธฃเธตเธขเธ

      at sendDraftSaveEmail (app/api/draft/save/route.ts:89:13)

    console.log
      Draft token: 4dbedd5a-3514-46bf-905a-6bf7ab0f5675

      at sendDraftSaveEmail (app/api/draft/save/route.ts:90:13)

    console.log
      Draft save email would be sent to: test._h8^@fv-g91vngto5.ex

      at sendDraftSaveEmail (app/api/draft/save/route.ts:88:13)

    console.log
      Subject: เธเธฑเธเธ—เธถเธเนเธเธเธเธญเธฃเนเธกเธชเธกเธฑเธเธฃเธเธญเธเธเธธเธ“ - 
เธชเธกเธฑเธเธฃเธเธญเธฃเธฑเธเธเธฒเธฃเธชเธเธฑเธเธชเธเธธเธ

      at sendDraftSaveEmail (app/api/draft/save/route.ts:89:13)

    console.log
      Draft token: b3d4380a-ea5e-4f44-9480-4c57290b06b6

      at sendDraftSaveEmail (app/api/draft/save/route.ts:90:13)

    console.log
      Draft save email would be sent to: 
test.s^}l}ujt.|j|+^9?2h7.v=zs`hclmn|u.gil.wd|.24yu^b|.ja^1d@zo2dk.g04rfl7dn0.ewr

      at sendDraftSaveEmail (app/api/draft/save/route.ts:88:13)

    console.log
      Subject: เธเธฑเธเธ—เธถเธเนเธเธเธเธญเธฃเนเธกเธชเธกเธฑเธเธฃเธเธญเธเธเธธเธ“ - 
เธชเธกเธฑเธเธฃเธเธญเธฃเธฑเธเธเธฒเธฃเธชเธเธฑเธเธชเธเธธเธ

      at sendDraftSaveEmail (app/api/draft/save/route.ts:89:13)

    console.log
      Draft token: a22b60f4-4bd3-4597-8538-efc0cc740eca

      at sendDraftSaveEmail (app/api/draft/save/route.ts:90:13)

    console.log
      Draft save email would be sent to: test.~~tjb^=3*$l.qmi-r.l^!07cdnmewl.b=0u.v'8#@99an7gl1wu.co

      at sendDraftSaveEmail (app/api/draft/save/route.ts:88:13)

    console.log
      Subject: เธเธฑเธเธ—เธถเธเนเธเธเธเธญเธฃเนเธกเธชเธกเธฑเธเธฃเธเธญเธเธเธธเธ“ - 
เธชเธกเธฑเธเธฃเธเธญเธฃเธฑเธเธเธฒเธฃเธชเธเธฑเธเธชเธเธธเธ

      at sendDraftSaveEmail (app/api/draft/save/route.ts:89:13)

    console.log
      Draft token: b695336b-7e50-42ba-89c0-34dda3a07b1a

      at sendDraftSaveEmail (app/api/draft/save/route.ts:90:13)

    console.log
      Draft save email would be sent to: test.~&i4s.a'y|lywz%.ce8t9rp6/.|tyvc^~dx|a.89.?+20dj=g3v!p.n@a.ref

      at sendDraftSaveEmail (app/api/draft/save/route.ts:88:13)

    console.log
      Subject: เธเธฑเธเธ—เธถเธเนเธเธเธเธญเธฃเนเธกเธชเธกเธฑเธเธฃเธเธญเธเธเธธเธ“ - 
เธชเธกเธฑเธเธฃเนเธเธฃเธเธเธฒเธฃ 100 เนเธฃเธเน€เธฃเธตเธขเธ

      at sendDraftSaveEmail (app/api/draft/save/route.ts:89:13)

    console.log
      Draft token: 831a72eb-2765-48d9-bf99-e5202dab4d73

      at sendDraftSaveEmail (app/api/draft/save/route.ts:90:13)

    console.log
      Draft save email would be sent to: test.!_vdm1^m-?{j.e~dvs0@p.7qz.uq

      at sendDraftSaveEmail (app/api/draft/save/route.ts:88:13)

    console.log
      Subject: เธเธฑเธเธ—เธถเธเนเธเธเธเธญเธฃเนเธกเธชเธกเธฑเธเธฃเธเธญเธเธเธธเธ“ - 
เธชเธกเธฑเธเธฃเธเธญเธฃเธฑเธเธเธฒเธฃเธชเธเธฑเธเธชเธเธธเธ

      at sendDraftSaveEmail (app/api/draft/save/route.ts:89:13)

    console.log
      Draft token: b7a83f8a-7caa-4acb-aff5-400a9fffa104

      at sendDraftSaveEmail (app/api/draft/save/route.ts:90:13)

    console.log
      Draft save email would be sent to: test.e=%y#h^.9il.t5mjnw@skw25.7ti2ueud.uk

      at sendDraftSaveEmail (app/api/draft/save/route.ts:88:13)

    console.log
      Subject: เธเธฑเธเธ—เธถเธเนเธเธเธเธญเธฃเนเธกเธชเธกเธฑเธเธฃเธเธญเธเธเธธเธ“ - 
เธชเธกเธฑเธเธฃเธเธญเธฃเธฑเธเธเธฒเธฃเธชเธเธฑเธเธชเธเธธเธ

      at sendDraftSaveEmail (app/api/draft/save/route.ts:89:13)

    console.log
      Draft token: a35c4381-b6b5-4018-8219-2e150df59a44

      at sendDraftSaveEmail (app/api/draft/save/route.ts:90:13)

    console.log
      Draft save email would be sent to: 
test.7-n~#^$.*8`|ba!t414.+2c1iok%w`.w?h}3tb8!.}0phtv.f01-$+t@r.kpri-c.uhn

      at sendDraftSaveEmail (app/api/draft/save/route.ts:88:13)

    console.log
      Subject: เธเธฑเธเธ—เธถเธเนเธเธเธเธญเธฃเนเธกเธชเธกเธฑเธเธฃเธเธญเธเธเธธเธ“ - 
เธชเธกเธฑเธเธฃเนเธเธฃเธเธเธฒเธฃ 100 เนเธฃเธเน€เธฃเธตเธขเธ

      at sendDraftSaveEmail (app/api/draft/save/route.ts:89:13)

    console.log
      Draft token: 6a337970-7ebd-4d63-b85b-dafcf2b3e458

      at sendDraftSaveEmail (app/api/draft/save/route.ts:90:13)

    console.log
      Draft save email would be sent to: test.|l.uc`pxdac@l5sz3.rc

      at sendDraftSaveEmail (app/api/draft/save/route.ts:88:13)

    console.log
      Subject: เธเธฑเธเธ—เธถเธเนเธเธเธเธญเธฃเนเธกเธชเธกเธฑเธเธฃเธเธญเธเธเธธเธ“ - 
เธชเธกเธฑเธเธฃเนเธเธฃเธเธเธฒเธฃ 100 เนเธฃเธเน€เธฃเธตเธขเธ

      at sendDraftSaveEmail (app/api/draft/save/route.ts:89:13)

    console.log
      Draft token: 481e4238-7d8e-4b2e-8805-a7103d78c611

      at sendDraftSaveEmail (app/api/draft/save/route.ts:90:13)

    console.log
      Draft save email would be sent to: 
test.{to0.as|dujgw'.*u7wb_j-ups.-_kb&pm#/.g0.}|*qb'f1.#.8'qra.{~|/0m@pnwv-ffacl.vxx

      at sendDraftSaveEmail (app/api/draft/save/route.ts:88:13)

    console.log
      Subject: เธเธฑเธเธ—เธถเธเนเธเธเธเธญเธฃเนเธกเธชเธกเธฑเธเธฃเธเธญเธเธเธธเธ“ - 
เธชเธกเธฑเธเธฃเนเธเธฃเธเธเธฒเธฃ 100 เนเธฃเธเน€เธฃเธตเธขเธ

      at sendDraftSaveEmail (app/api/draft/save/route.ts:89:13)

    console.log
      Draft token: 08b59caa-6b2b-4e92-9418-61d082004130

      at sendDraftSaveEmail (app/api/draft/save/route.ts:90:13)

    console.log
      Draft save email would be sent to: 
test.ba2*.9.34^|rt2i.9p.bvh8s.l&dk4/p.u?.#nj$6!3fq?-.t.frs/p@4c6rtuxm5.q6r0rse.vw

      at sendDraftSaveEmail (app/api/draft/save/route.ts:88:13)

    console.log
      Subject: เธเธฑเธเธ—เธถเธเนเธเธเธเธญเธฃเนเธกเธชเธกเธฑเธเธฃเธเธญเธเธเธธเธ“ - 
เธชเธกเธฑเธเธฃเนเธเธฃเธเธเธฒเธฃ 100 เนเธฃเธเน€เธฃเธตเธขเธ

      at sendDraftSaveEmail (app/api/draft/save/route.ts:89:13)

    console.log
      Draft token: 92a677c6-44e8-4118-8809-ebdaac73f9eb

      at sendDraftSaveEmail (app/api/draft/save/route.ts:90:13)

    console.log
      Draft save email would be sent to: test.aq}.im.^_pv1330.uy-.|~w{=%b0*#^.1&@7l.yl

      at sendDraftSaveEmail (app/api/draft/save/route.ts:88:13)

    console.log
      Subject: เธเธฑเธเธ—เธถเธเนเธเธเธเธญเธฃเนเธกเธชเธกเธฑเธเธฃเธเธญเธเธเธธเธ“ - 
เธชเธกเธฑเธเธฃเธเธญเธฃเธฑเธเธเธฒเธฃเธชเธเธฑเธเธชเธเธธเธ

      at sendDraftSaveEmail (app/api/draft/save/route.ts:89:13)

    console.log
      Draft token: ee0cae53-d43b-4a62-a329-54c88c3cef6c

      at sendDraftSaveEmail (app/api/draft/save/route.ts:90:13)

    console.log
      Draft save email would be sent to: test.keyrefrefe.2jbenn.%ma8!@gxxlinm.s48zajsel1.npe

      at sendDraftSaveEmail (app/api/draft/save/route.ts:88:13)

    console.log
      Subject: เธเธฑเธเธ—เธถเธเนเธเธเธเธญเธฃเนเธกเธชเธกเธฑเธเธฃเธเธญเธเธเธธเธ“ - 
เธชเธกเธฑเธเธฃเนเธเธฃเธเธเธฒเธฃ 100 เนเธฃเธเน€เธฃเธตเธขเธ

      at sendDraftSaveEmail (app/api/draft/save/route.ts:89:13)

    console.log
      Draft token: 5bba8d6c-7162-43ab-a9cd-2100ea41a708

      at sendDraftSaveEmail (app/api/draft/save/route.ts:90:13)

    console.log
      Draft save email would be sent to: 
test.9}e4%hh%8.p5#s.%ds=#.kd{.}&vi'%_.*xi/9?9p.w{2{jg?m/z.9p'#v7@1a2l0fdbhhz.v52td9dzi.xse

      at sendDraftSaveEmail (app/api/draft/save/route.ts:88:13)

    console.log
      Subject: เธเธฑเธเธ—เธถเธเนเธเธเธเธญเธฃเนเธกเธชเธกเธฑเธเธฃเธเธญเธเธเธธเธ“ - 
เธชเธกเธฑเธเธฃเนเธเธฃเธเธเธฒเธฃ 100 เนเธฃเธเน€เธฃเธตเธขเธ

      at sendDraftSaveEmail (app/api/draft/save/route.ts:89:13)

    console.log
      Draft token: a34a46e7-a636-42ce-8f96-31017f3aecdb

      at sendDraftSaveEmail (app/api/draft/save/route.ts:90:13)

    console.log
      Draft save email would be sent to: test.d4b998cjf@3hbnge.5.kjm

      at sendDraftSaveEmail (app/api/draft/save/route.ts:88:13)

    console.log
      Subject: เธเธฑเธเธ—เธถเธเนเธเธเธเธญเธฃเนเธกเธชเธกเธฑเธเธฃเธเธญเธเธเธธเธ“ - 
เธชเธกเธฑเธเธฃเนเธเธฃเธเธเธฒเธฃ 100 เนเธฃเธเน€เธฃเธตเธขเธ

      at sendDraftSaveEmail (app/api/draft/save/route.ts:89:13)

    console.log
      Draft token: 982d4880-33da-47a7-8733-05b649568647

      at sendDraftSaveEmail (app/api/draft/save/route.ts:90:13)

    console.log
      Draft save email would be sent to: test.dd|vlnzqd.!f-l%8.bx-d.9'e`.tn7=s{^}@n1.oxr

      at sendDraftSaveEmail (app/api/draft/save/route.ts:88:13)

    console.log
      Subject: เธเธฑเธเธ—เธถเธเนเธเธเธเธญเธฃเนเธกเธชเธกเธฑเธเธฃเธเธญเธเธเธธเธ“ - 
เธชเธกเธฑเธเธฃเนเธเธฃเธเธเธฒเธฃ 100 เนเธฃเธเน€เธฃเธตเธขเธ

      at sendDraftSaveEmail (app/api/draft/save/route.ts:89:13)

    console.log
      Draft token: fadc6975-9809-442b-92c6-b4e6a765d95f

      at sendDraftSaveEmail (app/api/draft/save/route.ts:90:13)

    console.log
      Draft save email would be sent to: 
test.v9`of.0'_m`d9./.?45#yu9`d^q%.*e&r24odz2.`^0ingf2??8`.a.#c?gzjo^j@pakvn0b.ww

      at sendDraftSaveEmail (app/api/draft/save/route.ts:88:13)

    console.log
      Subject: เธเธฑเธเธ—เธถเธเนเธเธเธเธญเธฃเนเธกเธชเธกเธฑเธเธฃเธเธญเธเธเธธเธ“ - 
เธชเธกเธฑเธเธฃเธเธญเธฃเธฑเธเธเธฒเธฃเธชเธเธฑเธเธชเธเธธเธ

      at sendDraftSaveEmail (app/api/draft/save/route.ts:89:13)

    console.log
      Draft token: 64c6bf90-6d50-4ed2-894c-0c446fb9d876

      at sendDraftSaveEmail (app/api/draft/save/route.ts:90:13)

    console.log
      Draft save email would be sent to: 
test.+wca%.kxguvldq.av0o#p99tk!.cvm~!0s0w=.ux4-d'uy.rpn`i{e%@8lhor4.a-fpkrtaot-4.wy

      at sendDraftSaveEmail (app/api/draft/save/route.ts:88:13)

    console.log
      Subject: เธเธฑเธเธ—เธถเธเนเธเธเธเธญเธฃเนเธกเธชเธกเธฑเธเธฃเธเธญเธเธเธธเธ“ - 
เธชเธกเธฑเธเธฃเนเธเธฃเธเธเธฒเธฃ 100 เนเธฃเธเน€เธฃเธตเธขเธ

      at sendDraftSaveEmail (app/api/draft/save/route.ts:89:13)

    console.log
      Draft token: 21c0ca5a-b4df-47df-a87f-52400f257876

      at sendDraftSaveEmail (app/api/draft/save/route.ts:90:13)

    console.log
      Draft save email would be sent to: 
test.62$!cn1g.v4y1-6lr.9s*a!~^|.0.n7f!%_?.83k2|-wa.2^1{.lff._u'1^w?7@s6tvxoswzr7h.ryx

      at sendDraftSaveEmail (app/api/draft/save/route.ts:88:13)

    console.log
      Subject: เธเธฑเธเธ—เธถเธเนเธเธเธเธญเธฃเนเธกเธชเธกเธฑเธเธฃเธเธญเธเธเธธเธ“ - 
เธชเธกเธฑเธเธฃเธเธญเธฃเธฑเธเธเธฒเธฃเธชเธเธฑเธเธชเธเธธเธ

      at sendDraftSaveEmail (app/api/draft/save/route.ts:89:13)

    console.log
      Draft token: 7cb1b88d-2d5b-4a5a-88f7-f2f90674e3e8

      at sendDraftSaveEmail (app/api/draft/save/route.ts:90:13)

    console.log
      Draft save email would be sent to: test.%i&}-s-9xv.kt*='e`l5.7n.hd6j/6.-dsk@pmt7v.eur

      at sendDraftSaveEmail (app/api/draft/save/route.ts:88:13)

    console.log
      Subject: เธเธฑเธเธ—เธถเธเนเธเธเธเธญเธฃเนเธกเธชเธกเธฑเธเธฃเธเธญเธเธเธธเธ“ - 
เธชเธกเธฑเธเธฃเธเธญเธฃเธฑเธเธเธฒเธฃเธชเธเธฑเธเธชเธเธธเธ

      at sendDraftSaveEmail (app/api/draft/save/route.ts:89:13)

    console.log
      Draft token: 691ac164-f3d6-4c78-893f-687d4ebfb9ad

      at sendDraftSaveEmail (app/api/draft/save/route.ts:90:13)

    console.log
      Draft save email would be sent to: test._++o8'u.=adfb6a/u`.$.'k&or.u.%f9t/b%jr8t.c_@p.zyn

      at sendDraftSaveEmail (app/api/draft/save/route.ts:88:13)

    console.log
      Subject: เธเธฑเธเธ—เธถเธเนเธเธเธเธญเธฃเนเธกเธชเธกเธฑเธเธฃเธเธญเธเธเธธเธ“ - 
เธชเธกเธฑเธเธฃเธเธญเธฃเธฑเธเธเธฒเธฃเธชเธเธฑเธเธชเธเธธเธ

      at sendDraftSaveEmail (app/api/draft/save/route.ts:89:13)

    console.log
      Draft token: d2a993d6-961a-48cc-8e3a-1d88f24660fe

      at sendDraftSaveEmail (app/api/draft/save/route.ts:90:13)

    console.log
      Draft save email would be sent to: 
test.mqey~#~r*$0.%y+^#/{$56y.z^~}al6.kl|f.?cu*%62*.b7xc*ie+^g@5hmnmwdbrx.60v.gw

      at sendDraftSaveEmail (app/api/draft/save/route.ts:88:13)

    console.log
      Subject: เธเธฑเธเธ—เธถเธเนเธเธเธเธญเธฃเนเธกเธชเธกเธฑเธเธฃเธเธญเธเธเธธเธ“ - 
เธชเธกเธฑเธเธฃเนเธเธฃเธเธเธฒเธฃ 100 เนเธฃเธเน€เธฃเธตเธขเธ

      at sendDraftSaveEmail (app/api/draft/save/route.ts:89:13)

    console.log
      Draft token: 843dd186-1e64-4ce8-a3f1-24e7df5842f0

      at sendDraftSaveEmail (app/api/draft/save/route.ts:90:13)

    console.log
      Draft save email would be sent to: test.^+_.29t~d*ipu-k.g.zj0ybpeh.oq40%.e6f?=|@g49.yab

      at sendDraftSaveEmail (app/api/draft/save/route.ts:88:13)

    console.log
      Subject: เธเธฑเธเธ—เธถเธเนเธเธเธเธญเธฃเนเธกเธชเธกเธฑเธเธฃเธเธญเธเธเธธเธ“ - 
เธชเธกเธฑเธเธฃเธเธญเธฃเธฑเธเธเธฒเธฃเธชเธเธฑเธเธชเธเธธเธ

      at sendDraftSaveEmail (app/api/draft/save/route.ts:89:13)

    console.log
      Draft token: d13db8ab-48f4-459d-ae08-71a951ed8cfc

      at sendDraftSaveEmail (app/api/draft/save/route.ts:90:13)

    console.log
      Draft save email would be sent to: test.hcj|7t's'~.56ep9=dq``9.twn{e.5%_`fej&mizu.!mea@zc7bv0zh.xhr

      at sendDraftSaveEmail (app/api/draft/save/route.ts:88:13)

    console.log
      Subject: เธเธฑเธเธ—เธถเธเนเธเธเธเธญเธฃเนเธกเธชเธกเธฑเธเธฃเธเธญเธเธเธธเธ“ - 
เธชเธกเธฑเธเธฃเนเธเธฃเธเธเธฒเธฃ 100 เนเธฃเธเน€เธฃเธตเธขเธ

      at sendDraftSaveEmail (app/api/draft/save/route.ts:89:13)

    console.log
      Draft token: fb1201e1-1e9a-4079-8b09-6f20d76fe139

      at sendDraftSaveEmail (app/api/draft/save/route.ts:90:13)

    console.log
      Draft save email would be sent to: test.+btim%.//#3h.$b~%ah?{nj@8k0bo.lbe

      at sendDraftSaveEmail (app/api/draft/save/route.ts:88:13)

    console.log
      Subject: เธเธฑเธเธ—เธถเธเนเธเธเธเธญเธฃเนเธกเธชเธกเธฑเธเธฃเธเธญเธเธเธธเธ“ - 
เธชเธกเธฑเธเธฃเนเธเธฃเธเธเธฒเธฃ 100 เนเธฃเธเน€เธฃเธตเธขเธ

      at sendDraftSaveEmail (app/api/draft/save/route.ts:89:13)

    console.log
      Draft token: b50c9346-d577-45c3-ae70-be46ddf79dd9

      at sendDraftSaveEmail (app/api/draft/save/route.ts:90:13)

    console.log
      Draft save email would be sent to: test.f1}o_.{6rrf?8?68.`|m.9}.__proto__@eh3-0a.sbkl85rv225z.zjf

      at sendDraftSaveEmail (app/api/draft/save/route.ts:88:13)

    console.log
      Subject: เธเธฑเธเธ—เธถเธเนเธเธเธเธญเธฃเนเธกเธชเธกเธฑเธเธฃเธเธญเธเธเธธเธ“ - 
เธชเธกเธฑเธเธฃเนเธเธฃเธเธเธฒเธฃ 100 เนเธฃเธเน€เธฃเธตเธขเธ

      at sendDraftSaveEmail (app/api/draft/save/route.ts:89:13)

    console.log
      Draft token: 5f8b83ad-8dc5-48e8-9d81-389145b743fa

      at sendDraftSaveEmail (app/api/draft/save/route.ts:90:13)

    console.log
      Draft save email would be sent to: test.#bk%97h!'.{~=e|^qvt~.k&a_2t7u7.m{^q?.p.{sd|ok1.{$d@b.oxmn3stz9.rx

      at sendDraftSaveEmail (app/api/draft/save/route.ts:88:13)

    console.log
      Subject: เธเธฑเธเธ—เธถเธเนเธเธเธเธญเธฃเนเธกเธชเธกเธฑเธเธฃเธเธญเธเธเธธเธ“ - 
เธชเธกเธฑเธเธฃเนเธเธฃเธเธเธฒเธฃ 100 เนเธฃเธเน€เธฃเธตเธขเธ

      at sendDraftSaveEmail (app/api/draft/save/route.ts:89:13)

    console.log
      Draft token: 335fe585-64fc-42a3-8a73-0ebc56711958

      at sendDraftSaveEmail (app/api/draft/save/route.ts:90:13)

    console.log
      Draft save email would be sent to: test.j2_u2.&-`0sz.olh.vus~b@d.eqgrlmut.kj

      at sendDraftSaveEmail (app/api/draft/save/route.ts:88:13)

    console.log
      Subject: เธเธฑเธเธ—เธถเธเนเธเธเธเธญเธฃเนเธกเธชเธกเธฑเธเธฃเธเธญเธเธเธธเธ“ - 
เธชเธกเธฑเธเธฃเนเธเธฃเธเธเธฒเธฃ 100 เนเธฃเธเน€เธฃเธตเธขเธ

      at sendDraftSaveEmail (app/api/draft/save/route.ts:89:13)

    console.log
      Draft token: 63b79f2f-a0ed-494a-b95c-29adf9ee2c30

      at sendDraftSaveEmail (app/api/draft/save/route.ts:90:13)

    console.log
      Draft save email would be sent to: test.3d`.o-8zp9a*'.vl~l-0zy?@n0js.jy

      at sendDraftSaveEmail (app/api/draft/save/route.ts:88:13)

    console.log
      Subject: เธเธฑเธเธ—เธถเธเนเธเธเธเธญเธฃเนเธกเธชเธกเธฑเธเธฃเธเธญเธเธเธธเธ“ - 
เธชเธกเธฑเธเธฃเนเธเธฃเธเธเธฒเธฃ 100 เนเธฃเธเน€เธฃเธตเธขเธ

      at sendDraftSaveEmail (app/api/draft/save/route.ts:89:13)

    console.log
      Draft token: 9d621598-c0ea-4d28-adb2-69110a1978a1

      at sendDraftSaveEmail (app/api/draft/save/route.ts:90:13)

    console.log
      Draft save email would be sent to: 
test.pfo/edzkkqi.bqec5wg|z.mky#o._md%pjni39.-fhji.c'u=^#.2~|fd~-itgp|@aagjtq.y7o7.zet

      at sendDraftSaveEmail (app/api/draft/save/route.ts:88:13)

    console.log
      Subject: เธเธฑเธเธ—เธถเธเนเธเธเธเธญเธฃเนเธกเธชเธกเธฑเธเธฃเธเธญเธเธเธธเธ“ - 
เธชเธกเธฑเธเธฃเนเธเธฃเธเธเธฒเธฃ 100 เนเธฃเธเน€เธฃเธตเธขเธ

      at sendDraftSaveEmail (app/api/draft/save/route.ts:89:13)

    console.log
      Draft token: 8855cdd8-d60b-4f8d-888b-a770055e1dd5

      at sendDraftSaveEmail (app/api/draft/save/route.ts:90:13)

    console.log
      Draft save email would be sent to: test.ndxrefo2.ai+}c9p@pnz1ooga.9fci5s6ri6r.gbv

      at sendDraftSaveEmail (app/api/draft/save/route.ts:88:13)

    console.log
      Subject: เธเธฑเธเธ—เธถเธเนเธเธเธเธญเธฃเนเธกเธชเธกเธฑเธเธฃเธเธญเธเธเธธเธ“ - 
เธชเธกเธฑเธเธฃเธเธญเธฃเธฑเธเธเธฒเธฃเธชเธเธฑเธเธชเธเธธเธ

      at sendDraftSaveEmail (app/api/draft/save/route.ts:89:13)

    console.log
      Draft token: 35f62d53-e017-4cad-9606-6443d17d8f54

      at sendDraftSaveEmail (app/api/draft/save/route.ts:90:13)

    console.log
      Draft save email would be sent to: test.iqnts*n.ip=@tc0pn9r.ep

      at sendDraftSaveEmail (app/api/draft/save/route.ts:88:13)

    console.log
      Subject: เธเธฑเธเธ—เธถเธเนเธเธเธเธญเธฃเนเธกเธชเธกเธฑเธเธฃเธเธญเธเธเธธเธ“ - 
เธชเธกเธฑเธเธฃเธเธญเธฃเธฑเธเธเธฒเธฃเธชเธเธฑเธเธชเธเธธเธ

      at sendDraftSaveEmail (app/api/draft/save/route.ts:89:13)

    console.log
      Draft token: 5fa6d1ca-3cb4-46dd-88f6-d9dae5a3a9e0

      at sendDraftSaveEmail (app/api/draft/save/route.ts:90:13)

    console.log
      Draft save email would be sent to: test.+&ir9m~ct'u*.gprrtl_mg.q/x=.?.3#+'`.'o.2ij&y.vl_`.3$-'@s.unr

      at sendDraftSaveEmail (app/api/draft/save/route.ts:88:13)

    console.log
      Subject: เธเธฑเธเธ—เธถเธเนเธเธเธเธญเธฃเนเธกเธชเธกเธฑเธเธฃเธเธญเธเธเธธเธ“ - 
เธชเธกเธฑเธเธฃเนเธเธฃเธเธเธฒเธฃ 100 เนเธฃเธเน€เธฃเธตเธขเธ

      at sendDraftSaveEmail (app/api/draft/save/route.ts:89:13)

    console.log
      Draft token: e7450351-a385-4232-b625-0a687d8b0a71

      at sendDraftSaveEmail (app/api/draft/save/route.ts:90:13)

    console.log
      Draft save email would be sent to: test.c^hu!8.x_dra~r.z?xq$q0#+^i.c'kh'/q2.r@7sop1m.yc

      at sendDraftSaveEmail (app/api/draft/save/route.ts:88:13)

    console.log
      Subject: เธเธฑเธเธ—เธถเธเนเธเธเธเธญเธฃเนเธกเธชเธกเธฑเธเธฃเธเธญเธเธเธธเธ“ - 
เธชเธกเธฑเธเธฃเธเธญเธฃเธฑเธเธเธฒเธฃเธชเธเธฑเธเธชเธเธธเธ

      at sendDraftSaveEmail (app/api/draft/save/route.ts:89:13)

    console.log
      Draft token: bd80df3c-e1de-458b-9d59-c6d69e2faec7

      at sendDraftSaveEmail (app/api/draft/save/route.ts:90:13)

    console.log
      Draft save email would be sent to: 
test._.~.`+`eb`}o87.u~?5~f&_.rd-?w1gy}n{q.eb~v.k^~ehova6dj&.*oh.d~nx%@ly.39dlm.qkh

      at sendDraftSaveEmail (app/api/draft/save/route.ts:88:13)

    console.log
      Subject: เธเธฑเธเธ—เธถเธเนเธเธเธเธญเธฃเนเธกเธชเธกเธฑเธเธฃเธเธญเธเธเธธเธ“ - 
เธชเธกเธฑเธเธฃเธเธญเธฃเธฑเธเธเธฒเธฃเธชเธเธฑเธเธชเธเธธเธ

      at sendDraftSaveEmail (app/api/draft/save/route.ts:89:13)

    console.log
      Draft token: 104cb9fa-48a3-4a7d-8ce8-1a8b65788a0f

      at sendDraftSaveEmail (app/api/draft/save/route.ts:90:13)

    console.log
      Draft save email would be sent to: trailing-dot@domain.com.

      at sendDraftSaveEmail (app/api/draft/save/route.ts:88:13)

    console.log
      Subject: เธเธฑเธเธ—เธถเธเนเธเธเธเธญเธฃเนเธกเธชเธกเธฑเธเธฃเธเธญเธเธเธธเธ“ - 
เธชเธกเธฑเธเธฃเธเธญเธฃเธฑเธเธเธฒเธฃเธชเธเธฑเธเธชเธเธธเธ

      at sendDraftSaveEmail (app/api/draft/save/route.ts:89:13)

    console.log
      Draft token: 5871be83-fc5d-4b01-9eb6-ba538f46b66b

      at sendDraftSaveEmail (app/api/draft/save/route.ts:90:13)

    console.log
      Draft save email would be sent to: trailing-dot@domain.com.

      at sendDraftSaveEmail (app/api/draft/save/route.ts:88:13)

    console.log
      Subject: เธเธฑเธเธ—เธถเธเนเธเธเธเธญเธฃเนเธกเธชเธกเธฑเธเธฃเธเธญเธเธเธธเธ“ - 
เธชเธกเธฑเธเธฃเธเธญเธฃเธฑเธเธเธฒเธฃเธชเธเธฑเธเธชเธเธธเธ

      at sendDraftSaveEmail (app/api/draft/save/route.ts:89:13)

    console.log
      Draft token: bd2692ec-243f-40a8-88d5-310d7d0ba13c

      at sendDraftSaveEmail (app/api/draft/save/route.ts:90:13)

    console.log
      Draft save email would be sent to: trailing-dot@domain.com.

      at sendDraftSaveEmail (app/api/draft/save/route.ts:88:13)

    console.log
      Subject: เธเธฑเธเธ—เธถเธเนเธเธเธเธญเธฃเนเธกเธชเธกเธฑเธเธฃเธเธญเธเธเธธเธ“ - 
เธชเธกเธฑเธเธฃเธเธญเธฃเธฑเธเธเธฒเธฃเธชเธเธฑเธเธชเธเธธเธ

      at sendDraftSaveEmail (app/api/draft/save/route.ts:89:13)

    console.log
      Draft token: 7dbae190-9bdd-4061-b7a1-c9934b11a058

      at sendDraftSaveEmail (app/api/draft/save/route.ts:90:13)

    console.log
      Draft save email would be sent to: trailing-dot@domain.com.

      at sendDraftSaveEmail (app/api/draft/save/route.ts:88:13)

    console.log
      Subject: เธเธฑเธเธ—เธถเธเนเธเธเธเธญเธฃเนเธกเธชเธกเธฑเธเธฃเธเธญเธเธเธธเธ“ - 
เธชเธกเธฑเธเธฃเธเธญเธฃเธฑเธเธเธฒเธฃเธชเธเธฑเธเธชเธเธธเธ

      at sendDraftSaveEmail (app/api/draft/save/route.ts:89:13)

    console.log
      Draft token: a69ef9cc-b484-4898-a7c0-a8b96e726dbd

      at sendDraftSaveEmail (app/api/draft/save/route.ts:90:13)

    console.log
      Draft save email would be sent to: trailing-dot@domain.com.

      at sendDraftSaveEmail (app/api/draft/save/route.ts:88:13)

    console.log
      Subject: เธเธฑเธเธ—เธถเธเนเธเธเธเธญเธฃเนเธกเธชเธกเธฑเธเธฃเธเธญเธเธเธธเธ“ - 
เธชเธกเธฑเธเธฃเธเธญเธฃเธฑเธเธเธฒเธฃเธชเธเธฑเธเธชเธเธธเธ

      at sendDraftSaveEmail (app/api/draft/save/route.ts:89:13)

    console.log
      Draft token: 2daab042-85aa-4107-afbe-77eadb87b26c

      at sendDraftSaveEmail (app/api/draft/save/route.ts:90:13)

    console.log
      Draft save email would be sent to: trailing-dot@domain.com.

      at sendDraftSaveEmail (app/api/draft/save/route.ts:88:13)

    console.log
      Subject: เธเธฑเธเธ—เธถเธเนเธเธเธเธญเธฃเนเธกเธชเธกเธฑเธเธฃเธเธญเธเธเธธเธ“ - 
เธชเธกเธฑเธเธฃเธเธญเธฃเธฑเธเธเธฒเธฃเธชเธเธฑเธเธชเธเธธเธ

      at sendDraftSaveEmail (app/api/draft/save/route.ts:89:13)

    console.log
      Draft token: 8c245126-626a-48c4-b5ac-6cd8263e5d95

      at sendDraftSaveEmail (app/api/draft/save/route.ts:90:13)

    console.log
      Draft save email would be sent to: trailing-dot@domain.com.

      at sendDraftSaveEmail (app/api/draft/save/route.ts:88:13)

    console.log
      Subject: เธเธฑเธเธ—เธถเธเนเธเธเธเธญเธฃเนเธกเธชเธกเธฑเธเธฃเธเธญเธเธเธธเธ“ - 
เธชเธกเธฑเธเธฃเธเธญเธฃเธฑเธเธเธฒเธฃเธชเธเธฑเธเธชเธเธธเธ

      at sendDraftSaveEmail (app/api/draft/save/route.ts:89:13)

    console.log
      Draft token: 777176c4-626b-4eef-b8e2-107fd462a077

      at sendDraftSaveEmail (app/api/draft/save/route.ts:90:13)

    console.log
      Draft save email would be sent to: trailing-dot@domain.com.

      at sendDraftSaveEmail (app/api/draft/save/route.ts:88:13)

    console.log
      Subject: เธเธฑเธเธ—เธถเธเนเธเธเธเธญเธฃเนเธกเธชเธกเธฑเธเธฃเธเธญเธเธเธธเธ“ - 
เธชเธกเธฑเธเธฃเธเธญเธฃเธฑเธเธเธฒเธฃเธชเธเธฑเธเธชเธเธธเธ

      at sendDraftSaveEmail (app/api/draft/save/route.ts:89:13)

    console.log
      Draft token: 17deceaf-4865-47b0-86b9-56027ea89e83

      at sendDraftSaveEmail (app/api/draft/save/route.ts:90:13)

    console.log
      Draft save email would be sent to: trailing-dot@domain.com.

      at sendDraftSaveEmail (app/api/draft/save/route.ts:88:13)

    console.log
      Subject: เธเธฑเธเธ—เธถเธเนเธเธเธเธญเธฃเนเธกเธชเธกเธฑเธเธฃเธเธญเธเธเธธเธ“ - 
เธชเธกเธฑเธเธฃเธเธญเธฃเธฑเธเธเธฒเธฃเธชเธเธฑเธเธชเธเธธเธ

      at sendDraftSaveEmail (app/api/draft/save/route.ts:89:13)

    console.log
      Draft token: 6621bbd7-ac04-4264-9678-622562aeb385

      at sendDraftSaveEmail (app/api/draft/save/route.ts:90:13)

    console.log
      Draft save email would be sent to: trailing-dot@domain.com.

      at sendDraftSaveEmail (app/api/draft/save/route.ts:88:13)

    console.log
      Subject: เธเธฑเธเธ—เธถเธเนเธเธเธเธญเธฃเนเธกเธชเธกเธฑเธเธฃเธเธญเธเธเธธเธ“ - 
เธชเธกเธฑเธเธฃเธเธญเธฃเธฑเธเธเธฒเธฃเธชเธเธฑเธเธชเธเธธเธ

      at sendDraftSaveEmail (app/api/draft/save/route.ts:89:13)

    console.log
      Draft token: 60585fa0-6d59-4ce1-86b9-3d2c8c098f56

      at sendDraftSaveEmail (app/api/draft/save/route.ts:90:13)

    console.log
      Draft save email would be sent to: trailing-dot@domain.com.

      at sendDraftSaveEmail (app/api/draft/save/route.ts:88:13)

    console.log
      Subject: เธเธฑเธเธ—เธถเธเนเธเธเธเธญเธฃเนเธกเธชเธกเธฑเธเธฃเธเธญเธเธเธธเธ“ - 
เธชเธกเธฑเธเธฃเธเธญเธฃเธฑเธเธเธฒเธฃเธชเธเธฑเธเธชเธเธธเธ

      at sendDraftSaveEmail (app/api/draft/save/route.ts:89:13)

    console.log
      Draft token: 3884eeb0-3bfa-486f-b738-ef38448a4419

      at sendDraftSaveEmail (app/api/draft/save/route.ts:90:13)

    console.log
      Draft save email would be sent to: trailing-dot@domain.com.

      at sendDraftSaveEmail (app/api/draft/save/route.ts:88:13)

    console.log
      Subject: เธเธฑเธเธ—เธถเธเนเธเธเธเธญเธฃเนเธกเธชเธกเธฑเธเธฃเธเธญเธเธเธธเธ“ - 
เธชเธกเธฑเธเธฃเนเธเธฃเธเธเธฒเธฃ 100 เนเธฃเธเน€เธฃเธตเธขเธ

      at sendDraftSaveEmail (app/api/draft/save/route.ts:89:13)

    console.log
      Draft token: 3ec1eb1f-70dc-4a85-8162-6273f59c7c5e

      at sendDraftSaveEmail (app/api/draft/save/route.ts:90:13)

    console.log
      Draft save email would be sent to: trailing-dot@domain.com.

      at sendDraftSaveEmail (app/api/draft/save/route.ts:88:13)

    console.log
      Subject: เธเธฑเธเธ—เธถเธเนเธเธเธเธญเธฃเนเธกเธชเธกเธฑเธเธฃเธเธญเธเธเธธเธ“ - 
เธชเธกเธฑเธเธฃเนเธเธฃเธเธเธฒเธฃ 100 เนเธฃเธเน€เธฃเธตเธขเธ

      at sendDraftSaveEmail (app/api/draft/save/route.ts:89:13)

    console.log
      Draft token: b958c1fe-e67f-40f2-97e4-e8a33231689b

      at sendDraftSaveEmail (app/api/draft/save/route.ts:90:13)

    console.log
      Draft save email would be sent to: trailing-dot@domain.com.

      at sendDraftSaveEmail (app/api/draft/save/route.ts:88:13)

    console.log
      Subject: เธเธฑเธเธ—เธถเธเนเธเธเธเธญเธฃเนเธกเธชเธกเธฑเธเธฃเธเธญเธเธเธธเธ“ - 
เธชเธกเธฑเธเธฃเนเธเธฃเธเธเธฒเธฃ 100 เนเธฃเธเน€เธฃเธตเธขเธ

      at sendDraftSaveEmail (app/api/draft/save/route.ts:89:13)

    console.log
      Draft token: 2fef0fc2-0ab9-420a-a90f-40c417c2bd4a

      at sendDraftSaveEmail (app/api/draft/save/route.ts:90:13)

    console.log
      Draft save email would be sent to: trailing-dot@domain.com.

      at sendDraftSaveEmail (app/api/draft/save/route.ts:88:13)

    console.log
      Subject: เธเธฑเธเธ—เธถเธเนเธเธเธเธญเธฃเนเธกเธชเธกเธฑเธเธฃเธเธญเธเธเธธเธ“ - 
เธชเธกเธฑเธเธฃเนเธเธฃเธเธเธฒเธฃ 100 เนเธฃเธเน€เธฃเธตเธขเธ

      at sendDraftSaveEmail (app/api/draft/save/route.ts:89:13)

    console.log
      Draft token: a15ace81-cf4e-4f83-a91d-7b5a44f9cd7f

      at sendDraftSaveEmail (app/api/draft/save/route.ts:90:13)

    console.log
      Draft save email would be sent to: test.a6#$|.|63-^|ch.j'f29ph-t0|5.pe.g$xjexkyxh5._|-q}.jj%k2m'@aa7.az

      at sendDraftSaveEmail (app/api/draft/save/route.ts:88:13)

    console.log
      Subject: เธเธฑเธเธ—เธถเธเนเธเธเธเธญเธฃเนเธกเธชเธกเธฑเธเธฃเธเธญเธเธเธธเธ“ - 
เธชเธกเธฑเธเธฃเนเธเธฃเธเธเธฒเธฃ 100 เนเธฃเธเน€เธฃเธตเธขเธ

      at sendDraftSaveEmail (app/api/draft/save/route.ts:89:13)

    console.log
      Draft token: cbe7d8ec-a413-4e84-8d66-6e5e04ef924e

      at sendDraftSaveEmail (app/api/draft/save/route.ts:90:13)

    console.log
      Draft save email would be sent to: test.81_w#nl1%1f.zw71~2&f$&~@i.ref

      at sendDraftSaveEmail (app/api/draft/save/route.ts:88:13)

    console.log
      Subject: เธเธฑเธเธ—เธถเธเนเธเธเธเธญเธฃเนเธกเธชเธกเธฑเธเธฃเธเธญเธเธเธธเธ“ - 
เธชเธกเธฑเธเธฃเนเธเธฃเธเธเธฒเธฃ 100 เนเธฃเธเน€เธฃเธตเธขเธ

      at sendDraftSaveEmail (app/api/draft/save/route.ts:89:13)

    console.log
      Draft token: 891c91b9-e282-4943-a2f0-b89e6563f40a

      at sendDraftSaveEmail (app/api/draft/save/route.ts:90:13)

    console.log
      Draft save email would be sent to: test.a?|rd|c@8.7hy4qw.ach

      at sendDraftSaveEmail (app/api/draft/save/route.ts:88:13)

    console.log
      Subject: เธเธฑเธเธ—เธถเธเนเธเธเธเธญเธฃเนเธกเธชเธกเธฑเธเธฃเธเธญเธเธเธธเธ“ - 
เธชเธกเธฑเธเธฃเธเธญเธฃเธฑเธเธเธฒเธฃเธชเธเธฑเธเธชเธเธธเธ

      at sendDraftSaveEmail (app/api/draft/save/route.ts:89:13)

    console.log
      Draft token: 1f3960c7-2ed7-4fca-8345-f399602f8bcd

      at sendDraftSaveEmail (app/api/draft/save/route.ts:90:13)

    console.log
      Draft save email would be sent to: 
test.66i4f5d+lob.!m-^e7q1r_*.lo{4k4.m/f^f?l.^b9k9a.rz}%|nhzdn.'='o@7aua878.dlu

      at sendDraftSaveEmail (app/api/draft/save/route.ts:88:13)

    console.log
      Subject: เธเธฑเธเธ—เธถเธเนเธเธเธเธญเธฃเนเธกเธชเธกเธฑเธเธฃเธเธญเธเธเธธเธ“ - 
เธชเธกเธฑเธเธฃเธเธญเธฃเธฑเธเธเธฒเธฃเธชเธเธฑเธเธชเธเธธเธ

      at sendDraftSaveEmail (app/api/draft/save/route.ts:89:13)

    console.log
      Draft token: c0dc83f9-4c71-4ac1-bae9-9b36dff78607

      at sendDraftSaveEmail (app/api/draft/save/route.ts:90:13)

    console.log
      Draft save email would be sent to: test.het'ri.~.__@orp.co

      at sendDraftSaveEmail (app/api/draft/save/route.ts:88:13)

    console.log
      Subject: เธเธฑเธเธ—เธถเธเนเธเธเธเธญเธฃเนเธกเธชเธกเธฑเธเธฃเธเธญเธเธเธธเธ“ - 
เธชเธกเธฑเธเธฃเธเธญเธฃเธฑเธเธเธฒเธฃเธชเธเธฑเธเธชเธเธธเธ

      at sendDraftSaveEmail (app/api/draft/save/route.ts:89:13)

    console.log
      Draft token: e7cb9b78-e04a-47cf-b6b2-892dd0518a87

      at sendDraftSaveEmail (app/api/draft/save/route.ts:90:13)

    console.log
      Draft save email would be sent to: 
test.juj$eyf#~7.c{sbv||cabe|.xd4x5tn8_.'5}+34yzei.b24e^??.efb'len@dw.7.gl

      at sendDraftSaveEmail (app/api/draft/save/route.ts:88:13)

    console.log
      Subject: เธเธฑเธเธ—เธถเธเนเธเธเธเธญเธฃเนเธกเธชเธกเธฑเธเธฃเธเธญเธเธเธธเธ“ - 
เธชเธกเธฑเธเธฃเนเธเธฃเธเธเธฒเธฃ 100 เนเธฃเธเน€เธฃเธตเธขเธ

      at sendDraftSaveEmail (app/api/draft/save/route.ts:89:13)

    console.log
      Draft token: dc114ded-dac3-4a5e-a8af-5705142aa5e8

      at sendDraftSaveEmail (app/api/draft/save/route.ts:90:13)

    console.log
      Draft save email would be sent to: test.zduwv-jz.5m6hwjk.#.'k'.^wj2vm7x.~.-av-.~mk'.c`_e|tj@l.zh

      at sendDraftSaveEmail (app/api/draft/save/route.ts:88:13)

    console.log
      Subject: เธเธฑเธเธ—เธถเธเนเธเธเธเธญเธฃเนเธกเธชเธกเธฑเธเธฃเธเธญเธเธเธธเธ“ - 
เธชเธกเธฑเธเธฃเธเธญเธฃเธฑเธเธเธฒเธฃเธชเธเธฑเธเธชเธเธธเธ

      at sendDraftSaveEmail (app/api/draft/save/route.ts:89:13)

    console.log
      Draft token: ad3da6a7-cb8d-482f-af96-a9b9aec5893f

      at sendDraftSaveEmail (app/api/draft/save/route.ts:90:13)

    console.log
      Draft save email would be sent to: 
test.-i+wrqm.g3uf07f}u.6h_/=g=.1hfp&3u.51%~vyy.ua{&6&{b.`cv.442wd|$@wufgif5.1hh4wn6df8.xq

      at sendDraftSaveEmail (app/api/draft/save/route.ts:88:13)

    console.log
      Subject: เธเธฑเธเธ—เธถเธเนเธเธเธเธญเธฃเนเธกเธชเธกเธฑเธเธฃเธเธญเธเธเธธเธ“ - 
เธชเธกเธฑเธเธฃเนเธเธฃเธเธเธฒเธฃ 100 เนเธฃเธเน€เธฃเธตเธขเธ

      at sendDraftSaveEmail (app/api/draft/save/route.ts:89:13)

    console.log
      Draft token: eb866234-d755-466c-9abe-40bb2785ed9e

      at sendDraftSaveEmail (app/api/draft/save/route.ts:90:13)

    console.log
      Draft save email would be sent to: test.||.ca.^wh'''yg.ke@51.na

      at sendDraftSaveEmail (app/api/draft/save/route.ts:88:13)

    console.log
      Subject: เธเธฑเธเธ—เธถเธเนเธเธเธเธญเธฃเนเธกเธชเธกเธฑเธเธฃเธเธญเธเธเธธเธ“ - 
เธชเธกเธฑเธเธฃเธเธญเธฃเธฑเธเธเธฒเธฃเธชเธเธฑเธเธชเธเธธเธ

      at sendDraftSaveEmail (app/api/draft/save/route.ts:89:13)

    console.log
      Draft token: 1e780cfa-24c0-410f-84b8-5e0ea217596d

      at sendDraftSaveEmail (app/api/draft/save/route.ts:90:13)

    console.log
      Draft save email would be sent to: test.p.g.q&q%c+.fcdo&p@bof.yvu

      at sendDraftSaveEmail (app/api/draft/save/route.ts:88:13)

    console.log
      Subject: เธเธฑเธเธ—เธถเธเนเธเธเธเธญเธฃเนเธกเธชเธกเธฑเธเธฃเธเธญเธเธเธธเธ“ - 
เธชเธกเธฑเธเธฃเนเธเธฃเธเธเธฒเธฃ 100 เนเธฃเธเน€เธฃเธตเธขเธ

      at sendDraftSaveEmail (app/api/draft/save/route.ts:89:13)

    console.log
      Draft token: c1ca68ea-5a1b-4735-a9ad-591ac78120b3

      at sendDraftSaveEmail (app/api/draft/save/route.ts:90:13)

    console.log
      Draft save email would be sent to: test.tm.uj/.dt/cf*3'p84@0q.f7v5u3fw.jf

      at sendDraftSaveEmail (app/api/draft/save/route.ts:88:13)

    console.log
      Subject: เธเธฑเธเธ—เธถเธเนเธเธเธเธญเธฃเนเธกเธชเธกเธฑเธเธฃเธเธญเธเธเธธเธ“ - 
เธชเธกเธฑเธเธฃเนเธเธฃเธเธเธฒเธฃ 100 เนเธฃเธเน€เธฃเธตเธขเธ

      at sendDraftSaveEmail (app/api/draft/save/route.ts:89:13)

    console.log
      Draft token: df30c4df-f940-4f6c-a622-db3f02100105

      at sendDraftSaveEmail (app/api/draft/save/route.ts:90:13)

    console.log
      Draft save email would be sent to: test.ztfeu0@2pn.je

      at sendDraftSaveEmail (app/api/draft/save/route.ts:88:13)

    console.log
      Subject: เธเธฑเธเธ—เธถเธเนเธเธเธเธญเธฃเนเธกเธชเธกเธฑเธเธฃเธเธญเธเธเธธเธ“ - 
เธชเธกเธฑเธเธฃเธเธญเธฃเธฑเธเธเธฒเธฃเธชเธเธฑเธเธชเธเธธเธ

      at sendDraftSaveEmail (app/api/draft/save/route.ts:89:13)

    console.log
      Draft token: 07cb9615-9e18-4bef-83d1-7428a220021c

      at sendDraftSaveEmail (app/api/draft/save/route.ts:90:13)

    console.log
      Draft save email would be sent to: 
test.za||9h7tyt#k.e^^.}.g4{`wo%3q{o.5v*.`p$b?8~nd{$=.t5nz/_{up`@byel8qdpsso6.nvi4rnu-p.plk

      at sendDraftSaveEmail (app/api/draft/save/route.ts:88:13)

    console.log
      Subject: เธเธฑเธเธ—เธถเธเนเธเธเธเธญเธฃเนเธกเธชเธกเธฑเธเธฃเธเธญเธเธเธธเธ“ - 
เธชเธกเธฑเธเธฃเธเธญเธฃเธฑเธเธเธฒเธฃเธชเธเธฑเธเธชเธเธธเธ

      at sendDraftSaveEmail (app/api/draft/save/route.ts:89:13)

    console.log
      Draft token: 39bb8d4f-e49f-4032-8fb8-c88af6a035c5

      at sendDraftSaveEmail (app/api/draft/save/route.ts:90:13)

    console.log
      Draft save email would be sent to: test.^ya.57md7$z|l^0h.y'zt_%ciuix.o*6bvw3w~@qfsit.wj

      at sendDraftSaveEmail (app/api/draft/save/route.ts:88:13)

    console.log
      Subject: เธเธฑเธเธ—เธถเธเนเธเธเธเธญเธฃเนเธกเธชเธกเธฑเธเธฃเธเธญเธเธเธธเธ“ - 
เธชเธกเธฑเธเธฃเธเธญเธฃเธฑเธเธเธฒเธฃเธชเธเธฑเธเธชเธเธธเธ

      at sendDraftSaveEmail (app/api/draft/save/route.ts:89:13)

    console.log
      Draft token: 07bfc6c1-a468-4197-b520-f2dd810d6d9d

      at sendDraftSaveEmail (app/api/draft/save/route.ts:90:13)

    console.log
      Draft save email would be sent to: test.ih635e1.vx@r2wqvr3ko.vyc

      at sendDraftSaveEmail (app/api/draft/save/route.ts:88:13)

    console.log
      Subject: เธเธฑเธเธ—เธถเธเนเธเธเธเธญเธฃเนเธกเธชเธกเธฑเธเธฃเธเธญเธเธเธธเธ“ - 
เธชเธกเธฑเธเธฃเธเธญเธฃเธฑเธเธเธฒเธฃเธชเธเธฑเธเธชเธเธธเธ

      at sendDraftSaveEmail (app/api/draft/save/route.ts:89:13)

    console.log
      Draft token: 3b92a901-9607-4836-9c3c-665ec833e4cb

      at sendDraftSaveEmail (app/api/draft/save/route.ts:90:13)

    console.log
      Draft save email would be sent to: test.m=et-+.okmfc-j+c~7o@vptma7jm8mf.zla

      at sendDraftSaveEmail (app/api/draft/save/route.ts:88:13)

    console.log
      Subject: เธเธฑเธเธ—เธถเธเนเธเธเธเธญเธฃเนเธกเธชเธกเธฑเธเธฃเธเธญเธเธเธธเธ“ - 
เธชเธกเธฑเธเธฃเนเธเธฃเธเธเธฒเธฃ 100 เนเธฃเธเน€เธฃเธตเธขเธ

      at sendDraftSaveEmail (app/api/draft/save/route.ts:89:13)

    console.log
      Draft token: ef62d730-7e4c-4397-8513-a82799829e23

      at sendDraftSaveEmail (app/api/draft/save/route.ts:90:13)

    console.log
      Draft save email would be sent to: test.w*3hx|#{%u@iwhpdrlk31c.pc

      at sendDraftSaveEmail (app/api/draft/save/route.ts:88:13)

    console.log
      Subject: เธเธฑเธเธ—เธถเธเนเธเธเธเธญเธฃเนเธกเธชเธกเธฑเธเธฃเธเธญเธเธเธธเธ“ - 
เธชเธกเธฑเธเธฃเนเธเธฃเธเธเธฒเธฃ 100 เนเธฃเธเน€เธฃเธตเธขเธ

      at sendDraftSaveEmail (app/api/draft/save/route.ts:89:13)

    console.log
      Draft token: d57049f6-7453-4098-8ca1-dc9c8abb70b4

      at sendDraftSaveEmail (app/api/draft/save/route.ts:90:13)

    console.log
      Draft save email would be sent to: test.7_dlfie-jji.u&cbyfsqun.$7%^.qz&_q*/s=t-.x.ndt%!ey#u%.1%z&~b@k.gx

      at sendDraftSaveEmail (app/api/draft/save/route.ts:88:13)

    console.log
      Subject: เธเธฑเธเธ—เธถเธเนเธเธเธเธญเธฃเนเธกเธชเธกเธฑเธเธฃเธเธญเธเธเธธเธ“ - 
เธชเธกเธฑเธเธฃเนเธเธฃเธเธเธฒเธฃ 100 เนเธฃเธเน€เธฃเธตเธขเธ

      at sendDraftSaveEmail (app/api/draft/save/route.ts:89:13)

    console.log
      Draft token: cb9fac9f-32de-43cb-958f-7463bd145180

      at sendDraftSaveEmail (app/api/draft/save/route.ts:90:13)

    console.log
      Draft save email would be sent to: 
test.`*'zl.5ee4+n3aa*tc.~~?*.sy=9n|'.6l0?k0{6h{|1._af.faflcczv}.r.key@k5z2qcerw1.zg

      at sendDraftSaveEmail (app/api/draft/save/route.ts:88:13)

    console.log
      Subject: เธเธฑเธเธ—เธถเธเนเธเธเธเธญเธฃเนเธกเธชเธกเธฑเธเธฃเธเธญเธเธเธธเธ“ - 
เธชเธกเธฑเธเธฃเนเธเธฃเธเธเธฒเธฃ 100 เนเธฃเธเน€เธฃเธตเธขเธ

      at sendDraftSaveEmail (app/api/draft/save/route.ts:89:13)

    console.log
      Draft token: e9eae961-0635-4b4a-aa1b-9128c4376c34

      at sendDraftSaveEmail (app/api/draft/save/route.ts:90:13)

    console.log
      Draft save email would be sent to: 
test.*}q4?c~.e2y/m.#po`^2.#xe$&oz.$05yv1g.-r3#96=sf7.ev^g.5vctjq_@erss36ur6c.eqy

      at sendDraftSaveEmail (app/api/draft/save/route.ts:88:13)

    console.log
      Subject: เธเธฑเธเธ—เธถเธเนเธเธเธเธญเธฃเนเธกเธชเธกเธฑเธเธฃเธเธญเธเธเธธเธ“ - 
เธชเธกเธฑเธเธฃเธเธญเธฃเธฑเธเธเธฒเธฃเธชเธเธฑเธเธชเธเธธเธ

      at sendDraftSaveEmail (app/api/draft/save/route.ts:89:13)

    console.log
      Draft token: 27b1c34a-5de4-451a-871a-426c6d7c549a

      at sendDraftSaveEmail (app/api/draft/save/route.ts:90:13)

    console.log
      Draft save email would be sent to: test.3ridk8a.d.5m6wi|caf+b.4j0twc43}@7gztl7.xof

      at sendDraftSaveEmail (app/api/draft/save/route.ts:88:13)

    console.log
      Subject: เธเธฑเธเธ—เธถเธเนเธเธเธเธญเธฃเนเธกเธชเธกเธฑเธเธฃเธเธญเธเธเธธเธ“ - 
เธชเธกเธฑเธเธฃเนเธเธฃเธเธเธฒเธฃ 100 เนเธฃเธเน€เธฃเธตเธขเธ

      at sendDraftSaveEmail (app/api/draft/save/route.ts:89:13)

    console.log
      Draft token: d2b6b505-9482-4c7e-a21d-6eac49924e61

      at sendDraftSaveEmail (app/api/draft/save/route.ts:90:13)

    console.log
      Draft save email would be sent to: 
test.=zn4x$.e*k4l.r%'*n8_y8`.'/h6gl.=6^hz2.2{/bcwl^?&%.~leih3n+d}.ua@pjescue88wi.mbw

      at sendDraftSaveEmail (app/api/draft/save/route.ts:88:13)

    console.log
      Subject: เธเธฑเธเธ—เธถเธเนเธเธเธเธญเธฃเนเธกเธชเธกเธฑเธเธฃเธเธญเธเธเธธเธ“ - 
เธชเธกเธฑเธเธฃเนเธเธฃเธเธเธฒเธฃ 100 เนเธฃเธเน€เธฃเธตเธขเธ

      at sendDraftSaveEmail (app/api/draft/save/route.ts:89:13)

    console.log
      Draft token: 7680c4a8-721c-4e94-a8e1-71b76eeefd75

      at sendDraftSaveEmail (app/api/draft/save/route.ts:90:13)

    console.log
      Draft save email would be sent to: test.!|0*3/'`vd.gw5s.b.kfibmo._uyt}_*.g#x@oryt4bf0b5.5w4zo3hj.na

      at sendDraftSaveEmail (app/api/draft/save/route.ts:88:13)

    console.log
      Subject: เธเธฑเธเธ—เธถเธเนเธเธเธเธญเธฃเนเธกเธชเธกเธฑเธเธฃเธเธญเธเธเธธเธ“ - 
เธชเธกเธฑเธเธฃเธเธญเธฃเธฑเธเธเธฒเธฃเธชเธเธฑเธเธชเธเธธเธ

      at sendDraftSaveEmail (app/api/draft/save/route.ts:89:13)

    console.log
      Draft token: 9047d4cc-e727-49d7-bf18-7043fb662a32

      at sendDraftSaveEmail (app/api/draft/save/route.ts:90:13)

    console.log
      Draft save email would be sent to: test.13.b|ha}gw4%.*a4${t8/.8=.^@a88brijf3hg5.nf

      at sendDraftSaveEmail (app/api/draft/save/route.ts:88:13)

    console.log
      Subject: เธเธฑเธเธ—เธถเธเนเธเธเธเธญเธฃเนเธกเธชเธกเธฑเธเธฃเธเธญเธเธเธธเธ“ - 
เธชเธกเธฑเธเธฃเนเธเธฃเธเธเธฒเธฃ 100 เนเธฃเธเน€เธฃเธตเธขเธ

      at sendDraftSaveEmail (app/api/draft/save/route.ts:89:13)

    console.log
      Draft token: 2fdc103e-6ea9-4b46-a101-11d3b93ef1ca

      at sendDraftSaveEmail (app/api/draft/save/route.ts:90:13)

    console.log
      Draft save email would be sent to: test.kla*.-f_^ht/qf__l.4-=+1%2xx8qm.?md^`pj3.usf8|z.qf@r.rxgcv.vd

      at sendDraftSaveEmail (app/api/draft/save/route.ts:88:13)

    console.log
      Subject: เธเธฑเธเธ—เธถเธเนเธเธเธเธญเธฃเนเธกเธชเธกเธฑเธเธฃเธเธญเธเธเธธเธ“ - 
เธชเธกเธฑเธเธฃเธเธญเธฃเธฑเธเธเธฒเธฃเธชเธเธฑเธเธชเธเธธเธ

      at sendDraftSaveEmail (app/api/draft/save/route.ts:89:13)

    console.log
      Draft token: 85d72c0c-091a-4be4-b2b6-ba254d1878cb

      at sendDraftSaveEmail (app/api/draft/save/route.ts:90:13)

    console.log
      Draft save email would be sent to: test.a~'tbtopooze@1gcxxh5t.afbhc.sn

      at sendDraftSaveEmail (app/api/draft/save/route.ts:88:13)

    console.log
      Subject: เธเธฑเธเธ—เธถเธเนเธเธเธเธญเธฃเนเธกเธชเธกเธฑเธเธฃเธเธญเธเธเธธเธ“ - 
เธชเธกเธฑเธเธฃเนเธเธฃเธเธเธฒเธฃ 100 เนเธฃเธเน€เธฃเธตเธขเธ

      at sendDraftSaveEmail (app/api/draft/save/route.ts:89:13)

    console.log
      Draft token: 189de7f0-48e6-48de-b42a-232956dfe7a4

      at sendDraftSaveEmail (app/api/draft/save/route.ts:90:13)

    console.log
      Draft save email would be sent to: 
test.chc~.05e^/.1j/y#}g_h&}.buobva.nh5_7r+.{k!.vuz`.#klb^ec$hom.i!@qk4ws3mc8mw.ljc

      at sendDraftSaveEmail (app/api/draft/save/route.ts:88:13)

    console.log
      Subject: เธเธฑเธเธ—เธถเธเนเธเธเธเธญเธฃเนเธกเธชเธกเธฑเธเธฃเธเธญเธเธเธธเธ“ - 
เธชเธกเธฑเธเธฃเนเธเธฃเธเธเธฒเธฃ 100 เนเธฃเธเน€เธฃเธตเธขเธ

      at sendDraftSaveEmail (app/api/draft/save/route.ts:89:13)

    console.log
      Draft token: f8bdcd2b-f3d6-4bbc-ae3f-928240c6bd77

      at sendDraftSaveEmail (app/api/draft/save/route.ts:90:13)

    console.log
      Draft save email would be sent to: 
test.z|7d&fw0s.5^*gti?pl|#.ythv2&1_.|&n$r3.2'!4wd-7%*}.?dk?p.9ef?63r@cxoc7.lz

      at sendDraftSaveEmail (app/api/draft/save/route.ts:88:13)

    console.log
      Subject: เธเธฑเธเธ—เธถเธเนเธเธเธเธญเธฃเนเธกเธชเธกเธฑเธเธฃเธเธญเธเธเธธเธ“ - 
เธชเธกเธฑเธเธฃเธเธญเธฃเธฑเธเธเธฒเธฃเธชเธเธฑเธเธชเธเธธเธ

      at sendDraftSaveEmail (app/api/draft/save/route.ts:89:13)

    console.log
      Draft token: 306473f1-3541-4b31-8643-5ef2c39f4ab3

      at sendDraftSaveEmail (app/api/draft/save/route.ts:90:13)

    console.log
      Draft save email would be sent to: test.cd.ag}p~.c.xsr9'=d?=o.h}i~3-q!~ny.b=k~.|j/_g7eys6@w9.mp

      at sendDraftSaveEmail (app/api/draft/save/route.ts:88:13)

    console.log
      Subject: เธเธฑเธเธ—เธถเธเนเธเธเธเธญเธฃเนเธกเธชเธกเธฑเธเธฃเธเธญเธเธเธธเธ“ - 
เธชเธกเธฑเธเธฃเนเธเธฃเธเธเธฒเธฃ 100 เนเธฃเธเน€เธฃเธตเธขเธ

      at sendDraftSaveEmail (app/api/draft/save/route.ts:89:13)

    console.log
      Draft token: abdc766a-c2bd-4884-9fe1-e6fcf576b6af

      at sendDraftSaveEmail (app/api/draft/save/route.ts:90:13)

    console.log
      Draft save email would be sent to: test.t.fmrg/nq.p.u%frk.ok-?qgaf|`{v@ic.zer

      at sendDraftSaveEmail (app/api/draft/save/route.ts:88:13)

    console.log
      Subject: เธเธฑเธเธ—เธถเธเนเธเธเธเธญเธฃเนเธกเธชเธกเธฑเธเธฃเธเธญเธเธเธธเธ“ - 
เธชเธกเธฑเธเธฃเนเธเธฃเธเธเธฒเธฃ 100 เนเธฃเธเน€เธฃเธตเธขเธ

      at sendDraftSaveEmail (app/api/draft/save/route.ts:89:13)

    console.log
      Draft token: baae3b8d-c1b5-4ee4-aabb-e9cf7245134d

      at sendDraftSaveEmail (app/api/draft/save/route.ts:90:13)

    console.log
      Draft save email would be sent to: test.e}4=xpl+c}yo.l3&{r.ig.1kfk}a5@h5u9gk.ft

      at sendDraftSaveEmail (app/api/draft/save/route.ts:88:13)

    console.log
      Subject: เธเธฑเธเธ—เธถเธเนเธเธเธเธญเธฃเนเธกเธชเธกเธฑเธเธฃเธเธญเธเธเธธเธ“ - 
เธชเธกเธฑเธเธฃเนเธเธฃเธเธเธฒเธฃ 100 เนเธฃเธเน€เธฃเธตเธขเธ

      at sendDraftSaveEmail (app/api/draft/save/route.ts:89:13)

    console.log
      Draft token: 54ab54ad-f07a-4a7b-9d99-bbf46306b424

      at sendDraftSaveEmail (app/api/draft/save/route.ts:90:13)

    console.log
      Draft save email would be sent to: 
test.i|.$=/w!fvc'_.y?`vn%yr*wx.c.3m'ay.j$rg=*.ktmc.1j94^{&.^?z88w@i.8asy7vc661.rlz

      at sendDraftSaveEmail (app/api/draft/save/route.ts:88:13)

    console.log
      Subject: เธเธฑเธเธ—เธถเธเนเธเธเธเธญเธฃเนเธกเธชเธกเธฑเธเธฃเธเธญเธเธเธธเธ“ - 
เธชเธกเธฑเธเธฃเนเธเธฃเธเธเธฒเธฃ 100 เนเธฃเธเน€เธฃเธตเธขเธ

      at sendDraftSaveEmail (app/api/draft/save/route.ts:89:13)

    console.log
      Draft token: 9f7fc96a-a818-4b58-aeda-c00e7e9f0ea0

      at sendDraftSaveEmail (app/api/draft/save/route.ts:90:13)

    console.log
      Draft save email would be sent to: 
test.6z{tm&?&.k9|qw4%6y36n.%`l62=}p.df3fpb%1&iq2.ytuvju.v+=0br{/5n}0@4u2dchcvz2.gbh9w.aek

      at sendDraftSaveEmail (app/api/draft/save/route.ts:88:13)

    console.log
      Subject: เธเธฑเธเธ—เธถเธเนเธเธเธเธญเธฃเนเธกเธชเธกเธฑเธเธฃเธเธญเธเธเธธเธ“ - 
เธชเธกเธฑเธเธฃเนเธเธฃเธเธเธฒเธฃ 100 เนเธฃเธเน€เธฃเธตเธขเธ

      at sendDraftSaveEmail (app/api/draft/save/route.ts:89:13)

    console.log
      Draft token: 406f5499-5963-4e96-9ab8-d41e259bfc2c

      at sendDraftSaveEmail (app/api/draft/save/route.ts:90:13)

    console.log
      Draft save email would be sent to: test.mmt.#0o+f2at.h#f}x0yanx.+l.fg.a}}t.c@5lyj5af9e.ae

      at sendDraftSaveEmail (app/api/draft/save/route.ts:88:13)

    console.log
      Subject: เธเธฑเธเธ—เธถเธเนเธเธเธเธญเธฃเนเธกเธชเธกเธฑเธเธฃเธเธญเธเธเธธเธ“ - 
เธชเธกเธฑเธเธฃเธเธญเธฃเธฑเธเธเธฒเธฃเธชเธเธฑเธเธชเธเธธเธ

      at sendDraftSaveEmail (app/api/draft/save/route.ts:89:13)

    console.log
      Draft token: 285500f3-88ce-4c32-bffc-e563bd257349

      at sendDraftSaveEmail (app/api/draft/save/route.ts:90:13)

    console.log
      Draft save email would be sent to: 
test.'f&4h/czi7?.+5.-gk%=u21{q.{lty8/.9g9~a.~.6.v!?=1$2a%4.p-dtpf**@7.ed

      at sendDraftSaveEmail (app/api/draft/save/route.ts:88:13)

    console.log
      Subject: เธเธฑเธเธ—เธถเธเนเธเธเธเธญเธฃเนเธกเธชเธกเธฑเธเธฃเธเธญเธเธเธธเธ“ - 
เธชเธกเธฑเธเธฃเนเธเธฃเธเธเธฒเธฃ 100 เนเธฃเธเน€เธฃเธตเธขเธ

      at sendDraftSaveEmail (app/api/draft/save/route.ts:89:13)

    console.log
      Draft token: 82b3a813-fc17-44b5-b51f-80f907bf8511

      at sendDraftSaveEmail (app/api/draft/save/route.ts:90:13)

    console.log
      Draft save email would be sent to: test.aj^a.p3h3^m3.gy$hc*7^|$.k%xevw^~.{!89?/.j.ceb?.z|4'?{6@c2wrwcz.ix

      at sendDraftSaveEmail (app/api/draft/save/route.ts:88:13)

    console.log
      Subject: เธเธฑเธเธ—เธถเธเนเธเธเธเธญเธฃเนเธกเธชเธกเธฑเธเธฃเธเธญเธเธเธธเธ“ - 
เธชเธกเธฑเธเธฃเนเธเธฃเธเธเธฒเธฃ 100 เนเธฃเธเน€เธฃเธตเธขเธ

      at sendDraftSaveEmail (app/api/draft/save/route.ts:89:13)

    console.log
      Draft token: 4dc5eca9-5e9b-4b4d-af5c-d62c1932fcf6

      at sendDraftSaveEmail (app/api/draft/save/route.ts:90:13)

    console.log
      Draft save email would be sent to: test.wffj$26a8?.!n@lg80bca45.1eqw478p0mb.hw

      at sendDraftSaveEmail (app/api/draft/save/route.ts:88:13)

    console.log
      Subject: เธเธฑเธเธ—เธถเธเนเธเธเธเธญเธฃเนเธกเธชเธกเธฑเธเธฃเธเธญเธเธเธธเธ“ - 
เธชเธกเธฑเธเธฃเธเธญเธฃเธฑเธเธเธฒเธฃเธชเธเธฑเธเธชเธเธธเธ

      at sendDraftSaveEmail (app/api/draft/save/route.ts:89:13)

    console.log
      Draft token: cb2b2daf-b90d-46b9-8473-9a668d811876

      at sendDraftSaveEmail (app/api/draft/save/route.ts:90:13)

    console.log
      Draft save email would be sent to: test.fn._nc_nu!awf.4q'qu'.r_5h@vn.gpu.flw

      at sendDraftSaveEmail (app/api/draft/save/route.ts:88:13)

    console.log
      Subject: เธเธฑเธเธ—เธถเธเนเธเธเธเธญเธฃเนเธกเธชเธกเธฑเธเธฃเธเธญเธเธเธธเธ“ - 
เธชเธกเธฑเธเธฃเนเธเธฃเธเธเธฒเธฃ 100 เนเธฃเธเน€เธฃเธตเธขเธ

      at sendDraftSaveEmail (app/api/draft/save/route.ts:89:13)

    console.log
      Draft token: 6149f0fb-5858-4552-82e4-f4c01aef29d8

      at sendDraftSaveEmail (app/api/draft/save/route.ts:90:13)

    console.log
      Draft save email would be sent to: test.=.3l!#!b.ua'f62yx!.hf@a81lconstrun.unm

      at sendDraftSaveEmail (app/api/draft/save/route.ts:88:13)

    console.log
      Subject: เธเธฑเธเธ—เธถเธเนเธเธเธเธญเธฃเนเธกเธชเธกเธฑเธเธฃเธเธญเธเธเธธเธ“ - 
เธชเธกเธฑเธเธฃเนเธเธฃเธเธเธฒเธฃ 100 เนเธฃเธเน€เธฃเธตเธขเธ

      at sendDraftSaveEmail (app/api/draft/save/route.ts:89:13)

    console.log
      Draft token: 41ff4ae6-5f71-426b-8ed0-50d36a169cb8

      at sendDraftSaveEmail (app/api/draft/save/route.ts:90:13)

    console.log
      Draft save email would be sent to: test.5.?68#8.s7by|xw0.4k}.~ub@xqkz.wl

      at sendDraftSaveEmail (app/api/draft/save/route.ts:88:13)

    console.log
      Subject: เธเธฑเธเธ—เธถเธเนเธเธเธเธญเธฃเนเธกเธชเธกเธฑเธเธฃเธเธญเธเธเธธเธ“ - 
เธชเธกเธฑเธเธฃเนเธเธฃเธเธเธฒเธฃ 100 เนเธฃเธเน€เธฃเธตเธขเธ

      at sendDraftSaveEmail (app/api/draft/save/route.ts:89:13)

    console.log
      Draft token: 7c08be8c-7c37-4efe-b327-17bf0fd038e7

      at sendDraftSaveEmail (app/api/draft/save/route.ts:90:13)

    console.log
      Draft save email would be sent to: test.tcu6+u3noiz./g+jsga#@ju3.kn.hf

      at sendDraftSaveEmail (app/api/draft/save/route.ts:88:13)

    console.log
      Subject: เธเธฑเธเธ—เธถเธเนเธเธเธเธญเธฃเนเธกเธชเธกเธฑเธเธฃเธเธญเธเธเธธเธ“ - 
เธชเธกเธฑเธเธฃเนเธเธฃเธเธเธฒเธฃ 100 เนเธฃเธเน€เธฃเธตเธขเธ

      at sendDraftSaveEmail (app/api/draft/save/route.ts:89:13)

    console.log
      Draft token: 9b98d412-4fd3-47c0-a5bc-8ad5a67a251d

      at sendDraftSaveEmail (app/api/draft/save/route.ts:90:13)

    console.log
      Draft save email would be sent to: test.}.4@usn37w10d6.uq

      at sendDraftSaveEmail (app/api/draft/save/route.ts:88:13)

    console.log
      Subject: เธเธฑเธเธ—เธถเธเนเธเธเธเธญเธฃเนเธกเธชเธกเธฑเธเธฃเธเธญเธเธเธธเธ“ - 
เธชเธกเธฑเธเธฃเธเธญเธฃเธฑเธเธเธฒเธฃเธชเธเธฑเธเธชเธเธธเธ

      at sendDraftSaveEmail (app/api/draft/save/route.ts:89:13)

    console.log
      Draft token: c9a70201-5678-4e1a-90d4-06168fbfe37a

      at sendDraftSaveEmail (app/api/draft/save/route.ts:90:13)

    console.log
      Draft save email would be sent to: test.^.{.-s$4gt%8'.b.#`wa|!802.+b0#*ew2{.d_2lc'lybauw.`ex6rr!z!@1.6.fl

      at sendDraftSaveEmail (app/api/draft/save/route.ts:88:13)

    console.log
      Subject: เธเธฑเธเธ—เธถเธเนเธเธเธเธญเธฃเนเธกเธชเธกเธฑเธเธฃเธเธญเธเธเธธเธ“ - 
เธชเธกเธฑเธเธฃเนเธเธฃเธเธเธฒเธฃ 100 เนเธฃเธเน€เธฃเธตเธขเธ

      at sendDraftSaveEmail (app/api/draft/save/route.ts:89:13)

    console.log
      Draft token: 95f24e5d-c214-4fb3-9253-5f9ed4727f5c

      at sendDraftSaveEmail (app/api/draft/save/route.ts:90:13)

    console.log
      Draft save email would be sent to: test.kco?pw.n!+ovu~p.u*grte.ua9#1l@feuapz3g3b9.w21hxik2o2w2.yas

      at sendDraftSaveEmail (app/api/draft/save/route.ts:88:13)

    console.log
      Subject: เธเธฑเธเธ—เธถเธเนเธเธเธเธญเธฃเนเธกเธชเธกเธฑเธเธฃเธเธญเธเธเธธเธ“ - 
เธชเธกเธฑเธเธฃเธเธญเธฃเธฑเธเธเธฒเธฃเธชเธเธฑเธเธชเธเธธเธ

      at sendDraftSaveEmail (app/api/draft/save/route.ts:89:13)

    console.log
      Draft token: f9ebfbc3-0283-4b62-a496-0d4db3653ae7

      at sendDraftSaveEmail (app/api/draft/save/route.ts:90:13)

    console.log
      Draft save email would be sent to: test.bi~.0en`9^%lpm7y@xyjn4yo-z.vg

      at sendDraftSaveEmail (app/api/draft/save/route.ts:88:13)

    console.log
      Subject: เธเธฑเธเธ—เธถเธเนเธเธเธเธญเธฃเนเธกเธชเธกเธฑเธเธฃเธเธญเธเธเธธเธ“ - 
เธชเธกเธฑเธเธฃเธเธญเธฃเธฑเธเธเธฒเธฃเธชเธเธฑเธเธชเธเธธเธ

      at sendDraftSaveEmail (app/api/draft/save/route.ts:89:13)

    console.log
      Draft token: 31b97755-c2a7-43a7-9ef0-ca0d30b16b26

      at sendDraftSaveEmail (app/api/draft/save/route.ts:90:13)

    console.log
      Draft save email would be sent to: 
test.##-s'!#4$5r.$i/m_ip7.z!.4mpq1z#{$!r.7u413{ux~t{a.__?9d1_z7t@0efh3xn.rm

      at sendDraftSaveEmail (app/api/draft/save/route.ts:88:13)

    console.log
      Subject: เธเธฑเธเธ—เธถเธเนเธเธเธเธญเธฃเนเธกเธชเธกเธฑเธเธฃเธเธญเธเธเธธเธ“ - 
เธชเธกเธฑเธเธฃเธเธญเธฃเธฑเธเธเธฒเธฃเธชเธเธฑเธเธชเธเธธเธ

      at sendDraftSaveEmail (app/api/draft/save/route.ts:89:13)

    console.log
      Draft token: 78ceb92d-f25b-4630-84aa-a71f9d19c6be

      at sendDraftSaveEmail (app/api/draft/save/route.ts:90:13)

    console.log
      Draft save email would be sent to: 
test.$jq.n6ph0.q%e-_vaja$a.&im2zso.j=f%8.jfck`9pqk0.cy0%mp`.$~qv?j@bhel.wdn

      at sendDraftSaveEmail (app/api/draft/save/route.ts:88:13)

    console.log
      Subject: เธเธฑเธเธ—เธถเธเนเธเธเธเธญเธฃเนเธกเธชเธกเธฑเธเธฃเธเธญเธเธเธธเธ“ - 
เธชเธกเธฑเธเธฃเนเธเธฃเธเธเธฒเธฃ 100 เนเธฃเธเน€เธฃเธตเธขเธ

      at sendDraftSaveEmail (app/api/draft/save/route.ts:89:13)

    console.log
      Draft token: 60445985-a5fa-4ecb-b761-d50ca84c2f77

      at sendDraftSaveEmail (app/api/draft/save/route.ts:90:13)

    console.log
      Draft save email would be sent to: test.xc?@5m.ko

      at sendDraftSaveEmail (app/api/draft/save/route.ts:88:13)

    console.log
      Subject: เธเธฑเธเธ—เธถเธเนเธเธเธเธญเธฃเนเธกเธชเธกเธฑเธเธฃเธเธญเธเธเธธเธ“ - 
เธชเธกเธฑเธเธฃเนเธเธฃเธเธเธฒเธฃ 100 เนเธฃเธเน€เธฃเธตเธขเธ

      at sendDraftSaveEmail (app/api/draft/save/route.ts:89:13)

    console.log
      Draft token: baf540de-a77e-4bdc-8fe1-137de61d8b68

      at sendDraftSaveEmail (app/api/draft/save/route.ts:90:13)

    console.log
      Draft save email would be sent to: test.j6g.r%v-*.'|.zk|=?.y@euwgcrx2fa.rk

      at sendDraftSaveEmail (app/api/draft/save/route.ts:88:13)

    console.log
      Subject: เธเธฑเธเธ—เธถเธเนเธเธเธเธญเธฃเนเธกเธชเธกเธฑเธเธฃเธเธญเธเธเธธเธ“ - 
เธชเธกเธฑเธเธฃเนเธเธฃเธเธเธฒเธฃ 100 เนเธฃเธเน€เธฃเธตเธขเธ

      at sendDraftSaveEmail (app/api/draft/save/route.ts:89:13)

    console.log
      Draft token: 53fba259-0bf7-4a71-8b3e-9ac2e9aab17c

      at sendDraftSaveEmail (app/api/draft/save/route.ts:90:13)

    console.log
      Draft save email would be sent to: 
test.=3~.%0-n?9ivc!%/.q0?qe9//.6d6c.}9a7az1.y^k^p%q0.1/ac#}}.3@k6gthe8.qa

      at sendDraftSaveEmail (app/api/draft/save/route.ts:88:13)

    console.log
      Subject: เธเธฑเธเธ—เธถเธเนเธเธเธเธญเธฃเนเธกเธชเธกเธฑเธเธฃเธเธญเธเธเธธเธ“ - 
เธชเธกเธฑเธเธฃเนเธเธฃเธเธเธฒเธฃ 100 เนเธฃเธเน€เธฃเธตเธขเธ

      at sendDraftSaveEmail (app/api/draft/save/route.ts:89:13)

    console.log
      Draft token: a66761f1-d89b-4cce-94c9-8bb72c1d6744

      at sendDraftSaveEmail (app/api/draft/save/route.ts:90:13)

    console.log
      Draft save email would be sent to: test.{'b/x=32|0.j&187.7^ji4%qa1~.qh_.`e?cl@c2dbud6nt7x.z3sgl6co.zs

      at sendDraftSaveEmail (app/api/draft/save/route.ts:88:13)

    console.log
      Subject: เธเธฑเธเธ—เธถเธเนเธเธเธเธญเธฃเนเธกเธชเธกเธฑเธเธฃเธเธญเธเธเธธเธ“ - 
เธชเธกเธฑเธเธฃเธเธญเธฃเธฑเธเธเธฒเธฃเธชเธเธฑเธเธชเธเธธเธ

      at sendDraftSaveEmail (app/api/draft/save/route.ts:89:13)

    console.log
      Draft token: e7114fa7-46e6-4f22-b3cd-193928fd33bf

      at sendDraftSaveEmail (app/api/draft/save/route.ts:90:13)

    console.log
      Draft save email would be sent to: test.jn8cdv~-l4.cbb{@x3stdu.ee

      at sendDraftSaveEmail (app/api/draft/save/route.ts:88:13)

    console.log
      Subject: เธเธฑเธเธ—เธถเธเนเธเธเธเธญเธฃเนเธกเธชเธกเธฑเธเธฃเธเธญเธเธเธธเธ“ - 
เธชเธกเธฑเธเธฃเนเธเธฃเธเธเธฒเธฃ 100 เนเธฃเธเน€เธฃเธตเธขเธ

      at sendDraftSaveEmail (app/api/draft/save/route.ts:89:13)

    console.log
      Draft token: 3d33384c-c20d-4008-8804-ac08ce4127c3

      at sendDraftSaveEmail (app/api/draft/save/route.ts:90:13)

    console.log
      Draft save email would be sent to: test.8.$@kec7.7h1jyf2ga9.xx

      at sendDraftSaveEmail (app/api/draft/save/route.ts:88:13)

    console.log
      Subject: เธเธฑเธเธ—เธถเธเนเธเธเธเธญเธฃเนเธกเธชเธกเธฑเธเธฃเธเธญเธเธเธธเธ“ - 
เธชเธกเธฑเธเธฃเนเธเธฃเธเธเธฒเธฃ 100 เนเธฃเธเน€เธฃเธตเธขเธ

      at sendDraftSaveEmail (app/api/draft/save/route.ts:89:13)

    console.log
      Draft token: 24bf6c13-4c06-4b50-a94e-36141c06ea46

      at sendDraftSaveEmail (app/api/draft/save/route.ts:90:13)

    console.log
      Draft save email would be sent to: test.^.!^}.9#.jf$}`u.d|c&-|e.7'`q~p=o.l.`z7'*t.1`j6._vq'x&$e.b=x`@o.qt

      at sendDraftSaveEmail (app/api/draft/save/route.ts:88:13)

    console.log
      Subject: เธเธฑเธเธ—เธถเธเนเธเธเธเธญเธฃเนเธกเธชเธกเธฑเธเธฃเธเธญเธเธเธธเธ“ - 
เธชเธกเธฑเธเธฃเนเธเธฃเธเธเธฒเธฃ 100 เนเธฃเธเน€เธฃเธตเธขเธ

      at sendDraftSaveEmail (app/api/draft/save/route.ts:89:13)

    console.log
      Draft token: e85f521c-849b-4696-96c3-9ce5a280a9bc

      at sendDraftSaveEmail (app/api/draft/save/route.ts:90:13)

    console.log
      Draft save email would be sent to: test.*^$.n~j=*j.k.zi3/.u`5sd38.fig^.j!#5-@3wu.w3dpvv.bnp

      at sendDraftSaveEmail (app/api/draft/save/route.ts:88:13)

    console.log
      Subject: เธเธฑเธเธ—เธถเธเนเธเธเธเธญเธฃเนเธกเธชเธกเธฑเธเธฃเธเธญเธเธเธธเธ“ - 
เธชเธกเธฑเธเธฃเนเธเธฃเธเธเธฒเธฃ 100 เนเธฃเธเน€เธฃเธตเธขเธ

      at sendDraftSaveEmail (app/api/draft/save/route.ts:89:13)

    console.log
      Draft token: 88f61f53-9861-42dd-893b-927aebd2fb4f

      at sendDraftSaveEmail (app/api/draft/save/route.ts:90:13)

    console.log
      Draft save email would be sent to: test.4i.jb69d~f@eh.xyr

      at sendDraftSaveEmail (app/api/draft/save/route.ts:88:13)

    console.log
      Subject: เธเธฑเธเธ—เธถเธเนเธเธเธเธญเธฃเนเธกเธชเธกเธฑเธเธฃเธเธญเธเธเธธเธ“ - 
เธชเธกเธฑเธเธฃเนเธเธฃเธเธเธฒเธฃ 100 เนเธฃเธเน€เธฃเธตเธขเธ

      at sendDraftSaveEmail (app/api/draft/save/route.ts:89:13)

    console.log
      Draft token: 4be1fca5-203a-417c-b904-5a6a7c57dd43

      at sendDraftSaveEmail (app/api/draft/save/route.ts:90:13)

    console.log
      Draft save email would be sent to: test.g./vudtq4__.yvje`q/!&%x.7fj.xh#'v^c%{.-7}-wa@isox1k.pn

      at sendDraftSaveEmail (app/api/draft/save/route.ts:88:13)

    console.log
      Subject: เธเธฑเธเธ—เธถเธเนเธเธเธเธญเธฃเนเธกเธชเธกเธฑเธเธฃเธเธญเธเธเธธเธ“ - 
เธชเธกเธฑเธเธฃเนเธเธฃเธเธเธฒเธฃ 100 เนเธฃเธเน€เธฃเธตเธขเธ

      at sendDraftSaveEmail (app/api/draft/save/route.ts:89:13)

    console.log
      Draft token: 61804db0-6b9e-40c2-919b-67d9d9097bb4

      at sendDraftSaveEmail (app/api/draft/save/route.ts:90:13)

    console.log
      Draft save email would be sent to: test.z}2n3~5glfh7.$/nk/lpkm.*$bfk1b.?/.w_t=f.pd.^.wxuzdu7g@8m99be.bsm

      at sendDraftSaveEmail (app/api/draft/save/route.ts:88:13)

    console.log
      Subject: เธเธฑเธเธ—เธถเธเนเธเธเธเธญเธฃเนเธกเธชเธกเธฑเธเธฃเธเธญเธเธเธธเธ“ - 
เธชเธกเธฑเธเธฃเธเธญเธฃเธฑเธเธเธฒเธฃเธชเธเธฑเธเธชเธเธธเธ

      at sendDraftSaveEmail (app/api/draft/save/route.ts:89:13)

    console.log
      Draft token: a34835b5-1011-42b3-882e-eb02ec8ad4d1

      at sendDraftSaveEmail (app/api/draft/save/route.ts:90:13)

    console.log
      Draft save email would be sent to: test.-oa*a.pf3&vu2$@w4s68.dyk

      at sendDraftSaveEmail (app/api/draft/save/route.ts:88:13)

    console.log
      Subject: เธเธฑเธเธ—เธถเธเนเธเธเธเธญเธฃเนเธกเธชเธกเธฑเธเธฃเธเธญเธเธเธธเธ“ - 
เธชเธกเธฑเธเธฃเธเธญเธฃเธฑเธเธเธฒเธฃเธชเธเธฑเธเธชเธเธธเธ

      at sendDraftSaveEmail (app/api/draft/save/route.ts:89:13)

    console.log
      Draft token: efeeec77-1419-4d67-a968-1deec8aef99d

      at sendDraftSaveEmail (app/api/draft/save/route.ts:90:13)

    console.log
      Draft save email would be sent to: test.2l|~/.^wfzx|9.r9#pj/3du#@agm8.ly5t8it3h08m.wm

      at sendDraftSaveEmail (app/api/draft/save/route.ts:88:13)

    console.log
      Subject: เธเธฑเธเธ—เธถเธเนเธเธเธเธญเธฃเนเธกเธชเธกเธฑเธเธฃเธเธญเธเธเธธเธ“ - 
เธชเธกเธฑเธเธฃเธเธญเธฃเธฑเธเธเธฒเธฃเธชเธเธฑเธเธชเธเธธเธ

      at sendDraftSaveEmail (app/api/draft/save/route.ts:89:13)

    console.log
      Draft token: a594560e-1d92-49b7-8e74-70ce8f31e443

      at sendDraftSaveEmail (app/api/draft/save/route.ts:90:13)

    console.log
      Draft save email would be sent to: test.3.e9u.?.'w7|2@06.cev

      at sendDraftSaveEmail (app/api/draft/save/route.ts:88:13)

    console.log
      Subject: เธเธฑเธเธ—เธถเธเนเธเธเธเธญเธฃเนเธกเธชเธกเธฑเธเธฃเธเธญเธเธเธธเธ“ - 
เธชเธกเธฑเธเธฃเธเธญเธฃเธฑเธเธเธฒเธฃเธชเธเธฑเธเธชเธเธธเธ

      at sendDraftSaveEmail (app/api/draft/save/route.ts:89:13)

    console.log
      Draft token: f9f43157-2b2b-4279-aec7-f1e9f5d8b430

      at sendDraftSaveEmail (app/api/draft/save/route.ts:90:13)

    console.log
      Draft save email would be sent to: test.+bg!.0h}|.&5@i.e7u2.wp

      at sendDraftSaveEmail (app/api/draft/save/route.ts:88:13)

    console.log
      Subject: เธเธฑเธเธ—เธถเธเนเธเธเธเธญเธฃเนเธกเธชเธกเธฑเธเธฃเธเธญเธเธเธธเธ“ - 
เธชเธกเธฑเธเธฃเนเธเธฃเธเธเธฒเธฃ 100 เนเธฃเธเน€เธฃเธตเธขเธ

      at sendDraftSaveEmail (app/api/draft/save/route.ts:89:13)

    console.log
      Draft token: e0626351-c396-4a55-9ec2-6966047267f4

      at sendDraftSaveEmail (app/api/draft/save/route.ts:90:13)

    console.log
      Draft save email would be sent to: test.%81b`br}u0s.bx&`lq@lu7x75b.s4gtq6.nyz

      at sendDraftSaveEmail (app/api/draft/save/route.ts:88:13)

    console.log
      Subject: เธเธฑเธเธ—เธถเธเนเธเธเธเธญเธฃเนเธกเธชเธกเธฑเธเธฃเธเธญเธเธเธธเธ“ - 
เธชเธกเธฑเธเธฃเธเธญเธฃเธฑเธเธเธฒเธฃเธชเธเธฑเธเธชเธเธธเธ

      at sendDraftSaveEmail (app/api/draft/save/route.ts:89:13)

    console.log
      Draft token: 291c5656-5ae8-4177-aecd-30a15de2d796

      at sendDraftSaveEmail (app/api/draft/save/route.ts:90:13)

    console.log
      Draft save email would be sent to: 
test.prk%}cq%'?+m.59=rs.cb%4e_.cji#iz3.!+m_f=25.hb`3f.z|$`rbljjj/@h.jxj

      at sendDraftSaveEmail (app/api/draft/save/route.ts:88:13)

    console.log
      Subject: เธเธฑเธเธ—เธถเธเนเธเธเธเธญเธฃเนเธกเธชเธกเธฑเธเธฃเธเธญเธเธเธธเธ“ - 
เธชเธกเธฑเธเธฃเนเธเธฃเธเธเธฒเธฃ 100 เนเธฃเธเน€เธฃเธตเธขเธ

      at sendDraftSaveEmail (app/api/draft/save/route.ts:89:13)

    console.log
      Draft token: d0b9b31c-597a-4b65-9e23-e7fbe466f8cd

      at sendDraftSaveEmail (app/api/draft/save/route.ts:90:13)

    console.log
      Draft save email would be sent to: test.zb8.s~p~p00p.'.{4@xc.kr7.ru

      at sendDraftSaveEmail (app/api/draft/save/route.ts:88:13)

    console.log
      Subject: เธเธฑเธเธ—เธถเธเนเธเธเธเธญเธฃเนเธกเธชเธกเธฑเธเธฃเธเธญเธเธเธธเธ“ - 
เธชเธกเธฑเธเธฃเนเธเธฃเธเธเธฒเธฃ 100 เนเธฃเธเน€เธฃเธตเธขเธ

      at sendDraftSaveEmail (app/api/draft/save/route.ts:89:13)

    console.log
      Draft token: a98242c6-01e2-4c16-87d8-f608efe3c527

      at sendDraftSaveEmail (app/api/draft/save/route.ts:90:13)

    console.log
      Draft save email would be sent to: test.=b.bb1os.18l1y{.k.p9t$e*#c+h2`.1o-.ef{.5a%s7nh.~t*||c3%!w.h@2.bmf

      at sendDraftSaveEmail (app/api/draft/save/route.ts:88:13)

    console.log
      Subject: เธเธฑเธเธ—เธถเธเนเธเธเธเธญเธฃเนเธกเธชเธกเธฑเธเธฃเธเธญเธเธเธธเธ“ - 
เธชเธกเธฑเธเธฃเธเธญเธฃเธฑเธเธเธฒเธฃเธชเธเธฑเธเธชเธเธธเธ

      at sendDraftSaveEmail (app/api/draft/save/route.ts:89:13)

    console.log
      Draft token: 4acb29f6-4a30-4f9d-bbec-c4b6b2b57e83

      at sendDraftSaveEmail (app/api/draft/save/route.ts:90:13)

    console.log
      Draft save email would be sent to: test._d6vsy.-6=@glkd.hysz02bxjd.yo

      at sendDraftSaveEmail (app/api/draft/save/route.ts:88:13)

    console.log
      Subject: เธเธฑเธเธ—เธถเธเนเธเธเธเธญเธฃเนเธกเธชเธกเธฑเธเธฃเธเธญเธเธเธธเธ“ - 
เธชเธกเธฑเธเธฃเธเธญเธฃเธฑเธเธเธฒเธฃเธชเธเธฑเธเธชเธเธธเธ

      at sendDraftSaveEmail (app/api/draft/save/route.ts:89:13)

    console.log
      Draft token: 68e3f32a-5b0f-403a-ad82-448972ff644a

      at sendDraftSaveEmail (app/api/draft/save/route.ts:90:13)

    console.log
      Draft save email would be sent to: 
test.&'?+h.9_+.x/qi=od/h0.#iu}w.8%-44-aj.i1ml+_9dys.x.b*93m3wi!3+@f87pca.7ubjvlsbzsnp.pz

      at sendDraftSaveEmail (app/api/draft/save/route.ts:88:13)

    console.log
      Subject: เธเธฑเธเธ—เธถเธเนเธเธเธเธญเธฃเนเธกเธชเธกเธฑเธเธฃเธเธญเธเธเธธเธ“ - 
เธชเธกเธฑเธเธฃเธเธญเธฃเธฑเธเธเธฒเธฃเธชเธเธฑเธเธชเธเธธเธ

      at sendDraftSaveEmail (app/api/draft/save/route.ts:89:13)

    console.log
      Draft token: 145f35c7-3e55-41b6-a58c-413571ae79b5

      at sendDraftSaveEmail (app/api/draft/save/route.ts:90:13)

    console.log
      Draft save email would be sent to: 
test.^nj}^p*t.&!60f.8blkzqaojsz5.y!8_+jikf8!a.i6ay=q'0t!.frbi{0q@h59kgiz9zsw0.rvs

      at sendDraftSaveEmail (app/api/draft/save/route.ts:88:13)

    console.log
      Subject: เธเธฑเธเธ—เธถเธเนเธเธเธเธญเธฃเนเธกเธชเธกเธฑเธเธฃเธเธญเธเธเธธเธ“ - 
เธชเธกเธฑเธเธฃเนเธเธฃเธเธเธฒเธฃ 100 เนเธฃเธเน€เธฃเธตเธขเธ

      at sendDraftSaveEmail (app/api/draft/save/route.ts:89:13)

    console.log
      Draft token: d9e412bb-9c76-4578-949f-922470188dda

      at sendDraftSaveEmail (app/api/draft/save/route.ts:90:13)

    console.log
      Draft save email would be sent to: 
test.p*uh-9x|i.c#d2wu.8str'b.2.fl=ijc*.-u2p.13=x?k66h#c%.9ythh.pzz@5.h6u7qg9.xv

      at sendDraftSaveEmail (app/api/draft/save/route.ts:88:13)

    console.log
      Subject: เธเธฑเธเธ—เธถเธเนเธเธเธเธญเธฃเนเธกเธชเธกเธฑเธเธฃเธเธญเธเธเธธเธ“ - 
เธชเธกเธฑเธเธฃเนเธเธฃเธเธเธฒเธฃ 100 เนเธฃเธเน€เธฃเธตเธขเธ

      at sendDraftSaveEmail (app/api/draft/save/route.ts:89:13)

    console.log
      Draft token: 10976a94-ed5d-4c99-9eaf-3b7dfa382e5a

      at sendDraftSaveEmail (app/api/draft/save/route.ts:90:13)

    console.log
      Draft save email would be sent to: test.i.$-?+m1}yq7.z@1us4.90xw.ske

      at sendDraftSaveEmail (app/api/draft/save/route.ts:88:13)

    console.log
      Subject: เธเธฑเธเธ—เธถเธเนเธเธเธเธญเธฃเนเธกเธชเธกเธฑเธเธฃเธเธญเธเธเธธเธ“ - 
เธชเธกเธฑเธเธฃเธเธญเธฃเธฑเธเธเธฒเธฃเธชเธเธฑเธเธชเธเธธเธ

      at sendDraftSaveEmail (app/api/draft/save/route.ts:89:13)

    console.log
      Draft token: b4dcdaa4-50f5-4668-b3a2-f3b47f6f6896

      at sendDraftSaveEmail (app/api/draft/save/route.ts:90:13)

    console.log
      Draft save email would be sent to: test.}7l88=`v&d.y1.y@e6ht8o7g-t.jat

      at sendDraftSaveEmail (app/api/draft/save/route.ts:88:13)

    console.log
      Subject: เธเธฑเธเธ—เธถเธเนเธเธเธเธญเธฃเนเธกเธชเธกเธฑเธเธฃเธเธญเธเธเธธเธ“ - 
เธชเธกเธฑเธเธฃเนเธเธฃเธเธเธฒเธฃ 100 เนเธฃเธเน€เธฃเธตเธขเธ

      at sendDraftSaveEmail (app/api/draft/save/route.ts:89:13)

    console.log
      Draft token: c9330a46-cbfa-4770-92a7-65b148238d30

      at sendDraftSaveEmail (app/api/draft/save/route.ts:90:13)

    console.log
      Draft save email would be sent to: 
test.&.0.1z}6^n{25v'.ckvb~20s6ci#.nto.1lpb|rot3l*`.y.uwgd.74l8vl*/rh@9l.7en2gde-d3.tn

      at sendDraftSaveEmail (app/api/draft/save/route.ts:88:13)

    console.log
      Subject: เธเธฑเธเธ—เธถเธเนเธเธเธเธญเธฃเนเธกเธชเธกเธฑเธเธฃเธเธญเธเธเธธเธ“ - 
เธชเธกเธฑเธเธฃเนเธเธฃเธเธเธฒเธฃ 100 เนเธฃเธเน€เธฃเธตเธขเธ

      at sendDraftSaveEmail (app/api/draft/save/route.ts:89:13)

    console.log
      Draft token: 74a42bc0-945e-41c6-88a1-ce129d26b3e6

      at sendDraftSaveEmail (app/api/draft/save/route.ts:90:13)

    console.log
      Draft save email would be sent to: 
test.t3cza9oqyt.f=2'p7/}8.ps|5%ohm7i.amx?9o#?o#3{.o.a13}z5-#3u@5rzv.l61.ava

      at sendDraftSaveEmail (app/api/draft/save/route.ts:88:13)

    console.log
      Subject: เธเธฑเธเธ—เธถเธเนเธเธเธเธญเธฃเนเธกเธชเธกเธฑเธเธฃเธเธญเธเธเธธเธ“ - 
เธชเธกเธฑเธเธฃเธเธญเธฃเธฑเธเธเธฒเธฃเธชเธเธฑเธเธชเธเธธเธ

      at sendDraftSaveEmail (app/api/draft/save/route.ts:89:13)

    console.log
      Draft token: f16e80a9-15eb-498e-b010-fa6c1e8afb89

      at sendDraftSaveEmail (app/api/draft/save/route.ts:90:13)

    console.log
      Draft save email would be sent to: 
test.t~xg~q$.68k3~2?/7x._i^b9&/.46=s1we|.yaw^96i~*%_.v~.5?3.25wyi4f85@bfdo.sur

      at sendDraftSaveEmail (app/api/draft/save/route.ts:88:13)

    console.log
      Subject: เธเธฑเธเธ—เธถเธเนเธเธเธเธญเธฃเนเธกเธชเธกเธฑเธเธฃเธเธญเธเธเธธเธ“ - 
เธชเธกเธฑเธเธฃเนเธเธฃเธเธเธฒเธฃ 100 เนเธฃเธเน€เธฃเธตเธขเธ

      at sendDraftSaveEmail (app/api/draft/save/route.ts:89:13)

    console.log
      Draft token: 7c0c3175-0428-4528-b8a8-ef25f71d5496

      at sendDraftSaveEmail (app/api/draft/save/route.ts:90:13)

    console.log
      Draft save email would be sent to: test.w.j9*l=.8?!cl%rc-.l{0e96a.{3$ot`-0.iyt-.z3`{dku@gn7lc.r8g5n4e.yzz

      at sendDraftSaveEmail (app/api/draft/save/route.ts:88:13)

    console.log
      Subject: เธเธฑเธเธ—เธถเธเนเธเธเธเธญเธฃเนเธกเธชเธกเธฑเธเธฃเธเธญเธเธเธธเธ“ - 
เธชเธกเธฑเธเธฃเธเธญเธฃเธฑเธเธเธฒเธฃเธชเธเธฑเธเธชเธเธธเธ

      at sendDraftSaveEmail (app/api/draft/save/route.ts:89:13)

    console.log
      Draft token: c6fa4d5a-f763-47b1-835a-284a16066e96

      at sendDraftSaveEmail (app/api/draft/save/route.ts:90:13)

    console.log
      Draft save email would be sent to: test.}8t3@x4y3s3udau.bdd

      at sendDraftSaveEmail (app/api/draft/save/route.ts:88:13)

    console.log
      Subject: เธเธฑเธเธ—เธถเธเนเธเธเธเธญเธฃเนเธกเธชเธกเธฑเธเธฃเธเธญเธเธเธธเธ“ - 
เธชเธกเธฑเธเธฃเนเธเธฃเธเธเธฒเธฃ 100 เนเธฃเธเน€เธฃเธตเธขเธ

      at sendDraftSaveEmail (app/api/draft/save/route.ts:89:13)

    console.log
      Draft token: 1d005e10-fd58-48d4-ac3d-0dbc242ae4c3

      at sendDraftSaveEmail (app/api/draft/save/route.ts:90:13)

    console.log
      Draft save email would be sent to: test.v`2z.yjm3@e-cg.9yznv7qgvb.uzb

      at sendDraftSaveEmail (app/api/draft/save/route.ts:88:13)

    console.log
      Subject: เธเธฑเธเธ—เธถเธเนเธเธเธเธญเธฃเนเธกเธชเธกเธฑเธเธฃเธเธญเธเธเธธเธ“ - 
เธชเธกเธฑเธเธฃเธเธญเธฃเธฑเธเธเธฒเธฃเธชเธเธฑเธเธชเธเธธเธ

      at sendDraftSaveEmail (app/api/draft/save/route.ts:89:13)

    console.log
      Draft token: f29eabe9-8f1b-417e-b52c-b90d653f8765

      at sendDraftSaveEmail (app/api/draft/save/route.ts:90:13)

    console.log
      Draft save email would be sent to: 
test.o.$re-xyz_q~f!.!^yd|.t6g5!p.+'8'.v?lsh16n*&o.0@3t947-z9hi4.c0dihte1hr.cz

      at sendDraftSaveEmail (app/api/draft/save/route.ts:88:13)

    console.log
      Subject: เธเธฑเธเธ—เธถเธเนเธเธเธเธญเธฃเนเธกเธชเธกเธฑเธเธฃเธเธญเธเธเธธเธ“ - 
เธชเธกเธฑเธเธฃเธเธญเธฃเธฑเธเธเธฒเธฃเธชเธเธฑเธเธชเธเธธเธ

      at sendDraftSaveEmail (app/api/draft/save/route.ts:89:13)

    console.log
      Draft token: d830f285-02a2-422d-9e6f-7c13c41cff4b

      at sendDraftSaveEmail (app/api/draft/save/route.ts:90:13)

    console.log
      Draft save email would be sent to: test.-?o&tk#%9wq.^.q#s?.4o_k$26t^~.!9?1.j.{.#.z$*kd_@t7.hle

      at sendDraftSaveEmail (app/api/draft/save/route.ts:88:13)

    console.log
      Subject: เธเธฑเธเธ—เธถเธเนเธเธเธเธญเธฃเนเธกเธชเธกเธฑเธเธฃเธเธญเธเธเธธเธ“ - 
เธชเธกเธฑเธเธฃเธเธญเธฃเธฑเธเธเธฒเธฃเธชเธเธฑเธเธชเธเธธเธ

      at sendDraftSaveEmail (app/api/draft/save/route.ts:89:13)

    console.log
      Draft token: 18166a67-c22b-4f80-8917-caba4f32b0c2

      at sendDraftSaveEmail (app/api/draft/save/route.ts:90:13)

    console.log
      Draft save email would be sent to: test._x5q+3^kj@rttkuz3.epv

      at sendDraftSaveEmail (app/api/draft/save/route.ts:88:13)

    console.log
      Subject: เธเธฑเธเธ—เธถเธเนเธเธเธเธญเธฃเนเธกเธชเธกเธฑเธเธฃเธเธญเธเธเธธเธ“ - 
เธชเธกเธฑเธเธฃเนเธเธฃเธเธเธฒเธฃ 100 เนเธฃเธเน€เธฃเธตเธขเธ

      at sendDraftSaveEmail (app/api/draft/save/route.ts:89:13)

    console.log
      Draft token: adb07edf-8b17-4d4e-9929-9a265fafb7f8

      at sendDraftSaveEmail (app/api/draft/save/route.ts:90:13)

    console.log
      Draft save email would be sent to: test.lvkgx!+?{.9i79%.~*2c~./y'ip-_'5jfk@lk7.onb

      at sendDraftSaveEmail (app/api/draft/save/route.ts:88:13)

    console.log
      Subject: เธเธฑเธเธ—เธถเธเนเธเธเธเธญเธฃเนเธกเธชเธกเธฑเธเธฃเธเธญเธเธเธธเธ“ - 
เธชเธกเธฑเธเธฃเธเธญเธฃเธฑเธเธเธฒเธฃเธชเธเธฑเธเธชเธเธธเธ

      at sendDraftSaveEmail (app/api/draft/save/route.ts:89:13)

    console.log
      Draft token: 3af413f9-f58d-42eb-b530-2cd65402ff01

      at sendDraftSaveEmail (app/api/draft/save/route.ts:90:13)

    console.log
      Draft save email would be sent to: test.f$.g^1*$.^bxnhb?qa'=+.|m%!5`01@z.avt

      at sendDraftSaveEmail (app/api/draft/save/route.ts:88:13)

    console.log
      Subject: เธเธฑเธเธ—เธถเธเนเธเธเธเธญเธฃเนเธกเธชเธกเธฑเธเธฃเธเธญเธเธเธธเธ“ - 
เธชเธกเธฑเธเธฃเนเธเธฃเธเธเธฒเธฃ 100 เนเธฃเธเน€เธฃเธตเธขเธ

      at sendDraftSaveEmail (app/api/draft/save/route.ts:89:13)

    console.log
      Draft token: 8c63d8b0-1d4f-4d4c-8f33-a3ef2647268a

      at sendDraftSaveEmail (app/api/draft/save/route.ts:90:13)

    console.log
      Draft save email would be sent to: test.dbd.f|/6@qeiobbt.e-m3vx.pt

      at sendDraftSaveEmail (app/api/draft/save/route.ts:88:13)

    console.log
      Subject: เธเธฑเธเธ—เธถเธเนเธเธเธเธญเธฃเนเธกเธชเธกเธฑเธเธฃเธเธญเธเธเธธเธ“ - 
เธชเธกเธฑเธเธฃเนเธเธฃเธเธเธฒเธฃ 100 เนเธฃเธเน€เธฃเธตเธขเธ

      at sendDraftSaveEmail (app/api/draft/save/route.ts:89:13)

    console.log
      Draft token: b845e882-fd08-4488-b909-6b9338d315e8

      at sendDraftSaveEmail (app/api/draft/save/route.ts:90:13)

    console.log
      Draft save email would be sent to: test.+slus}.!.k8!t$r.{c@rux.dxa

      at sendDraftSaveEmail (app/api/draft/save/route.ts:88:13)

    console.log
      Subject: เธเธฑเธเธ—เธถเธเนเธเธเธเธญเธฃเนเธกเธชเธกเธฑเธเธฃเธเธญเธเธเธธเธ“ - 
เธชเธกเธฑเธเธฃเธเธญเธฃเธฑเธเธเธฒเธฃเธชเธเธฑเธเธชเธเธธเธ

      at sendDraftSaveEmail (app/api/draft/save/route.ts:89:13)

    console.log
      Draft token: 1332ffc1-0722-4630-ae2f-f32506ffe745

      at sendDraftSaveEmail (app/api/draft/save/route.ts:90:13)

    console.log
      Draft save email would be sent to: test.|.ow9t~*5m$.rf~!up.'r_bbe.f`1fg&_*^u.f8#?tp@p.oe

      at sendDraftSaveEmail (app/api/draft/save/route.ts:88:13)

    console.log
      Subject: เธเธฑเธเธ—เธถเธเนเธเธเธเธญเธฃเนเธกเธชเธกเธฑเธเธฃเธเธญเธเธเธธเธ“ - 
เธชเธกเธฑเธเธฃเธเธญเธฃเธฑเธเธเธฒเธฃเธชเธเธฑเธเธชเธเธธเธ

      at sendDraftSaveEmail (app/api/draft/save/route.ts:89:13)

    console.log
      Draft token: 5ed3e52b-7c4f-4b9a-94e3-b672950d0d6d

      at sendDraftSaveEmail (app/api/draft/save/route.ts:90:13)

    console.log
      Draft save email would be sent to: test.&'r-e7/i._{e!.}$q1!n3dn.s.nso.^.|f.gzv?.ef$/z.n%`?4#@rf.gq

      at sendDraftSaveEmail (app/api/draft/save/route.ts:88:13)

    console.log
      Subject: เธเธฑเธเธ—เธถเธเนเธเธเธเธญเธฃเนเธกเธชเธกเธฑเธเธฃเธเธญเธเธเธธเธ“ - 
เธชเธกเธฑเธเธฃเนเธเธฃเธเธเธฒเธฃ 100 เนเธฃเธเน€เธฃเธตเธขเธ

      at sendDraftSaveEmail (app/api/draft/save/route.ts:89:13)

    console.log
      Draft token: ec7d8565-817b-41c4-9a2a-3ae1a12747ba

      at sendDraftSaveEmail (app/api/draft/save/route.ts:90:13)

    console.log
      Draft save email would be sent to: 
test.i1$*.15chof?{gacn.xct}q^.{=wc.2cowt}4b|7.s3m.64`7b0w^?.g@74d9fio.fys71w.dn

      at sendDraftSaveEmail (app/api/draft/save/route.ts:88:13)

    console.log
      Subject: เธเธฑเธเธ—เธถเธเนเธเธเธเธญเธฃเนเธกเธชเธกเธฑเธเธฃเธเธญเธเธเธธเธ“ - 
เธชเธกเธฑเธเธฃเธเธญเธฃเธฑเธเธเธฒเธฃเธชเธเธฑเธเธชเธเธธเธ

      at sendDraftSaveEmail (app/api/draft/save/route.ts:89:13)

    console.log
      Draft token: f1560f79-cb1f-4d77-aef0-71e4a74d8da4

      at sendDraftSaveEmail (app/api/draft/save/route.ts:90:13)

    console.log
      Draft save email would be sent to: test.x{@diy61m9.tt

      at sendDraftSaveEmail (app/api/draft/save/route.ts:88:13)

    console.log
      Subject: เธเธฑเธเธ—เธถเธเนเธเธเธเธญเธฃเนเธกเธชเธกเธฑเธเธฃเธเธญเธเธเธธเธ“ - 
เธชเธกเธฑเธเธฃเนเธเธฃเธเธเธฒเธฃ 100 เนเธฃเธเน€เธฃเธตเธขเธ

      at sendDraftSaveEmail (app/api/draft/save/route.ts:89:13)

    console.log
      Draft token: 2ba9c940-ca6f-41b8-8af3-406e6a88560a

      at sendDraftSaveEmail (app/api/draft/save/route.ts:90:13)

    console.log
      Draft save email would be sent to: test.1rp4xp^@eswdnax0d73.dxy

      at sendDraftSaveEmail (app/api/draft/save/route.ts:88:13)

    console.log
      Subject: เธเธฑเธเธ—เธถเธเนเธเธเธเธญเธฃเนเธกเธชเธกเธฑเธเธฃเธเธญเธเธเธธเธ“ - 
เธชเธกเธฑเธเธฃเธเธญเธฃเธฑเธเธเธฒเธฃเธชเธเธฑเธเธชเธเธธเธ

      at sendDraftSaveEmail (app/api/draft/save/route.ts:89:13)

    console.log
      Draft token: c152b4f7-551d-4069-9504-eab88bffc648

      at sendDraftSaveEmail (app/api/draft/save/route.ts:90:13)

    console.log
      Draft save email would be sent to: 
test.}}f.?|f_xtvz.wo1nd.m./vah`ax=#5?i.wo'0g6r=.79g1u'832.^q+|x24e@h-p5gnnc6mf.oic

      at sendDraftSaveEmail (app/api/draft/save/route.ts:88:13)

    console.log
      Subject: เธเธฑเธเธ—เธถเธเนเธเธเธเธญเธฃเนเธกเธชเธกเธฑเธเธฃเธเธญเธเธเธธเธ“ - 
เธชเธกเธฑเธเธฃเนเธเธฃเธเธเธฒเธฃ 100 เนเธฃเธเน€เธฃเธตเธขเธ

      at sendDraftSaveEmail (app/api/draft/save/route.ts:89:13)

    console.log
      Draft token: 30f7805a-5372-44e6-8150-e4966c15c458

      at sendDraftSaveEmail (app/api/draft/save/route.ts:90:13)

    console.log
      Draft save email would be sent to: test.^-n2^%=&6m.^_/'xk{yu.*4%g.&qui!b=$%bk@seo54.duce7w1rdxf0.tkr

      at sendDraftSaveEmail (app/api/draft/save/route.ts:88:13)

    console.log
      Subject: เธเธฑเธเธ—เธถเธเนเธเธเธเธญเธฃเนเธกเธชเธกเธฑเธเธฃเธเธญเธเธเธธเธ“ - 
เธชเธกเธฑเธเธฃเธเธญเธฃเธฑเธเธเธฒเธฃเธชเธเธฑเธเธชเธเธธเธ

      at sendDraftSaveEmail (app/api/draft/save/route.ts:89:13)

    console.log
      Draft token: d2b1acd7-f937-42ba-a1a8-89c10f7f1504

      at sendDraftSaveEmail (app/api/draft/save/route.ts:90:13)

    console.log
      Draft save email would be sent to: 
test.{r.z`u$zai0+_l.}nd&ms^?=8i.quylz.sx`.!{-qi2-e9.yx-a/!!.!5k!g=q&@h.hlgajlk2nzbx.re

      at sendDraftSaveEmail (app/api/draft/save/route.ts:88:13)

    console.log
      Subject: เธเธฑเธเธ—เธถเธเนเธเธเธเธญเธฃเนเธกเธชเธกเธฑเธเธฃเธเธญเธเธเธธเธ“ - 
เธชเธกเธฑเธเธฃเธเธญเธฃเธฑเธเธเธฒเธฃเธชเธเธฑเธเธชเธเธธเธ

      at sendDraftSaveEmail (app/api/draft/save/route.ts:89:13)

    console.log
      Draft token: 2cc7363d-91c8-4934-b05b-79d52dd9b546

      at sendDraftSaveEmail (app/api/draft/save/route.ts:90:13)

    console.log
      Draft save email would be sent to: test.-.call.s@u-83.s.ggi

      at sendDraftSaveEmail (app/api/draft/save/route.ts:88:13)

    console.log
      Subject: เธเธฑเธเธ—เธถเธเนเธเธเธเธญเธฃเนเธกเธชเธกเธฑเธเธฃเธเธญเธเธเธธเธ“ - 
เธชเธกเธฑเธเธฃเนเธเธฃเธเธเธฒเธฃ 100 เนเธฃเธเน€เธฃเธตเธขเธ

      at sendDraftSaveEmail (app/api/draft/save/route.ts:89:13)

    console.log
      Draft token: 56881989-b173-44db-9334-23975156d1be

      at sendDraftSaveEmail (app/api/draft/save/route.ts:90:13)

    console.log
      Draft save email would be sent to: 
test.={%.q.&hp=3e.m&+v.m5nco!.3_b.*$k{a?#b.s?i.#~9/|v.~$f'j&4-1a@u06wp5ebee.aiheoi.my

      at sendDraftSaveEmail (app/api/draft/save/route.ts:88:13)

    console.log
      Subject: เธเธฑเธเธ—เธถเธเนเธเธเธเธญเธฃเนเธกเธชเธกเธฑเธเธฃเธเธญเธเธเธธเธ“ - 
เธชเธกเธฑเธเธฃเธเธญเธฃเธฑเธเธเธฒเธฃเธชเธเธฑเธเธชเธเธธเธ

      at sendDraftSaveEmail (app/api/draft/save/route.ts:89:13)

    console.log
      Draft token: 0a069e9a-13da-4bb5-810b-a0cf6d8c13dd

      at sendDraftSaveEmail (app/api/draft/save/route.ts:90:13)

    console.log
      Draft save email would be sent to: 
test./m}4sf=bl#4-.=sjj|t|$.nfc/.g%~9/s+'.xrk04`?/.8%6f%{~.x.qko@xvqbqjj.3.ruy

      at sendDraftSaveEmail (app/api/draft/save/route.ts:88:13)

    console.log
      Subject: เธเธฑเธเธ—เธถเธเนเธเธเธเธญเธฃเนเธกเธชเธกเธฑเธเธฃเธเธญเธเธเธธเธ“ - 
เธชเธกเธฑเธเธฃเธเธญเธฃเธฑเธเธเธฒเธฃเธชเธเธฑเธเธชเธเธธเธ

      at sendDraftSaveEmail (app/api/draft/save/route.ts:89:13)

    console.log
      Draft token: 00a42ba4-3ec8-47cc-ab1c-eda8c06124f8

      at sendDraftSaveEmail (app/api/draft/save/route.ts:90:13)

    console.log
      Draft save email would be sent to: test.&uus*2qi=4t.t._+a$9wc@e.sa21zwwg3x.mdm

      at sendDraftSaveEmail (app/api/draft/save/route.ts:88:13)

    console.log
      Subject: เธเธฑเธเธ—เธถเธเนเธเธเธเธญเธฃเนเธกเธชเธกเธฑเธเธฃเธเธญเธเธเธธเธ“ - 
เธชเธกเธฑเธเธฃเนเธเธฃเธเธเธฒเธฃ 100 เนเธฃเธเน€เธฃเธตเธขเธ

      at sendDraftSaveEmail (app/api/draft/save/route.ts:89:13)

    console.log
      Draft token: 5cb9152d-cde8-44f7-9e73-fe76a7916686

      at sendDraftSaveEmail (app/api/draft/save/route.ts:90:13)

    console.log
      Draft save email would be sent to: test.#a!}n1^qanzf.|650hh8*}*03.ci~*$-1h!v&@olvzvae.kt

      at sendDraftSaveEmail (app/api/draft/save/route.ts:88:13)

    console.log
      Subject: เธเธฑเธเธ—เธถเธเนเธเธเธเธญเธฃเนเธกเธชเธกเธฑเธเธฃเธเธญเธเธเธธเธ“ - 
เธชเธกเธฑเธเธฃเนเธเธฃเธเธเธฒเธฃ 100 เนเธฃเธเน€เธฃเธตเธขเธ

      at sendDraftSaveEmail (app/api/draft/save/route.ts:89:13)

    console.log
      Draft token: fe09997b-5e5a-4b01-ba40-b0c6467fcc0d

      at sendDraftSaveEmail (app/api/draft/save/route.ts:90:13)

    console.log
      Draft save email would be sent to: test.n/~uq^.&|.gqm&7@1zrebindcol.u.ivc

      at sendDraftSaveEmail (app/api/draft/save/route.ts:88:13)

    console.log
      Subject: เธเธฑเธเธ—เธถเธเนเธเธเธเธญเธฃเนเธกเธชเธกเธฑเธเธฃเธเธญเธเธเธธเธ“ - 
เธชเธกเธฑเธเธฃเนเธเธฃเธเธเธฒเธฃ 100 เนเธฃเธเน€เธฃเธตเธขเธ

      at sendDraftSaveEmail (app/api/draft/save/route.ts:89:13)

    console.log
      Draft token: 79a81878-a992-4a07-adda-0d0c2404604f

      at sendDraftSaveEmail (app/api/draft/save/route.ts:90:13)

    console.log
      Draft save email would be sent to: test.z2.`iodl7g./6&{o~/+/v.+~.3xq++vs.ch.{~+m!~b.l6g$$y{hu.~-+@a.lwn

      at sendDraftSaveEmail (app/api/draft/save/route.ts:88:13)

    console.log
      Subject: เธเธฑเธเธ—เธถเธเนเธเธเธเธญเธฃเนเธกเธชเธกเธฑเธเธฃเธเธญเธเธเธธเธ“ - 
เธชเธกเธฑเธเธฃเธเธญเธฃเธฑเธเธเธฒเธฃเธชเธเธฑเธเธชเธเธธเธ

      at sendDraftSaveEmail (app/api/draft/save/route.ts:89:13)

    console.log
      Draft token: 04faf4c1-dabf-4102-b397-a499876b7b4e

      at sendDraftSaveEmail (app/api/draft/save/route.ts:90:13)

    console.log
      Draft save email would be sent to: test.user+tag@example.com

      at sendDraftSaveEmail (app/api/draft/save/route.ts:88:13)

    console.log
      Subject: เธเธฑเธเธ—เธถเธเนเธเธเธเธญเธฃเนเธกเธชเธกเธฑเธเธฃเธเธญเธเธเธธเธ“ - 
เธชเธกเธฑเธเธฃเนเธเธฃเธเธเธฒเธฃ 100 เนเธฃเธเน€เธฃเธตเธขเธ

      at sendDraftSaveEmail (app/api/draft/save/route.ts:89:13)

    console.log
      Draft token: 2dada3f5-737e-4ee3-a65c-c5a838ba23ad

      at sendDraftSaveEmail (app/api/draft/save/route.ts:90:13)

    console.log
      Draft save email would be sent to: a@b.co

      at sendDraftSaveEmail (app/api/draft/save/route.ts:88:13)

    console.log
      Subject: เธเธฑเธเธ—เธถเธเนเธเธเธเธญเธฃเนเธกเธชเธกเธฑเธเธฃเธเธญเธเธเธธเธ“ - 
เธชเธกเธฑเธเธฃเนเธเธฃเธเธเธฒเธฃ 100 เนเธฃเธเน€เธฃเธตเธขเธ

      at sendDraftSaveEmail (app/api/draft/save/route.ts:89:13)

    console.log
      Draft token: c871452c-e2db-48eb-b63a-cac0bbc9d2c2

      at sendDraftSaveEmail (app/api/draft/save/route.ts:90:13)

    console.log
      Draft save email would be sent to: a@b.co

      at sendDraftSaveEmail (app/api/draft/save/route.ts:88:13)

    console.log
      Subject: เธเธฑเธเธ—เธถเธเนเธเธเธเธญเธฃเนเธกเธชเธกเธฑเธเธฃเธเธญเธเธเธธเธ“ - 
เธชเธกเธฑเธเธฃเนเธเธฃเธเธเธฒเธฃ 100 เนเธฃเธเน€เธฃเธตเธขเธ

      at sendDraftSaveEmail (app/api/draft/save/route.ts:89:13)

    console.log
      Draft token: dfb3f418-a0b6-41e6-be14-c4f17d86ca57

      at sendDraftSaveEmail (app/api/draft/save/route.ts:90:13)

    console.log
      Draft save email would be sent to: user.name@sub.domain.com

      at sendDraftSaveEmail (app/api/draft/save/route.ts:88:13)

    console.log
      Subject: เธเธฑเธเธ—เธถเธเนเธเธเธเธญเธฃเนเธกเธชเธกเธฑเธเธฃเธเธญเธเธเธธเธ“ - 
เธชเธกเธฑเธเธฃเธเธญเธฃเธฑเธเธเธฒเธฃเธชเธเธฑเธเธชเธเธธเธ

      at sendDraftSaveEmail (app/api/draft/save/route.ts:89:13)

    console.log
      Draft token: 1cb1d9fd-a68a-4c57-a72f-d8cc526a2ff1

      at sendDraftSaveEmail (app/api/draft/save/route.ts:90:13)

    console.log
      Draft save email would be sent to: a@b.co

      at sendDraftSaveEmail (app/api/draft/save/route.ts:88:13)

    console.log
      Subject: เธเธฑเธเธ—เธถเธเนเธเธเธเธญเธฃเนเธกเธชเธกเธฑเธเธฃเธเธญเธเธเธธเธ“ - 
เธชเธกเธฑเธเธฃเธเธญเธฃเธฑเธเธเธฒเธฃเธชเธเธฑเธเธชเธเธธเธ

      at sendDraftSaveEmail (app/api/draft/save/route.ts:89:13)

    console.log
      Draft token: 5aa79173-c2f0-4a87-a236-3d17a064e0e6

      at sendDraftSaveEmail (app/api/draft/save/route.ts:90:13)

    console.log
      Draft save email would be sent to: user.name@sub.domain.com

      at sendDraftSaveEmail (app/api/draft/save/route.ts:88:13)

    console.log
      Subject: เธเธฑเธเธ—เธถเธเนเธเธเธเธญเธฃเนเธกเธชเธกเธฑเธเธฃเธเธญเธเธเธธเธ“ - 
เธชเธกเธฑเธเธฃเนเธเธฃเธเธเธฒเธฃ 100 เนเธฃเธเน€เธฃเธตเธขเธ

      at sendDraftSaveEmail (app/api/draft/save/route.ts:89:13)

    console.log
      Draft token: c571d81b-bb6d-4500-8c56-bc2fb8c46adf

      at sendDraftSaveEmail (app/api/draft/save/route.ts:90:13)

    console.log
      Draft save email would be sent to: user.name@sub.domain.com

      at sendDraftSaveEmail (app/api/draft/save/route.ts:88:13)

    console.log
      Subject: เธเธฑเธเธ—เธถเธเนเธเธเธเธญเธฃเนเธกเธชเธกเธฑเธเธฃเธเธญเธเธเธธเธ“ - 
เธชเธกเธฑเธเธฃเนเธเธฃเธเธเธฒเธฃ 100 เนเธฃเธเน€เธฃเธตเธขเธ

      at sendDraftSaveEmail (app/api/draft/save/route.ts:89:13)

    console.log
      Draft token: c324ffd6-8cec-4a72-aa95-1368dcb9b345

      at sendDraftSaveEmail (app/api/draft/save/route.ts:90:13)

    console.log
      Draft save email would be sent to: test.user+tag@example.com

      at sendDraftSaveEmail (app/api/draft/save/route.ts:88:13)

    console.log
      Subject: เธเธฑเธเธ—เธถเธเนเธเธเธเธญเธฃเนเธกเธชเธกเธฑเธเธฃเธเธญเธเธเธธเธ“ - 
เธชเธกเธฑเธเธฃเธเธญเธฃเธฑเธเธเธฒเธฃเธชเธเธฑเธเธชเธเธธเธ

      at sendDraftSaveEmail (app/api/draft/save/route.ts:89:13)

    console.log
      Draft token: a56cc092-0b39-4a73-bffe-90055686c151

      at sendDraftSaveEmail (app/api/draft/save/route.ts:90:13)

    console.log
      Draft save email would be sent to: user.name@sub.domain.com

      at sendDraftSaveEmail (app/api/draft/save/route.ts:88:13)

    console.log
      Subject: เธเธฑเธเธ—เธถเธเนเธเธเธเธญเธฃเนเธกเธชเธกเธฑเธเธฃเธเธญเธเธเธธเธ“ - 
เธชเธกเธฑเธเธฃเธเธญเธฃเธฑเธเธเธฒเธฃเธชเธเธฑเธเธชเธเธธเธ

      at sendDraftSaveEmail (app/api/draft/save/route.ts:89:13)

    console.log
      Draft token: d6da327e-4611-420c-8dad-d7072debc2f3

      at sendDraftSaveEmail (app/api/draft/save/route.ts:90:13)

    console.log
      Draft save email would be sent to: a@b.co

      at sendDraftSaveEmail (app/api/draft/save/route.ts:88:13)

    console.log
      Subject: เธเธฑเธเธ—เธถเธเนเธเธเธเธญเธฃเนเธกเธชเธกเธฑเธเธฃเธเธญเธเธเธธเธ“ - 
เธชเธกเธฑเธเธฃเธเธญเธฃเธฑเธเธเธฒเธฃเธชเธเธฑเธเธชเธเธธเธ

      at sendDraftSaveEmail (app/api/draft/save/route.ts:89:13)

    console.log
      Draft token: 09967947-f16a-41b2-b6f1-b41cfb02c4b9

      at sendDraftSaveEmail (app/api/draft/save/route.ts:90:13)

    console.log
      Draft save email would be sent to: test.user+tag@example.com

      at sendDraftSaveEmail (app/api/draft/save/route.ts:88:13)

    console.log
      Subject: เธเธฑเธเธ—เธถเธเนเธเธเธเธญเธฃเนเธกเธชเธกเธฑเธเธฃเธเธญเธเธเธธเธ“ - 
เธชเธกเธฑเธเธฃเธเธญเธฃเธฑเธเธเธฒเธฃเธชเธเธฑเธเธชเธเธธเธ

      at sendDraftSaveEmail (app/api/draft/save/route.ts:89:13)

    console.log
      Draft token: 1be4be21-c53f-419b-b180-8f6f5e9e0eef

      at sendDraftSaveEmail (app/api/draft/save/route.ts:90:13)

    console.log
      Draft save email would be sent to: a@b.co

      at sendDraftSaveEmail (app/api/draft/save/route.ts:88:13)

    console.log
      Subject: เธเธฑเธเธ—เธถเธเนเธเธเธเธญเธฃเนเธกเธชเธกเธฑเธเธฃเธเธญเธเธเธธเธ“ - 
เธชเธกเธฑเธเธฃเนเธเธฃเธเธเธฒเธฃ 100 เนเธฃเธเน€เธฃเธตเธขเธ

      at sendDraftSaveEmail (app/api/draft/save/route.ts:89:13)

    console.log
      Draft token: 95f30a81-68ee-4eb6-afe6-ba55d01d2758

      at sendDraftSaveEmail (app/api/draft/save/route.ts:90:13)

    console.log
      Draft save email would be sent to: test.user+tag@example.com

      at sendDraftSaveEmail (app/api/draft/save/route.ts:88:13)

    console.log
      Subject: เธเธฑเธเธ—เธถเธเนเธเธเธเธญเธฃเนเธกเธชเธกเธฑเธเธฃเธเธญเธเธเธธเธ“ - 
เธชเธกเธฑเธเธฃเนเธเธฃเธเธเธฒเธฃ 100 เนเธฃเธเน€เธฃเธตเธขเธ

      at sendDraftSaveEmail (app/api/draft/save/route.ts:89:13)

    console.log
      Draft token: 57efa9c1-e4b6-401d-b36a-9416ca1266cd

      at sendDraftSaveEmail (app/api/draft/save/route.ts:90:13)

    console.log
      Draft save email would be sent to: user.name@sub.domain.com

      at sendDraftSaveEmail (app/api/draft/save/route.ts:88:13)

    console.log
      Subject: เธเธฑเธเธ—เธถเธเนเธเธเธเธญเธฃเนเธกเธชเธกเธฑเธเธฃเธเธญเธเธเธธเธ“ - 
เธชเธกเธฑเธเธฃเนเธเธฃเธเธเธฒเธฃ 100 เนเธฃเธเน€เธฃเธตเธขเธ

      at sendDraftSaveEmail (app/api/draft/save/route.ts:89:13)

    console.log
      Draft token: 58f4150b-8ad1-41c6-84f1-2d50167d9c72

      at sendDraftSaveEmail (app/api/draft/save/route.ts:90:13)

    console.log
      Draft save email would be sent to: test.user+tag@example.com

      at sendDraftSaveEmail (app/api/draft/save/route.ts:88:13)

    console.log
      Subject: เธเธฑเธเธ—เธถเธเนเธเธเธเธญเธฃเนเธกเธชเธกเธฑเธเธฃเธเธญเธเธเธธเธ“ - 
เธชเธกเธฑเธเธฃเธเธญเธฃเธฑเธเธเธฒเธฃเธชเธเธฑเธเธชเธเธธเธ

      at sendDraftSaveEmail (app/api/draft/save/route.ts:89:13)

    console.log
      Draft token: 09981072-8d3f-4983-a68a-0e7d03731ebc

      at sendDraftSaveEmail (app/api/draft/save/route.ts:90:13)

    console.log
      Draft save email would be sent to: a@b.co

      at sendDraftSaveEmail (app/api/draft/save/route.ts:88:13)

    console.log
      Subject: เธเธฑเธเธ—เธถเธเนเธเธเธเธญเธฃเนเธกเธชเธกเธฑเธเธฃเธเธญเธเธเธธเธ“ - 
เธชเธกเธฑเธเธฃเนเธเธฃเธเธเธฒเธฃ 100 เนเธฃเธเน€เธฃเธตเธขเธ

      at sendDraftSaveEmail (app/api/draft/save/route.ts:89:13)

    console.log
      Draft token: 7607d0e9-a6a5-4cd5-a764-ca2fa7b5933f

      at sendDraftSaveEmail (app/api/draft/save/route.ts:90:13)

    console.log
      Draft save email would be sent to: a@b.co

      at sendDraftSaveEmail (app/api/draft/save/route.ts:88:13)

    console.log
      Subject: เธเธฑเธเธ—เธถเธเนเธเธเธเธญเธฃเนเธกเธชเธกเธฑเธเธฃเธเธญเธเธเธธเธ“ - 
เธชเธกเธฑเธเธฃเนเธเธฃเธเธเธฒเธฃ 100 เนเธฃเธเน€เธฃเธตเธขเธ

      at sendDraftSaveEmail (app/api/draft/save/route.ts:89:13)

    console.log
      Draft token: 9d694ce8-c8f2-4c83-b9d9-b71a56a9605b

      at sendDraftSaveEmail (app/api/draft/save/route.ts:90:13)

    console.log
      Draft save email would be sent to: user.name@sub.domain.com

      at sendDraftSaveEmail (app/api/draft/save/route.ts:88:13)

    console.log
      Subject: เธเธฑเธเธ—เธถเธเนเธเธเธเธญเธฃเนเธกเธชเธกเธฑเธเธฃเธเธญเธเธเธธเธ“ - 
เธชเธกเธฑเธเธฃเธเธญเธฃเธฑเธเธเธฒเธฃเธชเธเธฑเธเธชเธเธธเธ

      at sendDraftSaveEmail (app/api/draft/save/route.ts:89:13)

    console.log
      Draft token: b848b40c-41d9-4ed1-bd39-fb8653de19e5

      at sendDraftSaveEmail (app/api/draft/save/route.ts:90:13)

    console.log
      Draft save email would be sent to: a@b.co

      at sendDraftSaveEmail (app/api/draft/save/route.ts:88:13)

    console.log
      Subject: เธเธฑเธเธ—เธถเธเนเธเธเธเธญเธฃเนเธกเธชเธกเธฑเธเธฃเธเธญเธเธเธธเธ“ - 
เธชเธกเธฑเธเธฃเธเธญเธฃเธฑเธเธเธฒเธฃเธชเธเธฑเธเธชเธเธธเธ

      at sendDraftSaveEmail (app/api/draft/save/route.ts:89:13)

    console.log
      Draft token: aa2571a3-ec5d-4268-8f99-0d1f0aa8d2fb

      at sendDraftSaveEmail (app/api/draft/save/route.ts:90:13)

    console.log
      Draft save email would be sent to: test.user+tag@example.com

      at sendDraftSaveEmail (app/api/draft/save/route.ts:88:13)

    console.log
      Subject: เธเธฑเธเธ—เธถเธเนเธเธเธเธญเธฃเนเธกเธชเธกเธฑเธเธฃเธเธญเธเธเธธเธ“ - 
เธชเธกเธฑเธเธฃเนเธเธฃเธเธเธฒเธฃ 100 เนเธฃเธเน€เธฃเธตเธขเธ

      at sendDraftSaveEmail (app/api/draft/save/route.ts:89:13)

    console.log
      Draft token: fd6bb2c5-ac9b-4800-a739-7ffd9138ec6e

      at sendDraftSaveEmail (app/api/draft/save/route.ts:90:13)

    console.log
      Draft save email would be sent to: a@b.co

      at sendDraftSaveEmail (app/api/draft/save/route.ts:88:13)

    console.log
      Subject: เธเธฑเธเธ—เธถเธเนเธเธเธเธญเธฃเนเธกเธชเธกเธฑเธเธฃเธเธญเธเธเธธเธ“ - 
เธชเธกเธฑเธเธฃเธเธญเธฃเธฑเธเธเธฒเธฃเธชเธเธฑเธเธชเธเธธเธ

      at sendDraftSaveEmail (app/api/draft/save/route.ts:89:13)

    console.log
      Draft token: c76be154-3dee-4117-832e-937119b35142

      at sendDraftSaveEmail (app/api/draft/save/route.ts:90:13)

    console.log
      Draft save email would be sent to: user.name@sub.domain.com

      at sendDraftSaveEmail (app/api/draft/save/route.ts:88:13)

    console.log
      Subject: เธเธฑเธเธ—เธถเธเนเธเธเธเธญเธฃเนเธกเธชเธกเธฑเธเธฃเธเธญเธเธเธธเธ“ - 
เธชเธกเธฑเธเธฃเนเธเธฃเธเธเธฒเธฃ 100 เนเธฃเธเน€เธฃเธตเธขเธ

      at sendDraftSaveEmail (app/api/draft/save/route.ts:89:13)

    console.log
      Draft token: 0bc9e6a5-5b2d-4059-997b-755e7ab1e8a1

      at sendDraftSaveEmail (app/api/draft/save/route.ts:90:13)

    console.log
      Draft save email would be sent to: a@b.co

      at sendDraftSaveEmail (app/api/draft/save/route.ts:88:13)

    console.log
      Subject: เธเธฑเธเธ—เธถเธเนเธเธเธเธญเธฃเนเธกเธชเธกเธฑเธเธฃเธเธญเธเธเธธเธ“ - 
เธชเธกเธฑเธเธฃเนเธเธฃเธเธเธฒเธฃ 100 เนเธฃเธเน€เธฃเธตเธขเธ

      at sendDraftSaveEmail (app/api/draft/save/route.ts:89:13)

    console.log
      Draft token: a2b2a496-5ed9-40c9-9a8e-b98adedd7121

      at sendDraftSaveEmail (app/api/draft/save/route.ts:90:13)

    console.log
      Draft save email would be sent to: a@b.co

      at sendDraftSaveEmail (app/api/draft/save/route.ts:88:13)

    console.log
      Subject: เธเธฑเธเธ—เธถเธเนเธเธเธเธญเธฃเนเธกเธชเธกเธฑเธเธฃเธเธญเธเธเธธเธ“ - 
เธชเธกเธฑเธเธฃเนเธเธฃเธเธเธฒเธฃ 100 เนเธฃเธเน€เธฃเธตเธขเธ

      at sendDraftSaveEmail (app/api/draft/save/route.ts:89:13)

    console.log
      Draft token: 08995a3b-eae8-48d7-bf61-5e5b88c5a292

      at sendDraftSaveEmail (app/api/draft/save/route.ts:90:13)

    console.log
      Draft save email would be sent to: test.user+tag@example.com

      at sendDraftSaveEmail (app/api/draft/save/route.ts:88:13)

    console.log
      Subject: เธเธฑเธเธ—เธถเธเนเธเธเธเธญเธฃเนเธกเธชเธกเธฑเธเธฃเธเธญเธเธเธธเธ“ - 
เธชเธกเธฑเธเธฃเนเธเธฃเธเธเธฒเธฃ 100 เนเธฃเธเน€เธฃเธตเธขเธ

      at sendDraftSaveEmail (app/api/draft/save/route.ts:89:13)

    console.log
      Draft token: 367fc452-f8e4-4dd3-ba23-5045b2053bea

      at sendDraftSaveEmail (app/api/draft/save/route.ts:90:13)

    console.log
      Draft save email would be sent to: a@b.co

      at sendDraftSaveEmail (app/api/draft/save/route.ts:88:13)

    console.log
      Subject: เธเธฑเธเธ—เธถเธเนเธเธเธเธญเธฃเนเธกเธชเธกเธฑเธเธฃเธเธญเธเธเธธเธ“ - 
เธชเธกเธฑเธเธฃเธเธญเธฃเธฑเธเธเธฒเธฃเธชเธเธฑเธเธชเธเธธเธ

      at sendDraftSaveEmail (app/api/draft/save/route.ts:89:13)

    console.log
      Draft token: 88998f80-8464-4534-99a4-726bca0190bf

      at sendDraftSaveEmail (app/api/draft/save/route.ts:90:13)

    console.log
      Draft save email would be sent to: user.name@sub.domain.com

      at sendDraftSaveEmail (app/api/draft/save/route.ts:88:13)

    console.log
      Subject: เธเธฑเธเธ—เธถเธเนเธเธเธเธญเธฃเนเธกเธชเธกเธฑเธเธฃเธเธญเธเธเธธเธ“ - 
เธชเธกเธฑเธเธฃเธเธญเธฃเธฑเธเธเธฒเธฃเธชเธเธฑเธเธชเธเธธเธ

      at sendDraftSaveEmail (app/api/draft/save/route.ts:89:13)

    console.log
      Draft token: 506d43fe-f03e-4cd9-8353-023d04b60702

      at sendDraftSaveEmail (app/api/draft/save/route.ts:90:13)

    console.log
      Draft save email would be sent to: a@b.co

      at sendDraftSaveEmail (app/api/draft/save/route.ts:88:13)

    console.log
      Subject: เธเธฑเธเธ—เธถเธเนเธเธเธเธญเธฃเนเธกเธชเธกเธฑเธเธฃเธเธญเธเธเธธเธ“ - 
เธชเธกเธฑเธเธฃเนเธเธฃเธเธเธฒเธฃ 100 เนเธฃเธเน€เธฃเธตเธขเธ

      at sendDraftSaveEmail (app/api/draft/save/route.ts:89:13)

    console.log
      Draft token: 073ecb64-10d5-43de-bd72-3fa50095e222

      at sendDraftSaveEmail (app/api/draft/save/route.ts:90:13)

    console.log
      Draft save email would be sent to: user.name@sub.domain.com

      at sendDraftSaveEmail (app/api/draft/save/route.ts:88:13)

    console.log
      Subject: เธเธฑเธเธ—เธถเธเนเธเธเธเธญเธฃเนเธกเธชเธกเธฑเธเธฃเธเธญเธเธเธธเธ“ - 
เธชเธกเธฑเธเธฃเธเธญเธฃเธฑเธเธเธฒเธฃเธชเธเธฑเธเธชเธเธธเธ

      at sendDraftSaveEmail (app/api/draft/save/route.ts:89:13)

    console.log
      Draft token: 20bd5eb3-d5f3-4975-b985-a056de7bbe15

      at sendDraftSaveEmail (app/api/draft/save/route.ts:90:13)

    console.log
      Draft save email would be sent to: user.name@sub.domain.com

      at sendDraftSaveEmail (app/api/draft/save/route.ts:88:13)

    console.log
      Subject: เธเธฑเธเธ—เธถเธเนเธเธเธเธญเธฃเนเธกเธชเธกเธฑเธเธฃเธเธญเธเธเธธเธ“ - 
เธชเธกเธฑเธเธฃเนเธเธฃเธเธเธฒเธฃ 100 เนเธฃเธเน€เธฃเธตเธขเธ

      at sendDraftSaveEmail (app/api/draft/save/route.ts:89:13)

    console.log
      Draft token: a265b389-a4a3-4712-a083-ecd8486bc85b

      at sendDraftSaveEmail (app/api/draft/save/route.ts:90:13)

    console.log
      Draft save email would be sent to: a@b.co

      at sendDraftSaveEmail (app/api/draft/save/route.ts:88:13)

    console.log
      Subject: เธเธฑเธเธ—เธถเธเนเธเธเธเธญเธฃเนเธกเธชเธกเธฑเธเธฃเธเธญเธเธเธธเธ“ - 
เธชเธกเธฑเธเธฃเนเธเธฃเธเธเธฒเธฃ 100 เนเธฃเธเน€เธฃเธตเธขเธ

      at sendDraftSaveEmail (app/api/draft/save/route.ts:89:13)

    console.log
      Draft token: d1384c72-3838-4c77-a983-aea26f8fa512

      at sendDraftSaveEmail (app/api/draft/save/route.ts:90:13)

    console.log
      Draft save email would be sent to: user.name@sub.domain.com

      at sendDraftSaveEmail (app/api/draft/save/route.ts:88:13)

    console.log
      Subject: เธเธฑเธเธ—เธถเธเนเธเธเธเธญเธฃเนเธกเธชเธกเธฑเธเธฃเธเธญเธเธเธธเธ“ - 
เธชเธกเธฑเธเธฃเธเธญเธฃเธฑเธเธเธฒเธฃเธชเธเธฑเธเธชเธเธธเธ

      at sendDraftSaveEmail (app/api/draft/save/route.ts:89:13)

    console.log
      Draft token: 61f7fa97-ca71-4cbe-b8ca-55fe841e07c9

      at sendDraftSaveEmail (app/api/draft/save/route.ts:90:13)

    console.log
      Draft save email would be sent to: test.user+tag@example.com

      at sendDraftSaveEmail (app/api/draft/save/route.ts:88:13)

    console.log
      Subject: เธเธฑเธเธ—เธถเธเนเธเธเธเธญเธฃเนเธกเธชเธกเธฑเธเธฃเธเธญเธเธเธธเธ“ - 
เธชเธกเธฑเธเธฃเธเธญเธฃเธฑเธเธเธฒเธฃเธชเธเธฑเธเธชเธเธธเธ

      at sendDraftSaveEmail (app/api/draft/save/route.ts:89:13)

    console.log
      Draft token: d2a5a5b7-610d-4696-ba9a-c8158c30b2db

      at sendDraftSaveEmail (app/api/draft/save/route.ts:90:13)

    console.log
      Draft save email would be sent to: test.user+tag@example.com

      at sendDraftSaveEmail (app/api/draft/save/route.ts:88:13)

    console.log
      Subject: เธเธฑเธเธ—เธถเธเนเธเธเธเธญเธฃเนเธกเธชเธกเธฑเธเธฃเธเธญเธเธเธธเธ“ - 
เธชเธกเธฑเธเธฃเนเธเธฃเธเธเธฒเธฃ 100 เนเธฃเธเน€เธฃเธตเธขเธ

      at sendDraftSaveEmail (app/api/draft/save/route.ts:89:13)

    console.log
      Draft token: 36e226ac-4a3b-47db-9da7-8e0d4f2545dd

      at sendDraftSaveEmail (app/api/draft/save/route.ts:90:13)

    console.log
      Draft save email would be sent to: a@b.co

      at sendDraftSaveEmail (app/api/draft/save/route.ts:88:13)

    console.log
      Subject: เธเธฑเธเธ—เธถเธเนเธเธเธเธญเธฃเนเธกเธชเธกเธฑเธเธฃเธเธญเธเธเธธเธ“ - 
เธชเธกเธฑเธเธฃเนเธเธฃเธเธเธฒเธฃ 100 เนเธฃเธเน€เธฃเธตเธขเธ

      at sendDraftSaveEmail (app/api/draft/save/route.ts:89:13)

    console.log
      Draft token: 12e8b666-f684-4147-84e4-3985f71c0027

      at sendDraftSaveEmail (app/api/draft/save/route.ts:90:13)

    console.log
      Draft save email would be sent to: test.user+tag@example.com

      at sendDraftSaveEmail (app/api/draft/save/route.ts:88:13)

    console.log
      Subject: เธเธฑเธเธ—เธถเธเนเธเธเธเธญเธฃเนเธกเธชเธกเธฑเธเธฃเธเธญเธเธเธธเธ“ - 
เธชเธกเธฑเธเธฃเธเธญเธฃเธฑเธเธเธฒเธฃเธชเธเธฑเธเธชเธเธธเธ

      at sendDraftSaveEmail (app/api/draft/save/route.ts:89:13)

    console.log
      Draft token: 730af1bb-00a3-40d3-8f33-b7c417da1022

      at sendDraftSaveEmail (app/api/draft/save/route.ts:90:13)

    console.log
      Draft save email would be sent to: test.user+tag@example.com

      at sendDraftSaveEmail (app/api/draft/save/route.ts:88:13)

    console.log
      Subject: เธเธฑเธเธ—เธถเธเนเธเธเธเธญเธฃเนเธกเธชเธกเธฑเธเธฃเธเธญเธเธเธธเธ“ - 
เธชเธกเธฑเธเธฃเธเธญเธฃเธฑเธเธเธฒเธฃเธชเธเธฑเธเธชเธเธธเธ

      at sendDraftSaveEmail (app/api/draft/save/route.ts:89:13)

    console.log
      Draft token: f69baf32-648c-4faa-b415-14964f2a0b10

      at sendDraftSaveEmail (app/api/draft/save/route.ts:90:13)

    console.log
      Draft save email would be sent to: a@b.co

      at sendDraftSaveEmail (app/api/draft/save/route.ts:88:13)

    console.log
      Subject: เธเธฑเธเธ—เธถเธเนเธเธเธเธญเธฃเนเธกเธชเธกเธฑเธเธฃเธเธญเธเธเธธเธ“ - 
เธชเธกเธฑเธเธฃเธเธญเธฃเธฑเธเธเธฒเธฃเธชเธเธฑเธเธชเธเธธเธ

      at sendDraftSaveEmail (app/api/draft/save/route.ts:89:13)

    console.log
      Draft token: 62db35ff-3f43-4dcd-910c-01e3a85421e8

      at sendDraftSaveEmail (app/api/draft/save/route.ts:90:13)

    console.log
      Draft save email would be sent to: user.name@sub.domain.com

      at sendDraftSaveEmail (app/api/draft/save/route.ts:88:13)

    console.log
      Subject: เธเธฑเธเธ—เธถเธเนเธเธเธเธญเธฃเนเธกเธชเธกเธฑเธเธฃเธเธญเธเธเธธเธ“ - 
เธชเธกเธฑเธเธฃเนเธเธฃเธเธเธฒเธฃ 100 เนเธฃเธเน€เธฃเธตเธขเธ

      at sendDraftSaveEmail (app/api/draft/save/route.ts:89:13)

    console.log
      Draft token: 6e3a9680-2a18-4adb-96e6-6f36b7bf937b

      at sendDraftSaveEmail (app/api/draft/save/route.ts:90:13)

    console.log
      Draft save email would be sent to: a@b.co

      at sendDraftSaveEmail (app/api/draft/save/route.ts:88:13)

    console.log
      Subject: เธเธฑเธเธ—เธถเธเนเธเธเธเธญเธฃเนเธกเธชเธกเธฑเธเธฃเธเธญเธเธเธธเธ“ - 
เธชเธกเธฑเธเธฃเนเธเธฃเธเธเธฒเธฃ 100 เนเธฃเธเน€เธฃเธตเธขเธ

      at sendDraftSaveEmail (app/api/draft/save/route.ts:89:13)

    console.log
      Draft token: 5b4ceb6b-929a-47d5-b790-4aa30910d26e

      at sendDraftSaveEmail (app/api/draft/save/route.ts:90:13)

    console.log
      Draft save email would be sent to: test.user+tag@example.com

      at sendDraftSaveEmail (app/api/draft/save/route.ts:88:13)

    console.log
      Subject: เธเธฑเธเธ—เธถเธเนเธเธเธเธญเธฃเนเธกเธชเธกเธฑเธเธฃเธเธญเธเธเธธเธ“ - 
เธชเธกเธฑเธเธฃเนเธเธฃเธเธเธฒเธฃ 100 เนเธฃเธเน€เธฃเธตเธขเธ

      at sendDraftSaveEmail (app/api/draft/save/route.ts:89:13)

    console.log
      Draft token: 47fceb66-b25e-4214-a5f2-e6e852a6d0e7

      at sendDraftSaveEmail (app/api/draft/save/route.ts:90:13)

    console.log
      Draft save email would be sent to: test.b.fb.^b.pyc.1}~.call@t4fb6xovnv5.rj

      at sendDraftSaveEmail (app/api/draft/save/route.ts:88:13)

    console.log
      Subject: เธเธฑเธเธ—เธถเธเนเธเธเธเธญเธฃเนเธกเธชเธกเธฑเธเธฃเธเธญเธเธเธธเธ“ - 
เธชเธกเธฑเธเธฃเธเธญเธฃเธฑเธเธเธฒเธฃเธชเธเธฑเธเธชเธเธธเธ

      at sendDraftSaveEmail (app/api/draft/save/route.ts:89:13)

    console.log
      Draft token: d37a93de-590c-495a-99e7-7e6a97a26ddb

      at sendDraftSaveEmail (app/api/draft/save/route.ts:90:13)

    console.log
      Draft save email would be sent to: test.{ap.v.e.&aoq`!cn_=/t.a?@0.snlap3h.key

      at sendDraftSaveEmail (app/api/draft/save/route.ts:88:13)

    console.log
      Subject: เธเธฑเธเธ—เธถเธเนเธเธเธเธญเธฃเนเธกเธชเธกเธฑเธเธฃเธเธญเธเธเธธเธ“ - 
เธชเธกเธฑเธเธฃเธเธญเธฃเธฑเธเธเธฒเธฃเธชเธเธฑเธเธชเธเธธเธ

      at sendDraftSaveEmail (app/api/draft/save/route.ts:89:13)

    console.log
      Draft token: 081ea817-3f50-4e27-b967-01c6dfc303b5

      at sendDraftSaveEmail (app/api/draft/save/route.ts:90:13)

    console.log
      Draft save email would be sent to: 
test.q7*{lm/|.ricc_$.&9`9?'/&v#'2.{_sbb*c.6.4?.57b^4~.{.ref@bnv66xbdujj7.qz

      at sendDraftSaveEmail (app/api/draft/save/route.ts:88:13)

    console.log
      Subject: เธเธฑเธเธ—เธถเธเนเธเธเธเธญเธฃเนเธกเธชเธกเธฑเธเธฃเธเธญเธเธเธธเธ“ - 
เธชเธกเธฑเธเธฃเนเธเธฃเธเธเธฒเธฃ 100 เนเธฃเธเน€เธฃเธตเธขเธ

      at sendDraftSaveEmail (app/api/draft/save/route.ts:89:13)

    console.log
      Draft token: 9dff23e3-30e9-4484-a7d1-18c08d00779a

      at sendDraftSaveEmail (app/api/draft/save/route.ts:90:13)

    console.log
      Draft save email would be sent to: 
test.{~8z3he46q=+.u~.hh1t&rky3.dm9vwdx./eu+5{3`k.'sroeq}s*fi.?p?{'@b9dtbdkbz.rhb

      at sendDraftSaveEmail (app/api/draft/save/route.ts:88:13)

    console.log
      Subject: เธเธฑเธเธ—เธถเธเนเธเธเธเธญเธฃเนเธกเธชเธกเธฑเธเธฃเธเธญเธเธเธธเธ“ - 
เธชเธกเธฑเธเธฃเนเธเธฃเธเธเธฒเธฃ 100 เนเธฃเธเน€เธฃเธตเธขเธ

      at sendDraftSaveEmail (app/api/draft/save/route.ts:89:13)

    console.log
      Draft token: dfc8f71b-ac84-46b9-b836-96e11030b04b

      at sendDraftSaveEmail (app/api/draft/save/route.ts:90:13)

    console.log
      Draft save email would be sent to: test.ik-`ry2r.qck.y0cm2xz%63s@b8.na

      at sendDraftSaveEmail (app/api/draft/save/route.ts:88:13)

    console.log
      Subject: เธเธฑเธเธ—เธถเธเนเธเธเธเธญเธฃเนเธกเธชเธกเธฑเธเธฃเธเธญเธเธเธธเธ“ - 
เธชเธกเธฑเธเธฃเธเธญเธฃเธฑเธเธเธฒเธฃเธชเธเธฑเธเธชเธเธธเธ

      at sendDraftSaveEmail (app/api/draft/save/route.ts:89:13)

    console.log
      Draft token: 6fcbb777-33d6-43f3-b9ed-b6e3f4acafda

      at sendDraftSaveEmail (app/api/draft/save/route.ts:90:13)

    console.log
      Draft save email would be sent to: 
test.gg`a*{30|.7=_.ovb79m.dlxb-.x=e6i.%^9ckzn8w.%y6$._j8v.*_2@hj0y9wgd.ew

      at sendDraftSaveEmail (app/api/draft/save/route.ts:88:13)

    console.log
      Subject: เธเธฑเธเธ—เธถเธเนเธเธเธเธญเธฃเนเธกเธชเธกเธฑเธเธฃเธเธญเธเธเธธเธ“ - 
เธชเธกเธฑเธเธฃเธเธญเธฃเธฑเธเธเธฒเธฃเธชเธเธฑเธเธชเธเธธเธ

      at sendDraftSaveEmail (app/api/draft/save/route.ts:89:13)

    console.log
      Draft token: 28c0200b-fb9b-4952-9431-6d82c7562253

      at sendDraftSaveEmail (app/api/draft/save/route.ts:90:13)

    console.log
      Draft save email would be sent to: test.3.d58i2b7ek.cce.key@q.g.bb

      at sendDraftSaveEmail (app/api/draft/save/route.ts:88:13)

    console.log
      Subject: เธเธฑเธเธ—เธถเธเนเธเธเธเธญเธฃเนเธกเธชเธกเธฑเธเธฃเธเธญเธเธเธธเธ“ - 
เธชเธกเธฑเธเธฃเธเธญเธฃเธฑเธเธเธฒเธฃเธชเธเธฑเธเธชเธเธธเธ

      at sendDraftSaveEmail (app/api/draft/save/route.ts:89:13)

    console.log
      Draft token: f0b932cd-ba3d-4383-bbe4-8f15fe43d05f

      at sendDraftSaveEmail (app/api/draft/save/route.ts:90:13)

    console.log
      Draft save email would be sent to: test.kb`a%dy4z.bind@l1.sl

      at sendDraftSaveEmail (app/api/draft/save/route.ts:88:13)

    console.log
      Subject: เธเธฑเธเธ—เธถเธเนเธเธเธเธญเธฃเนเธกเธชเธกเธฑเธเธฃเธเธญเธเธเธธเธ“ - 
เธชเธกเธฑเธเธฃเนเธเธฃเธเธเธฒเธฃ 100 เนเธฃเธเน€เธฃเธตเธขเธ

      at sendDraftSaveEmail (app/api/draft/save/route.ts:89:13)

    console.log
      Draft token: df176db5-b3fc-4a76-8932-2a18923a1ade

      at sendDraftSaveEmail (app/api/draft/save/route.ts:90:13)

    console.log
      Draft save email would be sent to: test.2/45p3j!zd@e5jjriphkwj8.vit

      at sendDraftSaveEmail (app/api/draft/save/route.ts:88:13)

    console.log
      Subject: เธเธฑเธเธ—เธถเธเนเธเธเธเธญเธฃเนเธกเธชเธกเธฑเธเธฃเธเธญเธเธเธธเธ“ - 
เธชเธกเธฑเธเธฃเนเธเธฃเธเธเธฒเธฃ 100 เนเธฃเธเน€เธฃเธตเธขเธ

      at sendDraftSaveEmail (app/api/draft/save/route.ts:89:13)

    console.log
      Draft token: 06c6d867-d84f-4aac-aad8-1ad5dd7b37b6

      at sendDraftSaveEmail (app/api/draft/save/route.ts:90:13)

    console.log
      Draft save email would be sent to: 
test.`#.vsk`j.ap_{key{r?.*e}c~d~$|fj./f.df_q0`qo0.re.|cl`4v.nr~@p-g.wi6.grt

      at sendDraftSaveEmail (app/api/draft/save/route.ts:88:13)

    console.log
      Subject: เธเธฑเธเธ—เธถเธเนเธเธเธเธญเธฃเนเธกเธชเธกเธฑเธเธฃเธเธญเธเธเธธเธ“ - 
เธชเธกเธฑเธเธฃเนเธเธฃเธเธเธฒเธฃ 100 เนเธฃเธเน€เธฃเธตเธขเธ

      at sendDraftSaveEmail (app/api/draft/save/route.ts:89:13)

    console.log
      Draft token: ca3d44ec-87ad-48f3-a4b7-0d9945bd4663

      at sendDraftSaveEmail (app/api/draft/save/route.ts:90:13)

    console.log
      Draft save email would be sent to: test.t@xqxn5.va

      at sendDraftSaveEmail (app/api/draft/save/route.ts:88:13)

    console.log
      Subject: เธเธฑเธเธ—เธถเธเนเธเธเธเธญเธฃเนเธกเธชเธกเธฑเธเธฃเธเธญเธเธเธธเธ“ - 
เธชเธกเธฑเธเธฃเนเธเธฃเธเธเธฒเธฃ 100 เนเธฃเธเน€เธฃเธตเธขเธ

      at sendDraftSaveEmail (app/api/draft/save/route.ts:89:13)

    console.log
      Draft token: ceb402b2-b729-4edd-abc6-d48367aeb9a7

      at sendDraftSaveEmail (app/api/draft/save/route.ts:90:13)

    console.log
      Draft save email would be sent to: test.+*8d64t@8dvfw-h.5foh0pl98lx.co

      at sendDraftSaveEmail (app/api/draft/save/route.ts:88:13)

    console.log
      Subject: เธเธฑเธเธ—เธถเธเนเธเธเธเธญเธฃเนเธกเธชเธกเธฑเธเธฃเธเธญเธเธเธธเธ“ - 
เธชเธกเธฑเธเธฃเนเธเธฃเธเธเธฒเธฃ 100 เนเธฃเธเน€เธฃเธตเธขเธ

      at sendDraftSaveEmail (app/api/draft/save/route.ts:89:13)

    console.log
      Draft token: 69f18082-bf76-4cf8-ad32-a6fd171612ff

      at sendDraftSaveEmail (app/api/draft/save/route.ts:90:13)

    console.log
      Draft save email would be sent to: 
test.'-nt4o*s&*q.7ee$g_/?1.l.z-r6^2!jx.o1`^guwux3xm.mzs4`./ig/m}3%|v^@ntn56sz0v.ayd

      at sendDraftSaveEmail (app/api/draft/save/route.ts:88:13)

    console.log
      Subject: เธเธฑเธเธ—เธถเธเนเธเธเธเธญเธฃเนเธกเธชเธกเธฑเธเธฃเธเธญเธเธเธธเธ“ - 
เธชเธกเธฑเธเธฃเธเธญเธฃเธฑเธเธเธฒเธฃเธชเธเธฑเธเธชเธเธธเธ

      at sendDraftSaveEmail (app/api/draft/save/route.ts:89:13)

    console.log
      Draft token: 2994e15d-427c-4069-9902-7ff4cf5d9085

      at sendDraftSaveEmail (app/api/draft/save/route.ts:90:13)

    console.log
      Draft save email would be sent to: 
test.3s?41s{m6#|+.kgl.66qj.5xd.k^f6?j*pa4x.fi8^.2&{'td.'}egm&o.m@8ow2om5u5.mf1dkoe.cs

      at sendDraftSaveEmail (app/api/draft/save/route.ts:88:13)

    console.log
      Subject: เธเธฑเธเธ—เธถเธเนเธเธเธเธญเธฃเนเธกเธชเธกเธฑเธเธฃเธเธญเธเธเธธเธ“ - 
เธชเธกเธฑเธเธฃเธเธญเธฃเธฑเธเธเธฒเธฃเธชเธเธฑเธเธชเธเธธเธ

      at sendDraftSaveEmail (app/api/draft/save/route.ts:89:13)

    console.log
      Draft token: ae0647a8-5af6-445d-8a24-0a32e71f08e9

      at sendDraftSaveEmail (app/api/draft/save/route.ts:90:13)

    console.log
      Draft save email would be sent to: test.nfj@gwu6mqh-8gpf.nmv

      at sendDraftSaveEmail (app/api/draft/save/route.ts:88:13)

    console.log
      Subject: เธเธฑเธเธ—เธถเธเนเธเธเธเธญเธฃเนเธกเธชเธกเธฑเธเธฃเธเธญเธเธเธธเธ“ - 
เธชเธกเธฑเธเธฃเธเธญเธฃเธฑเธเธเธฒเธฃเธชเธเธฑเธเธชเธเธธเธ

      at sendDraftSaveEmail (app/api/draft/save/route.ts:89:13)

    console.log
      Draft token: 4f264ab7-399e-49bc-a514-886cf2793a12

      at sendDraftSaveEmail (app/api/draft/save/route.ts:90:13)

    console.log
      Draft save email would be sent to: test.{6.}5&va-.~j49k.9y?$e7u!p/qt.jo9!_~w~~.nmxv&cz.`-@r3yq2526.p.wwz

      at sendDraftSaveEmail (app/api/draft/save/route.ts:88:13)

    console.log
      Subject: เธเธฑเธเธ—เธถเธเนเธเธเธเธญเธฃเนเธกเธชเธกเธฑเธเธฃเธเธญเธเธเธธเธ“ - 
เธชเธกเธฑเธเธฃเนเธเธฃเธเธเธฒเธฃ 100 เนเธฃเธเน€เธฃเธตเธขเธ

      at sendDraftSaveEmail (app/api/draft/save/route.ts:89:13)

    console.log
      Draft token: 32f87e31-8cd4-4d4d-a766-e82d75afb4a6

      at sendDraftSaveEmail (app/api/draft/save/route.ts:90:13)

    console.log
      Draft save email would be sent to: test.7/wzc?}.+kish6^n%.5|.{0%!/mz3/^f.0@v84-n190a8ly.8gq42i0dxod.wi

      at sendDraftSaveEmail (app/api/draft/save/route.ts:88:13)

    console.log
      Subject: เธเธฑเธเธ—เธถเธเนเธเธเธเธญเธฃเนเธกเธชเธกเธฑเธเธฃเธเธญเธเธเธธเธ“ - 
เธชเธกเธฑเธเธฃเธเธญเธฃเธฑเธเธเธฒเธฃเธชเธเธฑเธเธชเธเธธเธ

      at sendDraftSaveEmail (app/api/draft/save/route.ts:89:13)

    console.log
      Draft token: 41b5a611-6af8-49af-b583-82a477224433

      at sendDraftSaveEmail (app/api/draft/save/route.ts:90:13)

    console.log
      Draft save email would be sent to: test.{afbcb_1`{{@76v03na1jo1.g1wkbyrct8.go

      at sendDraftSaveEmail (app/api/draft/save/route.ts:88:13)

    console.log
      Subject: เธเธฑเธเธ—เธถเธเนเธเธเธเธญเธฃเนเธกเธชเธกเธฑเธเธฃเธเธญเธเธเธธเธ“ - 
เธชเธกเธฑเธเธฃเนเธเธฃเธเธเธฒเธฃ 100 เนเธฃเธเน€เธฃเธตเธขเธ

      at sendDraftSaveEmail (app/api/draft/save/route.ts:89:13)

    console.log
      Draft token: b51e48dd-e3aa-419f-98bc-48f36645b59f

      at sendDraftSaveEmail (app/api/draft/save/route.ts:90:13)

    console.log
      Draft save email would be sent to: 
test.l~8apply{}|~.0=0*fw3m28.f.dbfq}{e|e.`0m__proto__.x.~.-ba{.$4v6_=@je.a5-i44xihi9t.ycs

      at sendDraftSaveEmail (app/api/draft/save/route.ts:88:13)

    console.log
      Subject: เธเธฑเธเธ—เธถเธเนเธเธเธเธญเธฃเนเธกเธชเธกเธฑเธเธฃเธเธญเธเธเธธเธ“ - 
เธชเธกเธฑเธเธฃเธเธญเธฃเธฑเธเธเธฒเธฃเธชเธเธฑเธเธชเธเธธเธ

      at sendDraftSaveEmail (app/api/draft/save/route.ts:89:13)

    console.log
      Draft token: 1a200cfd-f16b-4fd5-bbc5-78e1030644a7

      at sendDraftSaveEmail (app/api/draft/save/route.ts:90:13)

    console.log
      Draft save email would be sent to: 
test.cz%y4m'.&e6#m.k`/ch+^&9m.jrt*o6q|9.o._.%_v-tr}.3r^*.y~_fbw4r@niy6fbxiyz.fnd

      at sendDraftSaveEmail (app/api/draft/save/route.ts:88:13)

    console.log
      Subject: เธเธฑเธเธ—เธถเธเนเธเธเธเธญเธฃเนเธกเธชเธกเธฑเธเธฃเธเธญเธเธเธธเธ“ - 
เธชเธกเธฑเธเธฃเนเธเธฃเธเธเธฒเธฃ 100 เนเธฃเธเน€เธฃเธตเธขเธ

      at sendDraftSaveEmail (app/api/draft/save/route.ts:89:13)

    console.log
      Draft token: 534f567a-a3a0-4bf3-b81e-d188120a1476

      at sendDraftSaveEmail (app/api/draft/save/route.ts:90:13)

    console.log
      Draft save email would be sent to: test.82.d@p--yt0-a.hpi

      at sendDraftSaveEmail (app/api/draft/save/route.ts:88:13)

    console.log
      Subject: เธเธฑเธเธ—เธถเธเนเธเธเธเธญเธฃเนเธกเธชเธกเธฑเธเธฃเธเธญเธเธเธธเธ“ - 
เธชเธกเธฑเธเธฃเนเธเธฃเธเธเธฒเธฃ 100 เนเธฃเธเน€เธฃเธตเธขเธ

      at sendDraftSaveEmail (app/api/draft/save/route.ts:89:13)

    console.log
      Draft token: 146a6b20-695e-446b-8785-bf651fd9266b

      at sendDraftSaveEmail (app/api/draft/save/route.ts:90:13)

    console.log
      Draft save email would be sent to: test.qj.2!ih16monwq@eir.uao

      at sendDraftSaveEmail (app/api/draft/save/route.ts:88:13)

    console.log
      Subject: เธเธฑเธเธ—เธถเธเนเธเธเธเธญเธฃเนเธกเธชเธกเธฑเธเธฃเธเธญเธเธเธธเธ“ - 
เธชเธกเธฑเธเธฃเธเธญเธฃเธฑเธเธเธฒเธฃเธชเธเธฑเธเธชเธเธธเธ

      at sendDraftSaveEmail (app/api/draft/save/route.ts:89:13)

    console.log
      Draft token: dabe3c53-2ff6-4527-868a-df41a09cccbe

      at sendDraftSaveEmail (app/api/draft/save/route.ts:90:13)

    console.log
      Draft save email would be sent to: test.mc-f9.5|0^a1$@b3cto50q.agx

      at sendDraftSaveEmail (app/api/draft/save/route.ts:88:13)

    console.log
      Subject: เธเธฑเธเธ—เธถเธเนเธเธเธเธญเธฃเนเธกเธชเธกเธฑเธเธฃเธเธญเธเธเธธเธ“ - 
เธชเธกเธฑเธเธฃเนเธเธฃเธเธเธฒเธฃ 100 เนเธฃเธเน€เธฃเธตเธขเธ

      at sendDraftSaveEmail (app/api/draft/save/route.ts:89:13)

    console.log
      Draft token: bc064caa-a92d-4c07-ac72-a85a655f954c

      at sendDraftSaveEmail (app/api/draft/save/route.ts:90:13)

    console.log
      Draft save email would be sent to: test.+kv@8.tk

      at sendDraftSaveEmail (app/api/draft/save/route.ts:88:13)

    console.log
      Subject: เธเธฑเธเธ—เธถเธเนเธเธเธเธญเธฃเนเธกเธชเธกเธฑเธเธฃเธเธญเธเธเธธเธ“ - 
เธชเธกเธฑเธเธฃเนเธเธฃเธเธเธฒเธฃ 100 เนเธฃเธเน€เธฃเธตเธขเธ

      at sendDraftSaveEmail (app/api/draft/save/route.ts:89:13)

    console.log
      Draft token: 33677cfc-95a2-4a8e-b80b-27d5e1426efb

      at sendDraftSaveEmail (app/api/draft/save/route.ts:90:13)

    console.log
      Draft save email would be sent to: test.!`_oxp0kn.ppkm58'px+ur.-53tfdbz-}v.`gl_@5pqg450vpj.xid

      at sendDraftSaveEmail (app/api/draft/save/route.ts:88:13)

    console.log
      Subject: เธเธฑเธเธ—เธถเธเนเธเธเธเธญเธฃเนเธกเธชเธกเธฑเธเธฃเธเธญเธเธเธธเธ“ - 
เธชเธกเธฑเธเธฃเนเธเธฃเธเธเธฒเธฃ 100 เนเธฃเธเน€เธฃเธตเธขเธ

      at sendDraftSaveEmail (app/api/draft/save/route.ts:89:13)

    console.log
      Draft token: 8f1665d1-b1b5-408b-a65e-14dc0d7b8859

      at sendDraftSaveEmail (app/api/draft/save/route.ts:90:13)

    console.log
      Draft save email would be sent to: test.{w5*zc&yc@9.drn

      at sendDraftSaveEmail (app/api/draft/save/route.ts:88:13)

    console.log
      Subject: เธเธฑเธเธ—เธถเธเนเธเธเธเธญเธฃเนเธกเธชเธกเธฑเธเธฃเธเธญเธเธเธธเธ“ - 
เธชเธกเธฑเธเธฃเธเธญเธฃเธฑเธเธเธฒเธฃเธชเธเธฑเธเธชเธเธธเธ

      at sendDraftSaveEmail (app/api/draft/save/route.ts:89:13)

    console.log
      Draft token: aa62bcf2-0955-4ca2-be4d-327351124b27

      at sendDraftSaveEmail (app/api/draft/save/route.ts:90:13)

    console.log
      Draft save email would be sent to: 
test.~fw#pr`w.h_stf9o57kg#.au`}+.`}31.*0{.jguzjipz3l.9.3jxy./z!?~/qn@jf7.td

      at sendDraftSaveEmail (app/api/draft/save/route.ts:88:13)

    console.log
      Subject: เธเธฑเธเธ—เธถเธเนเธเธเธเธญเธฃเนเธกเธชเธกเธฑเธเธฃเธเธญเธเธเธธเธ“ - 
เธชเธกเธฑเธเธฃเนเธเธฃเธเธเธฒเธฃ 100 เนเธฃเธเน€เธฃเธตเธขเธ

      at sendDraftSaveEmail (app/api/draft/save/route.ts:89:13)

    console.log
      Draft token: 2cf934a5-e192-47cf-a57c-2cc8090a9e96

      at sendDraftSaveEmail (app/api/draft/save/route.ts:90:13)

    console.log
      Draft save email would be sent to: test.x6&|.14.&/%iu?z4zle@o.zgifjxgmmtxw.vxc

      at sendDraftSaveEmail (app/api/draft/save/route.ts:88:13)

    console.log
      Subject: เธเธฑเธเธ—เธถเธเนเธเธเธเธญเธฃเนเธกเธชเธกเธฑเธเธฃเธเธญเธเธเธธเธ“ - 
เธชเธกเธฑเธเธฃเนเธเธฃเธเธเธฒเธฃ 100 เนเธฃเธเน€เธฃเธตเธขเธ

      at sendDraftSaveEmail (app/api/draft/save/route.ts:89:13)

    console.log
      Draft token: 74056d8d-867c-44e2-badd-81c991948afe

      at sendDraftSaveEmail (app/api/draft/save/route.ts:90:13)

    console.log
      Draft save email would be sent to: test.d$+&.tz.2ottdjrq{'n-.a%g0.l}.w#hf#ew533t.1}f#o{?p?@ua.ygb

      at sendDraftSaveEmail (app/api/draft/save/route.ts:88:13)

    console.log
      Subject: เธเธฑเธเธ—เธถเธเนเธเธเธเธญเธฃเนเธกเธชเธกเธฑเธเธฃเธเธญเธเธเธธเธ“ - 
เธชเธกเธฑเธเธฃเธเธญเธฃเธฑเธเธเธฒเธฃเธชเธเธฑเธเธชเธเธธเธ

      at sendDraftSaveEmail (app/api/draft/save/route.ts:89:13)

    console.log
      Draft token: 38655c58-3c05-46a0-af5c-e9c5255408d9

      at sendDraftSaveEmail (app/api/draft/save/route.ts:90:13)

    console.log
      Draft save email would be sent to: test.c+_.#%2rw^.a8#}9p9p'qw.#+ua.s5g2.zqv+^3/.rhox@ec.ypj6.ke

      at sendDraftSaveEmail (app/api/draft/save/route.ts:88:13)

    console.log
      Subject: เธเธฑเธเธ—เธถเธเนเธเธเธเธญเธฃเนเธกเธชเธกเธฑเธเธฃเธเธญเธเธเธธเธ“ - 
เธชเธกเธฑเธเธฃเธเธญเธฃเธฑเธเธเธฒเธฃเธชเธเธฑเธเธชเธเธธเธ

      at sendDraftSaveEmail (app/api/draft/save/route.ts:89:13)

    console.log
      Draft token: 38a5dd4b-42ba-4d86-b4a6-b164031e3c1a

      at sendDraftSaveEmail (app/api/draft/save/route.ts:90:13)

    console.log
      Draft save email would be sent to: 
test.|2u%|?3k8!o.7j8=?n?i2}c|.f1!dc~.c'e8{1}7~.%e~$xz-!yx{d@a.ksues1niux6.qhx

      at sendDraftSaveEmail (app/api/draft/save/route.ts:88:13)

    console.log
      Subject: เธเธฑเธเธ—เธถเธเนเธเธเธเธญเธฃเนเธกเธชเธกเธฑเธเธฃเธเธญเธเธเธธเธ“ - 
เธชเธกเธฑเธเธฃเธเธญเธฃเธฑเธเธเธฒเธฃเธชเธเธฑเธเธชเธเธธเธ

      at sendDraftSaveEmail (app/api/draft/save/route.ts:89:13)

    console.log
      Draft token: 7ae882cd-9fc7-4f69-8324-7767793bfcd4

      at sendDraftSaveEmail (app/api/draft/save/route.ts:90:13)

    console.log
      Draft save email would be sent to: test.'5~2+i^re=tz.~}h#h$x4e.c?88'k$j.8z!w*tnoce@fz90o.bn

      at sendDraftSaveEmail (app/api/draft/save/route.ts:88:13)

    console.log
      Subject: เธเธฑเธเธ—เธถเธเนเธเธเธเธญเธฃเนเธกเธชเธกเธฑเธเธฃเธเธญเธเธเธธเธ“ - 
เธชเธกเธฑเธเธฃเธเธญเธฃเธฑเธเธเธฒเธฃเธชเธเธฑเธเธชเธเธธเธ

      at sendDraftSaveEmail (app/api/draft/save/route.ts:89:13)

    console.log
      Draft token: 7f2d7f63-cb45-43b2-b695-901391f9877b

      at sendDraftSaveEmail (app/api/draft/save/route.ts:90:13)

    console.log
      Draft save email would be sent to: 
test.3g149yawnv+.gs$f-2c|e.l0.{z-j8+d5?*'.8y}.bz25oe*.59.4^8uj}w@4.9.va

      at sendDraftSaveEmail (app/api/draft/save/route.ts:88:13)

    console.log
      Subject: เธเธฑเธเธ—เธถเธเนเธเธเธเธญเธฃเนเธกเธชเธกเธฑเธเธฃเธเธญเธเธเธธเธ“ - 
เธชเธกเธฑเธเธฃเนเธเธฃเธเธเธฒเธฃ 100 เนเธฃเธเน€เธฃเธตเธขเธ

      at sendDraftSaveEmail (app/api/draft/save/route.ts:89:13)

    console.log
      Draft token: ee509673-2b10-4c78-9166-9edf419034a1

      at sendDraftSaveEmail (app/api/draft/save/route.ts:90:13)

    console.log
      Draft save email would be sent to: test.7u#m%9^q.kw2w*|`_._78.%f1db.9@i1zzcs1iz.yq

      at sendDraftSaveEmail (app/api/draft/save/route.ts:88:13)

    console.log
      Subject: เธเธฑเธเธ—เธถเธเนเธเธเธเธญเธฃเนเธกเธชเธกเธฑเธเธฃเธเธญเธเธเธธเธ“ - 
เธชเธกเธฑเธเธฃเธเธญเธฃเธฑเธเธเธฒเธฃเธชเธเธฑเธเธชเธเธธเธ

      at sendDraftSaveEmail (app/api/draft/save/route.ts:89:13)

    console.log
      Draft token: f224f42f-d593-4bf0-885a-2d356ca4cf63

      at sendDraftSaveEmail (app/api/draft/save/route.ts:90:13)

    console.log
      Draft save email would be sent to: test.~.zchs@c21pqkjb4.8.qri

      at sendDraftSaveEmail (app/api/draft/save/route.ts:88:13)

    console.log
      Subject: เธเธฑเธเธ—เธถเธเนเธเธเธเธญเธฃเนเธกเธชเธกเธฑเธเธฃเธเธญเธเธเธธเธ“ - 
เธชเธกเธฑเธเธฃเธเธญเธฃเธฑเธเธเธฒเธฃเธชเธเธฑเธเธชเธเธธเธ

      at sendDraftSaveEmail (app/api/draft/save/route.ts:89:13)

    console.log
      Draft token: 13454bc1-882e-4bff-b833-eeac6929f917

      at sendDraftSaveEmail (app/api/draft/save/route.ts:90:13)

    console.log
      Draft save email would be sent to: test.-._}c@sc9.ty

      at sendDraftSaveEmail (app/api/draft/save/route.ts:88:13)

    console.log
      Subject: เธเธฑเธเธ—เธถเธเนเธเธเธเธญเธฃเนเธกเธชเธกเธฑเธเธฃเธเธญเธเธเธธเธ“ - 
เธชเธกเธฑเธเธฃเนเธเธฃเธเธเธฒเธฃ 100 เนเธฃเธเน€เธฃเธตเธขเธ

      at sendDraftSaveEmail (app/api/draft/save/route.ts:89:13)

    console.log
      Draft token: 6487aae1-0a59-49b2-ad8d-8a7f261f1ec5

      at sendDraftSaveEmail (app/api/draft/save/route.ts:90:13)

    console.log
      Draft save email would be sent to: 
test.2#xt&imwt.u4^iwy}=34y.f.length.+-n_{56o.&0*f+slmg8wg.hk*l@ddzxe0xg9.qdc

      at sendDraftSaveEmail (app/api/draft/save/route.ts:88:13)

    console.log
      Subject: เธเธฑเธเธ—เธถเธเนเธเธเธเธญเธฃเนเธกเธชเธกเธฑเธเธฃเธเธญเธเธเธธเธ“ - 
เธชเธกเธฑเธเธฃเนเธเธฃเธเธเธฒเธฃ 100 เนเธฃเธเน€เธฃเธตเธขเธ

      at sendDraftSaveEmail (app/api/draft/save/route.ts:89:13)

    console.log
      Draft token: 241be9ac-8fc9-4f75-8698-06ac40256891

      at sendDraftSaveEmail (app/api/draft/save/route.ts:90:13)

    console.log
      Draft save email would be sent to: 
test./a12}*3rx&?~.=5$tv}'7.p1&1gjb3fa./k}.a_8_y.&2ygzrug`&.n%et*_3#@g30i09.qs

      at sendDraftSaveEmail (app/api/draft/save/route.ts:88:13)

    console.log
      Subject: เธเธฑเธเธ—เธถเธเนเธเธเธเธญเธฃเนเธกเธชเธกเธฑเธเธฃเธเธญเธเธเธธเธ“ - 
เธชเธกเธฑเธเธฃเนเธเธฃเธเธเธฒเธฃ 100 เนเธฃเธเน€เธฃเธตเธขเธ

      at sendDraftSaveEmail (app/api/draft/save/route.ts:89:13)

    console.log
      Draft token: 85be7d25-cda6-4c00-8be0-4c7475fc39ec

      at sendDraftSaveEmail (app/api/draft/save/route.ts:90:13)

    console.log
      Draft save email would be sent to: 
test.?p68lrbn.g%*ce'w5&k.-1^o%*0p9sb.ov+x.35./c^+afp4|f86@lnclmx8-w8e.ql

      at sendDraftSaveEmail (app/api/draft/save/route.ts:88:13)

    console.log
      Subject: เธเธฑเธเธ—เธถเธเนเธเธเธเธญเธฃเนเธกเธชเธกเธฑเธเธฃเธเธญเธเธเธธเธ“ - 
เธชเธกเธฑเธเธฃเนเธเธฃเธเธเธฒเธฃ 100 เนเธฃเธเน€เธฃเธตเธขเธ

      at sendDraftSaveEmail (app/api/draft/save/route.ts:89:13)

    console.log
      Draft token: e04ef4ec-c263-4020-947d-33aab4228562

      at sendDraftSaveEmail (app/api/draft/save/route.ts:90:13)

    console.log
      Draft save email would be sent to: 
test.ogl+y~.#0b40t'oga.^g3=rl.w.-|6i3h.x3pk.w/&ilx_d6g.4_p|/1gsc@20pz-o39.hw

      at sendDraftSaveEmail (app/api/draft/save/route.ts:88:13)

    console.log
      Subject: เธเธฑเธเธ—เธถเธเนเธเธเธเธญเธฃเนเธกเธชเธกเธฑเธเธฃเธเธญเธเธเธธเธ“ - 
เธชเธกเธฑเธเธฃเธเธญเธฃเธฑเธเธเธฒเธฃเธชเธเธฑเธเธชเธเธธเธ

      at sendDraftSaveEmail (app/api/draft/save/route.ts:89:13)

    console.log
      Draft token: 5aeae4ef-14b1-454f-addc-890829547a96

      at sendDraftSaveEmail (app/api/draft/save/route.ts:90:13)

    console.log
      Draft save email would be sent to: 
test.f!3+^i'v5-z}.%/k$+&}w?xq.k.cal.7a__proto.3iu4livj{j`.?6_b~`@5unudrl34td.mg

      at sendDraftSaveEmail (app/api/draft/save/route.ts:88:13)

    console.log
      Subject: เธเธฑเธเธ—เธถเธเนเธเธเธเธญเธฃเนเธกเธชเธกเธฑเธเธฃเธเธญเธเธเธธเธ“ - 
เธชเธกเธฑเธเธฃเนเธเธฃเธเธเธฒเธฃ 100 เนเธฃเธเน€เธฃเธตเธขเธ

      at sendDraftSaveEmail (app/api/draft/save/route.ts:89:13)

    console.log
      Draft token: 47de5757-3c5e-4593-9551-52a512d062cb

      at sendDraftSaveEmail (app/api/draft/save/route.ts:90:13)

    console.log
      Draft save email would be sent to: test.!9&+4$~~*9{x.+.iian*d/6-8.k~^9^`l3s~.y+`^r5woq.}sg/84&s-e*@37.sgq

      at sendDraftSaveEmail (app/api/draft/save/route.ts:88:13)

    console.log
      Subject: เธเธฑเธเธ—เธถเธเนเธเธเธเธญเธฃเนเธกเธชเธกเธฑเธเธฃเธเธญเธเธเธธเธ“ - 
เธชเธกเธฑเธเธฃเธเธญเธฃเธฑเธเธเธฒเธฃเธชเธเธฑเธเธชเธเธธเธ

      at sendDraftSaveEmail (app/api/draft/save/route.ts:89:13)

    console.log
      Draft token: 6ddffeae-7360-48bb-bf3d-dc9dcb4a66df

      at sendDraftSaveEmail (app/api/draft/save/route.ts:90:13)

    console.log
      Draft save email would be sent to: 
test.$b9c3%ef~1b._{4nl+v-.~9$}#5im.w/o'$q8.*.&/.ref.dffp+.``kcal@u.7z4.wf

      at sendDraftSaveEmail (app/api/draft/save/route.ts:88:13)

    console.log
      Subject: เธเธฑเธเธ—เธถเธเนเธเธเธเธญเธฃเนเธกเธชเธกเธฑเธเธฃเธเธญเธเธเธธเธ“ - 
เธชเธกเธฑเธเธฃเธเธญเธฃเธฑเธเธเธฒเธฃเธชเธเธฑเธเธชเธเธธเธ

      at sendDraftSaveEmail (app/api/draft/save/route.ts:89:13)

    console.log
      Draft token: b98e9531-9403-4ca9-938e-5664a6d3a909

      at sendDraftSaveEmail (app/api/draft/save/route.ts:90:13)

    console.log
      Draft save email would be sent to: test.w_|b'|-ff~d/.{_tf@htibjagkki-z.uv3q.vf

      at sendDraftSaveEmail (app/api/draft/save/route.ts:88:13)

    console.log
      Subject: เธเธฑเธเธ—เธถเธเนเธเธเธเธญเธฃเนเธกเธชเธกเธฑเธเธฃเธเธญเธเธเธธเธ“ - 
เธชเธกเธฑเธเธฃเธเธญเธฃเธฑเธเธเธฒเธฃเธชเธเธฑเธเธชเธเธธเธ

      at sendDraftSaveEmail (app/api/draft/save/route.ts:89:13)

    console.log
      Draft token: bb7fefc3-a3d0-4106-a7b7-66c032edf8bf

      at sendDraftSaveEmail (app/api/draft/save/route.ts:90:13)

    console.log
      Draft save email would be sent to: test.lo+/31~2k2i@ji.cwg

      at sendDraftSaveEmail (app/api/draft/save/route.ts:88:13)

    console.log
      Subject: เธเธฑเธเธ—เธถเธเนเธเธเธเธญเธฃเนเธกเธชเธกเธฑเธเธฃเธเธญเธเธเธธเธ“ - 
เธชเธกเธฑเธเธฃเธเธญเธฃเธฑเธเธเธฒเธฃเธชเธเธฑเธเธชเธเธธเธ

      at sendDraftSaveEmail (app/api/draft/save/route.ts:89:13)

    console.log
      Draft token: 1a823c96-fa01-4365-9ed2-18148ab1814c

      at sendDraftSaveEmail (app/api/draft/save/route.ts:90:13)

    console.log
      Draft save email would be sent to: test.lpg~.c/@7ebxom3jl03f.ln

      at sendDraftSaveEmail (app/api/draft/save/route.ts:88:13)

    console.log
      Subject: เธเธฑเธเธ—เธถเธเนเธเธเธเธญเธฃเนเธกเธชเธกเธฑเธเธฃเธเธญเธเธเธธเธ“ - 
เธชเธกเธฑเธเธฃเนเธเธฃเธเธเธฒเธฃ 100 เนเธฃเธเน€เธฃเธตเธขเธ

      at sendDraftSaveEmail (app/api/draft/save/route.ts:89:13)

    console.log
      Draft token: 0e3ebdf4-7fb5-418c-9dd4-8c28cd704484

      at sendDraftSaveEmail (app/api/draft/save/route.ts:90:13)

    console.log
      Draft save email would be sent to: 
test.l%d}.s!h{3$.__proto__.ntft0dy.+ey.{%swv~?`*t.#9kw.bl~.f{ed.nh=!@rno30q.df4.ytu

      at sendDraftSaveEmail (app/api/draft/save/route.ts:88:13)

    console.log
      Subject: เธเธฑเธเธ—เธถเธเนเธเธเธเธญเธฃเนเธกเธชเธกเธฑเธเธฃเธเธญเธเธเธธเธ“ - 
เธชเธกเธฑเธเธฃเนเธเธฃเธเธเธฒเธฃ 100 เนเธฃเธเน€เธฃเธตเธขเธ

      at sendDraftSaveEmail (app/api/draft/save/route.ts:89:13)

    console.log
      Draft token: 12dd6017-8c4c-468d-b6b5-1319575f7040

      at sendDraftSaveEmail (app/api/draft/save/route.ts:90:13)

    console.log
      Draft save email would be sent to: 
test.w&5`q80?.4+.jm8s./}'yn}9.h6y*ruf9o6.7dl6?.|.d.e_.f|@3b8.z4sx4cs.qt

      at sendDraftSaveEmail (app/api/draft/save/route.ts:88:13)

    console.log
      Subject: เธเธฑเธเธ—เธถเธเนเธเธเธเธญเธฃเนเธกเธชเธกเธฑเธเธฃเธเธญเธเธเธธเธ“ - 
เธชเธกเธฑเธเธฃเธเธญเธฃเธฑเธเธเธฒเธฃเธชเธเธฑเธเธชเธเธธเธ

      at sendDraftSaveEmail (app/api/draft/save/route.ts:89:13)

    console.log
      Draft token: f3c9c792-16d5-46f3-8553-c47d9c266389

      at sendDraftSaveEmail (app/api/draft/save/route.ts:90:13)

    console.log
      Draft save email would be sent to: test.tfkdd-&q.5c.yew-?y+.jz^~4l.da!k=._7~.|aos@f7j7k.a-hyrabm.db

      at sendDraftSaveEmail (app/api/draft/save/route.ts:88:13)

    console.log
      Subject: เธเธฑเธเธ—เธถเธเนเธเธเธเธญเธฃเนเธกเธชเธกเธฑเธเธฃเธเธญเธเธเธธเธ“ - 
เธชเธกเธฑเธเธฃเนเธเธฃเธเธเธฒเธฃ 100 เนเธฃเธเน€เธฃเธตเธขเธ

      at sendDraftSaveEmail (app/api/draft/save/route.ts:89:13)

    console.log
      Draft token: ada5e201-7c0d-47f3-8867-e4ca46828c9f

      at sendDraftSaveEmail (app/api/draft/save/route.ts:90:13)

    console.log
      Draft save email would be sent to: test.`ebindco.fh.tau@un.bhm

      at sendDraftSaveEmail (app/api/draft/save/route.ts:88:13)

    console.log
      Subject: เธเธฑเธเธ—เธถเธเนเธเธเธเธญเธฃเนเธกเธชเธกเธฑเธเธฃเธเธญเธเธเธธเธ“ - 
เธชเธกเธฑเธเธฃเนเธเธฃเธเธเธฒเธฃ 100 เนเธฃเธเน€เธฃเธตเธขเธ

      at sendDraftSaveEmail (app/api/draft/save/route.ts:89:13)

    console.log
      Draft token: c34d8cc0-9000-40b0-aa7c-dfe2595f7600

      at sendDraftSaveEmail (app/api/draft/save/route.ts:90:13)

    console.log
      Draft save email would be sent to: test./2@dp.rc

      at sendDraftSaveEmail (app/api/draft/save/route.ts:88:13)

    console.log
      Subject: เธเธฑเธเธ—เธถเธเนเธเธเธเธญเธฃเนเธกเธชเธกเธฑเธเธฃเธเธญเธเธเธธเธ“ - 
เธชเธกเธฑเธเธฃเธเธญเธฃเธฑเธเธเธฒเธฃเธชเธเธฑเธเธชเธเธธเธ

      at sendDraftSaveEmail (app/api/draft/save/route.ts:89:13)

    console.log
      Draft token: c95e51d3-c468-42a4-8b75-6780f4624366

      at sendDraftSaveEmail (app/api/draft/save/route.ts:90:13)

    console.log
      Draft save email would be sent to: 
test.5+8&yr32wc*.|if.lv|$9!4{!r7a.$}!7_v-%}.x7~d3.ombw_nb.$t&d{n@875.46.du

      at sendDraftSaveEmail (app/api/draft/save/route.ts:88:13)

    console.log
      Subject: เธเธฑเธเธ—เธถเธเนเธเธเธเธญเธฃเนเธกเธชเธกเธฑเธเธฃเธเธญเธเธเธธเธ“ - 
เธชเธกเธฑเธเธฃเนเธเธฃเธเธเธฒเธฃ 100 เนเธฃเธเน€เธฃเธตเธขเธ

      at sendDraftSaveEmail (app/api/draft/save/route.ts:89:13)

    console.log
      Draft token: 28044ce6-22cf-42bb-adf8-322896485bc2

      at sendDraftSaveEmail (app/api/draft/save/route.ts:90:13)

    console.log
      Draft save email would be sent to: 
test.5'jna~ngc.^ot.l1495%#x!._&.vrolx0.z~p=woa&t0j.`&rwmhu.+=5fg.2@fiocseeb2w.xp

      at sendDraftSaveEmail (app/api/draft/save/route.ts:88:13)

    console.log
      Subject: เธเธฑเธเธ—เธถเธเนเธเธเธเธญเธฃเนเธกเธชเธกเธฑเธเธฃเธเธญเธเธเธธเธ“ - 
เธชเธกเธฑเธเธฃเธเธญเธฃเธฑเธเธเธฒเธฃเธชเธเธฑเธเธชเธเธธเธ

      at sendDraftSaveEmail (app/api/draft/save/route.ts:89:13)

    console.log
      Draft token: 82180415-bac0-41c1-a8bf-807d9c8a29ce

      at sendDraftSaveEmail (app/api/draft/save/route.ts:90:13)

    console.log
      Draft save email would be sent to: test.*s%@u.cld

      at sendDraftSaveEmail (app/api/draft/save/route.ts:88:13)

    console.log
      Subject: เธเธฑเธเธ—เธถเธเนเธเธเธเธญเธฃเนเธกเธชเธกเธฑเธเธฃเธเธญเธเธเธธเธ“ - 
เธชเธกเธฑเธเธฃเนเธเธฃเธเธเธฒเธฃ 100 เนเธฃเธเน€เธฃเธตเธขเธ

      at sendDraftSaveEmail (app/api/draft/save/route.ts:89:13)

    console.log
      Draft token: a5d414d7-7c21-4ed1-81e2-9f2e9e4f7107

      at sendDraftSaveEmail (app/api/draft/save/route.ts:90:13)

    console.log
      Draft save email would be sent to: test.rmc1pw.&ug~c$&z!.&%0af|*.=ya_#ll.m.5n.e~jxhuht_1@798a3.z2.xtm

      at sendDraftSaveEmail (app/api/draft/save/route.ts:88:13)

    console.log
      Subject: เธเธฑเธเธ—เธถเธเนเธเธเธเธญเธฃเนเธกเธชเธกเธฑเธเธฃเธเธญเธเธเธธเธ“ - 
เธชเธกเธฑเธเธฃเนเธเธฃเธเธเธฒเธฃ 100 เนเธฃเธเน€เธฃเธตเธขเธ

      at sendDraftSaveEmail (app/api/draft/save/route.ts:89:13)

    console.log
      Draft token: 28bb169b-d75c-477c-acbe-ca69dcbda5ac

      at sendDraftSaveEmail (app/api/draft/save/route.ts:90:13)

    console.log
      Draft save email would be sent to: test.98wz-{#r=.7jz.i=lo8q.1pk!z1p5'$7@5.oqi

      at sendDraftSaveEmail (app/api/draft/save/route.ts:88:13)

    console.log
      Subject: เธเธฑเธเธ—เธถเธเนเธเธเธเธญเธฃเนเธกเธชเธกเธฑเธเธฃเธเธญเธเธเธธเธ“ - 
เธชเธกเธฑเธเธฃเธเธญเธฃเธฑเธเธเธฒเธฃเธชเธเธฑเธเธชเธเธธเธ

      at sendDraftSaveEmail (app/api/draft/save/route.ts:89:13)

    console.log
      Draft token: 671ac08a-6311-42dd-b509-0b660639079d

      at sendDraftSaveEmail (app/api/draft/save/route.ts:90:13)

    console.log
      Draft save email would be sent to: test.`.l3bm.bdc|'?{wb@d.hv

      at sendDraftSaveEmail (app/api/draft/save/route.ts:88:13)

    console.log
      Subject: เธเธฑเธเธ—เธถเธเนเธเธเธเธญเธฃเนเธกเธชเธกเธฑเธเธฃเธเธญเธเธเธธเธ“ - 
เธชเธกเธฑเธเธฃเนเธเธฃเธเธเธฒเธฃ 100 เนเธฃเธเน€เธฃเธตเธขเธ

      at sendDraftSaveEmail (app/api/draft/save/route.ts:89:13)

    console.log
      Draft token: 0aa59825-2d6d-433b-a411-ef5b6f7440e4

      at sendDraftSaveEmail (app/api/draft/save/route.ts:90:13)

    console.log
      Draft save email would be sent to: test.%~dhpd`.!6anm$jf+}~*@u.jb3iabd86.jq

      at sendDraftSaveEmail (app/api/draft/save/route.ts:88:13)

    console.log
      Subject: เธเธฑเธเธ—เธถเธเนเธเธเธเธญเธฃเนเธกเธชเธกเธฑเธเธฃเธเธญเธเธเธธเธ“ - 
เธชเธกเธฑเธเธฃเธเธญเธฃเธฑเธเธเธฒเธฃเธชเธเธฑเธเธชเธเธธเธ

      at sendDraftSaveEmail (app/api/draft/save/route.ts:89:13)

    console.log
      Draft token: 3a520b08-d797-4bf3-a709-de8341959f87

      at sendDraftSaveEmail (app/api/draft/save/route.ts:90:13)

    console.log
      Draft save email would be sent to: 
test.?0|h5.qpqe!+.i+^{s0~u8.//vx0c.wh&w=xd/^.s/'=s|t5.z-0*ujb%c^@hkrdwj.vswrhf.wu

      at sendDraftSaveEmail (app/api/draft/save/route.ts:88:13)

    console.log
      Subject: เธเธฑเธเธ—เธถเธเนเธเธเธเธญเธฃเนเธกเธชเธกเธฑเธเธฃเธเธญเธเธเธธเธ“ - 
เธชเธกเธฑเธเธฃเนเธเธฃเธเธเธฒเธฃ 100 เนเธฃเธเน€เธฃเธตเธขเธ

      at sendDraftSaveEmail (app/api/draft/save/route.ts:89:13)

    console.log
      Draft token: 327d228a-03d3-404b-b29c-1a0d276311b6

      at sendDraftSaveEmail (app/api/draft/save/route.ts:90:13)

    console.log
      Draft save email would be sent to: test.!v`^plq|y!n$.be^?s}.+@jmfu4.ju

      at sendDraftSaveEmail (app/api/draft/save/route.ts:88:13)

    console.log
      Subject: เธเธฑเธเธ—เธถเธเนเธเธเธเธญเธฃเนเธกเธชเธกเธฑเธเธฃเธเธญเธเธเธธเธ“ - 
เธชเธกเธฑเธเธฃเนเธเธฃเธเธเธฒเธฃ 100 เนเธฃเธเน€เธฃเธตเธขเธ

      at sendDraftSaveEmail (app/api/draft/save/route.ts:89:13)

    console.log
      Draft token: 890efa87-e4bb-4f28-b4d9-0da282d668fc

      at sendDraftSaveEmail (app/api/draft/save/route.ts:90:13)

    console.log
      Draft save email would be sent to: test.ft-_.n29.s37.a4m%?m7u{.*'4|yv2ukl=.=fb+u.l3y_iwz@fj.wo

      at sendDraftSaveEmail (app/api/draft/save/route.ts:88:13)

    console.log
      Subject: เธเธฑเธเธ—เธถเธเนเธเธเธเธญเธฃเนเธกเธชเธกเธฑเธเธฃเธเธญเธเธเธธเธ“ - 
เธชเธกเธฑเธเธฃเนเธเธฃเธเธเธฒเธฃ 100 เนเธฃเธเน€เธฃเธตเธขเธ

      at sendDraftSaveEmail (app/api/draft/save/route.ts:89:13)

    console.log
      Draft token: df2315cb-f538-4447-8f60-a4ad64c98b2f

      at sendDraftSaveEmail (app/api/draft/save/route.ts:90:13)

    console.log
      Draft save email would be sent to: test.*f=|g8&4|u.2b+6@2a.f6i3gow61j.fzo

      at sendDraftSaveEmail (app/api/draft/save/route.ts:88:13)

    console.log
      Subject: เธเธฑเธเธ—เธถเธเนเธเธเธเธญเธฃเนเธกเธชเธกเธฑเธเธฃเธเธญเธเธเธธเธ“ - 
เธชเธกเธฑเธเธฃเธเธญเธฃเธฑเธเธเธฒเธฃเธชเธเธฑเธเธชเธเธธเธ

      at sendDraftSaveEmail (app/api/draft/save/route.ts:89:13)

    console.log
      Draft token: 2a268d86-c327-417f-b9ed-6c3af46f6e83

      at sendDraftSaveEmail (app/api/draft/save/route.ts:90:13)

    console.log
      Draft save email would be sent to: test.9m`a_jcf%f3.2.i7j|{~.z@aq64.tf

      at sendDraftSaveEmail (app/api/draft/save/route.ts:88:13)

    console.log
      Subject: เธเธฑเธเธ—เธถเธเนเธเธเธเธญเธฃเนเธกเธชเธกเธฑเธเธฃเธเธญเธเธเธธเธ“ - 
เธชเธกเธฑเธเธฃเนเธเธฃเธเธเธฒเธฃ 100 เนเธฃเธเน€เธฃเธตเธขเธ

      at sendDraftSaveEmail (app/api/draft/save/route.ts:89:13)

    console.log
      Draft token: a6cf7168-28cb-4bc0-8cd3-291a83652c93

      at sendDraftSaveEmail (app/api/draft/save/route.ts:90:13)

    console.log
      Draft save email would be sent to: test.b'n02.6m1/al.tql{!fl.^re-bk476*@7fsppmbh.vbw

      at sendDraftSaveEmail (app/api/draft/save/route.ts:88:13)

    console.log
      Subject: เธเธฑเธเธ—เธถเธเนเธเธเธเธญเธฃเนเธกเธชเธกเธฑเธเธฃเธเธญเธเธเธธเธ“ - 
เธชเธกเธฑเธเธฃเนเธเธฃเธเธเธฒเธฃ 100 เนเธฃเธเน€เธฃเธตเธขเธ

      at sendDraftSaveEmail (app/api/draft/save/route.ts:89:13)

    console.log
      Draft token: cfbeb4d1-01e9-4cd4-a9da-ea72c78f6190

      at sendDraftSaveEmail (app/api/draft/save/route.ts:90:13)

    console.log
      Draft save email would be sent to: test.h|4i0ok.|.356ms.key.%='ue@pz9qh6dqqatq.p8rio.hc

      at sendDraftSaveEmail (app/api/draft/save/route.ts:88:13)

    console.log
      Subject: เธเธฑเธเธ—เธถเธเนเธเธเธเธญเธฃเนเธกเธชเธกเธฑเธเธฃเธเธญเธเธเธธเธ“ - 
เธชเธกเธฑเธเธฃเนเธเธฃเธเธเธฒเธฃ 100 เนเธฃเธเน€เธฃเธตเธขเธ

      at sendDraftSaveEmail (app/api/draft/save/route.ts:89:13)

    console.log
      Draft token: 53a2b809-8cc7-47bb-9ea2-80b8c7333d14

      at sendDraftSaveEmail (app/api/draft/save/route.ts:90:13)

    console.log
      Draft save email would be sent to: 
test.{||bw.o'_ha.d{|n71$^t'?&.callerf3f^.{.constructor.m%a{pz6ad8*a@0h1oorxrjr.we

      at sendDraftSaveEmail (app/api/draft/save/route.ts:88:13)

    console.log
      Subject: เธเธฑเธเธ—เธถเธเนเธเธเธเธญเธฃเนเธกเธชเธกเธฑเธเธฃเธเธญเธเธเธธเธ“ - 
เธชเธกเธฑเธเธฃเนเธเธฃเธเธเธฒเธฃ 100 เนเธฃเธเน€เธฃเธตเธขเธ

      at sendDraftSaveEmail (app/api/draft/save/route.ts:89:13)

    console.log
      Draft token: 05006789-d96b-4cfc-b430-fa0eb35d2b19

      at sendDraftSaveEmail (app/api/draft/save/route.ts:90:13)

    console.log
      Draft save email would be sent to: 
test./p2.6t2.h$t?'-!i'.#$=_3`ll.6jih_pu{%z.o{vp_.+r$o3&sx-5?{@kv6psw78p.bwg

      at sendDraftSaveEmail (app/api/draft/save/route.ts:88:13)

    console.log
      Subject: เธเธฑเธเธ—เธถเธเนเธเธเธเธญเธฃเนเธกเธชเธกเธฑเธเธฃเธเธญเธเธเธธเธ“ - 
เธชเธกเธฑเธเธฃเนเธเธฃเธเธเธฒเธฃ 100 เนเธฃเธเน€เธฃเธตเธขเธ

      at sendDraftSaveEmail (app/api/draft/save/route.ts:89:13)

    console.log
      Draft token: 1000e7ce-c947-4b70-b078-05148edac35e

      at sendDraftSaveEmail (app/api/draft/save/route.ts:90:13)

    console.log
      Draft save email would be sent to: test.f|+av.e7}v~0}6_tg|.in.!!sjx$~!@5dboznid.bdia.tro

      at sendDraftSaveEmail (app/api/draft/save/route.ts:88:13)

    console.log
      Subject: เธเธฑเธเธ—เธถเธเนเธเธเธเธญเธฃเนเธกเธชเธกเธฑเธเธฃเธเธญเธเธเธธเธ“ - 
เธชเธกเธฑเธเธฃเนเธเธฃเธเธเธฒเธฃ 100 เนเธฃเธเน€เธฃเธตเธขเธ

      at sendDraftSaveEmail (app/api/draft/save/route.ts:89:13)

    console.log
      Draft token: 0c5046c7-ab2a-4f0a-b947-c14cbcffba63

      at sendDraftSaveEmail (app/api/draft/save/route.ts:90:13)

    console.log
      Draft save email would be sent to: test.v.8.iq{6$~ia+u.b6fue@m.xno

      at sendDraftSaveEmail (app/api/draft/save/route.ts:88:13)

    console.log
      Subject: เธเธฑเธเธ—เธถเธเนเธเธเธเธญเธฃเนเธกเธชเธกเธฑเธเธฃเธเธญเธเธเธธเธ“ - 
เธชเธกเธฑเธเธฃเธเธญเธฃเธฑเธเธเธฒเธฃเธชเธเธฑเธเธชเธเธธเธ

      at sendDraftSaveEmail (app/api/draft/save/route.ts:89:13)

    console.log
      Draft token: 02db37c2-2633-47bb-ba66-66f3c8ec3e3b

      at sendDraftSaveEmail (app/api/draft/save/route.ts:90:13)

    console.log
      Draft save email would be sent to: test.bsc{mc8.w7?!%^'5*#1_@k48ia.kx.osx

      at sendDraftSaveEmail (app/api/draft/save/route.ts:88:13)

    console.log
      Subject: เธเธฑเธเธ—เธถเธเนเธเธเธเธญเธฃเนเธกเธชเธกเธฑเธเธฃเธเธญเธเธเธธเธ“ - 
เธชเธกเธฑเธเธฃเนเธเธฃเธเธเธฒเธฃ 100 เนเธฃเธเน€เธฃเธตเธขเธ

      at sendDraftSaveEmail (app/api/draft/save/route.ts:89:13)

    console.log
      Draft token: 367f07b5-c86b-4733-803a-73d7ecf7eca7

      at sendDraftSaveEmail (app/api/draft/save/route.ts:90:13)

    console.log
      Draft save email would be sent to: 
test.*}.jk~^|#he1.|nksj$%6t~q.3d.2.d_628qfg`.y7*{9?^/*.no.'in9o=r.lhn@53j05ty.mi7b6.gg

      at sendDraftSaveEmail (app/api/draft/save/route.ts:88:13)

    console.log
      Subject: เธเธฑเธเธ—เธถเธเนเธเธเธเธญเธฃเนเธกเธชเธกเธฑเธเธฃเธเธญเธเธเธธเธ“ - 
เธชเธกเธฑเธเธฃเนเธเธฃเธเธเธฒเธฃ 100 เนเธฃเธเน€เธฃเธตเธขเธ

      at sendDraftSaveEmail (app/api/draft/save/route.ts:89:13)

    console.log
      Draft token: 45fed44b-221f-476d-b5cc-ca9c7a35dcb8

      at sendDraftSaveEmail (app/api/draft/save/route.ts:90:13)

    console.log
      Draft save email would be sent to: 
test.c.lr4p6oj-u4?+./.c9iti.i{`5iba}_p_f.ob.qf.rnw2xq'z.m`5zp9zaco$@6.si

      at sendDraftSaveEmail (app/api/draft/save/route.ts:88:13)

    console.log
      Subject: เธเธฑเธเธ—เธถเธเนเธเธเธเธญเธฃเนเธกเธชเธกเธฑเธเธฃเธเธญเธเธเธธเธ“ - 
เธชเธกเธฑเธเธฃเนเธเธฃเธเธเธฒเธฃ 100 เนเธฃเธเน€เธฃเธตเธขเธ

      at sendDraftSaveEmail (app/api/draft/save/route.ts:89:13)

    console.log
      Draft token: 974249a9-6c35-4ce5-b2ea-d066e0badce6

      at sendDraftSaveEmail (app/api/draft/save/route.ts:90:13)

    console.log
      Draft save email would be sent to: 
test.z$rm9!!*nii.1m6.~a.^22kr.mm7{*.om9-u!n.61m.#q^n{5%o.i2h7r|st@ze.un

      at sendDraftSaveEmail (app/api/draft/save/route.ts:88:13)

    console.log
      Subject: เธเธฑเธเธ—เธถเธเนเธเธเธเธญเธฃเนเธกเธชเธกเธฑเธเธฃเธเธญเธเธเธธเธ“ - 
เธชเธกเธฑเธเธฃเนเธเธฃเธเธเธฒเธฃ 100 เนเธฃเธเน€เธฃเธตเธขเธ

      at sendDraftSaveEmail (app/api/draft/save/route.ts:89:13)

    console.log
      Draft token: 9ed1f64f-2a3a-44c4-84da-1c00d5675b6b

      at sendDraftSaveEmail (app/api/draft/save/route.ts:90:13)

    console.log
      Draft save email would be sent to: test.?`9c@7r3a.rk.jyt

      at sendDraftSaveEmail (app/api/draft/save/route.ts:88:13)

    console.log
      Subject: เธเธฑเธเธ—เธถเธเนเธเธเธเธญเธฃเนเธกเธชเธกเธฑเธเธฃเธเธญเธเธเธธเธ“ - 
เธชเธกเธฑเธเธฃเธเธญเธฃเธฑเธเธเธฒเธฃเธชเธเธฑเธเธชเธเธธเธ

      at sendDraftSaveEmail (app/api/draft/save/route.ts:89:13)

    console.log
      Draft token: ace6d0c1-d926-4e87-8cc8-8ab68950311d

      at sendDraftSaveEmail (app/api/draft/save/route.ts:90:13)

    console.log
      Draft save email would be sent to: 
test.tob3j*.rm6a^s+j.$55w^bz6ti.z.^aze-#r=.b${3a5}.'#%.x?4_'?|pf@wzx-8tri-60.rfymne.yb

      at sendDraftSaveEmail (app/api/draft/save/route.ts:88:13)

    console.log
      Subject: เธเธฑเธเธ—เธถเธเนเธเธเธเธญเธฃเนเธกเธชเธกเธฑเธเธฃเธเธญเธเธเธธเธ“ - 
เธชเธกเธฑเธเธฃเธเธญเธฃเธฑเธเธเธฒเธฃเธชเธเธฑเธเธชเธเธธเธ

      at sendDraftSaveEmail (app/api/draft/save/route.ts:89:13)

    console.log
      Draft token: be0811b4-fef8-4c3a-b2b5-830f30162ede

      at sendDraftSaveEmail (app/api/draft/save/route.ts:90:13)

    console.log
      Draft save email would be sent to: test.6{.p3.%@el94d1br.ahy

      at sendDraftSaveEmail (app/api/draft/save/route.ts:88:13)

    console.log
      Subject: เธเธฑเธเธ—เธถเธเนเธเธเธเธญเธฃเนเธกเธชเธกเธฑเธเธฃเธเธญเธเธเธธเธ“ - 
เธชเธกเธฑเธเธฃเธเธญเธฃเธฑเธเธเธฒเธฃเธชเธเธฑเธเธชเธเธธเธ

      at sendDraftSaveEmail (app/api/draft/save/route.ts:89:13)

    console.log
      Draft token: 569654ea-1f8f-4d7e-94c0-9602c54f4bf6

      at sendDraftSaveEmail (app/api/draft/save/route.ts:90:13)

    console.log
      Draft save email would be sent to: test.$fa$la47?`.=^sxr.o.-hbr0%/@fgdfwi3.ua

      at sendDraftSaveEmail (app/api/draft/save/route.ts:88:13)

    console.log
      Subject: เธเธฑเธเธ—เธถเธเนเธเธเธเธญเธฃเนเธกเธชเธกเธฑเธเธฃเธเธญเธเธเธธเธ“ - 
เธชเธกเธฑเธเธฃเธเธญเธฃเธฑเธเธเธฒเธฃเธชเธเธฑเธเธชเธเธธเธ

      at sendDraftSaveEmail (app/api/draft/save/route.ts:89:13)

    console.log
      Draft token: 4d804e4a-4102-45bd-89f2-3e6264139dd1

      at sendDraftSaveEmail (app/api/draft/save/route.ts:90:13)

    console.log
      Draft save email would be sent to: test.|ys#+gfn!h%j.$50|2bs.d*dk4.`+w/jz.0z3gh.mo4_-1jo&.t.pyg.0@bjj4.fh

      at sendDraftSaveEmail (app/api/draft/save/route.ts:88:13)

    console.log
      Subject: เธเธฑเธเธ—เธถเธเนเธเธเธเธญเธฃเนเธกเธชเธกเธฑเธเธฃเธเธญเธเธเธธเธ“ - 
เธชเธกเธฑเธเธฃเธเธญเธฃเธฑเธเธเธฒเธฃเธชเธเธฑเธเธชเธเธธเธ

      at sendDraftSaveEmail (app/api/draft/save/route.ts:89:13)

    console.log
      Draft token: 1914a5a0-b06c-4aa5-894f-cb783f249588

      at sendDraftSaveEmail (app/api/draft/save/route.ts:90:13)

    console.log
      Draft save email would be sent to: test._oimyync1no.}a7xjrf=_$bx.$.!k0c@azcrxk9c.ry

      at sendDraftSaveEmail (app/api/draft/save/route.ts:88:13)

    console.log
      Subject: เธเธฑเธเธ—เธถเธเนเธเธเธเธญเธฃเนเธกเธชเธกเธฑเธเธฃเธเธญเธเธเธธเธ“ - 
เธชเธกเธฑเธเธฃเธเธญเธฃเธฑเธเธเธฒเธฃเธชเธเธฑเธเธชเธเธธเธ

      at sendDraftSaveEmail (app/api/draft/save/route.ts:89:13)

    console.log
      Draft token: 5d290e7f-c47f-4ee0-a960-750433c6b5d7

      at sendDraftSaveEmail (app/api/draft/save/route.ts:90:13)

    console.log
      Draft save email would be sent to: test.fq{6^./7a}epgee@9-cxhmhmhao7.bn65.jc

      at sendDraftSaveEmail (app/api/draft/save/route.ts:88:13)

    console.log
      Subject: เธเธฑเธเธ—เธถเธเนเธเธเธเธญเธฃเนเธกเธชเธกเธฑเธเธฃเธเธญเธเธเธธเธ“ - 
เธชเธกเธฑเธเธฃเธเธญเธฃเธฑเธเธเธฒเธฃเธชเธเธฑเธเธชเธเธธเธ

      at sendDraftSaveEmail (app/api/draft/save/route.ts:89:13)

    console.log
      Draft token: 8f4f44a4-8c6a-413f-a954-4906d97c5585

      at sendDraftSaveEmail (app/api/draft/save/route.ts:90:13)

    console.log
      Draft save email would be sent to: test.sd9?.&ppa.ey#}wapplyfa@4611liz3rf9.u.mxn

      at sendDraftSaveEmail (app/api/draft/save/route.ts:88:13)

    console.log
      Subject: เธเธฑเธเธ—เธถเธเนเธเธเธเธญเธฃเนเธกเธชเธกเธฑเธเธฃเธเธญเธเธเธธเธ“ - 
เธชเธกเธฑเธเธฃเนเธเธฃเธเธเธฒเธฃ 100 เนเธฃเธเน€เธฃเธตเธขเธ

      at sendDraftSaveEmail (app/api/draft/save/route.ts:89:13)

    console.log
      Draft token: 04d8b2dd-2347-4a4b-af7a-49c0f68f613e

      at sendDraftSaveEmail (app/api/draft/save/route.ts:90:13)

    console.log
      Draft save email would be sent to: test.{|'.ecj^fl@sp44.uy

      at sendDraftSaveEmail (app/api/draft/save/route.ts:88:13)

    console.log
      Subject: เธเธฑเธเธ—เธถเธเนเธเธเธเธญเธฃเนเธกเธชเธกเธฑเธเธฃเธเธญเธเธเธธเธ“ - 
เธชเธกเธฑเธเธฃเนเธเธฃเธเธเธฒเธฃ 100 เนเธฃเธเน€เธฃเธตเธขเธ

      at sendDraftSaveEmail (app/api/draft/save/route.ts:89:13)

    console.log
      Draft token: 238e5abd-05bb-4318-b364-619d0b56ed51

      at sendDraftSaveEmail (app/api/draft/save/route.ts:90:13)

    console.log
      Draft save email would be sent to: 
test.o.o|-&8%!|?{.j^hl9.n`ad%=#x.{i&k&.o7.^dnq=gfb205+.686r.#q^'31drh@80s2raxzr.e.ycx

      at sendDraftSaveEmail (app/api/draft/save/route.ts:88:13)

    console.log
      Subject: เธเธฑเธเธ—เธถเธเนเธเธเธเธญเธฃเนเธกเธชเธกเธฑเธเธฃเธเธญเธเธเธธเธ“ - 
เธชเธกเธฑเธเธฃเนเธเธฃเธเธเธฒเธฃ 100 เนเธฃเธเน€เธฃเธตเธขเธ

      at sendDraftSaveEmail (app/api/draft/save/route.ts:89:13)

    console.log
      Draft token: 5c4f18e3-7e33-4e27-86b9-668bf7289312

      at sendDraftSaveEmail (app/api/draft/save/route.ts:90:13)

    console.log
      Draft save email would be sent to: 
test.7-y-/.%*kn*ipgsu.29nsv8hnpc_9.3j=98v?'.%&||^.^dxh}4s9obk}.p%qk8j@o.mkkm.rt

      at sendDraftSaveEmail (app/api/draft/save/route.ts:88:13)

    console.log
      Subject: เธเธฑเธเธ—เธถเธเนเธเธเธเธญเธฃเนเธกเธชเธกเธฑเธเธฃเธเธญเธเธเธธเธ“ - 
เธชเธกเธฑเธเธฃเธเธญเธฃเธฑเธเธเธฒเธฃเธชเธเธฑเธเธชเธเธธเธ

      at sendDraftSaveEmail (app/api/draft/save/route.ts:89:13)

    console.log
      Draft token: 502279af-3d1e-4877-8fb3-2c9777178533

      at sendDraftSaveEmail (app/api/draft/save/route.ts:90:13)

    console.log
      Draft save email would be sent to: test.?+9bta'g*o}`.a4-_$g6*.t$d|{z#z='./4#n&0if1.$+d95.kb?8h.&@s2.tn

      at sendDraftSaveEmail (app/api/draft/save/route.ts:88:13)

    console.log
      Subject: เธเธฑเธเธ—เธถเธเนเธเธเธเธญเธฃเนเธกเธชเธกเธฑเธเธฃเธเธญเธเธเธธเธ“ - 
เธชเธกเธฑเธเธฃเนเธเธฃเธเธเธฒเธฃ 100 เนเธฃเธเน€เธฃเธตเธขเธ

      at sendDraftSaveEmail (app/api/draft/save/route.ts:89:13)

    console.log
      Draft token: 9c93128e-cae0-4c3c-a70a-74f187e64d2e

      at sendDraftSaveEmail (app/api/draft/save/route.ts:90:13)

    console.log
      Draft save email would be sent to: 
test.#l!{bj.6{9ax=mw//}{.py3}16n?5e.=2yye?.6.?m5v&34//o.ri.t10.?p@4u26.oso

      at sendDraftSaveEmail (app/api/draft/save/route.ts:88:13)

    console.log
      Subject: เธเธฑเธเธ—เธถเธเนเธเธเธเธญเธฃเนเธกเธชเธกเธฑเธเธฃเธเธญเธเธเธธเธ“ - 
เธชเธกเธฑเธเธฃเนเธเธฃเธเธเธฒเธฃ 100 เนเธฃเธเน€เธฃเธตเธขเธ

      at sendDraftSaveEmail (app/api/draft/save/route.ts:89:13)

    console.log
      Draft token: 5ad43459-1ae6-4802-ae20-a6ac554b88f6

      at sendDraftSaveEmail (app/api/draft/save/route.ts:90:13)

    console.log
      Draft save email would be sent to: 
test.`&q8sxt.'t=&bys.ogxr.p.!.+$l#8cmg4opk.#_bc7lk$n236.^=w-{%w*@einx5y-tw3h.co

      at sendDraftSaveEmail (app/api/draft/save/route.ts:88:13)

    console.log
      Subject: เธเธฑเธเธ—เธถเธเนเธเธเธเธญเธฃเนเธกเธชเธกเธฑเธเธฃเธเธญเธเธเธธเธ“ - 
เธชเธกเธฑเธเธฃเธเธญเธฃเธฑเธเธเธฒเธฃเธชเธเธฑเธเธชเธเธธเธ

      at sendDraftSaveEmail (app/api/draft/save/route.ts:89:13)

    console.log
      Draft token: 0e7afa8e-a80b-46f5-9495-ea64160f8f4d

      at sendDraftSaveEmail (app/api/draft/save/route.ts:90:13)

    console.log
      Draft save email would be sent to: 
test.t5!^`56kr.8i`%k~k.3`9}l41oj`5}.`7.dcux`a%b}$./qlf`1az.~x}|g.l#|@xd1y6erziv.dtl

      at sendDraftSaveEmail (app/api/draft/save/route.ts:88:13)

    console.log
      Subject: เธเธฑเธเธ—เธถเธเนเธเธเธเธญเธฃเนเธกเธชเธกเธฑเธเธฃเธเธญเธเธเธธเธ“ - 
เธชเธกเธฑเธเธฃเธเธญเธฃเธฑเธเธเธฒเธฃเธชเธเธฑเธเธชเธเธธเธ

      at sendDraftSaveEmail (app/api/draft/save/route.ts:89:13)

    console.log
      Draft token: be53ca9c-4f2d-4396-bd0f-3b5eafb3ae50

      at sendDraftSaveEmail (app/api/draft/save/route.ts:90:13)

    console.log
      Draft save email would be sent to: test.=a^o.'50#m.albebka^|^c.eug.^`@ozze6704fks.q6bi9vxeqz4r.tyt

      at sendDraftSaveEmail (app/api/draft/save/route.ts:88:13)

    console.log
      Subject: เธเธฑเธเธ—เธถเธเนเธเธเธเธญเธฃเนเธกเธชเธกเธฑเธเธฃเธเธญเธเธเธธเธ“ - 
เธชเธกเธฑเธเธฃเนเธเธฃเธเธเธฒเธฃ 100 เนเธฃเธเน€เธฃเธตเธขเธ

      at sendDraftSaveEmail (app/api/draft/save/route.ts:89:13)

    console.log
      Draft token: 83b4d4f5-f179-4f29-9648-b389070bca0b

      at sendDraftSaveEmail (app/api/draft/save/route.ts:90:13)

    console.log
      Draft save email would be sent to: test.3mfp@jynqdxwsn.4iyv0y.ik

      at sendDraftSaveEmail (app/api/draft/save/route.ts:88:13)

    console.log
      Subject: เธเธฑเธเธ—เธถเธเนเธเธเธเธญเธฃเนเธกเธชเธกเธฑเธเธฃเธเธญเธเธเธธเธ“ - 
เธชเธกเธฑเธเธฃเนเธเธฃเธเธเธฒเธฃ 100 เนเธฃเธเน€เธฃเธตเธขเธ

      at sendDraftSaveEmail (app/api/draft/save/route.ts:89:13)

    console.log
      Draft token: a35249c1-8bc4-4418-8748-99bfb6203d6e

      at sendDraftSaveEmail (app/api/draft/save/route.ts:90:13)

    console.log
      Draft save email would be sent to: test.2v@0d7qpj.7sjbsx-8d.tbe

      at sendDraftSaveEmail (app/api/draft/save/route.ts:88:13)

    console.log
      Subject: เธเธฑเธเธ—เธถเธเนเธเธเธเธญเธฃเนเธกเธชเธกเธฑเธเธฃเธเธญเธเธเธธเธ“ - 
เธชเธกเธฑเธเธฃเนเธเธฃเธเธเธฒเธฃ 100 เนเธฃเธเน€เธฃเธตเธขเธ

      at sendDraftSaveEmail (app/api/draft/save/route.ts:89:13)

    console.log
      Draft token: e506572f-8f23-4504-a9db-39be830ddaa5

      at sendDraftSaveEmail (app/api/draft/save/route.ts:90:13)

    console.log
      Draft save email would be sent to: test.4'x}ii&vdp.&_q'ux#a.a#*+=.x}u=&0w/$u/6.*ts9#q8-{m&.x.o#.9cy@i.ya

      at sendDraftSaveEmail (app/api/draft/save/route.ts:88:13)

    console.log
      Subject: เธเธฑเธเธ—เธถเธเนเธเธเธเธญเธฃเนเธกเธชเธกเธฑเธเธฃเธเธญเธเธเธธเธ“ - 
เธชเธกเธฑเธเธฃเธเธญเธฃเธฑเธเธเธฒเธฃเธชเธเธฑเธเธชเธเธธเธ

      at sendDraftSaveEmail (app/api/draft/save/route.ts:89:13)

    console.log
      Draft token: f35f86cf-48b5-4e37-a42d-89f5926eb3f9

      at sendDraftSaveEmail (app/api/draft/save/route.ts:90:13)

    console.log
      Draft save email would be sent to: 
test.=.5*d.!h=0=c$a8y8g.b~y73*5`.j$}_h|7&~#.7?`g.apw`?9!.ho&4v&pk9oh@m.d2zhz9p9ry.uon

      at sendDraftSaveEmail (app/api/draft/save/route.ts:88:13)

    console.log
      Subject: เธเธฑเธเธ—เธถเธเนเธเธเธเธญเธฃเนเธกเธชเธกเธฑเธเธฃเธเธญเธเธเธธเธ“ - 
เธชเธกเธฑเธเธฃเนเธเธฃเธเธเธฒเธฃ 100 เนเธฃเธเน€เธฃเธตเธขเธ

      at sendDraftSaveEmail (app/api/draft/save/route.ts:89:13)

    console.log
      Draft token: 750c2998-4534-434f-84fb-025390d19aa5

      at sendDraftSaveEmail (app/api/draft/save/route.ts:90:13)

    console.log
      Draft save email would be sent to: test.=.^{cndi5_w^.+3.#.m/r58.|v+|u_'+p.=&zh|@a.va

      at sendDraftSaveEmail (app/api/draft/save/route.ts:88:13)

    console.log
      Subject: เธเธฑเธเธ—เธถเธเนเธเธเธเธญเธฃเนเธกเธชเธกเธฑเธเธฃเธเธญเธเธเธธเธ“ - 
เธชเธกเธฑเธเธฃเนเธเธฃเธเธเธฒเธฃ 100 เนเธฃเธเน€เธฃเธตเธขเธ

      at sendDraftSaveEmail (app/api/draft/save/route.ts:89:13)

    console.log
      Draft token: 265f5058-4323-4bb1-96d1-776ae774d670

      at sendDraftSaveEmail (app/api/draft/save/route.ts:90:13)

    console.log
      Draft save email would be sent to: test.by.m^s0.ex.ct~~x|_kd#e_.'9.e6zl.ez}am@jgtb3udu2x9.kiw79.ef

      at sendDraftSaveEmail (app/api/draft/save/route.ts:88:13)

    console.log
      Subject: เธเธฑเธเธ—เธถเธเนเธเธเธเธญเธฃเนเธกเธชเธกเธฑเธเธฃเธเธญเธเธเธธเธ“ - 
เธชเธกเธฑเธเธฃเนเธเธฃเธเธเธฒเธฃ 100 เนเธฃเธเน€เธฃเธตเธขเธ

      at sendDraftSaveEmail (app/api/draft/save/route.ts:89:13)

    console.log
      Draft token: bef744a9-0fb6-4aba-9668-84ad28bc2896

      at sendDraftSaveEmail (app/api/draft/save/route.ts:90:13)

    console.log
      Draft save email would be sent to: test.pak.'`hyi/!._|j{`|@h7wjoxmti.haqevhxjkfi.en

      at sendDraftSaveEmail (app/api/draft/save/route.ts:88:13)

    console.log
      Subject: เธเธฑเธเธ—เธถเธเนเธเธเธเธญเธฃเนเธกเธชเธกเธฑเธเธฃเธเธญเธเธเธธเธ“ - 
เธชเธกเธฑเธเธฃเธเธญเธฃเธฑเธเธเธฒเธฃเธชเธเธฑเธเธชเธเธธเธ

      at sendDraftSaveEmail (app/api/draft/save/route.ts:89:13)

    console.log
      Draft token: 7c76fa0e-bbbb-43ea-8d84-e3410c51e12e

      at sendDraftSaveEmail (app/api/draft/save/route.ts:90:13)

    console.log
      Draft save email would be sent to: test.4yqwc/.qpzp#3v``.t9'y2d0!&.mt-4=aku@8w.key

      at sendDraftSaveEmail (app/api/draft/save/route.ts:88:13)

    console.log
      Subject: เธเธฑเธเธ—เธถเธเนเธเธเธเธญเธฃเนเธกเธชเธกเธฑเธเธฃเธเธญเธเธเธธเธ“ - 
เธชเธกเธฑเธเธฃเธเธญเธฃเธฑเธเธเธฒเธฃเธชเธเธฑเธเธชเธเธธเธ

      at sendDraftSaveEmail (app/api/draft/save/route.ts:89:13)

    console.log
      Draft token: 943dae73-7960-4248-9780-a7cbe324f6f9

      at sendDraftSaveEmail (app/api/draft/save/route.ts:90:13)

    console.log
      Draft save email would be sent to: test.~xi.y^`e/0r|`@4x6pvs.k5o.vw

      at sendDraftSaveEmail (app/api/draft/save/route.ts:88:13)

    console.log
      Subject: เธเธฑเธเธ—เธถเธเนเธเธเธเธญเธฃเนเธกเธชเธกเธฑเธเธฃเธเธญเธเธเธธเธ“ - 
เธชเธกเธฑเธเธฃเนเธเธฃเธเธเธฒเธฃ 100 เนเธฃเธเน€เธฃเธตเธขเธ

      at sendDraftSaveEmail (app/api/draft/save/route.ts:89:13)

    console.log
      Draft token: 151e52b2-c223-43a4-9176-1216a4107316

      at sendDraftSaveEmail (app/api/draft/save/route.ts:90:13)

    console.log
      Draft save email would be sent to: test.^gvt1a6r.yt?.$l^.#a@xquebk-5v9u2.7.bu

      at sendDraftSaveEmail (app/api/draft/save/route.ts:88:13)

    console.log
      Subject: เธเธฑเธเธ—เธถเธเนเธเธเธเธญเธฃเนเธกเธชเธกเธฑเธเธฃเธเธญเธเธเธธเธ“ - 
เธชเธกเธฑเธเธฃเนเธเธฃเธเธเธฒเธฃ 100 เนเธฃเธเน€เธฃเธตเธขเธ

      at sendDraftSaveEmail (app/api/draft/save/route.ts:89:13)

    console.log
      Draft token: b8bd120b-525b-426e-8301-0324b4293bab

      at sendDraftSaveEmail (app/api/draft/save/route.ts:90:13)

    console.log
      Draft save email would be sent to: test.-h|d=1+@2l4nqrdiv.ffzcpc3ux.nsu

      at sendDraftSaveEmail (app/api/draft/save/route.ts:88:13)

    console.log
      Subject: เธเธฑเธเธ—เธถเธเนเธเธเธเธญเธฃเนเธกเธชเธกเธฑเธเธฃเธเธญเธเธเธธเธ“ - 
เธชเธกเธฑเธเธฃเนเธเธฃเธเธเธฒเธฃ 100 เนเธฃเธเน€เธฃเธตเธขเธ

      at sendDraftSaveEmail (app/api/draft/save/route.ts:89:13)

    console.log
      Draft token: 69e85143-67d9-4fd8-b3aa-721ee6dc24b1

      at sendDraftSaveEmail (app/api/draft/save/route.ts:90:13)

  โ— Draft Save API Properties โ€บ Property 2: Manual Save Creates Database Record โ€บ should store all form 
data fields correctly

    Property failed after 10 tests
    { seed: 1056889237, path: 
"9:0:0:0:0:0:0:0:0:0:0:0:0:0:0:0:0:0:0:0:0:0:0:0:0:0:0:0:0:0:0:0:0:0:0:0:0:0:0:0:0:0", endOnFailure: true }
    Counterexample: [{"email":"test.a@a.aa","phone":"0000000000","submissionType":"register100","formData":{"st
ep1":{"schoolName":" ","province":" ","district":" 
","email":"test.a@a.aa","phone":"0000000000"},"step2":undefined},"currentStep":1}]
    Shrunk 41 time(s)

    Hint: Enable verbose mode in order to have the list of all failing values encountered during the run

      at buildError (node_modules/fast-check/lib/cjs/check/runner/utils/RunDetailsFormatter.js:162:19)
      at asyncThrowIfFailed (node_modules/fast-check/lib/cjs/check/runner/utils/RunDetailsFormatter.js:176:11)

    Cause:
    expect(received).toEqual(expected) // deep equality

    - Expected  - 1
    + Received  + 1

    @@ -4,7 +4,7 @@
          "email": "test.a@a.aa",
          "phone": "0000000000",
          "province": " ",
          "schoolName": " ",
        },
    -   "step2": undefined,
    +   "step2": null,
      }

    [0m [90m 224 |[39m               
     [90m 225 |[39m               [90m// Assert: Form data should be preserved exactly[39m
    [31m[1m>[22m[39m[90m 226 |[39m               
expect(savedDraft[33m?[39m[33m.[39mformData)[33m.[39mtoEqual(draftData[33m.[39mformData)[33m;[39m
     [90m     |[39m                                            [31m[1m^[22m[39m
     [90m 227 |[39m               
     [90m 228 |[39m               [90m// Clean up[39m
     [90m 229 |[39m               [36mawait[39m 
db[33m.[39mcollection([32m'draft_submissions'[39m)[33m.[39mdeleteOne({[0m

      at app/api/draft/save/__tests__/save.property.test.ts:226:44
      at AsyncProperty.run (node_modules/fast-check/lib/cjs/check/property/AsyncProperty.generic.js:46:28)
      at asyncRunIt (node_modules/fast-check/lib/cjs/check/runner/Runner.js:28:21)
      at Object.<anonymous> (app/api/draft/save/__tests__/save.property.test.ts:210:7)

  โ— Draft Save API Properties โ€บ Property 23: Email Validation Enforcement โ€บ should reject invalid email 
formats before database insertion

    Property failed after 3 tests
    { seed: -1189347262, path: "2:0:0:0:0:0:0:0:0:0:0:0:0:0:0", endOnFailure: true }
    Counterexample: [{"email":"trailing-dot@domain.com.","phone":"0000000000","submissionType":"register100","f
ormData":{"step1":{"schoolName":" "}},"currentStep":1}]
    Shrunk 14 time(s)

    Hint: Enable verbose mode in order to have the list of all failing values encountered during the run

      at buildError (node_modules/fast-check/lib/cjs/check/runner/utils/RunDetailsFormatter.js:162:19)
      at asyncThrowIfFailed (node_modules/fast-check/lib/cjs/check/runner/utils/RunDetailsFormatter.js:176:11)

    Cause:
    expect(received).toBe(expected) // Object.is equality

    Expected: false
    Received: true

    [0m [90m 396 |[39m             
     [90m 397 |[39m             [90m// Assert: Request should fail[39m
    [31m[1m>[22m[39m[90m 398 |[39m             
expect(result[33m.[39msuccess)[33m.[39mtoBe([36mfalse[39m)[33m;[39m
     [90m     |[39m                                    [31m[1m^[22m[39m
     [90m 399 |[39m             
     [90m 400 |[39m             [90m// Assert: Error message should indicate email validation failure[39m
     [90m 401 |[39m             expect(result[33m.[39mmessage)[33m.[39mtoBeDefined()[33m;[39m[0m

      at app/api/draft/save/__tests__/save.property.test.ts:398:36
      at AsyncProperty.run (node_modules/fast-check/lib/cjs/check/property/AsyncProperty.generic.js:46:28)
      at asyncRunIt (node_modules/fast-check/lib/cjs/check/runner/Runner.js:28:21)
      at Object.<anonymous> (app/api/draft/save/__tests__/save.property.test.ts:388:7)

  โ— Draft Save API Properties โ€บ Property 23: Email Validation Enforcement โ€บ should validate email before 
any database operations

    Property failed after 3 tests
    { seed: -273653073, path: "2:33:27:5", endOnFailure: true }
    Counterexample: [{"email":"invalid","phone":"8106820794","submissionType":"register100","formData":{"step1"
:{"schoolName":"'"}},"currentStep":5}]
    Shrunk 3 time(s)

    Hint: Enable verbose mode in order to have the list of all failing values encountered during the run

      at buildError (node_modules/fast-check/lib/cjs/check/runner/utils/RunDetailsFormatter.js:162:19)
      at asyncThrowIfFailed (node_modules/fast-check/lib/cjs/check/runner/utils/RunDetailsFormatter.js:176:11)

    Cause:
    expect(received).toBe(expected) // Object.is equality

    Expected: 73
    Received: 74

    [0m [90m 501 |[39m             
     [90m 502 |[39m             [90m// Assert: No new records should be created[39m
    [31m[1m>[22m[39m[90m 503 |[39m             expect(countAfter)[33m.[39mtoBe(countBefore)[33m;[39m
     [90m     |[39m                                [31m[1m^[22m[39m
     [90m 504 |[39m             
     [90m 505 |[39m             [90m// Assert: Request should fail[39m
     [90m 506 |[39m             
expect(result[33m.[39msuccess)[33m.[39mtoBe([36mfalse[39m)[33m;[39m[0m

      at app/api/draft/save/__tests__/save.property.test.ts:503:32
      at AsyncProperty.run (node_modules/fast-check/lib/cjs/check/property/AsyncProperty.generic.js:46:28)
      at asyncRunIt (node_modules/fast-check/lib/cjs/check/runner/Runner.js:28:21)
      at Object.<anonymous> (app/api/draft/save/__tests__/save.property.test.ts:487:7)

  โ— Draft Save API Properties โ€บ Integration: Combined Properties โ€บ should reject invalid emails without 
creating records or sending emails

    Property failed after 3 tests
    { seed: 1565653246, path: "2:39:31:0", endOnFailure: true }
    Counterexample: [{__proto__:null,"email":"@missing-local.com","phone":"0396208371","submissionType":"regist
er-support","formData":{"step1":{"schoolName":"!.{"}},"currentStep":7}]
    Shrunk 3 time(s)

    Hint: Enable verbose mode in order to have the list of all failing values encountered during the run

      at buildError (node_modules/fast-check/lib/cjs/check/runner/utils/RunDetailsFormatter.js:162:19)
      at asyncThrowIfFailed (node_modules/fast-check/lib/cjs/check/runner/utils/RunDetailsFormatter.js:176:11)

    Cause:
    expect(received).toBe(expected) // Object.is equality

    Expected: 75
    Received: 74

    [0m [90m 675 |[39m             
     [90m 676 |[39m             [90m// Property 2: No database record created[39m
    [31m[1m>[22m[39m[90m 677 |[39m             expect(countAfter)[33m.[39mtoBe(countBefore)[33m;[39m
     [90m     |[39m                                [31m[1m^[22m[39m
     [90m 678 |[39m             
     [90m 679 |[39m             [90m// Property 3: No email data in response[39m
     [90m 680 |[39m             expect(result[33m.[39mdraftToken)[33m.[39mtoBeUndefined()[33m;[39m[0m

      at app/api/draft/save/__tests__/save.property.test.ts:677:32
      at AsyncProperty.run (node_modules/fast-check/lib/cjs/check/property/AsyncProperty.generic.js:46:28)
      at asyncRunIt (node_modules/fast-check/lib/cjs/check/runner/Runner.js:28:21)
      at Object.<anonymous> (app/api/draft/save/__tests__/save.property.test.ts:660:7)

PASS lib/utils/__tests__/otp.test.ts (9.39 s)
  โ— Console

    console.log
      [dotenv@17.3.1] injecting env (5) from .env.local -- tip: โ๏ธ  enable debug logging with { debug: 
true }

      at _log (node_modules/dotenv/lib/main.js:139:11)

FAIL app/api/draft/[token]/request-otp/__tests__/request-otp.property.test.ts (25.731 s)
  โ— Console

    console.log
      [dotenv@17.3.1] injecting env (5) from .env.local -- tip: โก๏ธ secrets for agents: 
https://dotenvx.com/as2

      at _log (node_modules/dotenv/lib/main.js:139:11)

    console.log
      ๐” Connecting to MongoDB...

      at connectToDatabase (lib/mongodb.ts:19:13)

    console.log
      ๐“ URI: mongodb://<credentials>@localhost:27017/thai_music_school?authSource=admin

      at connectToDatabase (lib/mongodb.ts:20:13)

    console.log
      โ… MongoDB connected successfully to database: thai_music_school

      at connectToDatabase (lib/mongodb.ts:27:13)

    console.log
      OTP email would be sent to: prop-test-1772510279150-bpmse@example.com

      at sendOTPEmail (app/api/draft/[token]/request-otp/route.ts:37:13)

    console.log
      OTP: 038981

      at sendOTPEmail (app/api/draft/[token]/request-otp/route.ts:38:13)

    console.log
      Expires at: 2026-03-03T04:07:59.326Z

      at sendOTPEmail (app/api/draft/[token]/request-otp/route.ts:39:13)

    console.log
      OTP email would be sent to: prop-test-1772510279348-g1bwhm@example.com

      at sendOTPEmail (app/api/draft/[token]/request-otp/route.ts:37:13)

    console.log
      OTP: 200113

      at sendOTPEmail (app/api/draft/[token]/request-otp/route.ts:38:13)

    console.log
      Expires at: 2026-03-03T04:07:59.447Z

      at sendOTPEmail (app/api/draft/[token]/request-otp/route.ts:39:13)

    console.log
      OTP email would be sent to: prop-test-1772510279456-spvbn7@example.com

      at sendOTPEmail (app/api/draft/[token]/request-otp/route.ts:37:13)

    console.log
      OTP: 980207

      at sendOTPEmail (app/api/draft/[token]/request-otp/route.ts:38:13)

    console.log
      Expires at: 2026-03-03T04:07:59.539Z

      at sendOTPEmail (app/api/draft/[token]/request-otp/route.ts:39:13)

    console.log
      OTP email would be sent to: prop-test-1772510279547-oldcne@example.com

      at sendOTPEmail (app/api/draft/[token]/request-otp/route.ts:37:13)

    console.log
      OTP: 973243

      at sendOTPEmail (app/api/draft/[token]/request-otp/route.ts:38:13)

    console.log
      Expires at: 2026-03-03T04:07:59.641Z

      at sendOTPEmail (app/api/draft/[token]/request-otp/route.ts:39:13)

    console.log
      OTP email would be sent to: prop-test-1772510279649-qkm00r@example.com

      at sendOTPEmail (app/api/draft/[token]/request-otp/route.ts:37:13)

    console.log
      OTP: 993677

      at sendOTPEmail (app/api/draft/[token]/request-otp/route.ts:38:13)

    console.log
      Expires at: 2026-03-03T04:07:59.734Z

      at sendOTPEmail (app/api/draft/[token]/request-otp/route.ts:39:13)

    console.log
      OTP email would be sent to: prop-test-1772510279743-tgbn2b@example.com

      at sendOTPEmail (app/api/draft/[token]/request-otp/route.ts:37:13)

    console.log
      OTP: 377156

      at sendOTPEmail (app/api/draft/[token]/request-otp/route.ts:38:13)

    console.log
      Expires at: 2026-03-03T04:07:59.832Z

      at sendOTPEmail (app/api/draft/[token]/request-otp/route.ts:39:13)

    console.log
      OTP email would be sent to: prop-test-1772510279840-tx96ph@example.com

      at sendOTPEmail (app/api/draft/[token]/request-otp/route.ts:37:13)

    console.log
      OTP: 876728

      at sendOTPEmail (app/api/draft/[token]/request-otp/route.ts:38:13)

    console.log
      Expires at: 2026-03-03T04:07:59.931Z

      at sendOTPEmail (app/api/draft/[token]/request-otp/route.ts:39:13)

    console.log
      OTP email would be sent to: prop-test-1772510279941-dauoi4@example.com

      at sendOTPEmail (app/api/draft/[token]/request-otp/route.ts:37:13)

    console.log
      OTP: 838789

      at sendOTPEmail (app/api/draft/[token]/request-otp/route.ts:38:13)

    console.log
      Expires at: 2026-03-03T04:08:00.052Z

      at sendOTPEmail (app/api/draft/[token]/request-otp/route.ts:39:13)

    console.log
      OTP email would be sent to: prop-test-1772510280062-pz7h3@example.com

      at sendOTPEmail (app/api/draft/[token]/request-otp/route.ts:37:13)

    console.log
      OTP: 812723

      at sendOTPEmail (app/api/draft/[token]/request-otp/route.ts:38:13)

    console.log
      Expires at: 2026-03-03T04:08:00.166Z

      at sendOTPEmail (app/api/draft/[token]/request-otp/route.ts:39:13)

    console.log
      OTP email would be sent to: prop-test-1772510280175-prnlek@example.com

      at sendOTPEmail (app/api/draft/[token]/request-otp/route.ts:37:13)

    console.log
      OTP: 569668

      at sendOTPEmail (app/api/draft/[token]/request-otp/route.ts:38:13)

    console.log
      Expires at: 2026-03-03T04:08:00.261Z

      at sendOTPEmail (app/api/draft/[token]/request-otp/route.ts:39:13)

    console.log
      OTP email would be sent to: prop-test-1772510280278-fvctc6@example.com

      at sendOTPEmail (app/api/draft/[token]/request-otp/route.ts:37:13)

    console.log
      OTP: 896462

      at sendOTPEmail (app/api/draft/[token]/request-otp/route.ts:38:13)

    console.log
      Expires at: 2026-03-03T04:08:00.378Z

      at sendOTPEmail (app/api/draft/[token]/request-otp/route.ts:39:13)

    console.log
      OTP email would be sent to: prop-test-1772510280384-2oq9rc@example.com

      at sendOTPEmail (app/api/draft/[token]/request-otp/route.ts:37:13)

    console.log
      OTP: 874768

      at sendOTPEmail (app/api/draft/[token]/request-otp/route.ts:38:13)

    console.log
      Expires at: 2026-03-03T04:08:00.468Z

      at sendOTPEmail (app/api/draft/[token]/request-otp/route.ts:39:13)

    console.log
      OTP email would be sent to: prop-test-1772510280484-dtauzf@example.com

      at sendOTPEmail (app/api/draft/[token]/request-otp/route.ts:37:13)

    console.log
      OTP: 385219

      at sendOTPEmail (app/api/draft/[token]/request-otp/route.ts:38:13)

    console.log
      Expires at: 2026-03-03T04:08:00.582Z

      at sendOTPEmail (app/api/draft/[token]/request-otp/route.ts:39:13)

    console.log
      OTP email would be sent to: prop-test-1772510280591-u2slm@example.com

      at sendOTPEmail (app/api/draft/[token]/request-otp/route.ts:37:13)

    console.log
      OTP: 916786

      at sendOTPEmail (app/api/draft/[token]/request-otp/route.ts:38:13)

    console.log
      Expires at: 2026-03-03T04:08:00.675Z

      at sendOTPEmail (app/api/draft/[token]/request-otp/route.ts:39:13)

    console.log
      OTP email would be sent to: prop-test-1772510280700-bjy67@example.com

      at sendOTPEmail (app/api/draft/[token]/request-otp/route.ts:37:13)

    console.log
      OTP: 422566

      at sendOTPEmail (app/api/draft/[token]/request-otp/route.ts:38:13)

    console.log
      Expires at: 2026-03-03T04:08:00.792Z

      at sendOTPEmail (app/api/draft/[token]/request-otp/route.ts:39:13)

    console.log
      OTP email would be sent to: prop-test-1772510280798-897svr@example.com

      at sendOTPEmail (app/api/draft/[token]/request-otp/route.ts:37:13)

    console.log
      OTP: 640645

      at sendOTPEmail (app/api/draft/[token]/request-otp/route.ts:38:13)

    console.log
      Expires at: 2026-03-03T04:08:00.875Z

      at sendOTPEmail (app/api/draft/[token]/request-otp/route.ts:39:13)

    console.log
      OTP email would be sent to: prop-test-1772510280880-cyqou4@example.com

      at sendOTPEmail (app/api/draft/[token]/request-otp/route.ts:37:13)

    console.log
      OTP: 134448

      at sendOTPEmail (app/api/draft/[token]/request-otp/route.ts:38:13)

    console.log
      Expires at: 2026-03-03T04:08:00.957Z

      at sendOTPEmail (app/api/draft/[token]/request-otp/route.ts:39:13)

    console.log
      OTP email would be sent to: prop-test-1772510280962-ybuurn@example.com

      at sendOTPEmail (app/api/draft/[token]/request-otp/route.ts:37:13)

    console.log
      OTP: 388521

      at sendOTPEmail (app/api/draft/[token]/request-otp/route.ts:38:13)

    console.log
      Expires at: 2026-03-03T04:08:01.038Z

      at sendOTPEmail (app/api/draft/[token]/request-otp/route.ts:39:13)

    console.log
      OTP email would be sent to: prop-test-1772510281044-w24pa@example.com

      at sendOTPEmail (app/api/draft/[token]/request-otp/route.ts:37:13)

    console.log
      OTP: 511303

      at sendOTPEmail (app/api/draft/[token]/request-otp/route.ts:38:13)

    console.log
      Expires at: 2026-03-03T04:08:01.116Z

      at sendOTPEmail (app/api/draft/[token]/request-otp/route.ts:39:13)

    console.log
      OTP email would be sent to: prop-test-1772510281121-b9ebw@example.com

      at sendOTPEmail (app/api/draft/[token]/request-otp/route.ts:37:13)

    console.log
      OTP: 765614

      at sendOTPEmail (app/api/draft/[token]/request-otp/route.ts:38:13)

    console.log
      Expires at: 2026-03-03T04:08:01.190Z

      at sendOTPEmail (app/api/draft/[token]/request-otp/route.ts:39:13)

    console.log
      OTP email would be sent to: prop-test-1772510281195-k6si14@example.com

      at sendOTPEmail (app/api/draft/[token]/request-otp/route.ts:37:13)

    console.log
      OTP: 201653

      at sendOTPEmail (app/api/draft/[token]/request-otp/route.ts:38:13)

    console.log
      Expires at: 2026-03-03T04:08:01.262Z

      at sendOTPEmail (app/api/draft/[token]/request-otp/route.ts:39:13)

    console.log
      OTP email would be sent to: prop-test-1772510281268-4la8pd@example.com

      at sendOTPEmail (app/api/draft/[token]/request-otp/route.ts:37:13)

    console.log
      OTP: 551601

      at sendOTPEmail (app/api/draft/[token]/request-otp/route.ts:38:13)

    console.log
      Expires at: 2026-03-03T04:08:01.337Z

      at sendOTPEmail (app/api/draft/[token]/request-otp/route.ts:39:13)

    console.log
      OTP email would be sent to: prop-test-1772510281342-nqyjc@example.com

      at sendOTPEmail (app/api/draft/[token]/request-otp/route.ts:37:13)

    console.log
      OTP: 687769

      at sendOTPEmail (app/api/draft/[token]/request-otp/route.ts:38:13)

    console.log
      Expires at: 2026-03-03T04:08:01.408Z

      at sendOTPEmail (app/api/draft/[token]/request-otp/route.ts:39:13)

    console.log
      OTP email would be sent to: prop-test-1772510281413-oll01ki@example.com

      at sendOTPEmail (app/api/draft/[token]/request-otp/route.ts:37:13)

    console.log
      OTP: 365413

      at sendOTPEmail (app/api/draft/[token]/request-otp/route.ts:38:13)

    console.log
      Expires at: 2026-03-03T04:08:01.481Z

      at sendOTPEmail (app/api/draft/[token]/request-otp/route.ts:39:13)

    console.log
      OTP email would be sent to: prop-test-1772510281486-un1lyh@example.com

      at sendOTPEmail (app/api/draft/[token]/request-otp/route.ts:37:13)

    console.log
      OTP: 027208

      at sendOTPEmail (app/api/draft/[token]/request-otp/route.ts:38:13)

    console.log
      Expires at: 2026-03-03T04:08:01.553Z

      at sendOTPEmail (app/api/draft/[token]/request-otp/route.ts:39:13)

    console.log
      OTP email would be sent to: prop-test-1772510281559-othkbr@example.com

      at sendOTPEmail (app/api/draft/[token]/request-otp/route.ts:37:13)

    console.log
      OTP: 604399

      at sendOTPEmail (app/api/draft/[token]/request-otp/route.ts:38:13)

    console.log
      Expires at: 2026-03-03T04:08:01.625Z

      at sendOTPEmail (app/api/draft/[token]/request-otp/route.ts:39:13)

    console.log
      OTP email would be sent to: prop-test-1772510281633-uibsef@example.com

      at sendOTPEmail (app/api/draft/[token]/request-otp/route.ts:37:13)

    console.log
      OTP: 700422

      at sendOTPEmail (app/api/draft/[token]/request-otp/route.ts:38:13)

    console.log
      Expires at: 2026-03-03T04:08:01.700Z

      at sendOTPEmail (app/api/draft/[token]/request-otp/route.ts:39:13)

    console.log
      OTP email would be sent to: prop-test-1772510281707-79a8l@example.com

      at sendOTPEmail (app/api/draft/[token]/request-otp/route.ts:37:13)

    console.log
      OTP: 575689

      at sendOTPEmail (app/api/draft/[token]/request-otp/route.ts:38:13)

    console.log
      Expires at: 2026-03-03T04:08:01.765Z

      at sendOTPEmail (app/api/draft/[token]/request-otp/route.ts:39:13)

    console.log
      OTP email would be sent to: prop-test-1772510281768-55hjna@example.com

      at sendOTPEmail (app/api/draft/[token]/request-otp/route.ts:37:13)

    console.log
      OTP: 053216

      at sendOTPEmail (app/api/draft/[token]/request-otp/route.ts:38:13)

    console.log
      Expires at: 2026-03-03T04:08:01.831Z

      at sendOTPEmail (app/api/draft/[token]/request-otp/route.ts:39:13)

    console.log
      OTP email would be sent to: prop-test-1772510281836-r0lkj5s@example.com

      at sendOTPEmail (app/api/draft/[token]/request-otp/route.ts:37:13)

    console.log
      OTP: 455871

      at sendOTPEmail (app/api/draft/[token]/request-otp/route.ts:38:13)

    console.log
      Expires at: 2026-03-03T04:08:01.901Z

      at sendOTPEmail (app/api/draft/[token]/request-otp/route.ts:39:13)

    console.log
      OTP email would be sent to: prop-test-1772510281907-falq4@example.com

      at sendOTPEmail (app/api/draft/[token]/request-otp/route.ts:37:13)

    console.log
      OTP: 921138

      at sendOTPEmail (app/api/draft/[token]/request-otp/route.ts:38:13)

    console.log
      Expires at: 2026-03-03T04:08:01.971Z

      at sendOTPEmail (app/api/draft/[token]/request-otp/route.ts:39:13)

    console.log
      OTP email would be sent to: prop-test-1772510281976-5isf5u@example.com

      at sendOTPEmail (app/api/draft/[token]/request-otp/route.ts:37:13)

    console.log
      OTP: 623478

      at sendOTPEmail (app/api/draft/[token]/request-otp/route.ts:38:13)

    console.log
      Expires at: 2026-03-03T04:08:02.036Z

      at sendOTPEmail (app/api/draft/[token]/request-otp/route.ts:39:13)

    console.log
      OTP email would be sent to: prop-test-1772510282041-a40u4p@example.com

      at sendOTPEmail (app/api/draft/[token]/request-otp/route.ts:37:13)

    console.log
      OTP: 025348

      at sendOTPEmail (app/api/draft/[token]/request-otp/route.ts:38:13)

    console.log
      Expires at: 2026-03-03T04:08:02.105Z

      at sendOTPEmail (app/api/draft/[token]/request-otp/route.ts:39:13)

    console.log
      OTP email would be sent to: prop-test-1772510282110-1mvse@example.com

      at sendOTPEmail (app/api/draft/[token]/request-otp/route.ts:37:13)

    console.log
      OTP: 814509

      at sendOTPEmail (app/api/draft/[token]/request-otp/route.ts:38:13)

    console.log
      Expires at: 2026-03-03T04:08:02.175Z

      at sendOTPEmail (app/api/draft/[token]/request-otp/route.ts:39:13)

    console.log
      OTP email would be sent to: prop-test-1772510282179-amnyb@example.com

      at sendOTPEmail (app/api/draft/[token]/request-otp/route.ts:37:13)

    console.log
      OTP: 986300

      at sendOTPEmail (app/api/draft/[token]/request-otp/route.ts:38:13)

    console.log
      Expires at: 2026-03-03T04:08:02.245Z

      at sendOTPEmail (app/api/draft/[token]/request-otp/route.ts:39:13)

    console.log
      OTP email would be sent to: prop-test-1772510282250-8u58p@example.com

      at sendOTPEmail (app/api/draft/[token]/request-otp/route.ts:37:13)

    console.log
      OTP: 539577

      at sendOTPEmail (app/api/draft/[token]/request-otp/route.ts:38:13)

    console.log
      Expires at: 2026-03-03T04:08:02.315Z

      at sendOTPEmail (app/api/draft/[token]/request-otp/route.ts:39:13)

    console.log
      OTP email would be sent to: prop-test-1772510282319-9ppcu@example.com

      at sendOTPEmail (app/api/draft/[token]/request-otp/route.ts:37:13)

    console.log
      OTP: 678579

      at sendOTPEmail (app/api/draft/[token]/request-otp/route.ts:38:13)

    console.log
      Expires at: 2026-03-03T04:08:02.383Z

      at sendOTPEmail (app/api/draft/[token]/request-otp/route.ts:39:13)

    console.log
      OTP email would be sent to: prop-test-1772510282387-eprxhi@example.com

      at sendOTPEmail (app/api/draft/[token]/request-otp/route.ts:37:13)

    console.log
      OTP: 028050

      at sendOTPEmail (app/api/draft/[token]/request-otp/route.ts:38:13)

    console.log
      Expires at: 2026-03-03T04:08:02.448Z

      at sendOTPEmail (app/api/draft/[token]/request-otp/route.ts:39:13)

    console.log
      OTP email would be sent to: prop-test-1772510282453-ftpjv@example.com

      at sendOTPEmail (app/api/draft/[token]/request-otp/route.ts:37:13)

    console.log
      OTP: 522399

      at sendOTPEmail (app/api/draft/[token]/request-otp/route.ts:38:13)

    console.log
      Expires at: 2026-03-03T04:08:02.515Z

      at sendOTPEmail (app/api/draft/[token]/request-otp/route.ts:39:13)

    console.log
      OTP email would be sent to: prop-test-1772510282518-ue85cd@example.com

      at sendOTPEmail (app/api/draft/[token]/request-otp/route.ts:37:13)

    console.log
      OTP: 015906

      at sendOTPEmail (app/api/draft/[token]/request-otp/route.ts:38:13)

    console.log
      Expires at: 2026-03-03T04:08:02.580Z

      at sendOTPEmail (app/api/draft/[token]/request-otp/route.ts:39:13)

    console.log
      OTP email would be sent to: prop-test-1772510282584-11wj7m@example.com

      at sendOTPEmail (app/api/draft/[token]/request-otp/route.ts:37:13)

    console.log
      OTP: 332105

      at sendOTPEmail (app/api/draft/[token]/request-otp/route.ts:38:13)

    console.log
      Expires at: 2026-03-03T04:08:02.645Z

      at sendOTPEmail (app/api/draft/[token]/request-otp/route.ts:39:13)

    console.log
      OTP email would be sent to: prop-test-1772510282648-9u94qf@example.com

      at sendOTPEmail (app/api/draft/[token]/request-otp/route.ts:37:13)

    console.log
      OTP: 708472

      at sendOTPEmail (app/api/draft/[token]/request-otp/route.ts:38:13)

    console.log
      Expires at: 2026-03-03T04:08:02.706Z

      at sendOTPEmail (app/api/draft/[token]/request-otp/route.ts:39:13)

    console.log
      OTP email would be sent to: prop-test-1772510282710-je8sic@example.com

      at sendOTPEmail (app/api/draft/[token]/request-otp/route.ts:37:13)

    console.log
      OTP: 011766

      at sendOTPEmail (app/api/draft/[token]/request-otp/route.ts:38:13)

    console.log
      Expires at: 2026-03-03T04:08:02.767Z

      at sendOTPEmail (app/api/draft/[token]/request-otp/route.ts:39:13)

    console.log
      OTP email would be sent to: prop-test-1772510282773-m3gach@example.com

      at sendOTPEmail (app/api/draft/[token]/request-otp/route.ts:37:13)

    console.log
      OTP: 394134

      at sendOTPEmail (app/api/draft/[token]/request-otp/route.ts:38:13)

    console.log
      Expires at: 2026-03-03T04:08:02.832Z

      at sendOTPEmail (app/api/draft/[token]/request-otp/route.ts:39:13)

    console.log
      OTP email would be sent to: prop-test-1772510282836-fh1qyg@example.com

      at sendOTPEmail (app/api/draft/[token]/request-otp/route.ts:37:13)

    console.log
      OTP: 430506

      at sendOTPEmail (app/api/draft/[token]/request-otp/route.ts:38:13)

    console.log
      Expires at: 2026-03-03T04:08:02.895Z

      at sendOTPEmail (app/api/draft/[token]/request-otp/route.ts:39:13)

    console.log
      OTP email would be sent to: prop-test-1772510282901-uj3ypl@example.com

      at sendOTPEmail (app/api/draft/[token]/request-otp/route.ts:37:13)

    console.log
      OTP: 725649

      at sendOTPEmail (app/api/draft/[token]/request-otp/route.ts:38:13)

    console.log
      Expires at: 2026-03-03T04:08:02.961Z

      at sendOTPEmail (app/api/draft/[token]/request-otp/route.ts:39:13)

    console.log
      OTP email would be sent to: prop-test-1772510282964-2cg24@example.com

      at sendOTPEmail (app/api/draft/[token]/request-otp/route.ts:37:13)

    console.log
      OTP: 602459

      at sendOTPEmail (app/api/draft/[token]/request-otp/route.ts:38:13)

    console.log
      Expires at: 2026-03-03T04:08:03.024Z

      at sendOTPEmail (app/api/draft/[token]/request-otp/route.ts:39:13)

    console.log
      OTP email would be sent to: prop-test-1772510283027-4i1n14@example.com

      at sendOTPEmail (app/api/draft/[token]/request-otp/route.ts:37:13)

    console.log
      OTP: 459865

      at sendOTPEmail (app/api/draft/[token]/request-otp/route.ts:38:13)

    console.log
      Expires at: 2026-03-03T04:08:03.088Z

      at sendOTPEmail (app/api/draft/[token]/request-otp/route.ts:39:13)

    console.log
      OTP email would be sent to: prop-test-1772510283093-8kmqfx@example.com

      at sendOTPEmail (app/api/draft/[token]/request-otp/route.ts:37:13)

    console.log
      OTP: 241446

      at sendOTPEmail (app/api/draft/[token]/request-otp/route.ts:38:13)

    console.log
      Expires at: 2026-03-03T04:08:03.156Z

      at sendOTPEmail (app/api/draft/[token]/request-otp/route.ts:39:13)

    console.log
      OTP email would be sent to: prop-test-1772510283160-xkj3gf@example.com

      at sendOTPEmail (app/api/draft/[token]/request-otp/route.ts:37:13)

    console.log
      OTP: 484447

      at sendOTPEmail (app/api/draft/[token]/request-otp/route.ts:38:13)

    console.log
      Expires at: 2026-03-03T04:08:03.223Z

      at sendOTPEmail (app/api/draft/[token]/request-otp/route.ts:39:13)

    console.log
      OTP email would be sent to: prop-test-1772510283229-65utnu@example.com

      at sendOTPEmail (app/api/draft/[token]/request-otp/route.ts:37:13)

    console.log
      OTP: 679504

      at sendOTPEmail (app/api/draft/[token]/request-otp/route.ts:38:13)

    console.log
      Expires at: 2026-03-03T04:08:03.292Z

      at sendOTPEmail (app/api/draft/[token]/request-otp/route.ts:39:13)

    console.log
      OTP email would be sent to: prop-test-1772510283296-5ym417@example.com

      at sendOTPEmail (app/api/draft/[token]/request-otp/route.ts:37:13)

    console.log
      OTP: 430744

      at sendOTPEmail (app/api/draft/[token]/request-otp/route.ts:38:13)

    console.log
      Expires at: 2026-03-03T04:08:03.357Z

      at sendOTPEmail (app/api/draft/[token]/request-otp/route.ts:39:13)

    console.log
      OTP email would be sent to: prop-test-1772510283361-sny2@example.com

      at sendOTPEmail (app/api/draft/[token]/request-otp/route.ts:37:13)

    console.log
      OTP: 693415

      at sendOTPEmail (app/api/draft/[token]/request-otp/route.ts:38:13)

    console.log
      Expires at: 2026-03-03T04:08:03.430Z

      at sendOTPEmail (app/api/draft/[token]/request-otp/route.ts:39:13)

    console.log
      OTP email would be sent to: prop-test-1772510283434-ra3es@example.com

      at sendOTPEmail (app/api/draft/[token]/request-otp/route.ts:37:13)

    console.log
      OTP: 042407

      at sendOTPEmail (app/api/draft/[token]/request-otp/route.ts:38:13)

    console.log
      Expires at: 2026-03-03T04:08:03.497Z

      at sendOTPEmail (app/api/draft/[token]/request-otp/route.ts:39:13)

    console.log
      OTP email would be sent to: prop-test-1772510283501-omxbbd@example.com

      at sendOTPEmail (app/api/draft/[token]/request-otp/route.ts:37:13)

    console.log
      OTP: 074616

      at sendOTPEmail (app/api/draft/[token]/request-otp/route.ts:38:13)

    console.log
      Expires at: 2026-03-03T04:08:03.564Z

      at sendOTPEmail (app/api/draft/[token]/request-otp/route.ts:39:13)

    console.log
      OTP email would be sent to: prop-test-1772510283569-mehas@example.com

      at sendOTPEmail (app/api/draft/[token]/request-otp/route.ts:37:13)

    console.log
      OTP: 248669

      at sendOTPEmail (app/api/draft/[token]/request-otp/route.ts:38:13)

    console.log
      Expires at: 2026-03-03T04:08:03.633Z

      at sendOTPEmail (app/api/draft/[token]/request-otp/route.ts:39:13)

    console.log
      OTP email would be sent to: prop-test-1772510283638-bk15ho@example.com

      at sendOTPEmail (app/api/draft/[token]/request-otp/route.ts:37:13)

    console.log
      OTP: 659998

      at sendOTPEmail (app/api/draft/[token]/request-otp/route.ts:38:13)

    console.log
      Expires at: 2026-03-03T04:08:03.699Z

      at sendOTPEmail (app/api/draft/[token]/request-otp/route.ts:39:13)

    console.log
      OTP email would be sent to: prop-test-1772510283705-druom4@example.com

      at sendOTPEmail (app/api/draft/[token]/request-otp/route.ts:37:13)

    console.log
      OTP: 127506

      at sendOTPEmail (app/api/draft/[token]/request-otp/route.ts:38:13)

    console.log
      Expires at: 2026-03-03T04:08:03.764Z

      at sendOTPEmail (app/api/draft/[token]/request-otp/route.ts:39:13)

    console.log
      OTP email would be sent to: prop-test-1772510283769-kgmh6l@example.com

      at sendOTPEmail (app/api/draft/[token]/request-otp/route.ts:37:13)

    console.log
      OTP: 500429

      at sendOTPEmail (app/api/draft/[token]/request-otp/route.ts:38:13)

    console.log
      Expires at: 2026-03-03T04:08:03.829Z

      at sendOTPEmail (app/api/draft/[token]/request-otp/route.ts:39:13)

    console.log
      OTP email would be sent to: prop-test-1772510283833-tvi2p@example.com

      at sendOTPEmail (app/api/draft/[token]/request-otp/route.ts:37:13)

    console.log
      OTP: 266255

      at sendOTPEmail (app/api/draft/[token]/request-otp/route.ts:38:13)

    console.log
      Expires at: 2026-03-03T04:08:03.897Z

      at sendOTPEmail (app/api/draft/[token]/request-otp/route.ts:39:13)

    console.log
      OTP email would be sent to: prop-test-1772510283919-wgilma@example.com

      at sendOTPEmail (app/api/draft/[token]/request-otp/route.ts:37:13)

    console.log
      OTP: 097338

      at sendOTPEmail (app/api/draft/[token]/request-otp/route.ts:38:13)

    console.log
      Expires at: 2026-03-03T04:08:03.980Z

      at sendOTPEmail (app/api/draft/[token]/request-otp/route.ts:39:13)

    console.log
      OTP email would be sent to: prop-test-1772510283984-p8eh7@example.com

      at sendOTPEmail (app/api/draft/[token]/request-otp/route.ts:37:13)

    console.log
      OTP: 825433

      at sendOTPEmail (app/api/draft/[token]/request-otp/route.ts:38:13)

    console.log
      Expires at: 2026-03-03T04:08:04.044Z

      at sendOTPEmail (app/api/draft/[token]/request-otp/route.ts:39:13)

    console.log
      OTP email would be sent to: prop-test-1772510284049-k7irqb@example.com

      at sendOTPEmail (app/api/draft/[token]/request-otp/route.ts:37:13)

    console.log
      OTP: 936635

      at sendOTPEmail (app/api/draft/[token]/request-otp/route.ts:38:13)

    console.log
      Expires at: 2026-03-03T04:08:04.114Z

      at sendOTPEmail (app/api/draft/[token]/request-otp/route.ts:39:13)

    console.log
      OTP email would be sent to: prop-test-1772510284196-64sm8@example.com

      at sendOTPEmail (app/api/draft/[token]/request-otp/route.ts:37:13)

    console.log
      OTP: 203514

      at sendOTPEmail (app/api/draft/[token]/request-otp/route.ts:38:13)

    console.log
      Expires at: 2026-03-03T04:08:04.259Z

      at sendOTPEmail (app/api/draft/[token]/request-otp/route.ts:39:13)

    console.log
      OTP email would be sent to: prop-test-1772510284117-e6yh7e@example.com

      at sendOTPEmail (app/api/draft/[token]/request-otp/route.ts:37:13)

    console.log
      OTP: 490554

      at sendOTPEmail (app/api/draft/[token]/request-otp/route.ts:38:13)

    console.log
      Expires at: 2026-03-03T04:08:04.180Z

      at sendOTPEmail (app/api/draft/[token]/request-otp/route.ts:39:13)

    console.log
      OTP email would be sent to: prop-test-1772510284266-9e19b@example.com

      at sendOTPEmail (app/api/draft/[token]/request-otp/route.ts:37:13)

    console.log
      OTP: 297973

      at sendOTPEmail (app/api/draft/[token]/request-otp/route.ts:38:13)

    console.log
      Expires at: 2026-03-03T04:08:04.335Z

      at sendOTPEmail (app/api/draft/[token]/request-otp/route.ts:39:13)

    console.log
      OTP email would be sent to: prop-test-1772510284265-44gkf3p@example.com

      at sendOTPEmail (app/api/draft/[token]/request-otp/route.ts:37:13)

    console.log
      OTP: 927916

      at sendOTPEmail (app/api/draft/[token]/request-otp/route.ts:38:13)

    console.log
      Expires at: 2026-03-03T04:08:04.398Z

      at sendOTPEmail (app/api/draft/[token]/request-otp/route.ts:39:13)

    console.log
      OTP email would be sent to: prop-test-1772510284401-ak8rej@example.com

      at sendOTPEmail (app/api/draft/[token]/request-otp/route.ts:37:13)

    console.log
      OTP: 659258

      at sendOTPEmail (app/api/draft/[token]/request-otp/route.ts:38:13)

    console.log
      Expires at: 2026-03-03T04:08:04.466Z

      at sendOTPEmail (app/api/draft/[token]/request-otp/route.ts:39:13)

    console.log
      OTP email would be sent to: prop-test-1772510284402-6gv98@example.com

      at sendOTPEmail (app/api/draft/[token]/request-otp/route.ts:37:13)

    console.log
      OTP: 386961

      at sendOTPEmail (app/api/draft/[token]/request-otp/route.ts:38:13)

    console.log
      Expires at: 2026-03-03T04:08:04.530Z

      at sendOTPEmail (app/api/draft/[token]/request-otp/route.ts:39:13)

    console.log
      OTP email would be sent to: prop-test-1772510284531-8bczk7@example.com

      at sendOTPEmail (app/api/draft/[token]/request-otp/route.ts:37:13)

    console.log
      OTP: 451010

      at sendOTPEmail (app/api/draft/[token]/request-otp/route.ts:38:13)

    console.log
      Expires at: 2026-03-03T04:08:04.595Z

      at sendOTPEmail (app/api/draft/[token]/request-otp/route.ts:39:13)

    console.log
      OTP email would be sent to: prop-test-1772510284534-kge9hc@example.com

      at sendOTPEmail (app/api/draft/[token]/request-otp/route.ts:37:13)

    console.log
      OTP: 450442

      at sendOTPEmail (app/api/draft/[token]/request-otp/route.ts:38:13)

    console.log
      Expires at: 2026-03-03T04:08:04.659Z

      at sendOTPEmail (app/api/draft/[token]/request-otp/route.ts:39:13)

    console.log
      OTP email would be sent to: prop-test-1772510284660-n6h75@example.com

      at sendOTPEmail (app/api/draft/[token]/request-otp/route.ts:37:13)

    console.log
      OTP: 459060

      at sendOTPEmail (app/api/draft/[token]/request-otp/route.ts:38:13)

    console.log
      Expires at: 2026-03-03T04:08:04.721Z

      at sendOTPEmail (app/api/draft/[token]/request-otp/route.ts:39:13)

    console.log
      OTP email would be sent to: prop-test-1772510284663-1utofl@example.com

      at sendOTPEmail (app/api/draft/[token]/request-otp/route.ts:37:13)

    console.log
      OTP: 205558

      at sendOTPEmail (app/api/draft/[token]/request-otp/route.ts:38:13)

    console.log
      Expires at: 2026-03-03T04:08:04.778Z

      at sendOTPEmail (app/api/draft/[token]/request-otp/route.ts:39:13)

    console.log
      OTP email would be sent to: prop-test-1772510284779-hq9g6w@example.com

      at sendOTPEmail (app/api/draft/[token]/request-otp/route.ts:37:13)

    console.log
      OTP: 724106

      at sendOTPEmail (app/api/draft/[token]/request-otp/route.ts:38:13)

    console.log
      Expires at: 2026-03-03T04:08:04.836Z

      at sendOTPEmail (app/api/draft/[token]/request-otp/route.ts:39:13)

    console.log
      OTP email would be sent to: prop-test-1772510284781-qme6mtu@example.com

      at sendOTPEmail (app/api/draft/[token]/request-otp/route.ts:37:13)

    console.log
      OTP: 759604

      at sendOTPEmail (app/api/draft/[token]/request-otp/route.ts:38:13)

    console.log
      Expires at: 2026-03-03T04:08:04.896Z

      at sendOTPEmail (app/api/draft/[token]/request-otp/route.ts:39:13)

    console.log
      OTP email would be sent to: prop-test-1772510284895-5d6f9v@example.com

      at sendOTPEmail (app/api/draft/[token]/request-otp/route.ts:37:13)

    console.log
      OTP: 645876

      at sendOTPEmail (app/api/draft/[token]/request-otp/route.ts:38:13)

    console.log
      Expires at: 2026-03-03T04:08:04.955Z

      at sendOTPEmail (app/api/draft/[token]/request-otp/route.ts:39:13)

    console.log
      OTP email would be sent to: prop-test-1772510284955-okb18u@example.com

      at sendOTPEmail (app/api/draft/[token]/request-otp/route.ts:37:13)

    console.log
      OTP: 100031

      at sendOTPEmail (app/api/draft/[token]/request-otp/route.ts:38:13)

    console.log
      Expires at: 2026-03-03T04:08:05.015Z

      at sendOTPEmail (app/api/draft/[token]/request-otp/route.ts:39:13)

    console.log
      OTP email would be sent to: prop-test-1772510285014-m46g2@example.com

      at sendOTPEmail (app/api/draft/[token]/request-otp/route.ts:37:13)

    console.log
      OTP: 080542

      at sendOTPEmail (app/api/draft/[token]/request-otp/route.ts:38:13)

    console.log
      Expires at: 2026-03-03T04:08:05.074Z

      at sendOTPEmail (app/api/draft/[token]/request-otp/route.ts:39:13)

    console.log
      OTP email would be sent to: prop-test-1772510285074-ckcabp@example.com

      at sendOTPEmail (app/api/draft/[token]/request-otp/route.ts:37:13)

    console.log
      OTP: 445463

      at sendOTPEmail (app/api/draft/[token]/request-otp/route.ts:38:13)

    console.log
      Expires at: 2026-03-03T04:08:05.136Z

      at sendOTPEmail (app/api/draft/[token]/request-otp/route.ts:39:13)

    console.log
      OTP email would be sent to: prop-test-1772510285135-cy95z@example.com

      at sendOTPEmail (app/api/draft/[token]/request-otp/route.ts:37:13)

    console.log
      OTP: 076174

      at sendOTPEmail (app/api/draft/[token]/request-otp/route.ts:38:13)

    console.log
      Expires at: 2026-03-03T04:08:05.202Z

      at sendOTPEmail (app/api/draft/[token]/request-otp/route.ts:39:13)

    console.log
      OTP email would be sent to: prop-test-1772510285141-3bny1h@example.com

      at sendOTPEmail (app/api/draft/[token]/request-otp/route.ts:37:13)

    console.log
      OTP: 853034

      at sendOTPEmail (app/api/draft/[token]/request-otp/route.ts:38:13)

    console.log
      Expires at: 2026-03-03T04:08:05.271Z

      at sendOTPEmail (app/api/draft/[token]/request-otp/route.ts:39:13)

    console.log
      OTP email would be sent to: prop-test-1772510285273-5vm0w@example.com

      at sendOTPEmail (app/api/draft/[token]/request-otp/route.ts:37:13)

    console.log
      OTP: 311333

      at sendOTPEmail (app/api/draft/[token]/request-otp/route.ts:38:13)

    console.log
      Expires at: 2026-03-03T04:08:05.333Z

      at sendOTPEmail (app/api/draft/[token]/request-otp/route.ts:39:13)

    console.log
      OTP email would be sent to: prop-test-1772510285276-szu5d@example.com

      at sendOTPEmail (app/api/draft/[token]/request-otp/route.ts:37:13)

    console.log
      OTP: 399178

      at sendOTPEmail (app/api/draft/[token]/request-otp/route.ts:38:13)

    console.log
      Expires at: 2026-03-03T04:08:05.392Z

      at sendOTPEmail (app/api/draft/[token]/request-otp/route.ts:39:13)

    console.log
      OTP email would be sent to: prop-test-1772510285395-8lv2eb@example.com

      at sendOTPEmail (app/api/draft/[token]/request-otp/route.ts:37:13)

    console.log
      OTP: 322832

      at sendOTPEmail (app/api/draft/[token]/request-otp/route.ts:38:13)

    console.log
      Expires at: 2026-03-03T04:08:05.461Z

      at sendOTPEmail (app/api/draft/[token]/request-otp/route.ts:39:13)

    console.log
      OTP email would be sent to: prop-test-1772510285397-682yr@example.com

      at sendOTPEmail (app/api/draft/[token]/request-otp/route.ts:37:13)

    console.log
      OTP: 565255

      at sendOTPEmail (app/api/draft/[token]/request-otp/route.ts:38:13)

    console.log
      Expires at: 2026-03-03T04:08:05.525Z

      at sendOTPEmail (app/api/draft/[token]/request-otp/route.ts:39:13)

    console.log
      OTP email would be sent to: prop-test-1772510285527-ebi1pp@example.com

      at sendOTPEmail (app/api/draft/[token]/request-otp/route.ts:37:13)

    console.log
      OTP: 949405

      at sendOTPEmail (app/api/draft/[token]/request-otp/route.ts:38:13)

    console.log
      Expires at: 2026-03-03T04:08:05.596Z

      at sendOTPEmail (app/api/draft/[token]/request-otp/route.ts:39:13)

    console.log
      OTP email would be sent to: prop-test-1772510285531-2te0w5@example.com

      at sendOTPEmail (app/api/draft/[token]/request-otp/route.ts:37:13)

    console.log
      OTP: 850277

      at sendOTPEmail (app/api/draft/[token]/request-otp/route.ts:38:13)

    console.log
      Expires at: 2026-03-03T04:08:05.660Z

      at sendOTPEmail (app/api/draft/[token]/request-otp/route.ts:39:13)

    console.log
      OTP email would be sent to: prop-test-1772510285662-rkegb@example.com

      at sendOTPEmail (app/api/draft/[token]/request-otp/route.ts:37:13)

    console.log
      OTP: 919808

      at sendOTPEmail (app/api/draft/[token]/request-otp/route.ts:38:13)

    console.log
      Expires at: 2026-03-03T04:08:05.728Z

      at sendOTPEmail (app/api/draft/[token]/request-otp/route.ts:39:13)

    console.log
      OTP email would be sent to: prop-test-1772510285664-wqw4i@example.com

      at sendOTPEmail (app/api/draft/[token]/request-otp/route.ts:37:13)

    console.log
      OTP: 099351

      at sendOTPEmail (app/api/draft/[token]/request-otp/route.ts:38:13)

    console.log
      Expires at: 2026-03-03T04:08:05.806Z

      at sendOTPEmail (app/api/draft/[token]/request-otp/route.ts:39:13)

    console.log
      OTP email would be sent to: prop-test-1772510285811-1dpsdd@example.com

      at sendOTPEmail (app/api/draft/[token]/request-otp/route.ts:37:13)

    console.log
      OTP: 718589

      at sendOTPEmail (app/api/draft/[token]/request-otp/route.ts:38:13)

    console.log
      Expires at: 2026-03-03T04:08:05.879Z

      at sendOTPEmail (app/api/draft/[token]/request-otp/route.ts:39:13)

    console.log
      OTP email would be sent to: prop-test-1772510285813-mu52fb@example.com

      at sendOTPEmail (app/api/draft/[token]/request-otp/route.ts:37:13)

    console.log
      OTP: 199539

      at sendOTPEmail (app/api/draft/[token]/request-otp/route.ts:38:13)

    console.log
      Expires at: 2026-03-03T04:08:05.941Z

      at sendOTPEmail (app/api/draft/[token]/request-otp/route.ts:39:13)

    console.log
      OTP email would be sent to: prop-test-1772510285942-qvldx9@example.com

      at sendOTPEmail (app/api/draft/[token]/request-otp/route.ts:37:13)

    console.log
      OTP: 241194

      at sendOTPEmail (app/api/draft/[token]/request-otp/route.ts:38:13)

    console.log
      Expires at: 2026-03-03T04:08:06.005Z

      at sendOTPEmail (app/api/draft/[token]/request-otp/route.ts:39:13)

    console.log
      OTP email would be sent to: prop-test-1772510285946-sjyr59@example.com

      at sendOTPEmail (app/api/draft/[token]/request-otp/route.ts:37:13)

    console.log
      OTP: 268027

      at sendOTPEmail (app/api/draft/[token]/request-otp/route.ts:38:13)

    console.log
      Expires at: 2026-03-03T04:08:06.065Z

      at sendOTPEmail (app/api/draft/[token]/request-otp/route.ts:39:13)

    console.log
      OTP email would be sent to: prop-test-1772510286065-jxdcm7@example.com

      at sendOTPEmail (app/api/draft/[token]/request-otp/route.ts:37:13)

    console.log
      OTP: 228465

      at sendOTPEmail (app/api/draft/[token]/request-otp/route.ts:38:13)

    console.log
      Expires at: 2026-03-03T04:08:06.130Z

      at sendOTPEmail (app/api/draft/[token]/request-otp/route.ts:39:13)

    console.log
      OTP email would be sent to: prop-test-1772510286129-hvqkza@example.com

      at sendOTPEmail (app/api/draft/[token]/request-otp/route.ts:37:13)

    console.log
      OTP: 837934

      at sendOTPEmail (app/api/draft/[token]/request-otp/route.ts:38:13)

    console.log
      Expires at: 2026-03-03T04:08:06.192Z

      at sendOTPEmail (app/api/draft/[token]/request-otp/route.ts:39:13)

    console.log
      OTP email would be sent to: prop-test-1772510286134-2pl8q@example.com

      at sendOTPEmail (app/api/draft/[token]/request-otp/route.ts:37:13)

    console.log
      OTP: 121261

      at sendOTPEmail (app/api/draft/[token]/request-otp/route.ts:38:13)

    console.log
      Expires at: 2026-03-03T04:08:06.252Z

      at sendOTPEmail (app/api/draft/[token]/request-otp/route.ts:39:13)

    console.log
      OTP email would be sent to: prop-test-1772510286255-bmk1d@example.com

      at sendOTPEmail (app/api/draft/[token]/request-otp/route.ts:37:13)

    console.log
      OTP: 091193

      at sendOTPEmail (app/api/draft/[token]/request-otp/route.ts:38:13)

    console.log
      Expires at: 2026-03-03T04:08:06.316Z

      at sendOTPEmail (app/api/draft/[token]/request-otp/route.ts:39:13)

    console.log
      OTP email would be sent to: prop-test-1772510286258-npg1nr@example.com

      at sendOTPEmail (app/api/draft/[token]/request-otp/route.ts:37:13)

    console.log
      OTP: 164481

      at sendOTPEmail (app/api/draft/[token]/request-otp/route.ts:38:13)

    console.log
      Expires at: 2026-03-03T04:08:06.377Z

      at sendOTPEmail (app/api/draft/[token]/request-otp/route.ts:39:13)

    console.log
      OTP email would be sent to: prop-test-1772510286376-8ynxj7@example.com

      at sendOTPEmail (app/api/draft/[token]/request-otp/route.ts:37:13)

    console.log
      OTP: 949910

      at sendOTPEmail (app/api/draft/[token]/request-otp/route.ts:38:13)

    console.log
      Expires at: 2026-03-03T04:08:06.439Z

      at sendOTPEmail (app/api/draft/[token]/request-otp/route.ts:39:13)

    console.log
      OTP email would be sent to: prop-test-1772510286438-t7uj0u@example.com

      at sendOTPEmail (app/api/draft/[token]/request-otp/route.ts:37:13)

    console.log
      OTP: 902577

      at sendOTPEmail (app/api/draft/[token]/request-otp/route.ts:38:13)

    console.log
      Expires at: 2026-03-03T04:08:06.499Z

      at sendOTPEmail (app/api/draft/[token]/request-otp/route.ts:39:13)

    console.log
      OTP email would be sent to: prop-test-1772510286499-9gih7b@example.com

      at sendOTPEmail (app/api/draft/[token]/request-otp/route.ts:37:13)

    console.log
      OTP: 790764

      at sendOTPEmail (app/api/draft/[token]/request-otp/route.ts:38:13)

    console.log
      Expires at: 2026-03-03T04:08:06.562Z

      at sendOTPEmail (app/api/draft/[token]/request-otp/route.ts:39:13)

    console.log
      OTP email would be sent to: prop-test-1772510286562-5orul@example.com

      at sendOTPEmail (app/api/draft/[token]/request-otp/route.ts:37:13)

    console.log
      OTP: 375566

      at sendOTPEmail (app/api/draft/[token]/request-otp/route.ts:38:13)

    console.log
      Expires at: 2026-03-03T04:08:06.624Z

      at sendOTPEmail (app/api/draft/[token]/request-otp/route.ts:39:13)

    console.log
      OTP email would be sent to: prop-test-1772510286623-t440g@example.com

      at sendOTPEmail (app/api/draft/[token]/request-otp/route.ts:37:13)

    console.log
      OTP: 367109

      at sendOTPEmail (app/api/draft/[token]/request-otp/route.ts:38:13)

    console.log
      Expires at: 2026-03-03T04:08:06.685Z

      at sendOTPEmail (app/api/draft/[token]/request-otp/route.ts:39:13)

    console.log
      OTP email would be sent to: prop-test-1772510286684-qciqpm@example.com

      at sendOTPEmail (app/api/draft/[token]/request-otp/route.ts:37:13)

    console.log
      OTP: 276196

      at sendOTPEmail (app/api/draft/[token]/request-otp/route.ts:38:13)

    console.log
      Expires at: 2026-03-03T04:08:06.749Z

      at sendOTPEmail (app/api/draft/[token]/request-otp/route.ts:39:13)

    console.log
      OTP email would be sent to: prop-test-1772510286690-e8yvpn@example.com

      at sendOTPEmail (app/api/draft/[token]/request-otp/route.ts:37:13)

    console.log
      OTP: 369866

      at sendOTPEmail (app/api/draft/[token]/request-otp/route.ts:38:13)

    console.log
      Expires at: 2026-03-03T04:08:06.809Z

      at sendOTPEmail (app/api/draft/[token]/request-otp/route.ts:39:13)

    console.log
      OTP email would be sent to: prop-test-1772510286812-mrxww7@example.com

      at sendOTPEmail (app/api/draft/[token]/request-otp/route.ts:37:13)

    console.log
      OTP: 013830

      at sendOTPEmail (app/api/draft/[token]/request-otp/route.ts:38:13)

    console.log
      Expires at: 2026-03-03T04:08:06.874Z

      at sendOTPEmail (app/api/draft/[token]/request-otp/route.ts:39:13)

    console.log
      OTP email would be sent to: prop-test-1772510286814-fosgm@example.com

      at sendOTPEmail (app/api/draft/[token]/request-otp/route.ts:37:13)

    console.log
      OTP: 571277

      at sendOTPEmail (app/api/draft/[token]/request-otp/route.ts:38:13)

    console.log
      Expires at: 2026-03-03T04:08:06.932Z

      at sendOTPEmail (app/api/draft/[token]/request-otp/route.ts:39:13)

    console.log
      OTP email would be sent to: prop-test-1772510286934-4agaa@example.com

      at sendOTPEmail (app/api/draft/[token]/request-otp/route.ts:37:13)

    console.log
      OTP: 355696

      at sendOTPEmail (app/api/draft/[token]/request-otp/route.ts:38:13)

    console.log
      Expires at: 2026-03-03T04:08:06.995Z

      at sendOTPEmail (app/api/draft/[token]/request-otp/route.ts:39:13)

    console.log
      OTP email would be sent to: prop-test-1772510286937-w1r2rk@example.com

      at sendOTPEmail (app/api/draft/[token]/request-otp/route.ts:37:13)

    console.log
      OTP: 150517

      at sendOTPEmail (app/api/draft/[token]/request-otp/route.ts:38:13)

    console.log
      Expires at: 2026-03-03T04:08:07.059Z

      at sendOTPEmail (app/api/draft/[token]/request-otp/route.ts:39:13)

    console.log
      OTP email would be sent to: prop-test-1772510287063-h1m4l5@example.com

      at sendOTPEmail (app/api/draft/[token]/request-otp/route.ts:37:13)

    console.log
      OTP: 468624

      at sendOTPEmail (app/api/draft/[token]/request-otp/route.ts:38:13)

    console.log
      Expires at: 2026-03-03T04:08:07.132Z

      at sendOTPEmail (app/api/draft/[token]/request-otp/route.ts:39:13)

    console.log
      OTP email would be sent to: prop-test-1772510287064-wpo41t@example.com

      at sendOTPEmail (app/api/draft/[token]/request-otp/route.ts:37:13)

    console.log
      OTP: 810773

      at sendOTPEmail (app/api/draft/[token]/request-otp/route.ts:38:13)

    console.log
      Expires at: 2026-03-03T04:08:07.208Z

      at sendOTPEmail (app/api/draft/[token]/request-otp/route.ts:39:13)

    console.log
      OTP email would be sent to: prop-test-1772510287213-8twbsb@example.com

      at sendOTPEmail (app/api/draft/[token]/request-otp/route.ts:37:13)

    console.log
      OTP: 213817

      at sendOTPEmail (app/api/draft/[token]/request-otp/route.ts:38:13)

    console.log
      Expires at: 2026-03-03T04:08:07.281Z

      at sendOTPEmail (app/api/draft/[token]/request-otp/route.ts:39:13)

    console.log
      OTP email would be sent to: prop-test-1772510287213-rw3quc@example.com

      at sendOTPEmail (app/api/draft/[token]/request-otp/route.ts:37:13)

    console.log
      OTP: 642150

      at sendOTPEmail (app/api/draft/[token]/request-otp/route.ts:38:13)

    console.log
      Expires at: 2026-03-03T04:08:07.342Z

      at sendOTPEmail (app/api/draft/[token]/request-otp/route.ts:39:13)

    console.log
      OTP email would be sent to: prop-test-1772510287344-uzqrj5@example.com

      at sendOTPEmail (app/api/draft/[token]/request-otp/route.ts:37:13)

    console.log
      OTP: 077713

      at sendOTPEmail (app/api/draft/[token]/request-otp/route.ts:38:13)

    console.log
      Expires at: 2026-03-03T04:08:07.404Z

      at sendOTPEmail (app/api/draft/[token]/request-otp/route.ts:39:13)

    console.log
      OTP email would be sent to: prop-test-1772510287346-v07a9@example.com

      at sendOTPEmail (app/api/draft/[token]/request-otp/route.ts:37:13)

    console.log
      OTP: 960309

      at sendOTPEmail (app/api/draft/[token]/request-otp/route.ts:38:13)

    console.log
      Expires at: 2026-03-03T04:08:07.465Z

      at sendOTPEmail (app/api/draft/[token]/request-otp/route.ts:39:13)

    console.log
      OTP email would be sent to: prop-test-1772510287469-bns6s@example.com

      at sendOTPEmail (app/api/draft/[token]/request-otp/route.ts:37:13)

    console.log
      OTP: 294535

      at sendOTPEmail (app/api/draft/[token]/request-otp/route.ts:38:13)

    console.log
      Expires at: 2026-03-03T04:08:07.530Z

      at sendOTPEmail (app/api/draft/[token]/request-otp/route.ts:39:13)

    console.log
      OTP email would be sent to: prop-test-1772510287472-ld8wd3@example.com

      at sendOTPEmail (app/api/draft/[token]/request-otp/route.ts:37:13)

    console.log
      OTP: 971438

      at sendOTPEmail (app/api/draft/[token]/request-otp/route.ts:38:13)

    console.log
      Expires at: 2026-03-03T04:08:07.590Z

      at sendOTPEmail (app/api/draft/[token]/request-otp/route.ts:39:13)

    console.log
      OTP email would be sent to: prop-test-1772510287592-ji3sud@example.com

      at sendOTPEmail (app/api/draft/[token]/request-otp/route.ts:37:13)

    console.log
      OTP: 106625

      at sendOTPEmail (app/api/draft/[token]/request-otp/route.ts:38:13)

    console.log
      Expires at: 2026-03-03T04:08:07.651Z

      at sendOTPEmail (app/api/draft/[token]/request-otp/route.ts:39:13)

    console.log
      OTP email would be sent to: prop-test-1772510287594-0vfsqe@example.com

      at sendOTPEmail (app/api/draft/[token]/request-otp/route.ts:37:13)

    console.log
      OTP: 892670

      at sendOTPEmail (app/api/draft/[token]/request-otp/route.ts:38:13)

    console.log
      Expires at: 2026-03-03T04:08:07.710Z

      at sendOTPEmail (app/api/draft/[token]/request-otp/route.ts:39:13)

    console.log
      OTP email would be sent to: prop-test-1772510287711-hjkbk@example.com

      at sendOTPEmail (app/api/draft/[token]/request-otp/route.ts:37:13)

    console.log
      OTP: 552368

      at sendOTPEmail (app/api/draft/[token]/request-otp/route.ts:38:13)

    console.log
      Expires at: 2026-03-03T04:08:07.770Z

      at sendOTPEmail (app/api/draft/[token]/request-otp/route.ts:39:13)

    console.log
      OTP email would be sent to: prop-test-1772510287714-ysjt87@example.com

      at sendOTPEmail (app/api/draft/[token]/request-otp/route.ts:37:13)

    console.log
      OTP: 537966

      at sendOTPEmail (app/api/draft/[token]/request-otp/route.ts:38:13)

    console.log
      Expires at: 2026-03-03T04:08:07.833Z

      at sendOTPEmail (app/api/draft/[token]/request-otp/route.ts:39:13)

    console.log
      OTP email would be sent to: prop-test-1772510287833-x13tzl@example.com

      at sendOTPEmail (app/api/draft/[token]/request-otp/route.ts:37:13)

    console.log
      OTP: 799283

      at sendOTPEmail (app/api/draft/[token]/request-otp/route.ts:38:13)

    console.log
      Expires at: 2026-03-03T04:08:07.898Z

      at sendOTPEmail (app/api/draft/[token]/request-otp/route.ts:39:13)

    console.log
      OTP email would be sent to: prop-test-1772510287898-3l9yat@example.com

      at sendOTPEmail (app/api/draft/[token]/request-otp/route.ts:37:13)

    console.log
      OTP: 857356

      at sendOTPEmail (app/api/draft/[token]/request-otp/route.ts:38:13)

    console.log
      Expires at: 2026-03-03T04:08:07.961Z

      at sendOTPEmail (app/api/draft/[token]/request-otp/route.ts:39:13)

    console.log
      OTP email would be sent to: prop-test-1772510287961-zl62fg@example.com

      at sendOTPEmail (app/api/draft/[token]/request-otp/route.ts:37:13)

    console.log
      OTP: 354722

      at sendOTPEmail (app/api/draft/[token]/request-otp/route.ts:38:13)

    console.log
      Expires at: 2026-03-03T04:08:08.023Z

      at sendOTPEmail (app/api/draft/[token]/request-otp/route.ts:39:13)

    console.log
      OTP email would be sent to: prop-test-1772510288022-ijje2a@example.com

      at sendOTPEmail (app/api/draft/[token]/request-otp/route.ts:37:13)

    console.log
      OTP: 610394

      at sendOTPEmail (app/api/draft/[token]/request-otp/route.ts:38:13)

    console.log
      Expires at: 2026-03-03T04:08:08.086Z

      at sendOTPEmail (app/api/draft/[token]/request-otp/route.ts:39:13)

    console.log
      OTP email would be sent to: prop-test-1772510288086-t8hdq@example.com

      at sendOTPEmail (app/api/draft/[token]/request-otp/route.ts:37:13)

    console.log
      OTP: 776965

      at sendOTPEmail (app/api/draft/[token]/request-otp/route.ts:38:13)

    console.log
      Expires at: 2026-03-03T04:08:08.152Z

      at sendOTPEmail (app/api/draft/[token]/request-otp/route.ts:39:13)

    console.log
      OTP email would be sent to: prop-test-1772510288156-33kura@example.com

      at sendOTPEmail (app/api/draft/[token]/request-otp/route.ts:37:13)

    console.log
      OTP: 809752

      at sendOTPEmail (app/api/draft/[token]/request-otp/route.ts:38:13)

    console.log
      Expires at: 2026-03-03T04:08:08.218Z

      at sendOTPEmail (app/api/draft/[token]/request-otp/route.ts:39:13)

    console.log
      OTP email would be sent to: prop-test-1772510288157-jij6i@example.com

      at sendOTPEmail (app/api/draft/[token]/request-otp/route.ts:37:13)

    console.log
      OTP: 404995

      at sendOTPEmail (app/api/draft/[token]/request-otp/route.ts:38:13)

    console.log
      Expires at: 2026-03-03T04:08:08.278Z

      at sendOTPEmail (app/api/draft/[token]/request-otp/route.ts:39:13)

    console.log
      OTP email would be sent to: prop-test-1772510288281-pj4cds@example.com

      at sendOTPEmail (app/api/draft/[token]/request-otp/route.ts:37:13)

    console.log
      OTP: 503724

      at sendOTPEmail (app/api/draft/[token]/request-otp/route.ts:38:13)

    console.log
      Expires at: 2026-03-03T04:08:08.342Z

      at sendOTPEmail (app/api/draft/[token]/request-otp/route.ts:39:13)

    console.log
      OTP email would be sent to: prop-test-1772510288282-zob3vl@example.com

      at sendOTPEmail (app/api/draft/[token]/request-otp/route.ts:37:13)

    console.log
      OTP: 377987

      at sendOTPEmail (app/api/draft/[token]/request-otp/route.ts:38:13)

    console.log
      Expires at: 2026-03-03T04:08:08.402Z

      at sendOTPEmail (app/api/draft/[token]/request-otp/route.ts:39:13)

    console.log
      OTP email would be sent to: prop-test-1772510288406-pnlyrs@example.com

      at sendOTPEmail (app/api/draft/[token]/request-otp/route.ts:37:13)

    console.log
      OTP: 457807

      at sendOTPEmail (app/api/draft/[token]/request-otp/route.ts:38:13)

    console.log
      Expires at: 2026-03-03T04:08:08.467Z

      at sendOTPEmail (app/api/draft/[token]/request-otp/route.ts:39:13)

    console.log
      OTP email would be sent to: prop-test-1772510288408-pfu64c@example.com

      at sendOTPEmail (app/api/draft/[token]/request-otp/route.ts:37:13)

    console.log
      OTP: 319097

      at sendOTPEmail (app/api/draft/[token]/request-otp/route.ts:38:13)

    console.log
      Expires at: 2026-03-03T04:08:08.526Z

      at sendOTPEmail (app/api/draft/[token]/request-otp/route.ts:39:13)

    console.log
      OTP email would be sent to: prop-test-1772510288529-9unp1@example.com

      at sendOTPEmail (app/api/draft/[token]/request-otp/route.ts:37:13)

    console.log
      OTP: 903550

      at sendOTPEmail (app/api/draft/[token]/request-otp/route.ts:38:13)

    console.log
      Expires at: 2026-03-03T04:08:08.587Z

      at sendOTPEmail (app/api/draft/[token]/request-otp/route.ts:39:13)

    console.log
      OTP email would be sent to: prop-test-1772510288530-qfhhe@example.com

      at sendOTPEmail (app/api/draft/[token]/request-otp/route.ts:37:13)

    console.log
      OTP: 456482

      at sendOTPEmail (app/api/draft/[token]/request-otp/route.ts:38:13)

    console.log
      Expires at: 2026-03-03T04:08:08.652Z

      at sendOTPEmail (app/api/draft/[token]/request-otp/route.ts:39:13)

    console.log
      OTP email would be sent to: prop-test-1772510288657-06ph4@example.com

      at sendOTPEmail (app/api/draft/[token]/request-otp/route.ts:37:13)

    console.log
      OTP: 630889

      at sendOTPEmail (app/api/draft/[token]/request-otp/route.ts:38:13)

    console.log
      Expires at: 2026-03-03T04:08:08.717Z

      at sendOTPEmail (app/api/draft/[token]/request-otp/route.ts:39:13)

    console.log
      OTP email would be sent to: prop-test-1772510288656-aqaf5@example.com

      at sendOTPEmail (app/api/draft/[token]/request-otp/route.ts:37:13)

    console.log
      OTP: 851971

      at sendOTPEmail (app/api/draft/[token]/request-otp/route.ts:38:13)

    console.log
      Expires at: 2026-03-03T04:08:08.775Z

      at sendOTPEmail (app/api/draft/[token]/request-otp/route.ts:39:13)

    console.log
      OTP email would be sent to: prop-test-1772510288777-wwd2l@example.com

      at sendOTPEmail (app/api/draft/[token]/request-otp/route.ts:37:13)

    console.log
      OTP: 622872

      at sendOTPEmail (app/api/draft/[token]/request-otp/route.ts:38:13)

    console.log
      Expires at: 2026-03-03T04:08:08.841Z

      at sendOTPEmail (app/api/draft/[token]/request-otp/route.ts:39:13)

    console.log
      OTP email would be sent to: prop-test-1772510288778-yvnowz@example.com

      at sendOTPEmail (app/api/draft/[token]/request-otp/route.ts:37:13)

    console.log
      OTP: 244237

      at sendOTPEmail (app/api/draft/[token]/request-otp/route.ts:38:13)

    console.log
      Expires at: 2026-03-03T04:08:08.903Z

      at sendOTPEmail (app/api/draft/[token]/request-otp/route.ts:39:13)

    console.log
      OTP email would be sent to: prop-test-1772510288908-hqm6gb@example.com

      at sendOTPEmail (app/api/draft/[token]/request-otp/route.ts:37:13)

    console.log
      OTP: 940285

      at sendOTPEmail (app/api/draft/[token]/request-otp/route.ts:38:13)

    console.log
      Expires at: 2026-03-03T04:08:08.967Z

      at sendOTPEmail (app/api/draft/[token]/request-otp/route.ts:39:13)

    console.log
      OTP email would be sent to: prop-test-1772510288909-mqisoa@example.com

      at sendOTPEmail (app/api/draft/[token]/request-otp/route.ts:37:13)

    console.log
      OTP: 147995

      at sendOTPEmail (app/api/draft/[token]/request-otp/route.ts:38:13)

    console.log
      Expires at: 2026-03-03T04:08:09.025Z

      at sendOTPEmail (app/api/draft/[token]/request-otp/route.ts:39:13)

    console.log
      OTP email would be sent to: prop-test-1772510289026-korqoj@example.com

      at sendOTPEmail (app/api/draft/[token]/request-otp/route.ts:37:13)

    console.log
      OTP: 325716

      at sendOTPEmail (app/api/draft/[token]/request-otp/route.ts:38:13)

    console.log
      Expires at: 2026-03-03T04:08:09.090Z

      at sendOTPEmail (app/api/draft/[token]/request-otp/route.ts:39:13)

    console.log
      OTP email would be sent to: prop-test-1772510289029-h9tgmg@example.com

      at sendOTPEmail (app/api/draft/[token]/request-otp/route.ts:37:13)

    console.log
      OTP: 589075

      at sendOTPEmail (app/api/draft/[token]/request-otp/route.ts:38:13)

    console.log
      Expires at: 2026-03-03T04:08:09.150Z

      at sendOTPEmail (app/api/draft/[token]/request-otp/route.ts:39:13)

    console.log
      OTP email would be sent to: prop-test-1772510289220-j8at9@example.com

      at sendOTPEmail (app/api/draft/[token]/request-otp/route.ts:37:13)

    console.log
      OTP: 277757

      at sendOTPEmail (app/api/draft/[token]/request-otp/route.ts:38:13)

    console.log
      Expires at: 2026-03-03T04:08:09.285Z

      at sendOTPEmail (app/api/draft/[token]/request-otp/route.ts:39:13)

    console.log
      OTP email would be sent to: prop-test-1772510289149-wwpxgk@example.com

      at sendOTPEmail (app/api/draft/[token]/request-otp/route.ts:37:13)

    console.log
      OTP: 247666

      at sendOTPEmail (app/api/draft/[token]/request-otp/route.ts:38:13)

    console.log
      Expires at: 2026-03-03T04:08:09.213Z

      at sendOTPEmail (app/api/draft/[token]/request-otp/route.ts:39:13)

    console.log
      OTP email would be sent to: prop-test-1772510289291-5edtzb@example.com

      at sendOTPEmail (app/api/draft/[token]/request-otp/route.ts:37:13)

    console.log
      OTP: 097930

      at sendOTPEmail (app/api/draft/[token]/request-otp/route.ts:38:13)

    console.log
      Expires at: 2026-03-03T04:08:09.355Z

      at sendOTPEmail (app/api/draft/[token]/request-otp/route.ts:39:13)

    console.log
      OTP email would be sent to: prop-test-1772510289292-fvh5ok@example.com

      at sendOTPEmail (app/api/draft/[token]/request-otp/route.ts:37:13)

    console.log
      OTP: 693344

      at sendOTPEmail (app/api/draft/[token]/request-otp/route.ts:38:13)

    console.log
      Expires at: 2026-03-03T04:08:09.415Z

      at sendOTPEmail (app/api/draft/[token]/request-otp/route.ts:39:13)

    console.log
      OTP email would be sent to: prop-test-1772510289418-wd3i2tb@example.com

      at sendOTPEmail (app/api/draft/[token]/request-otp/route.ts:37:13)

    console.log
      OTP: 694911

      at sendOTPEmail (app/api/draft/[token]/request-otp/route.ts:38:13)

    console.log
      Expires at: 2026-03-03T04:08:09.483Z

      at sendOTPEmail (app/api/draft/[token]/request-otp/route.ts:39:13)

    console.log
      OTP email would be sent to: prop-test-1772510289420-6pbmz@example.com

      at sendOTPEmail (app/api/draft/[token]/request-otp/route.ts:37:13)

    console.log
      OTP: 621064

      at sendOTPEmail (app/api/draft/[token]/request-otp/route.ts:38:13)

    console.log
      Expires at: 2026-03-03T04:08:09.549Z

      at sendOTPEmail (app/api/draft/[token]/request-otp/route.ts:39:13)

    console.log
      OTP email would be sent to: prop-test-1772510289550-eg76cr@example.com

      at sendOTPEmail (app/api/draft/[token]/request-otp/route.ts:37:13)

    console.log
      OTP: 701507

      at sendOTPEmail (app/api/draft/[token]/request-otp/route.ts:38:13)

    console.log
      Expires at: 2026-03-03T04:08:09.616Z

      at sendOTPEmail (app/api/draft/[token]/request-otp/route.ts:39:13)

    console.log
      OTP email would be sent to: prop-test-1772510289553-7aridab@example.com

      at sendOTPEmail (app/api/draft/[token]/request-otp/route.ts:37:13)

    console.log
      OTP: 187567

      at sendOTPEmail (app/api/draft/[token]/request-otp/route.ts:38:13)

    console.log
      Expires at: 2026-03-03T04:08:09.679Z

      at sendOTPEmail (app/api/draft/[token]/request-otp/route.ts:39:13)

    console.log
      OTP email would be sent to: prop-test-1772510289677-kiaseb@example.com

      at sendOTPEmail (app/api/draft/[token]/request-otp/route.ts:37:13)

    console.log
      OTP: 441549

      at sendOTPEmail (app/api/draft/[token]/request-otp/route.ts:38:13)

    console.log
      Expires at: 2026-03-03T04:08:09.742Z

      at sendOTPEmail (app/api/draft/[token]/request-otp/route.ts:39:13)

    console.log
      OTP email would be sent to: prop-test-1772510289741-8iepnn@example.com

      at sendOTPEmail (app/api/draft/[token]/request-otp/route.ts:37:13)

    console.log
      OTP: 933719

      at sendOTPEmail (app/api/draft/[token]/request-otp/route.ts:38:13)

    console.log
      Expires at: 2026-03-03T04:08:09.804Z

      at sendOTPEmail (app/api/draft/[token]/request-otp/route.ts:39:13)

    console.log
      OTP email would be sent to: prop-test-1772510289802-xt0rvm@example.com

      at sendOTPEmail (app/api/draft/[token]/request-otp/route.ts:37:13)

    console.log
      OTP: 039286

      at sendOTPEmail (app/api/draft/[token]/request-otp/route.ts:38:13)

    console.log
      Expires at: 2026-03-03T04:08:09.866Z

      at sendOTPEmail (app/api/draft/[token]/request-otp/route.ts:39:13)

    console.log
      OTP email would be sent to: prop-test-1772510289809-ucvhfj@example.com

      at sendOTPEmail (app/api/draft/[token]/request-otp/route.ts:37:13)

    console.log
      OTP: 203282

      at sendOTPEmail (app/api/draft/[token]/request-otp/route.ts:38:13)

    console.log
      Expires at: 2026-03-03T04:08:09.923Z

      at sendOTPEmail (app/api/draft/[token]/request-otp/route.ts:39:13)

    console.log
      OTP email would be sent to: prop-test-1772510289808-00ze8l@example.com

      at sendOTPEmail (app/api/draft/[token]/request-otp/route.ts:37:13)

    console.log
      OTP: 530318

      at sendOTPEmail (app/api/draft/[token]/request-otp/route.ts:38:13)

    console.log
      Expires at: 2026-03-03T04:08:09.981Z

      at sendOTPEmail (app/api/draft/[token]/request-otp/route.ts:39:13)

    console.log
      OTP email would be sent to: prop-test-1772510289923-ngdd2b@example.com

      at sendOTPEmail (app/api/draft/[token]/request-otp/route.ts:37:13)

    console.log
      OTP: 004405

      at sendOTPEmail (app/api/draft/[token]/request-otp/route.ts:38:13)

    console.log
      Expires at: 2026-03-03T04:08:10.040Z

      at sendOTPEmail (app/api/draft/[token]/request-otp/route.ts:39:13)

    console.log
      OTP email would be sent to: prop-test-1772510289984-txj6q@example.com

      at sendOTPEmail (app/api/draft/[token]/request-otp/route.ts:37:13)

    console.log
      OTP: 191705

      at sendOTPEmail (app/api/draft/[token]/request-otp/route.ts:38:13)

    console.log
      Expires at: 2026-03-03T04:08:10.097Z

      at sendOTPEmail (app/api/draft/[token]/request-otp/route.ts:39:13)

    console.log
      OTP email would be sent to: prop-test-1772510290098-3bt4tg@example.com

      at sendOTPEmail (app/api/draft/[token]/request-otp/route.ts:37:13)

    console.log
      OTP: 270034

      at sendOTPEmail (app/api/draft/[token]/request-otp/route.ts:38:13)

    console.log
      Expires at: 2026-03-03T04:08:10.162Z

      at sendOTPEmail (app/api/draft/[token]/request-otp/route.ts:39:13)

    console.log
      OTP email would be sent to: prop-test-1772510290101-dzphc@example.com

      at sendOTPEmail (app/api/draft/[token]/request-otp/route.ts:37:13)

    console.log
      OTP: 375854

      at sendOTPEmail (app/api/draft/[token]/request-otp/route.ts:38:13)

    console.log
      Expires at: 2026-03-03T04:08:10.220Z

      at sendOTPEmail (app/api/draft/[token]/request-otp/route.ts:39:13)

    console.log
      OTP email would be sent to: prop-test-1772510289808-00ze8l@example.com

      at sendOTPEmail (app/api/draft/[token]/request-otp/route.ts:37:13)

    console.log
      OTP: 669248

      at sendOTPEmail (app/api/draft/[token]/request-otp/route.ts:38:13)

    console.log
      Expires at: 2026-03-03T04:08:10.278Z

      at sendOTPEmail (app/api/draft/[token]/request-otp/route.ts:39:13)

    console.log
      OTP email would be sent to: prop-test-1772510290279-a9y5il@example.com

      at sendOTPEmail (app/api/draft/[token]/request-otp/route.ts:37:13)

    console.log
      OTP: 317709

      at sendOTPEmail (app/api/draft/[token]/request-otp/route.ts:38:13)

    console.log
      Expires at: 2026-03-03T04:08:10.335Z

      at sendOTPEmail (app/api/draft/[token]/request-otp/route.ts:39:13)

    console.log
      OTP email would be sent to: prop-test-1772510290280-5mnay7@example.com

      at sendOTPEmail (app/api/draft/[token]/request-otp/route.ts:37:13)

    console.log
      OTP: 310446

      at sendOTPEmail (app/api/draft/[token]/request-otp/route.ts:38:13)

    console.log
      Expires at: 2026-03-03T04:08:10.392Z

      at sendOTPEmail (app/api/draft/[token]/request-otp/route.ts:39:13)

    console.log
      OTP email would be sent to: prop-test-1772510290392-frszn@example.com

      at sendOTPEmail (app/api/draft/[token]/request-otp/route.ts:37:13)

    console.log
      OTP: 484253

      at sendOTPEmail (app/api/draft/[token]/request-otp/route.ts:38:13)

    console.log
      Expires at: 2026-03-03T04:08:10.451Z

      at sendOTPEmail (app/api/draft/[token]/request-otp/route.ts:39:13)

    console.log
      OTP email would be sent to: prop-test-1772510290394-j2o5t2@example.com

      at sendOTPEmail (app/api/draft/[token]/request-otp/route.ts:37:13)

    console.log
      OTP: 104838

      at sendOTPEmail (app/api/draft/[token]/request-otp/route.ts:38:13)

    console.log
      Expires at: 2026-03-03T04:08:10.511Z

      at sendOTPEmail (app/api/draft/[token]/request-otp/route.ts:39:13)

    console.log
      OTP email would be sent to: prop-test-1772510290451-lze7hl@example.com

      at sendOTPEmail (app/api/draft/[token]/request-otp/route.ts:37:13)

    console.log
      OTP: 010739

      at sendOTPEmail (app/api/draft/[token]/request-otp/route.ts:38:13)

    console.log
      Expires at: 2026-03-03T04:08:10.584Z

      at sendOTPEmail (app/api/draft/[token]/request-otp/route.ts:39:13)

    console.log
      OTP email would be sent to: prop-test-1772510290589-43hx9c@example.com

      at sendOTPEmail (app/api/draft/[token]/request-otp/route.ts:37:13)

    console.log
      OTP: 642231

      at sendOTPEmail (app/api/draft/[token]/request-otp/route.ts:38:13)

    console.log
      Expires at: 2026-03-03T04:08:10.658Z

      at sendOTPEmail (app/api/draft/[token]/request-otp/route.ts:39:13)

    console.log
      OTP email would be sent to: prop-test-1772510290591-ysxvht@example.com

      at sendOTPEmail (app/api/draft/[token]/request-otp/route.ts:37:13)

    console.log
      OTP: 589309

      at sendOTPEmail (app/api/draft/[token]/request-otp/route.ts:38:13)

    console.log
      Expires at: 2026-03-03T04:08:10.718Z

      at sendOTPEmail (app/api/draft/[token]/request-otp/route.ts:39:13)

    console.log
      OTP email would be sent to: prop-test-1772510290392-frszn@example.com

      at sendOTPEmail (app/api/draft/[token]/request-otp/route.ts:37:13)

    console.log
      OTP: 530206

      at sendOTPEmail (app/api/draft/[token]/request-otp/route.ts:38:13)

    console.log
      Expires at: 2026-03-03T04:08:10.777Z

      at sendOTPEmail (app/api/draft/[token]/request-otp/route.ts:39:13)

    console.log
      OTP email would be sent to: prop-test-1772510290777-mmar2@example.com

      at sendOTPEmail (app/api/draft/[token]/request-otp/route.ts:37:13)

    console.log
      OTP: 866771

      at sendOTPEmail (app/api/draft/[token]/request-otp/route.ts:38:13)

    console.log
      Expires at: 2026-03-03T04:08:10.836Z

      at sendOTPEmail (app/api/draft/[token]/request-otp/route.ts:39:13)

    console.log
      OTP email would be sent to: prop-test-1772510290779-ftzchh@example.com

      at sendOTPEmail (app/api/draft/[token]/request-otp/route.ts:37:13)

    console.log
      OTP: 425002

      at sendOTPEmail (app/api/draft/[token]/request-otp/route.ts:38:13)

    console.log
      Expires at: 2026-03-03T04:08:10.892Z

      at sendOTPEmail (app/api/draft/[token]/request-otp/route.ts:39:13)

    console.log
      OTP email would be sent to: prop-test-1772510290893-yw1g2f@example.com

      at sendOTPEmail (app/api/draft/[token]/request-otp/route.ts:37:13)

    console.log
      OTP: 350478

      at sendOTPEmail (app/api/draft/[token]/request-otp/route.ts:38:13)

    console.log
      Expires at: 2026-03-03T04:08:10.953Z

      at sendOTPEmail (app/api/draft/[token]/request-otp/route.ts:39:13)

    console.log
      OTP email would be sent to: prop-test-1772510290895-iez1c@example.com

      at sendOTPEmail (app/api/draft/[token]/request-otp/route.ts:37:13)

    console.log
      OTP: 862416

      at sendOTPEmail (app/api/draft/[token]/request-otp/route.ts:38:13)

    console.log
      Expires at: 2026-03-03T04:08:11.014Z

      at sendOTPEmail (app/api/draft/[token]/request-otp/route.ts:39:13)

    console.log
      OTP email would be sent to: prop-test-1772510290952-1amoi@example.com

      at sendOTPEmail (app/api/draft/[token]/request-otp/route.ts:37:13)

    console.log
      OTP: 878609

      at sendOTPEmail (app/api/draft/[token]/request-otp/route.ts:38:13)

    console.log
      Expires at: 2026-03-03T04:08:11.075Z

      at sendOTPEmail (app/api/draft/[token]/request-otp/route.ts:39:13)

    console.log
      OTP email would be sent to: prop-test-1772510291078-rkx2it@example.com

      at sendOTPEmail (app/api/draft/[token]/request-otp/route.ts:37:13)

    console.log
      OTP: 827516

      at sendOTPEmail (app/api/draft/[token]/request-otp/route.ts:38:13)

    console.log
      Expires at: 2026-03-03T04:08:11.138Z

      at sendOTPEmail (app/api/draft/[token]/request-otp/route.ts:39:13)

    console.log
      OTP email would be sent to: prop-test-1772510291080-mk4qds@example.com

      at sendOTPEmail (app/api/draft/[token]/request-otp/route.ts:37:13)

    console.log
      OTP: 639870

      at sendOTPEmail (app/api/draft/[token]/request-otp/route.ts:38:13)

    console.log
      Expires at: 2026-03-03T04:08:11.194Z

      at sendOTPEmail (app/api/draft/[token]/request-otp/route.ts:39:13)

    console.log
      OTP email would be sent to: prop-test-1772510290893-yw1g2f@example.com

      at sendOTPEmail (app/api/draft/[token]/request-otp/route.ts:37:13)

    console.log
      OTP: 063412

      at sendOTPEmail (app/api/draft/[token]/request-otp/route.ts:38:13)

    console.log
      Expires at: 2026-03-03T04:08:11.252Z

      at sendOTPEmail (app/api/draft/[token]/request-otp/route.ts:39:13)

    console.log
      OTP email would be sent to: prop-test-1772510291250-6frjxn@example.com

      at sendOTPEmail (app/api/draft/[token]/request-otp/route.ts:37:13)

    console.log
      OTP: 782546

      at sendOTPEmail (app/api/draft/[token]/request-otp/route.ts:38:13)

    console.log
      Expires at: 2026-03-03T04:08:11.311Z

      at sendOTPEmail (app/api/draft/[token]/request-otp/route.ts:39:13)

    console.log
      OTP email would be sent to: prop-test-1772510291257-hzfo9k@example.com

      at sendOTPEmail (app/api/draft/[token]/request-otp/route.ts:37:13)

    console.log
      OTP: 392262

      at sendOTPEmail (app/api/draft/[token]/request-otp/route.ts:38:13)

    console.log
      Expires at: 2026-03-03T04:08:11.368Z

      at sendOTPEmail (app/api/draft/[token]/request-otp/route.ts:39:13)

    console.log
      OTP email would be sent to: prop-test-1772510291368-ipn26r@example.com

      at sendOTPEmail (app/api/draft/[token]/request-otp/route.ts:37:13)

    console.log
      OTP: 862423

      at sendOTPEmail (app/api/draft/[token]/request-otp/route.ts:38:13)

    console.log
      Expires at: 2026-03-03T04:08:11.428Z

      at sendOTPEmail (app/api/draft/[token]/request-otp/route.ts:39:13)

    console.log
      OTP email would be sent to: prop-test-1772510291370-jwfgj@example.com

      at sendOTPEmail (app/api/draft/[token]/request-otp/route.ts:37:13)

    console.log
      OTP: 062835

      at sendOTPEmail (app/api/draft/[token]/request-otp/route.ts:38:13)

    console.log
      Expires at: 2026-03-03T04:08:11.484Z

      at sendOTPEmail (app/api/draft/[token]/request-otp/route.ts:39:13)

    console.log
      OTP email would be sent to: prop-test-1772510291372-fzsbap@example.com

      at sendOTPEmail (app/api/draft/[token]/request-otp/route.ts:37:13)

    console.log
      OTP: 848204

      at sendOTPEmail (app/api/draft/[token]/request-otp/route.ts:38:13)

    console.log
      Expires at: 2026-03-03T04:08:11.542Z

      at sendOTPEmail (app/api/draft/[token]/request-otp/route.ts:39:13)

    console.log
      OTP email would be sent to: prop-test-1772510291543-yb1l3c@example.com

      at sendOTPEmail (app/api/draft/[token]/request-otp/route.ts:37:13)

    console.log
      OTP: 330134

      at sendOTPEmail (app/api/draft/[token]/request-otp/route.ts:38:13)

    console.log
      Expires at: 2026-03-03T04:08:11.598Z

      at sendOTPEmail (app/api/draft/[token]/request-otp/route.ts:39:13)

    console.log
      OTP email would be sent to: prop-test-1772510291545-c1m7q9@example.com

      at sendOTPEmail (app/api/draft/[token]/request-otp/route.ts:37:13)

    console.log
      OTP: 821168

      at sendOTPEmail (app/api/draft/[token]/request-otp/route.ts:38:13)

    console.log
      Expires at: 2026-03-03T04:08:11.654Z

      at sendOTPEmail (app/api/draft/[token]/request-otp/route.ts:39:13)

    console.log
      OTP email would be sent to: prop-test-1772510291370-jwfgj@example.com

      at sendOTPEmail (app/api/draft/[token]/request-otp/route.ts:37:13)

    console.log
      OTP: 341744

      at sendOTPEmail (app/api/draft/[token]/request-otp/route.ts:38:13)

    console.log
      Expires at: 2026-03-03T04:08:11.708Z

      at sendOTPEmail (app/api/draft/[token]/request-otp/route.ts:39:13)

    console.log
      OTP email would be sent to: prop-test-1772510291655-yk25jf@example.com

      at sendOTPEmail (app/api/draft/[token]/request-otp/route.ts:37:13)

    console.log
      OTP: 694582

      at sendOTPEmail (app/api/draft/[token]/request-otp/route.ts:38:13)

    console.log
      Expires at: 2026-03-03T04:08:11.765Z

      at sendOTPEmail (app/api/draft/[token]/request-otp/route.ts:39:13)

    console.log
      OTP email would be sent to: prop-test-1772510291765-4g1g7@example.com

      at sendOTPEmail (app/api/draft/[token]/request-otp/route.ts:37:13)

    console.log
      OTP: 495011

      at sendOTPEmail (app/api/draft/[token]/request-otp/route.ts:38:13)

    console.log
      Expires at: 2026-03-03T04:08:11.825Z

      at sendOTPEmail (app/api/draft/[token]/request-otp/route.ts:39:13)

    console.log
      OTP email would be sent to: prop-test-1772510291771-viiu0c@example.com

      at sendOTPEmail (app/api/draft/[token]/request-otp/route.ts:37:13)

    console.log
      OTP: 704977

      at sendOTPEmail (app/api/draft/[token]/request-otp/route.ts:38:13)

    console.log
      Expires at: 2026-03-03T04:08:11.881Z

      at sendOTPEmail (app/api/draft/[token]/request-otp/route.ts:39:13)

    console.log
      OTP email would be sent to: prop-test-1772510291882-08wo83@example.com

      at sendOTPEmail (app/api/draft/[token]/request-otp/route.ts:37:13)

    console.log
      OTP: 216554

      at sendOTPEmail (app/api/draft/[token]/request-otp/route.ts:38:13)

    console.log
      Expires at: 2026-03-03T04:08:11.989Z

      at sendOTPEmail (app/api/draft/[token]/request-otp/route.ts:39:13)

    console.log
      OTP email would be sent to: prop-test-1772510291882-l0a2kl@example.com

      at sendOTPEmail (app/api/draft/[token]/request-otp/route.ts:37:13)

    console.log
      OTP: 059554

      at sendOTPEmail (app/api/draft/[token]/request-otp/route.ts:38:13)

    console.log
      Expires at: 2026-03-03T04:08:11.989Z

      at sendOTPEmail (app/api/draft/[token]/request-otp/route.ts:39:13)

    console.log
      OTP email would be sent to: prop-test-1772510291884-aoepvi@example.com

      at sendOTPEmail (app/api/draft/[token]/request-otp/route.ts:37:13)

    console.log
      OTP: 251185

      at sendOTPEmail (app/api/draft/[token]/request-otp/route.ts:38:13)

    console.log
      Expires at: 2026-03-03T04:08:12.045Z

      at sendOTPEmail (app/api/draft/[token]/request-otp/route.ts:39:13)

    console.log
      OTP email would be sent to: prop-test-1772510292045-yfsvsw@example.com

      at sendOTPEmail (app/api/draft/[token]/request-otp/route.ts:37:13)

    console.log
      OTP: 415388

      at sendOTPEmail (app/api/draft/[token]/request-otp/route.ts:38:13)

    console.log
      Expires at: 2026-03-03T04:08:12.103Z

      at sendOTPEmail (app/api/draft/[token]/request-otp/route.ts:39:13)

    console.log
      OTP email would be sent to: prop-test-1772510292049-asz6yh@example.com

      at sendOTPEmail (app/api/draft/[token]/request-otp/route.ts:37:13)

    console.log
      OTP: 571967

      at sendOTPEmail (app/api/draft/[token]/request-otp/route.ts:38:13)

    console.log
      Expires at: 2026-03-03T04:08:12.212Z

      at sendOTPEmail (app/api/draft/[token]/request-otp/route.ts:39:13)

    console.log
      OTP email would be sent to: prop-test-1772510291882-l0a2kl@example.com

      at sendOTPEmail (app/api/draft/[token]/request-otp/route.ts:37:13)

    console.log
      OTP: 059015

      at sendOTPEmail (app/api/draft/[token]/request-otp/route.ts:38:13)

    console.log
      Expires at: 2026-03-03T04:08:12.212Z

      at sendOTPEmail (app/api/draft/[token]/request-otp/route.ts:39:13)

    console.log
      OTP email would be sent to: prop-test-1772510292215-ru86p@example.com

      at sendOTPEmail (app/api/draft/[token]/request-otp/route.ts:37:13)

    console.log
      OTP: 091529

      at sendOTPEmail (app/api/draft/[token]/request-otp/route.ts:38:13)

    console.log
      Expires at: 2026-03-03T04:08:12.271Z

      at sendOTPEmail (app/api/draft/[token]/request-otp/route.ts:39:13)

    console.log
      OTP email would be sent to: prop-test-1772510292217-h620af@example.com

      at sendOTPEmail (app/api/draft/[token]/request-otp/route.ts:37:13)

    console.log
      OTP: 230649

      at sendOTPEmail (app/api/draft/[token]/request-otp/route.ts:38:13)

    console.log
      Expires at: 2026-03-03T04:08:12.325Z

      at sendOTPEmail (app/api/draft/[token]/request-otp/route.ts:39:13)

    console.log
      OTP email would be sent to: prop-test-1772510292326-1svp85@example.com

      at sendOTPEmail (app/api/draft/[token]/request-otp/route.ts:37:13)

    console.log
      OTP: 015544

      at sendOTPEmail (app/api/draft/[token]/request-otp/route.ts:38:13)

    console.log
      Expires at: 2026-03-03T04:08:12.382Z

      at sendOTPEmail (app/api/draft/[token]/request-otp/route.ts:39:13)

    console.log
      OTP email would be sent to: prop-test-1772510292328-l6psuy@example.com

      at sendOTPEmail (app/api/draft/[token]/request-otp/route.ts:37:13)

    console.log
      OTP: 227907

      at sendOTPEmail (app/api/draft/[token]/request-otp/route.ts:38:13)

    console.log
      Expires at: 2026-03-03T04:08:12.438Z

      at sendOTPEmail (app/api/draft/[token]/request-otp/route.ts:39:13)

    console.log
      OTP email would be sent to: prop-test-1772510292329-a4pugs@example.com

      at sendOTPEmail (app/api/draft/[token]/request-otp/route.ts:37:13)

    console.log
      OTP: 973293

      at sendOTPEmail (app/api/draft/[token]/request-otp/route.ts:38:13)

    console.log
      Expires at: 2026-03-03T04:08:12.491Z

      at sendOTPEmail (app/api/draft/[token]/request-otp/route.ts:39:13)

    console.log
      OTP email would be sent to: prop-test-1772510292438-vtcenk@example.com

      at sendOTPEmail (app/api/draft/[token]/request-otp/route.ts:37:13)

    console.log
      OTP: 024540

      at sendOTPEmail (app/api/draft/[token]/request-otp/route.ts:38:13)

    console.log
      Expires at: 2026-03-03T04:08:12.545Z

      at sendOTPEmail (app/api/draft/[token]/request-otp/route.ts:39:13)

    console.log
      OTP email would be sent to: prop-test-1772510292545-drzn6x@example.com

      at sendOTPEmail (app/api/draft/[token]/request-otp/route.ts:37:13)

    console.log
      OTP: 669133

      at sendOTPEmail (app/api/draft/[token]/request-otp/route.ts:38:13)

    console.log
      Expires at: 2026-03-03T04:08:12.604Z

      at sendOTPEmail (app/api/draft/[token]/request-otp/route.ts:39:13)

    console.log
      OTP email would be sent to: prop-test-1772510292545-i704ov@example.com

      at sendOTPEmail (app/api/draft/[token]/request-otp/route.ts:37:13)

    console.log
      OTP: 948775

      at sendOTPEmail (app/api/draft/[token]/request-otp/route.ts:38:13)

    console.log
      Expires at: 2026-03-03T04:08:12.664Z

      at sendOTPEmail (app/api/draft/[token]/request-otp/route.ts:39:13)

    console.log
      OTP email would be sent to: prop-test-1772510292549-fvwsg@example.com

      at sendOTPEmail (app/api/draft/[token]/request-otp/route.ts:37:13)

    console.log
      OTP: 939669

      at sendOTPEmail (app/api/draft/[token]/request-otp/route.ts:38:13)

    console.log
      Expires at: 2026-03-03T04:08:12.721Z

      at sendOTPEmail (app/api/draft/[token]/request-otp/route.ts:39:13)

    console.log
      OTP email would be sent to: prop-test-1772510292719-u1yg7b@example.com

      at sendOTPEmail (app/api/draft/[token]/request-otp/route.ts:37:13)

    console.log
      OTP: 726482

      at sendOTPEmail (app/api/draft/[token]/request-otp/route.ts:38:13)

    console.log
      Expires at: 2026-03-03T04:08:12.778Z

      at sendOTPEmail (app/api/draft/[token]/request-otp/route.ts:39:13)

    console.log
      OTP email would be sent to: prop-test-1772510292724-6hm5tn@example.com

      at sendOTPEmail (app/api/draft/[token]/request-otp/route.ts:37:13)

    console.log
      OTP: 912144

      at sendOTPEmail (app/api/draft/[token]/request-otp/route.ts:38:13)

    console.log
      Expires at: 2026-03-03T04:08:12.835Z

      at sendOTPEmail (app/api/draft/[token]/request-otp/route.ts:39:13)

    console.log
      OTP email would be sent to: prop-test-1772510292778-h7pkha@example.com

      at sendOTPEmail (app/api/draft/[token]/request-otp/route.ts:37:13)

    console.log
      OTP: 280080

      at sendOTPEmail (app/api/draft/[token]/request-otp/route.ts:38:13)

    console.log
      Expires at: 2026-03-03T04:08:12.898Z

      at sendOTPEmail (app/api/draft/[token]/request-otp/route.ts:39:13)

    console.log
      OTP email would be sent to: prop-test-1772510292834-xo7hj@example.com

      at sendOTPEmail (app/api/draft/[token]/request-otp/route.ts:37:13)

    console.log
      OTP: 714513

      at sendOTPEmail (app/api/draft/[token]/request-otp/route.ts:38:13)

    console.log
      Expires at: 2026-03-03T04:08:12.955Z

      at sendOTPEmail (app/api/draft/[token]/request-otp/route.ts:39:13)

    console.log
      OTP email would be sent to: prop-test-1772510292900-jtzye@example.com

      at sendOTPEmail (app/api/draft/[token]/request-otp/route.ts:37:13)

    console.log
      OTP: 149215

      at sendOTPEmail (app/api/draft/[token]/request-otp/route.ts:38:13)

    console.log
      Expires at: 2026-03-03T04:08:13.010Z

      at sendOTPEmail (app/api/draft/[token]/request-otp/route.ts:39:13)

    console.log
      OTP email would be sent to: prop-test-1772510292957-6umcyd@example.com

      at sendOTPEmail (app/api/draft/[token]/request-otp/route.ts:37:13)

    console.log
      OTP: 396373

      at sendOTPEmail (app/api/draft/[token]/request-otp/route.ts:38:13)

    console.log
      Expires at: 2026-03-03T04:08:13.066Z

      at sendOTPEmail (app/api/draft/[token]/request-otp/route.ts:39:13)

    console.log
      OTP email would be sent to: prop-test-1772510293009-bkwafs@example.com

      at sendOTPEmail (app/api/draft/[token]/request-otp/route.ts:37:13)

    console.log
      OTP: 556682

      at sendOTPEmail (app/api/draft/[token]/request-otp/route.ts:38:13)

    console.log
      Expires at: 2026-03-03T04:08:13.119Z

      at sendOTPEmail (app/api/draft/[token]/request-otp/route.ts:39:13)

    console.log
      OTP email would be sent to: prop-test-1772510293065-4gp8ur@example.com

      at sendOTPEmail (app/api/draft/[token]/request-otp/route.ts:37:13)

    console.log
      OTP: 345688

      at sendOTPEmail (app/api/draft/[token]/request-otp/route.ts:38:13)

    console.log
      Expires at: 2026-03-03T04:08:13.178Z

      at sendOTPEmail (app/api/draft/[token]/request-otp/route.ts:39:13)

    console.log
      OTP email would be sent to: prop-test-1772510293124-90smjq@example.com

      at sendOTPEmail (app/api/draft/[token]/request-otp/route.ts:37:13)

    console.log
      OTP: 577124

      at sendOTPEmail (app/api/draft/[token]/request-otp/route.ts:38:13)

    console.log
      Expires at: 2026-03-03T04:08:13.232Z

      at sendOTPEmail (app/api/draft/[token]/request-otp/route.ts:39:13)

    console.log
      OTP email would be sent to: prop-test-1772510293232-oxfmdv@example.com

      at sendOTPEmail (app/api/draft/[token]/request-otp/route.ts:37:13)

    console.log
      OTP: 412205

      at sendOTPEmail (app/api/draft/[token]/request-otp/route.ts:38:13)

    console.log
      Expires at: 2026-03-03T04:08:13.288Z

      at sendOTPEmail (app/api/draft/[token]/request-otp/route.ts:39:13)

    console.log
      OTP email would be sent to: prop-test-1772510293233-wuymzc@example.com

      at sendOTPEmail (app/api/draft/[token]/request-otp/route.ts:37:13)

    console.log
      OTP: 401772

      at sendOTPEmail (app/api/draft/[token]/request-otp/route.ts:38:13)

    console.log
      Expires at: 2026-03-03T04:08:13.342Z

      at sendOTPEmail (app/api/draft/[token]/request-otp/route.ts:39:13)

    console.log
      OTP email would be sent to: prop-test-1772510293343-0d439b@example.com

      at sendOTPEmail (app/api/draft/[token]/request-otp/route.ts:37:13)

    console.log
      OTP: 299879

      at sendOTPEmail (app/api/draft/[token]/request-otp/route.ts:38:13)

    console.log
      Expires at: 2026-03-03T04:08:13.397Z

      at sendOTPEmail (app/api/draft/[token]/request-otp/route.ts:39:13)

    console.log
      OTP email would be sent to: prop-test-1772510293343-dj9ww4@example.com

      at sendOTPEmail (app/api/draft/[token]/request-otp/route.ts:37:13)

    console.log
      OTP: 003023

      at sendOTPEmail (app/api/draft/[token]/request-otp/route.ts:38:13)

    console.log
      Expires at: 2026-03-03T04:08:13.450Z

      at sendOTPEmail (app/api/draft/[token]/request-otp/route.ts:39:13)

    console.log
      OTP email would be sent to: prop-test-1772510293344-o4j8as@example.com

      at sendOTPEmail (app/api/draft/[token]/request-otp/route.ts:37:13)

    console.log
      OTP: 320569

      at sendOTPEmail (app/api/draft/[token]/request-otp/route.ts:38:13)

    console.log
      Expires at: 2026-03-03T04:08:13.504Z

      at sendOTPEmail (app/api/draft/[token]/request-otp/route.ts:39:13)

    console.log
      OTP email would be sent to: prop-test-1772510293504-g34dma@example.com

      at sendOTPEmail (app/api/draft/[token]/request-otp/route.ts:37:13)

    console.log
      OTP: 204755

      at sendOTPEmail (app/api/draft/[token]/request-otp/route.ts:38:13)

    console.log
      Expires at: 2026-03-03T04:08:13.563Z

      at sendOTPEmail (app/api/draft/[token]/request-otp/route.ts:39:13)

    console.log
      OTP email would be sent to: prop-test-1772510293506-geuf8@example.com

      at sendOTPEmail (app/api/draft/[token]/request-otp/route.ts:37:13)

    console.log
      OTP: 654228

      at sendOTPEmail (app/api/draft/[token]/request-otp/route.ts:38:13)

    console.log
      Expires at: 2026-03-03T04:08:13.616Z

      at sendOTPEmail (app/api/draft/[token]/request-otp/route.ts:39:13)

    console.log
      OTP email would be sent to: prop-test-1772510293507-439mb@example.com

      at sendOTPEmail (app/api/draft/[token]/request-otp/route.ts:37:13)

    console.log
      OTP: 008595

      at sendOTPEmail (app/api/draft/[token]/request-otp/route.ts:38:13)

    console.log
      Expires at: 2026-03-03T04:08:13.669Z

      at sendOTPEmail (app/api/draft/[token]/request-otp/route.ts:39:13)

    console.log
      OTP email would be sent to: prop-test-1772510293668-k1t5vk@example.com

      at sendOTPEmail (app/api/draft/[token]/request-otp/route.ts:37:13)

    console.log
      OTP: 404333

      at sendOTPEmail (app/api/draft/[token]/request-otp/route.ts:38:13)

    console.log
      Expires at: 2026-03-03T04:08:13.726Z

      at sendOTPEmail (app/api/draft/[token]/request-otp/route.ts:39:13)

    console.log
      OTP email would be sent to: prop-test-1772510293671-874qth@example.com

      at sendOTPEmail (app/api/draft/[token]/request-otp/route.ts:37:13)

    console.log
      OTP: 561024

      at sendOTPEmail (app/api/draft/[token]/request-otp/route.ts:38:13)

    console.log
      Expires at: 2026-03-03T04:08:13.784Z

      at sendOTPEmail (app/api/draft/[token]/request-otp/route.ts:39:13)

    console.log
      OTP email would be sent to: prop-test-1772510293725-ehlf5@example.com

      at sendOTPEmail (app/api/draft/[token]/request-otp/route.ts:37:13)

    console.log
      OTP: 066159

      at sendOTPEmail (app/api/draft/[token]/request-otp/route.ts:38:13)

    console.log
      Expires at: 2026-03-03T04:08:13.838Z

      at sendOTPEmail (app/api/draft/[token]/request-otp/route.ts:39:13)

    console.log
      OTP email would be sent to: prop-test-1772510293784-srpo0c@example.com

      at sendOTPEmail (app/api/draft/[token]/request-otp/route.ts:37:13)

    console.log
      OTP: 289101

      at sendOTPEmail (app/api/draft/[token]/request-otp/route.ts:38:13)

    console.log
      Expires at: 2026-03-03T04:08:13.894Z

      at sendOTPEmail (app/api/draft/[token]/request-otp/route.ts:39:13)

    console.log
      OTP email would be sent to: prop-test-1772510293841-fcl6p6@example.com

      at sendOTPEmail (app/api/draft/[token]/request-otp/route.ts:37:13)

    console.log
      OTP: 718073

      at sendOTPEmail (app/api/draft/[token]/request-otp/route.ts:38:13)

    console.log
      Expires at: 2026-03-03T04:08:13.951Z

      at sendOTPEmail (app/api/draft/[token]/request-otp/route.ts:39:13)

    console.log
      OTP email would be sent to: prop-test-1772510293896-9jypok@example.com

      at sendOTPEmail (app/api/draft/[token]/request-otp/route.ts:37:13)

    console.log
      OTP: 691559

      at sendOTPEmail (app/api/draft/[token]/request-otp/route.ts:38:13)

    console.log
      Expires at: 2026-03-03T04:08:14.009Z

      at sendOTPEmail (app/api/draft/[token]/request-otp/route.ts:39:13)

    console.log
      OTP email would be sent to: prop-test-1772510294010-d2zb2o@example.com

      at sendOTPEmail (app/api/draft/[token]/request-otp/route.ts:37:13)

    console.log
      OTP: 485744

      at sendOTPEmail (app/api/draft/[token]/request-otp/route.ts:38:13)

    console.log
      Expires at: 2026-03-03T04:08:14.119Z

      at sendOTPEmail (app/api/draft/[token]/request-otp/route.ts:39:13)

    console.log
      OTP email would be sent to: prop-test-1772510294011-l3hucj@example.com

      at sendOTPEmail (app/api/draft/[token]/request-otp/route.ts:37:13)

    console.log
      OTP: 410284

      at sendOTPEmail (app/api/draft/[token]/request-otp/route.ts:38:13)

    console.log
      Expires at: 2026-03-03T04:08:14.119Z

      at sendOTPEmail (app/api/draft/[token]/request-otp/route.ts:39:13)

    console.log
      OTP email would be sent to: prop-test-1772510294011-41grog@example.com

      at sendOTPEmail (app/api/draft/[token]/request-otp/route.ts:37:13)

    console.log
      OTP: 293455

      at sendOTPEmail (app/api/draft/[token]/request-otp/route.ts:38:13)

    console.log
      Expires at: 2026-03-03T04:08:14.174Z

      at sendOTPEmail (app/api/draft/[token]/request-otp/route.ts:39:13)

    console.log
      OTP email would be sent to: prop-test-1772510294176-ozquon@example.com

      at sendOTPEmail (app/api/draft/[token]/request-otp/route.ts:37:13)

    console.log
      OTP: 585033

      at sendOTPEmail (app/api/draft/[token]/request-otp/route.ts:38:13)

    console.log
      Expires at: 2026-03-03T04:08:14.283Z

      at sendOTPEmail (app/api/draft/[token]/request-otp/route.ts:39:13)

    console.log
      OTP email would be sent to: prop-test-1772510294176-57gbne@example.com

      at sendOTPEmail (app/api/draft/[token]/request-otp/route.ts:37:13)

    console.log
      OTP: 034514

      at sendOTPEmail (app/api/draft/[token]/request-otp/route.ts:38:13)

    console.log
      Expires at: 2026-03-03T04:08:14.283Z

      at sendOTPEmail (app/api/draft/[token]/request-otp/route.ts:39:13)

    console.log
      OTP email would be sent to: prop-test-1772510294177-oa068d@example.com

      at sendOTPEmail (app/api/draft/[token]/request-otp/route.ts:37:13)

    console.log
      OTP: 342865

      at sendOTPEmail (app/api/draft/[token]/request-otp/route.ts:38:13)

    console.log
      Expires at: 2026-03-03T04:08:14.340Z

      at sendOTPEmail (app/api/draft/[token]/request-otp/route.ts:39:13)

    console.log
      OTP email would be sent to: prop-test-1772510294340-0x9aj@example.com

      at sendOTPEmail (app/api/draft/[token]/request-otp/route.ts:37:13)

    console.log
      OTP: 740148

      at sendOTPEmail (app/api/draft/[token]/request-otp/route.ts:38:13)

    console.log
      Expires at: 2026-03-03T04:08:14.398Z

      at sendOTPEmail (app/api/draft/[token]/request-otp/route.ts:39:13)

    console.log
      OTP email would be sent to: prop-test-1772510294341-hsolf@example.com

      at sendOTPEmail (app/api/draft/[token]/request-otp/route.ts:37:13)

    console.log
      OTP: 589564

      at sendOTPEmail (app/api/draft/[token]/request-otp/route.ts:38:13)

    console.log
      Expires at: 2026-03-03T04:08:14.454Z

      at sendOTPEmail (app/api/draft/[token]/request-otp/route.ts:39:13)

    console.log
      OTP email would be sent to: prop-test-1772510294344-x8pd1@example.com

      at sendOTPEmail (app/api/draft/[token]/request-otp/route.ts:37:13)

    console.log
      OTP: 934067

      at sendOTPEmail (app/api/draft/[token]/request-otp/route.ts:38:13)

    console.log
      Expires at: 2026-03-03T04:08:14.510Z

      at sendOTPEmail (app/api/draft/[token]/request-otp/route.ts:39:13)

    console.log
      OTP email would be sent to: prop-test-1772510294509-sjj7cj@example.com

      at sendOTPEmail (app/api/draft/[token]/request-otp/route.ts:37:13)

    console.log
      OTP: 987703

      at sendOTPEmail (app/api/draft/[token]/request-otp/route.ts:38:13)

    console.log
      Expires at: 2026-03-03T04:08:14.566Z

      at sendOTPEmail (app/api/draft/[token]/request-otp/route.ts:39:13)

    console.log
      OTP email would be sent to: prop-test-1772510294512-rpmdh@example.com

      at sendOTPEmail (app/api/draft/[token]/request-otp/route.ts:37:13)

    console.log
      OTP: 375586

      at sendOTPEmail (app/api/draft/[token]/request-otp/route.ts:38:13)

    console.log
      Expires at: 2026-03-03T04:08:14.622Z

      at sendOTPEmail (app/api/draft/[token]/request-otp/route.ts:39:13)

    console.log
      OTP email would be sent to: prop-test-1772510294565-ftmxk@example.com

      at sendOTPEmail (app/api/draft/[token]/request-otp/route.ts:37:13)

    console.log
      OTP: 381851

      at sendOTPEmail (app/api/draft/[token]/request-otp/route.ts:38:13)

    console.log
      Expires at: 2026-03-03T04:08:14.676Z

      at sendOTPEmail (app/api/draft/[token]/request-otp/route.ts:39:13)

    console.log
      OTP email would be sent to: prop-test-1772510294675-smvxsvw@example.com

      at sendOTPEmail (app/api/draft/[token]/request-otp/route.ts:37:13)

    console.log
      OTP: 939503

      at sendOTPEmail (app/api/draft/[token]/request-otp/route.ts:38:13)

    console.log
      Expires at: 2026-03-03T04:08:14.732Z

      at sendOTPEmail (app/api/draft/[token]/request-otp/route.ts:39:13)

    console.log
      OTP email would be sent to: prop-test-1772510294680-m8y6go@example.com

      at sendOTPEmail (app/api/draft/[token]/request-otp/route.ts:37:13)

    console.log
      OTP: 832791

      at sendOTPEmail (app/api/draft/[token]/request-otp/route.ts:38:13)

    console.log
      Expires at: 2026-03-03T04:08:14.789Z

      at sendOTPEmail (app/api/draft/[token]/request-otp/route.ts:39:13)

    console.log
      OTP email would be sent to: prop-test-1772510294732-1s3j9r@example.com

      at sendOTPEmail (app/api/draft/[token]/request-otp/route.ts:37:13)

    console.log
      OTP: 575993

      at sendOTPEmail (app/api/draft/[token]/request-otp/route.ts:38:13)

    console.log
      Expires at: 2026-03-03T04:08:14.844Z

      at sendOTPEmail (app/api/draft/[token]/request-otp/route.ts:39:13)

    console.log
      OTP email would be sent to: prop-test-1772510294790-5dklo8@example.com

      at sendOTPEmail (app/api/draft/[token]/request-otp/route.ts:37:13)

    console.log
      OTP: 995578

      at sendOTPEmail (app/api/draft/[token]/request-otp/route.ts:38:13)

    console.log
      Expires at: 2026-03-03T04:08:14.899Z

      at sendOTPEmail (app/api/draft/[token]/request-otp/route.ts:39:13)

    console.log
      OTP email would be sent to: prop-test-1772510294845-d0vr4@example.com

      at sendOTPEmail (app/api/draft/[token]/request-otp/route.ts:37:13)

    console.log
      OTP: 208474

      at sendOTPEmail (app/api/draft/[token]/request-otp/route.ts:38:13)

    console.log
      Expires at: 2026-03-03T04:08:14.955Z

      at sendOTPEmail (app/api/draft/[token]/request-otp/route.ts:39:13)

    console.log
      OTP email would be sent to: prop-test-1772510294957-c1xmcq@example.com

      at sendOTPEmail (app/api/draft/[token]/request-otp/route.ts:37:13)

    console.log
      OTP: 299697

      at sendOTPEmail (app/api/draft/[token]/request-otp/route.ts:38:13)

    console.log
      Expires at: 2026-03-03T04:08:15.018Z

      at sendOTPEmail (app/api/draft/[token]/request-otp/route.ts:39:13)

    console.log
      OTP email would be sent to: prop-test-1772510294956-enzew@example.com

      at sendOTPEmail (app/api/draft/[token]/request-otp/route.ts:37:13)

    console.log
      OTP: 513913

      at sendOTPEmail (app/api/draft/[token]/request-otp/route.ts:38:13)

    console.log
      Expires at: 2026-03-03T04:08:15.076Z

      at sendOTPEmail (app/api/draft/[token]/request-otp/route.ts:39:13)

    console.log
      OTP email would be sent to: prop-test-1772510294958-i63fh5@example.com

      at sendOTPEmail (app/api/draft/[token]/request-otp/route.ts:37:13)

    console.log
      OTP: 472469

      at sendOTPEmail (app/api/draft/[token]/request-otp/route.ts:38:13)

    console.log
      Expires at: 2026-03-03T04:08:15.140Z

      at sendOTPEmail (app/api/draft/[token]/request-otp/route.ts:39:13)

    console.log
      OTP email would be sent to: prop-test-1772510295139-503np@example.com

      at sendOTPEmail (app/api/draft/[token]/request-otp/route.ts:37:13)

    console.log
      OTP: 634900

      at sendOTPEmail (app/api/draft/[token]/request-otp/route.ts:38:13)

    console.log
      Expires at: 2026-03-03T04:08:15.198Z

      at sendOTPEmail (app/api/draft/[token]/request-otp/route.ts:39:13)

    console.log
      OTP email would be sent to: prop-test-1772510295142-4dlvrb@example.com

      at sendOTPEmail (app/api/draft/[token]/request-otp/route.ts:37:13)

    console.log
      OTP: 616615

      at sendOTPEmail (app/api/draft/[token]/request-otp/route.ts:38:13)

    console.log
      Expires at: 2026-03-03T04:08:15.256Z

      at sendOTPEmail (app/api/draft/[token]/request-otp/route.ts:39:13)

    console.log
      OTP email would be sent to: prop-test-1772510295197-rk4v7k@example.com

      at sendOTPEmail (app/api/draft/[token]/request-otp/route.ts:37:13)

    console.log
      OTP: 766273

      at sendOTPEmail (app/api/draft/[token]/request-otp/route.ts:38:13)

    console.log
      Expires at: 2026-03-03T04:08:15.309Z

      at sendOTPEmail (app/api/draft/[token]/request-otp/route.ts:39:13)

    console.log
      OTP email would be sent to: prop-test-1772510295257-mqe6n@example.com

      at sendOTPEmail (app/api/draft/[token]/request-otp/route.ts:37:13)

    console.log
      OTP: 259196

      at sendOTPEmail (app/api/draft/[token]/request-otp/route.ts:38:13)

    console.log
      Expires at: 2026-03-03T04:08:15.366Z

      at sendOTPEmail (app/api/draft/[token]/request-otp/route.ts:39:13)

    console.log
      OTP email would be sent to: prop-test-1772510295365-wjs9mu@example.com

      at sendOTPEmail (app/api/draft/[token]/request-otp/route.ts:37:13)

    console.log
      OTP: 482326

      at sendOTPEmail (app/api/draft/[token]/request-otp/route.ts:38:13)

    console.log
      Expires at: 2026-03-03T04:08:15.422Z

      at sendOTPEmail (app/api/draft/[token]/request-otp/route.ts:39:13)

    console.log
      OTP email would be sent to: prop-test-1772510295366-wrltd@example.com

      at sendOTPEmail (app/api/draft/[token]/request-otp/route.ts:37:13)

    console.log
      OTP: 197737

      at sendOTPEmail (app/api/draft/[token]/request-otp/route.ts:38:13)

    console.log
      Expires at: 2026-03-03T04:08:15.477Z

      at sendOTPEmail (app/api/draft/[token]/request-otp/route.ts:39:13)

    console.log
      OTP email would be sent to: prop-test-1772510295369-gs0tu4@example.com

      at sendOTPEmail (app/api/draft/[token]/request-otp/route.ts:37:13)

    console.log
      OTP: 950508

      at sendOTPEmail (app/api/draft/[token]/request-otp/route.ts:38:13)

    console.log
      Expires at: 2026-03-03T04:08:15.539Z

      at sendOTPEmail (app/api/draft/[token]/request-otp/route.ts:39:13)

    console.log
      OTP email would be sent to: prop-test-1772510295538-kunz6@example.com

      at sendOTPEmail (app/api/draft/[token]/request-otp/route.ts:37:13)

    console.log
      OTP: 528799

      at sendOTPEmail (app/api/draft/[token]/request-otp/route.ts:38:13)

    console.log
      Expires at: 2026-03-03T04:08:15.668Z

      at sendOTPEmail (app/api/draft/[token]/request-otp/route.ts:39:13)

    console.log
      OTP email would be sent to: prop-test-1772510295539-z0gnbo@example.com

      at sendOTPEmail (app/api/draft/[token]/request-otp/route.ts:37:13)

    console.log
      OTP: 305693

      at sendOTPEmail (app/api/draft/[token]/request-otp/route.ts:38:13)

    console.log
      Expires at: 2026-03-03T04:08:15.668Z

      at sendOTPEmail (app/api/draft/[token]/request-otp/route.ts:39:13)

    console.log
      OTP email would be sent to: prop-test-1772510295543-lczog@example.com

      at sendOTPEmail (app/api/draft/[token]/request-otp/route.ts:37:13)

    console.log
      OTP: 091058

      at sendOTPEmail (app/api/draft/[token]/request-otp/route.ts:38:13)

    console.log
      Expires at: 2026-03-03T04:08:15.740Z

      at sendOTPEmail (app/api/draft/[token]/request-otp/route.ts:39:13)

    console.log
      OTP email would be sent to: prop-test-1772510295740-qx948j@example.com

      at sendOTPEmail (app/api/draft/[token]/request-otp/route.ts:37:13)

    console.log
      OTP: 561846

      at sendOTPEmail (app/api/draft/[token]/request-otp/route.ts:38:13)

    console.log
      Expires at: 2026-03-03T04:08:15.800Z

      at sendOTPEmail (app/api/draft/[token]/request-otp/route.ts:39:13)

    console.log
      OTP email would be sent to: prop-test-1772510295741-ys3vr@example.com

      at sendOTPEmail (app/api/draft/[token]/request-otp/route.ts:37:13)

    console.log
      OTP: 773992

      at sendOTPEmail (app/api/draft/[token]/request-otp/route.ts:38:13)

    console.log
      Expires at: 2026-03-03T04:08:15.863Z

      at sendOTPEmail (app/api/draft/[token]/request-otp/route.ts:39:13)

    console.log
      OTP email would be sent to: prop-test-1772510295863-zyetjs@example.com

      at sendOTPEmail (app/api/draft/[token]/request-otp/route.ts:37:13)

    console.log
      OTP: 745598

      at sendOTPEmail (app/api/draft/[token]/request-otp/route.ts:38:13)

    console.log
      Expires at: 2026-03-03T04:08:15.924Z

      at sendOTPEmail (app/api/draft/[token]/request-otp/route.ts:39:13)

    console.log
      OTP email would be sent to: prop-test-1772510295867-vutr@example.com

      at sendOTPEmail (app/api/draft/[token]/request-otp/route.ts:37:13)

    console.log
      OTP: 930030

      at sendOTPEmail (app/api/draft/[token]/request-otp/route.ts:38:13)

    console.log
      Expires at: 2026-03-03T04:08:15.990Z

      at sendOTPEmail (app/api/draft/[token]/request-otp/route.ts:39:13)

    console.log
      OTP email would be sent to: prop-test-1772510295870-oiar5a@example.com

      at sendOTPEmail (app/api/draft/[token]/request-otp/route.ts:37:13)

    console.log
      OTP: 499923

      at sendOTPEmail (app/api/draft/[token]/request-otp/route.ts:38:13)

    console.log
      Expires at: 2026-03-03T04:08:16.050Z

      at sendOTPEmail (app/api/draft/[token]/request-otp/route.ts:39:13)

    console.log
      OTP email would be sent to: prop-test-1772510295993-76e1rf@example.com

      at sendOTPEmail (app/api/draft/[token]/request-otp/route.ts:37:13)

    console.log
      OTP: 222953

      at sendOTPEmail (app/api/draft/[token]/request-otp/route.ts:38:13)

    console.log
      Expires at: 2026-03-03T04:08:16.108Z

      at sendOTPEmail (app/api/draft/[token]/request-otp/route.ts:39:13)

    console.log
      OTP email would be sent to: prop-test-1772510296052-79a1fp@example.com

      at sendOTPEmail (app/api/draft/[token]/request-otp/route.ts:37:13)

    console.log
      OTP: 882795

      at sendOTPEmail (app/api/draft/[token]/request-otp/route.ts:38:13)

    console.log
      Expires at: 2026-03-03T04:08:16.162Z

      at sendOTPEmail (app/api/draft/[token]/request-otp/route.ts:39:13)

    console.log
      OTP email would be sent to: prop-test-1772510296108-g6lj74@example.com

      at sendOTPEmail (app/api/draft/[token]/request-otp/route.ts:37:13)

    console.log
      OTP: 043977

      at sendOTPEmail (app/api/draft/[token]/request-otp/route.ts:38:13)

    console.log
      Expires at: 2026-03-03T04:08:16.222Z

      at sendOTPEmail (app/api/draft/[token]/request-otp/route.ts:39:13)

    console.log
      OTP email would be sent to: prop-test-1772510296111-qsytaxl@example.com

      at sendOTPEmail (app/api/draft/[token]/request-otp/route.ts:37:13)

    console.log
      OTP: 750672

      at sendOTPEmail (app/api/draft/[token]/request-otp/route.ts:38:13)

    console.log
      Expires at: 2026-03-03T04:08:16.282Z

      at sendOTPEmail (app/api/draft/[token]/request-otp/route.ts:39:13)

    console.log
      OTP email would be sent to: prop-test-1772510296283-vkuid@example.com

      at sendOTPEmail (app/api/draft/[token]/request-otp/route.ts:37:13)

    console.log
      OTP: 542221

      at sendOTPEmail (app/api/draft/[token]/request-otp/route.ts:38:13)

    console.log
      Expires at: 2026-03-03T04:08:16.339Z

      at sendOTPEmail (app/api/draft/[token]/request-otp/route.ts:39:13)

    console.log
      OTP email would be sent to: prop-test-1772510296285-c77pqn@example.com

      at sendOTPEmail (app/api/draft/[token]/request-otp/route.ts:37:13)

    console.log
      OTP: 980113

      at sendOTPEmail (app/api/draft/[token]/request-otp/route.ts:38:13)

    console.log
      Expires at: 2026-03-03T04:08:16.393Z

      at sendOTPEmail (app/api/draft/[token]/request-otp/route.ts:39:13)

    console.log
      OTP email would be sent to: prop-test-1772510296284-21adul@example.com

      at sendOTPEmail (app/api/draft/[token]/request-otp/route.ts:37:13)

    console.log
      OTP: 312266

      at sendOTPEmail (app/api/draft/[token]/request-otp/route.ts:38:13)

    console.log
      Expires at: 2026-03-03T04:08:16.447Z

      at sendOTPEmail (app/api/draft/[token]/request-otp/route.ts:39:13)

    console.log
      OTP email would be sent to: prop-test-1772510296446-haqnj7@example.com

      at sendOTPEmail (app/api/draft/[token]/request-otp/route.ts:37:13)

    console.log
      OTP: 160695

      at sendOTPEmail (app/api/draft/[token]/request-otp/route.ts:38:13)

    console.log
      Expires at: 2026-03-03T04:08:16.502Z

      at sendOTPEmail (app/api/draft/[token]/request-otp/route.ts:39:13)

    console.log
      OTP email would be sent to: prop-test-1772510296448-w9aa2@example.com

      at sendOTPEmail (app/api/draft/[token]/request-otp/route.ts:37:13)

    console.log
      OTP: 698427

      at sendOTPEmail (app/api/draft/[token]/request-otp/route.ts:38:13)

    console.log
      Expires at: 2026-03-03T04:08:16.557Z

      at sendOTPEmail (app/api/draft/[token]/request-otp/route.ts:39:13)

    console.log
      OTP email would be sent to: prop-test-1772510296502-d0d4p@example.com

      at sendOTPEmail (app/api/draft/[token]/request-otp/route.ts:37:13)

    console.log
      OTP: 839320

      at sendOTPEmail (app/api/draft/[token]/request-otp/route.ts:38:13)

    console.log
      Expires at: 2026-03-03T04:08:16.612Z

      at sendOTPEmail (app/api/draft/[token]/request-otp/route.ts:39:13)

    console.log
      OTP email would be sent to: prop-test-1772510296559-5ifpe@example.com

      at sendOTPEmail (app/api/draft/[token]/request-otp/route.ts:37:13)

    console.log
      OTP: 189548

      at sendOTPEmail (app/api/draft/[token]/request-otp/route.ts:38:13)

    console.log
      Expires at: 2026-03-03T04:08:16.668Z

      at sendOTPEmail (app/api/draft/[token]/request-otp/route.ts:39:13)

    console.log
      OTP email would be sent to: prop-test-1772510296667-xya23p@example.com

      at sendOTPEmail (app/api/draft/[token]/request-otp/route.ts:37:13)

    console.log
      OTP: 355466

      at sendOTPEmail (app/api/draft/[token]/request-otp/route.ts:38:13)

    console.log
      Expires at: 2026-03-03T04:08:16.780Z

      at sendOTPEmail (app/api/draft/[token]/request-otp/route.ts:39:13)

    console.log
      OTP email would be sent to: prop-test-1772510296667-tlh33p@example.com

      at sendOTPEmail (app/api/draft/[token]/request-otp/route.ts:37:13)

    console.log
      OTP: 755679

      at sendOTPEmail (app/api/draft/[token]/request-otp/route.ts:38:13)

    console.log
      Expires at: 2026-03-03T04:08:16.780Z

      at sendOTPEmail (app/api/draft/[token]/request-otp/route.ts:39:13)

    console.log
      OTP email would be sent to: prop-test-1772510296671-kg8tgl@example.com

      at sendOTPEmail (app/api/draft/[token]/request-otp/route.ts:37:13)

    console.log
      OTP: 189526

      at sendOTPEmail (app/api/draft/[token]/request-otp/route.ts:38:13)

    console.log
      Expires at: 2026-03-03T04:08:16.835Z

      at sendOTPEmail (app/api/draft/[token]/request-otp/route.ts:39:13)

    console.log
      OTP email would be sent to: prop-test-1772510296834-z65nh@example.com

      at sendOTPEmail (app/api/draft/[token]/request-otp/route.ts:37:13)

    console.log
      OTP: 972913

      at sendOTPEmail (app/api/draft/[token]/request-otp/route.ts:38:13)

    console.log
      Expires at: 2026-03-03T04:08:16.893Z

      at sendOTPEmail (app/api/draft/[token]/request-otp/route.ts:39:13)

    console.log
      OTP email would be sent to: prop-test-1772510296837-joccbm@example.com

      at sendOTPEmail (app/api/draft/[token]/request-otp/route.ts:37:13)

    console.log
      OTP: 581705

      at sendOTPEmail (app/api/draft/[token]/request-otp/route.ts:38:13)

    console.log
      Expires at: 2026-03-03T04:08:16.947Z

      at sendOTPEmail (app/api/draft/[token]/request-otp/route.ts:39:13)

    console.log
      OTP email would be sent to: prop-test-1772510296892-20ufs@example.com

      at sendOTPEmail (app/api/draft/[token]/request-otp/route.ts:37:13)

    console.log
      OTP: 362937

      at sendOTPEmail (app/api/draft/[token]/request-otp/route.ts:38:13)

    console.log
      Expires at: 2026-03-03T04:08:17.004Z

      at sendOTPEmail (app/api/draft/[token]/request-otp/route.ts:39:13)

    console.log
      OTP email would be sent to: prop-test-1772510296947-y0lujs@example.com

      at sendOTPEmail (app/api/draft/[token]/request-otp/route.ts:37:13)

    console.log
      OTP: 226755

      at sendOTPEmail (app/api/draft/[token]/request-otp/route.ts:38:13)

    console.log
      Expires at: 2026-03-03T04:08:17.060Z

      at sendOTPEmail (app/api/draft/[token]/request-otp/route.ts:39:13)

    console.log
      OTP email would be sent to: prop-test-1772510297005-ezawg@example.com

      at sendOTPEmail (app/api/draft/[token]/request-otp/route.ts:37:13)

    console.log
      OTP: 283732

      at sendOTPEmail (app/api/draft/[token]/request-otp/route.ts:38:13)

    console.log
      Expires at: 2026-03-03T04:08:17.117Z

      at sendOTPEmail (app/api/draft/[token]/request-otp/route.ts:39:13)

    console.log
      OTP email would be sent to: prop-test-1772510297062-b493lv@example.com

      at sendOTPEmail (app/api/draft/[token]/request-otp/route.ts:37:13)

    console.log
      OTP: 017330

      at sendOTPEmail (app/api/draft/[token]/request-otp/route.ts:38:13)

    console.log
      Expires at: 2026-03-03T04:08:17.173Z

      at sendOTPEmail (app/api/draft/[token]/request-otp/route.ts:39:13)

    console.log
      OTP email would be sent to: prop-test-1772510297117-g4rgee@example.com

      at sendOTPEmail (app/api/draft/[token]/request-otp/route.ts:37:13)

    console.log
      OTP: 146074

      at sendOTPEmail (app/api/draft/[token]/request-otp/route.ts:38:13)

    console.log
      Expires at: 2026-03-03T04:08:17.226Z

      at sendOTPEmail (app/api/draft/[token]/request-otp/route.ts:39:13)

    console.log
      OTP email would be sent to: prop-test-1772510297226-dxc8f@example.com

      at sendOTPEmail (app/api/draft/[token]/request-otp/route.ts:37:13)

    console.log
      OTP: 216459

      at sendOTPEmail (app/api/draft/[token]/request-otp/route.ts:38:13)

    console.log
      Expires at: 2026-03-03T04:08:17.281Z

      at sendOTPEmail (app/api/draft/[token]/request-otp/route.ts:39:13)

    console.log
      OTP email would be sent to: prop-test-1772510297229-v6t6jw@example.com

      at sendOTPEmail (app/api/draft/[token]/request-otp/route.ts:37:13)

    console.log
      OTP: 514653

      at sendOTPEmail (app/api/draft/[token]/request-otp/route.ts:38:13)

    console.log
      Expires at: 2026-03-03T04:08:17.336Z

      at sendOTPEmail (app/api/draft/[token]/request-otp/route.ts:39:13)

    console.log
      OTP email would be sent to: prop-test-1772510297229-wcqu59@example.com

      at sendOTPEmail (app/api/draft/[token]/request-otp/route.ts:37:13)

    console.log
      OTP: 658861

      at sendOTPEmail (app/api/draft/[token]/request-otp/route.ts:38:13)

    console.log
      Expires at: 2026-03-03T04:08:17.393Z

      at sendOTPEmail (app/api/draft/[token]/request-otp/route.ts:39:13)

    console.log
      OTP email would be sent to: prop-test-1772510297394-2s90zv@example.com

      at sendOTPEmail (app/api/draft/[token]/request-otp/route.ts:37:13)

    console.log
      OTP: 928014

      at sendOTPEmail (app/api/draft/[token]/request-otp/route.ts:38:13)

    console.log
      Expires at: 2026-03-03T04:08:17.450Z

      at sendOTPEmail (app/api/draft/[token]/request-otp/route.ts:39:13)

    console.log
      OTP email would be sent to: prop-test-1772510297396-6gwtvl@example.com

      at sendOTPEmail (app/api/draft/[token]/request-otp/route.ts:37:13)

    console.log
      OTP: 767026

      at sendOTPEmail (app/api/draft/[token]/request-otp/route.ts:38:13)

    console.log
      Expires at: 2026-03-03T04:08:17.507Z

      at sendOTPEmail (app/api/draft/[token]/request-otp/route.ts:39:13)

    console.log
      OTP email would be sent to: prop-test-1772510297507-ue7igu@example.com

      at sendOTPEmail (app/api/draft/[token]/request-otp/route.ts:37:13)

    console.log
      OTP: 033106

      at sendOTPEmail (app/api/draft/[token]/request-otp/route.ts:38:13)

    console.log
      Expires at: 2026-03-03T04:08:17.564Z

      at sendOTPEmail (app/api/draft/[token]/request-otp/route.ts:39:13)

    console.log
      OTP email would be sent to: prop-test-1772510297508-j58zzf@example.com

      at sendOTPEmail (app/api/draft/[token]/request-otp/route.ts:37:13)

    console.log
      OTP: 559192

      at sendOTPEmail (app/api/draft/[token]/request-otp/route.ts:38:13)

    console.log
      Expires at: 2026-03-03T04:08:17.619Z

      at sendOTPEmail (app/api/draft/[token]/request-otp/route.ts:39:13)

    console.log
      OTP email would be sent to: prop-test-1772510297510-e878s@example.com

      at sendOTPEmail (app/api/draft/[token]/request-otp/route.ts:37:13)

    console.log
      OTP: 722517

      at sendOTPEmail (app/api/draft/[token]/request-otp/route.ts:38:13)

    console.log
      Expires at: 2026-03-03T04:08:17.683Z

      at sendOTPEmail (app/api/draft/[token]/request-otp/route.ts:39:13)

    console.log
      OTP email would be sent to: prop-test-1772510297683-wfk66@example.com

      at sendOTPEmail (app/api/draft/[token]/request-otp/route.ts:37:13)

    console.log
      OTP: 368937

      at sendOTPEmail (app/api/draft/[token]/request-otp/route.ts:38:13)

    console.log
      Expires at: 2026-03-03T04:08:17.742Z

      at sendOTPEmail (app/api/draft/[token]/request-otp/route.ts:39:13)

    console.log
      OTP email would be sent to: prop-test-1772510297687-t7r95x@example.com

      at sendOTPEmail (app/api/draft/[token]/request-otp/route.ts:37:13)

    console.log
      OTP: 927088

      at sendOTPEmail (app/api/draft/[token]/request-otp/route.ts:38:13)

    console.log
      Expires at: 2026-03-03T04:08:17.797Z

      at sendOTPEmail (app/api/draft/[token]/request-otp/route.ts:39:13)

    console.log
      OTP email would be sent to: prop-test-1772510297688-36y0ptk@example.com

      at sendOTPEmail (app/api/draft/[token]/request-otp/route.ts:37:13)

    console.log
      OTP: 175632

      at sendOTPEmail (app/api/draft/[token]/request-otp/route.ts:38:13)

    console.log
      Expires at: 2026-03-03T04:08:17.850Z

      at sendOTPEmail (app/api/draft/[token]/request-otp/route.ts:39:13)

    console.log
      OTP email would be sent to: prop-test-1772510297849-gfutli@example.com

      at sendOTPEmail (app/api/draft/[token]/request-otp/route.ts:37:13)

    console.log
      OTP: 744033

      at sendOTPEmail (app/api/draft/[token]/request-otp/route.ts:38:13)

    console.log
      Expires at: 2026-03-03T04:08:17.908Z

      at sendOTPEmail (app/api/draft/[token]/request-otp/route.ts:39:13)

    console.log
      OTP email would be sent to: prop-test-1772510297854-28a1k@example.com

      at sendOTPEmail (app/api/draft/[token]/request-otp/route.ts:37:13)

    console.log
      OTP: 323145

      at sendOTPEmail (app/api/draft/[token]/request-otp/route.ts:38:13)

    console.log
      Expires at: 2026-03-03T04:08:17.963Z

      at sendOTPEmail (app/api/draft/[token]/request-otp/route.ts:39:13)

    console.log
      OTP email would be sent to: prop-test-1772510297908-99kdd@example.com

      at sendOTPEmail (app/api/draft/[token]/request-otp/route.ts:37:13)

    console.log
      OTP: 002232

      at sendOTPEmail (app/api/draft/[token]/request-otp/route.ts:38:13)

    console.log
      Expires at: 2026-03-03T04:08:18.019Z

      at sendOTPEmail (app/api/draft/[token]/request-otp/route.ts:39:13)

    console.log
      OTP email would be sent to: prop-test-1772510297966-fr3bhh@example.com

      at sendOTPEmail (app/api/draft/[token]/request-otp/route.ts:37:13)

    console.log
      OTP: 072240

      at sendOTPEmail (app/api/draft/[token]/request-otp/route.ts:38:13)

    console.log
      Expires at: 2026-03-03T04:08:18.076Z

      at sendOTPEmail (app/api/draft/[token]/request-otp/route.ts:39:13)

    console.log
      OTP email would be sent to: prop-test-1772510298021-02prdq@example.com

      at sendOTPEmail (app/api/draft/[token]/request-otp/route.ts:37:13)

    console.log
      OTP: 377364

      at sendOTPEmail (app/api/draft/[token]/request-otp/route.ts:38:13)

    console.log
      Expires at: 2026-03-03T04:08:18.132Z

      at sendOTPEmail (app/api/draft/[token]/request-otp/route.ts:39:13)

    console.log
      OTP email would be sent to: prop-test-1772510298078-su1kof@example.com

      at sendOTPEmail (app/api/draft/[token]/request-otp/route.ts:37:13)

    console.log
      OTP: 603985

      at sendOTPEmail (app/api/draft/[token]/request-otp/route.ts:38:13)

    console.log
      Expires at: 2026-03-03T04:08:18.187Z

      at sendOTPEmail (app/api/draft/[token]/request-otp/route.ts:39:13)

    console.log
      OTP email would be sent to: prop-test-1772510298133-d5ml@example.com

      at sendOTPEmail (app/api/draft/[token]/request-otp/route.ts:37:13)

    console.log
      OTP: 976564

      at sendOTPEmail (app/api/draft/[token]/request-otp/route.ts:38:13)

    console.log
      Expires at: 2026-03-03T04:08:18.243Z

      at sendOTPEmail (app/api/draft/[token]/request-otp/route.ts:39:13)

    console.log
      OTP email would be sent to: prop-test-1772510298189-81ggwo@example.com

      at sendOTPEmail (app/api/draft/[token]/request-otp/route.ts:37:13)

    console.log
      OTP: 858106

      at sendOTPEmail (app/api/draft/[token]/request-otp/route.ts:38:13)

    console.log
      Expires at: 2026-03-03T04:08:18.299Z

      at sendOTPEmail (app/api/draft/[token]/request-otp/route.ts:39:13)

    console.log
      OTP email would be sent to: prop-test-1772510298303-xw4zh@example.com

      at sendOTPEmail (app/api/draft/[token]/request-otp/route.ts:37:13)

    console.log
      OTP: 233504

      at sendOTPEmail (app/api/draft/[token]/request-otp/route.ts:38:13)

    console.log
      Expires at: 2026-03-03T04:08:18.359Z

      at sendOTPEmail (app/api/draft/[token]/request-otp/route.ts:39:13)

    console.log
      OTP email would be sent to: prop-test-1772510298304-buvjs5@example.com

      at sendOTPEmail (app/api/draft/[token]/request-otp/route.ts:37:13)

    console.log
      OTP: 516032

      at sendOTPEmail (app/api/draft/[token]/request-otp/route.ts:38:13)

    console.log
      Expires at: 2026-03-03T04:08:18.466Z

      at sendOTPEmail (app/api/draft/[token]/request-otp/route.ts:39:13)

    console.log
      OTP email would be sent to: prop-test-1772510298302-37tuv@example.com

      at sendOTPEmail (app/api/draft/[token]/request-otp/route.ts:37:13)

    console.log
      OTP: 207221

      at sendOTPEmail (app/api/draft/[token]/request-otp/route.ts:38:13)

    console.log
      Expires at: 2026-03-03T04:08:18.465Z

      at sendOTPEmail (app/api/draft/[token]/request-otp/route.ts:39:13)

    console.log
      OTP email would be sent to: prop-test-1772510298468-4ogzic@example.com

      at sendOTPEmail (app/api/draft/[token]/request-otp/route.ts:37:13)

    console.log
      OTP: 312039

      at sendOTPEmail (app/api/draft/[token]/request-otp/route.ts:38:13)

    console.log
      Expires at: 2026-03-03T04:08:18.531Z

      at sendOTPEmail (app/api/draft/[token]/request-otp/route.ts:39:13)

    console.log
      OTP email would be sent to: prop-test-1772510298473-4547p@example.com

      at sendOTPEmail (app/api/draft/[token]/request-otp/route.ts:37:13)

    console.log
      OTP: 312797

      at sendOTPEmail (app/api/draft/[token]/request-otp/route.ts:38:13)

    console.log
      Expires at: 2026-03-03T04:08:18.585Z

      at sendOTPEmail (app/api/draft/[token]/request-otp/route.ts:39:13)

    console.log
      OTP email would be sent to: prop-test-1772510298474-jxef2c@example.com

      at sendOTPEmail (app/api/draft/[token]/request-otp/route.ts:37:13)

    console.log
      OTP: 236695

      at sendOTPEmail (app/api/draft/[token]/request-otp/route.ts:38:13)

    console.log
      Expires at: 2026-03-03T04:08:18.638Z

      at sendOTPEmail (app/api/draft/[token]/request-otp/route.ts:39:13)

    console.log
      OTP email would be sent to: prop-test-1772510298639-74dzm9@example.com

      at sendOTPEmail (app/api/draft/[token]/request-otp/route.ts:37:13)

    console.log
      OTP: 123488

      at sendOTPEmail (app/api/draft/[token]/request-otp/route.ts:38:13)

    console.log
      Expires at: 2026-03-03T04:08:18.694Z

      at sendOTPEmail (app/api/draft/[token]/request-otp/route.ts:39:13)

    console.log
      OTP email would be sent to: prop-test-1772510298640-q2o7a@example.com

      at sendOTPEmail (app/api/draft/[token]/request-otp/route.ts:37:13)

    console.log
      OTP: 543424

      at sendOTPEmail (app/api/draft/[token]/request-otp/route.ts:38:13)

    console.log
      Expires at: 2026-03-03T04:08:18.748Z

      at sendOTPEmail (app/api/draft/[token]/request-otp/route.ts:39:13)

    console.log
      OTP email would be sent to: prop-test-1772510298693-kvtxa@example.com

      at sendOTPEmail (app/api/draft/[token]/request-otp/route.ts:37:13)

    console.log
      OTP: 959365

      at sendOTPEmail (app/api/draft/[token]/request-otp/route.ts:38:13)

    console.log
      Expires at: 2026-03-03T04:08:18.803Z

      at sendOTPEmail (app/api/draft/[token]/request-otp/route.ts:39:13)

    console.log
      OTP email would be sent to: prop-test-1772510298750-udykeg@example.com

      at sendOTPEmail (app/api/draft/[token]/request-otp/route.ts:37:13)

    console.log
      OTP: 483906

      at sendOTPEmail (app/api/draft/[token]/request-otp/route.ts:38:13)

    console.log
      Expires at: 2026-03-03T04:08:18.857Z

      at sendOTPEmail (app/api/draft/[token]/request-otp/route.ts:39:13)

    console.log
      OTP email would be sent to: prop-test-1772510298804-pqaw0g@example.com

      at sendOTPEmail (app/api/draft/[token]/request-otp/route.ts:37:13)

    console.log
      OTP: 870876

      at sendOTPEmail (app/api/draft/[token]/request-otp/route.ts:38:13)

    console.log
      Expires at: 2026-03-03T04:08:18.913Z

      at sendOTPEmail (app/api/draft/[token]/request-otp/route.ts:39:13)

    console.log
      OTP email would be sent to: prop-test-1772510298858-l78vh6@example.com

      at sendOTPEmail (app/api/draft/[token]/request-otp/route.ts:37:13)

    console.log
      OTP: 902154

      at sendOTPEmail (app/api/draft/[token]/request-otp/route.ts:38:13)

    console.log
      Expires at: 2026-03-03T04:08:18.967Z

      at sendOTPEmail (app/api/draft/[token]/request-otp/route.ts:39:13)

    console.log
      OTP email would be sent to: prop-test-1772510298914-xdu9p6@example.com

      at sendOTPEmail (app/api/draft/[token]/request-otp/route.ts:37:13)

    console.log
      OTP: 168863

      at sendOTPEmail (app/api/draft/[token]/request-otp/route.ts:38:13)

    console.log
      Expires at: 2026-03-03T04:08:19.022Z

      at sendOTPEmail (app/api/draft/[token]/request-otp/route.ts:39:13)

    console.log
      OTP email would be sent to: prop-test-1772510298968-xxoex@example.com

      at sendOTPEmail (app/api/draft/[token]/request-otp/route.ts:37:13)

    console.log
      OTP: 517102

      at sendOTPEmail (app/api/draft/[token]/request-otp/route.ts:38:13)

    console.log
      Expires at: 2026-03-03T04:08:19.077Z

      at sendOTPEmail (app/api/draft/[token]/request-otp/route.ts:39:13)

    console.log
      OTP email would be sent to: prop-test-1772510299024-jd96t97@example.com

      at sendOTPEmail (app/api/draft/[token]/request-otp/route.ts:37:13)

    console.log
      OTP: 270897

      at sendOTPEmail (app/api/draft/[token]/request-otp/route.ts:38:13)

    console.log
      Expires at: 2026-03-03T04:08:19.132Z

      at sendOTPEmail (app/api/draft/[token]/request-otp/route.ts:39:13)

    console.log
      OTP email would be sent to: prop-test-1772510299079-h3jzwh@example.com

      at sendOTPEmail (app/api/draft/[token]/request-otp/route.ts:37:13)

    console.log
      OTP: 962431

      at sendOTPEmail (app/api/draft/[token]/request-otp/route.ts:38:13)

    console.log
      Expires at: 2026-03-03T04:08:19.186Z

      at sendOTPEmail (app/api/draft/[token]/request-otp/route.ts:39:13)

    console.log
      OTP email would be sent to: prop-test-1772510299131-9uwvdf@example.com

      at sendOTPEmail (app/api/draft/[token]/request-otp/route.ts:37:13)

    console.log
      OTP: 071686

      at sendOTPEmail (app/api/draft/[token]/request-otp/route.ts:38:13)

    console.log
      Expires at: 2026-03-03T04:08:19.242Z

      at sendOTPEmail (app/api/draft/[token]/request-otp/route.ts:39:13)

    console.log
      OTP email would be sent to: prop-test-1772510299189-to5fg@example.com

      at sendOTPEmail (app/api/draft/[token]/request-otp/route.ts:37:13)

    console.log
      OTP: 659417

      at sendOTPEmail (app/api/draft/[token]/request-otp/route.ts:38:13)

    console.log
      Expires at: 2026-03-03T04:08:19.296Z

      at sendOTPEmail (app/api/draft/[token]/request-otp/route.ts:39:13)

    console.log
      OTP email would be sent to: prop-test-1772510299243-k70skh@example.com

      at sendOTPEmail (app/api/draft/[token]/request-otp/route.ts:37:13)

    console.log
      OTP: 179570

      at sendOTPEmail (app/api/draft/[token]/request-otp/route.ts:38:13)

    console.log
      Expires at: 2026-03-03T04:08:19.351Z

      at sendOTPEmail (app/api/draft/[token]/request-otp/route.ts:39:13)

    console.log
      OTP email would be sent to: prop-test-1772510299297-4p6xv@example.com

      at sendOTPEmail (app/api/draft/[token]/request-otp/route.ts:37:13)

    console.log
      OTP: 251182

      at sendOTPEmail (app/api/draft/[token]/request-otp/route.ts:38:13)

    console.log
      Expires at: 2026-03-03T04:08:19.406Z

      at sendOTPEmail (app/api/draft/[token]/request-otp/route.ts:39:13)

    console.log
      OTP email would be sent to: prop-test-1772510299353-7hjfrc@example.com

      at sendOTPEmail (app/api/draft/[token]/request-otp/route.ts:37:13)

    console.log
      OTP: 160055

      at sendOTPEmail (app/api/draft/[token]/request-otp/route.ts:38:13)

    console.log
      Expires at: 2026-03-03T04:08:19.461Z

      at sendOTPEmail (app/api/draft/[token]/request-otp/route.ts:39:13)

    console.log
      OTP email would be sent to: prop-test-1772510299406-fgtsiz@example.com

      at sendOTPEmail (app/api/draft/[token]/request-otp/route.ts:37:13)

    console.log
      OTP: 860447

      at sendOTPEmail (app/api/draft/[token]/request-otp/route.ts:38:13)

    console.log
      Expires at: 2026-03-03T04:08:19.516Z

      at sendOTPEmail (app/api/draft/[token]/request-otp/route.ts:39:13)

    console.log
      OTP email would be sent to: prop-test-1772510299464-hojvwk@example.com

      at sendOTPEmail (app/api/draft/[token]/request-otp/route.ts:37:13)

    console.log
      OTP: 412655

      at sendOTPEmail (app/api/draft/[token]/request-otp/route.ts:38:13)

    console.log
      Expires at: 2026-03-03T04:08:19.573Z

      at sendOTPEmail (app/api/draft/[token]/request-otp/route.ts:39:13)

    console.log
      OTP email would be sent to: prop-test-1772510299518-5es9cv@example.com

      at sendOTPEmail (app/api/draft/[token]/request-otp/route.ts:37:13)

    console.log
      OTP: 719863

      at sendOTPEmail (app/api/draft/[token]/request-otp/route.ts:38:13)

    console.log
      Expires at: 2026-03-03T04:08:19.627Z

      at sendOTPEmail (app/api/draft/[token]/request-otp/route.ts:39:13)

    console.log
      OTP email would be sent to: prop-test-1772510299572-5igbac@example.com

      at sendOTPEmail (app/api/draft/[token]/request-otp/route.ts:37:13)

    console.log
      OTP: 778969

      at sendOTPEmail (app/api/draft/[token]/request-otp/route.ts:38:13)

    console.log
      Expires at: 2026-03-03T04:08:19.681Z

      at sendOTPEmail (app/api/draft/[token]/request-otp/route.ts:39:13)

    console.log
      OTP email would be sent to: prop-test-1772510299680-u1tkv@example.com

      at sendOTPEmail (app/api/draft/[token]/request-otp/route.ts:37:13)

    console.log
      OTP: 013912

      at sendOTPEmail (app/api/draft/[token]/request-otp/route.ts:38:13)

    console.log
      Expires at: 2026-03-03T04:08:19.736Z

      at sendOTPEmail (app/api/draft/[token]/request-otp/route.ts:39:13)

    console.log
      OTP email would be sent to: prop-test-1772510299683-n708nw@example.com

      at sendOTPEmail (app/api/draft/[token]/request-otp/route.ts:37:13)

    console.log
      OTP: 514073

      at sendOTPEmail (app/api/draft/[token]/request-otp/route.ts:38:13)

    console.log
      Expires at: 2026-03-03T04:08:19.791Z

      at sendOTPEmail (app/api/draft/[token]/request-otp/route.ts:39:13)

    console.log
      OTP email would be sent to: prop-test-1772510299736-rvojvg@example.com

      at sendOTPEmail (app/api/draft/[token]/request-otp/route.ts:37:13)

    console.log
      OTP: 539702

      at sendOTPEmail (app/api/draft/[token]/request-otp/route.ts:38:13)

    console.log
      Expires at: 2026-03-03T04:08:19.845Z

      at sendOTPEmail (app/api/draft/[token]/request-otp/route.ts:39:13)

    console.log
      OTP email would be sent to: prop-test-1772510299792-ulix95@example.com

      at sendOTPEmail (app/api/draft/[token]/request-otp/route.ts:37:13)

    console.log
      OTP: 550092

      at sendOTPEmail (app/api/draft/[token]/request-otp/route.ts:38:13)

    console.log
      Expires at: 2026-03-03T04:08:19.901Z

      at sendOTPEmail (app/api/draft/[token]/request-otp/route.ts:39:13)

    console.log
      OTP email would be sent to: prop-test-1772510299845-bcvxs9@example.com

      at sendOTPEmail (app/api/draft/[token]/request-otp/route.ts:37:13)

    console.log
      OTP: 098088

      at sendOTPEmail (app/api/draft/[token]/request-otp/route.ts:38:13)

    console.log
      Expires at: 2026-03-03T04:08:19.958Z

      at sendOTPEmail (app/api/draft/[token]/request-otp/route.ts:39:13)

    console.log
      OTP email would be sent to: prop-test-1772510299901-gsha6c@example.com

      at sendOTPEmail (app/api/draft/[token]/request-otp/route.ts:37:13)

    console.log
      OTP: 002197

      at sendOTPEmail (app/api/draft/[token]/request-otp/route.ts:38:13)

    console.log
      Expires at: 2026-03-03T04:08:20.012Z

      at sendOTPEmail (app/api/draft/[token]/request-otp/route.ts:39:13)

    console.log
      OTP email would be sent to: prop-test-1772510300011-oiaexo@example.com

      at sendOTPEmail (app/api/draft/[token]/request-otp/route.ts:37:13)

    console.log
      OTP: 683618

      at sendOTPEmail (app/api/draft/[token]/request-otp/route.ts:38:13)

    console.log
      Expires at: 2026-03-03T04:08:20.067Z

      at sendOTPEmail (app/api/draft/[token]/request-otp/route.ts:39:13)

    console.log
      OTP email would be sent to: prop-test-1772510300014-8cuxmb@example.com

      at sendOTPEmail (app/api/draft/[token]/request-otp/route.ts:37:13)

    console.log
      OTP: 823142

      at sendOTPEmail (app/api/draft/[token]/request-otp/route.ts:38:13)

    console.log
      Expires at: 2026-03-03T04:08:20.123Z

      at sendOTPEmail (app/api/draft/[token]/request-otp/route.ts:39:13)

    console.log
      OTP email would be sent to: prop-test-1772510300068-5lekn7@example.com

      at sendOTPEmail (app/api/draft/[token]/request-otp/route.ts:37:13)

    console.log
      OTP: 886603

      at sendOTPEmail (app/api/draft/[token]/request-otp/route.ts:38:13)

    console.log
      Expires at: 2026-03-03T04:08:20.175Z

      at sendOTPEmail (app/api/draft/[token]/request-otp/route.ts:39:13)

    console.log
      OTP email would be sent to: prop-test-1772510300123-pewstg@example.com

      at sendOTPEmail (app/api/draft/[token]/request-otp/route.ts:37:13)

    console.log
      OTP: 833606

      at sendOTPEmail (app/api/draft/[token]/request-otp/route.ts:38:13)

    console.log
      Expires at: 2026-03-03T04:08:20.230Z

      at sendOTPEmail (app/api/draft/[token]/request-otp/route.ts:39:13)

    console.log
      OTP email would be sent to: prop-test-1772510300230-t7juel@example.com

      at sendOTPEmail (app/api/draft/[token]/request-otp/route.ts:37:13)

    console.log
      OTP: 816371

      at sendOTPEmail (app/api/draft/[token]/request-otp/route.ts:38:13)

    console.log
      Expires at: 2026-03-03T04:08:20.288Z

      at sendOTPEmail (app/api/draft/[token]/request-otp/route.ts:39:13)

    console.log
      OTP email would be sent to: prop-test-1772510300231-30zmcs@example.com

      at sendOTPEmail (app/api/draft/[token]/request-otp/route.ts:37:13)

    console.log
      OTP: 375908

      at sendOTPEmail (app/api/draft/[token]/request-otp/route.ts:38:13)

    console.log
      Expires at: 2026-03-03T04:08:20.342Z

      at sendOTPEmail (app/api/draft/[token]/request-otp/route.ts:39:13)

    console.log
      OTP email would be sent to: prop-test-1772510300288-kwgmwn@example.com

      at sendOTPEmail (app/api/draft/[token]/request-otp/route.ts:37:13)

    console.log
      OTP: 051630

      at sendOTPEmail (app/api/draft/[token]/request-otp/route.ts:38:13)

    console.log
      Expires at: 2026-03-03T04:08:20.398Z

      at sendOTPEmail (app/api/draft/[token]/request-otp/route.ts:39:13)

    console.log
      OTP email would be sent to: prop-test-1772510300397-t89sjk@example.com

      at sendOTPEmail (app/api/draft/[token]/request-otp/route.ts:37:13)

    console.log
      OTP: 200372

      at sendOTPEmail (app/api/draft/[token]/request-otp/route.ts:38:13)

    console.log
      Expires at: 2026-03-03T04:08:20.455Z

      at sendOTPEmail (app/api/draft/[token]/request-otp/route.ts:39:13)

    console.log
      OTP email would be sent to: prop-test-1772510300399-a8aaib@example.com

      at sendOTPEmail (app/api/draft/[token]/request-otp/route.ts:37:13)

    console.log
      OTP: 857576

      at sendOTPEmail (app/api/draft/[token]/request-otp/route.ts:38:13)

    console.log
      Expires at: 2026-03-03T04:08:20.508Z

      at sendOTPEmail (app/api/draft/[token]/request-otp/route.ts:39:13)

    console.log
      OTP email would be sent to: prop-test-1772510300455-aqskvv@example.com

      at sendOTPEmail (app/api/draft/[token]/request-otp/route.ts:37:13)

    console.log
      OTP: 954979

      at sendOTPEmail (app/api/draft/[token]/request-otp/route.ts:38:13)

    console.log
      Expires at: 2026-03-03T04:08:20.562Z

      at sendOTPEmail (app/api/draft/[token]/request-otp/route.ts:39:13)

    console.log
      OTP email would be sent to: prop-test-1772510300561-yu88gh@example.com

      at sendOTPEmail (app/api/draft/[token]/request-otp/route.ts:37:13)

    console.log
      OTP: 340504

      at sendOTPEmail (app/api/draft/[token]/request-otp/route.ts:38:13)

    console.log
      Expires at: 2026-03-03T04:08:20.620Z

      at sendOTPEmail (app/api/draft/[token]/request-otp/route.ts:39:13)

    console.log
      OTP email would be sent to: prop-test-1772510300620-vvsf2n@example.com

      at sendOTPEmail (app/api/draft/[token]/request-otp/route.ts:37:13)

    console.log
      OTP: 195748

      at sendOTPEmail (app/api/draft/[token]/request-otp/route.ts:38:13)

    console.log
      Expires at: 2026-03-03T04:08:20.675Z

      at sendOTPEmail (app/api/draft/[token]/request-otp/route.ts:39:13)

    console.log
      OTP email would be sent to: prop-test-1772510300677-gicqtn@example.com

      at sendOTPEmail (app/api/draft/[token]/request-otp/route.ts:37:13)

    console.log
      OTP: 746298

      at sendOTPEmail (app/api/draft/[token]/request-otp/route.ts:38:13)

    console.log
      Expires at: 2026-03-03T04:08:20.731Z

      at sendOTPEmail (app/api/draft/[token]/request-otp/route.ts:39:13)

    console.log
      OTP email would be sent to: prop-test-1772510300678-afk64@example.com

      at sendOTPEmail (app/api/draft/[token]/request-otp/route.ts:37:13)

    console.log
      OTP: 935403

      at sendOTPEmail (app/api/draft/[token]/request-otp/route.ts:38:13)

    console.log
      Expires at: 2026-03-03T04:08:20.783Z

      at sendOTPEmail (app/api/draft/[token]/request-otp/route.ts:39:13)

    console.log
      OTP email would be sent to: prop-test-1772510300785-z19jg@example.com

      at sendOTPEmail (app/api/draft/[token]/request-otp/route.ts:37:13)

    console.log
      OTP: 909507

      at sendOTPEmail (app/api/draft/[token]/request-otp/route.ts:38:13)

    console.log
      Expires at: 2026-03-03T04:08:20.843Z

      at sendOTPEmail (app/api/draft/[token]/request-otp/route.ts:39:13)

    console.log
      OTP email would be sent to: prop-test-1772510300788-n7qqk6@example.com

      at sendOTPEmail (app/api/draft/[token]/request-otp/route.ts:37:13)

    console.log
      OTP: 462365

      at sendOTPEmail (app/api/draft/[token]/request-otp/route.ts:38:13)

    console.log
      Expires at: 2026-03-03T04:08:20.897Z

      at sendOTPEmail (app/api/draft/[token]/request-otp/route.ts:39:13)

    console.log
      OTP email would be sent to: prop-test-1772510300899-gl6mgm@example.com

      at sendOTPEmail (app/api/draft/[token]/request-otp/route.ts:37:13)

    console.log
      OTP: 141486

      at sendOTPEmail (app/api/draft/[token]/request-otp/route.ts:38:13)

    console.log
      Expires at: 2026-03-03T04:08:20.953Z

      at sendOTPEmail (app/api/draft/[token]/request-otp/route.ts:39:13)

    console.log
      OTP email would be sent to: prop-test-1772510300901-mfcgv@example.com

      at sendOTPEmail (app/api/draft/[token]/request-otp/route.ts:37:13)

    console.log
      OTP: 819090

      at sendOTPEmail (app/api/draft/[token]/request-otp/route.ts:38:13)

    console.log
      Expires at: 2026-03-03T04:08:21.010Z

      at sendOTPEmail (app/api/draft/[token]/request-otp/route.ts:39:13)

    console.log
      OTP email would be sent to: prop-test-1772510301011-kd4e9i@example.com

      at sendOTPEmail (app/api/draft/[token]/request-otp/route.ts:37:13)

    console.log
      OTP: 239386

      at sendOTPEmail (app/api/draft/[token]/request-otp/route.ts:38:13)

    console.log
      Expires at: 2026-03-03T04:08:21.069Z

      at sendOTPEmail (app/api/draft/[token]/request-otp/route.ts:39:13)

    console.log
      OTP email would be sent to: prop-test-1772510301016-4q3ftd@example.com

      at sendOTPEmail (app/api/draft/[token]/request-otp/route.ts:37:13)

    console.log
      OTP: 695330

      at sendOTPEmail (app/api/draft/[token]/request-otp/route.ts:38:13)

    console.log
      Expires at: 2026-03-03T04:08:21.123Z

      at sendOTPEmail (app/api/draft/[token]/request-otp/route.ts:39:13)

    console.log
      OTP email would be sent to: prop-test-1772510301124-884v3@example.com

      at sendOTPEmail (app/api/draft/[token]/request-otp/route.ts:37:13)

    console.log
      OTP: 947283

      at sendOTPEmail (app/api/draft/[token]/request-otp/route.ts:38:13)

    console.log
      Expires at: 2026-03-03T04:08:21.178Z

      at sendOTPEmail (app/api/draft/[token]/request-otp/route.ts:39:13)

    console.log
      OTP email would be sent to: prop-test-1772510301125-fku7za@example.com

      at sendOTPEmail (app/api/draft/[token]/request-otp/route.ts:37:13)

    console.log
      OTP: 882402

      at sendOTPEmail (app/api/draft/[token]/request-otp/route.ts:38:13)

    console.log
      Expires at: 2026-03-03T04:08:21.231Z

      at sendOTPEmail (app/api/draft/[token]/request-otp/route.ts:39:13)

    console.log
      OTP email would be sent to: prop-test-1772510301233-dg884h@example.com

      at sendOTPEmail (app/api/draft/[token]/request-otp/route.ts:37:13)

    console.log
      OTP: 035661

      at sendOTPEmail (app/api/draft/[token]/request-otp/route.ts:38:13)

    console.log
      Expires at: 2026-03-03T04:08:21.290Z

      at sendOTPEmail (app/api/draft/[token]/request-otp/route.ts:39:13)

    console.log
      OTP email would be sent to: prop-test-1772510301237-di0ske@example.com

      at sendOTPEmail (app/api/draft/[token]/request-otp/route.ts:37:13)

    console.log
      OTP: 861919

      at sendOTPEmail (app/api/draft/[token]/request-otp/route.ts:38:13)

    console.log
      Expires at: 2026-03-03T04:08:21.344Z

      at sendOTPEmail (app/api/draft/[token]/request-otp/route.ts:39:13)

    console.log
      OTP email would be sent to: prop-test-1772510301346-11nm9d@example.com

      at sendOTPEmail (app/api/draft/[token]/request-otp/route.ts:37:13)

    console.log
      OTP: 071680

      at sendOTPEmail (app/api/draft/[token]/request-otp/route.ts:38:13)

    console.log
      Expires at: 2026-03-03T04:08:21.402Z

      at sendOTPEmail (app/api/draft/[token]/request-otp/route.ts:39:13)

    console.log
      OTP email would be sent to: prop-test-1772510301348-hg3n8k@example.com

      at sendOTPEmail (app/api/draft/[token]/request-otp/route.ts:37:13)

    console.log
      OTP: 939200

      at sendOTPEmail (app/api/draft/[token]/request-otp/route.ts:38:13)

    console.log
      Expires at: 2026-03-03T04:08:21.459Z

      at sendOTPEmail (app/api/draft/[token]/request-otp/route.ts:39:13)

    console.log
      OTP email would be sent to: prop-test-1772510301460-xmzkro@example.com

      at sendOTPEmail (app/api/draft/[token]/request-otp/route.ts:37:13)

    console.log
      OTP: 865235

      at sendOTPEmail (app/api/draft/[token]/request-otp/route.ts:38:13)

    console.log
      Expires at: 2026-03-03T04:08:21.519Z

      at sendOTPEmail (app/api/draft/[token]/request-otp/route.ts:39:13)

    console.log
      OTP email would be sent to: prop-test-1772510301467-7se1ji@example.com

      at sendOTPEmail (app/api/draft/[token]/request-otp/route.ts:37:13)

    console.log
      OTP: 504797

      at sendOTPEmail (app/api/draft/[token]/request-otp/route.ts:38:13)

    console.log
      Expires at: 2026-03-03T04:08:21.576Z

      at sendOTPEmail (app/api/draft/[token]/request-otp/route.ts:39:13)

    console.log
      OTP email would be sent to: prop-test-1772510301576-1t5fa@example.com

      at sendOTPEmail (app/api/draft/[token]/request-otp/route.ts:37:13)

    console.log
      OTP: 119560

      at sendOTPEmail (app/api/draft/[token]/request-otp/route.ts:38:13)

    console.log
      Expires at: 2026-03-03T04:08:21.633Z

      at sendOTPEmail (app/api/draft/[token]/request-otp/route.ts:39:13)

    console.log
      OTP email would be sent to: prop-test-1772510301633-yuhxt@example.com

      at sendOTPEmail (app/api/draft/[token]/request-otp/route.ts:37:13)

    console.log
      OTP: 070997

      at sendOTPEmail (app/api/draft/[token]/request-otp/route.ts:38:13)

    console.log
      Expires at: 2026-03-03T04:08:21.691Z

      at sendOTPEmail (app/api/draft/[token]/request-otp/route.ts:39:13)

    console.log
      OTP email would be sent to: prop-test-1772510301691-hoxzgc@example.com

      at sendOTPEmail (app/api/draft/[token]/request-otp/route.ts:37:13)

    console.log
      OTP: 216877

      at sendOTPEmail (app/api/draft/[token]/request-otp/route.ts:38:13)

    console.log
      Expires at: 2026-03-03T04:08:21.747Z

      at sendOTPEmail (app/api/draft/[token]/request-otp/route.ts:39:13)

    console.log
      OTP email would be sent to: prop-test-1772510301746-ixzza@example.com

      at sendOTPEmail (app/api/draft/[token]/request-otp/route.ts:37:13)

    console.log
      OTP: 432854

      at sendOTPEmail (app/api/draft/[token]/request-otp/route.ts:38:13)

    console.log
      Expires at: 2026-03-03T04:08:21.803Z

      at sendOTPEmail (app/api/draft/[token]/request-otp/route.ts:39:13)

    console.log
      OTP email would be sent to: prop-test-1772510301751-5osak4@example.com

      at sendOTPEmail (app/api/draft/[token]/request-otp/route.ts:37:13)

    console.log
      OTP: 601556

      at sendOTPEmail (app/api/draft/[token]/request-otp/route.ts:38:13)

    console.log
      Expires at: 2026-03-03T04:08:21.857Z

      at sendOTPEmail (app/api/draft/[token]/request-otp/route.ts:39:13)

    console.log
      OTP email would be sent to: prop-test-1772510301859-cqnxpd@example.com

      at sendOTPEmail (app/api/draft/[token]/request-otp/route.ts:37:13)

    console.log
      OTP: 814921

      at sendOTPEmail (app/api/draft/[token]/request-otp/route.ts:38:13)

    console.log
      Expires at: 2026-03-03T04:08:21.913Z

      at sendOTPEmail (app/api/draft/[token]/request-otp/route.ts:39:13)

    console.log
      OTP email would be sent to: prop-test-1772510301861-zjtxej@example.com

      at sendOTPEmail (app/api/draft/[token]/request-otp/route.ts:37:13)

    console.log
      OTP: 297535

      at sendOTPEmail (app/api/draft/[token]/request-otp/route.ts:38:13)

    console.log
      Expires at: 2026-03-03T04:08:21.973Z

      at sendOTPEmail (app/api/draft/[token]/request-otp/route.ts:39:13)

    console.log
      OTP email would be sent to: prop-test-1772510301974-rkc4ag@example.com

      at sendOTPEmail (app/api/draft/[token]/request-otp/route.ts:37:13)

    console.log
      OTP: 922465

      at sendOTPEmail (app/api/draft/[token]/request-otp/route.ts:38:13)

    console.log
      Expires at: 2026-03-03T04:08:22.028Z

      at sendOTPEmail (app/api/draft/[token]/request-otp/route.ts:39:13)

    console.log
      OTP email would be sent to: prop-test-1772510301977-yjt1h@example.com

      at sendOTPEmail (app/api/draft/[token]/request-otp/route.ts:37:13)

    console.log
      OTP: 479851

      at sendOTPEmail (app/api/draft/[token]/request-otp/route.ts:38:13)

    console.log
      Expires at: 2026-03-03T04:08:22.083Z

      at sendOTPEmail (app/api/draft/[token]/request-otp/route.ts:39:13)

    console.log
      OTP email would be sent to: prop-test-1772510302083-8fprar@example.com

      at sendOTPEmail (app/api/draft/[token]/request-otp/route.ts:37:13)

    console.log
      OTP: 211119

      at sendOTPEmail (app/api/draft/[token]/request-otp/route.ts:38:13)

    console.log
      Expires at: 2026-03-03T04:08:22.140Z

      at sendOTPEmail (app/api/draft/[token]/request-otp/route.ts:39:13)

    console.log
      OTP email would be sent to: prop-test-1772510302140-z604ob@example.com

      at sendOTPEmail (app/api/draft/[token]/request-otp/route.ts:37:13)

    console.log
      OTP: 222549

      at sendOTPEmail (app/api/draft/[token]/request-otp/route.ts:38:13)

    console.log
      Expires at: 2026-03-03T04:08:22.197Z

      at sendOTPEmail (app/api/draft/[token]/request-otp/route.ts:39:13)

    console.log
      OTP email would be sent to: prop-test-1772510302196-9cz3nb@example.com

      at sendOTPEmail (app/api/draft/[token]/request-otp/route.ts:37:13)

    console.log
      OTP: 777642

      at sendOTPEmail (app/api/draft/[token]/request-otp/route.ts:38:13)

    console.log
      Expires at: 2026-03-03T04:08:22.251Z

      at sendOTPEmail (app/api/draft/[token]/request-otp/route.ts:39:13)

    console.log
      OTP email would be sent to: prop-test-1772510302250-5acuwp@example.com

      at sendOTPEmail (app/api/draft/[token]/request-otp/route.ts:37:13)

    console.log
      OTP: 962808

      at sendOTPEmail (app/api/draft/[token]/request-otp/route.ts:38:13)

    console.log
      Expires at: 2026-03-03T04:08:22.307Z

      at sendOTPEmail (app/api/draft/[token]/request-otp/route.ts:39:13)

    console.log
      OTP email would be sent to: prop-test-1772510302255-a1vfvb@example.com

      at sendOTPEmail (app/api/draft/[token]/request-otp/route.ts:37:13)

    console.log
      OTP: 115408

      at sendOTPEmail (app/api/draft/[token]/request-otp/route.ts:38:13)

    console.log
      Expires at: 2026-03-03T04:08:22.363Z

      at sendOTPEmail (app/api/draft/[token]/request-otp/route.ts:39:13)

    console.log
      OTP email would be sent to: prop-test-1772510302364-iqduuu@example.com

      at sendOTPEmail (app/api/draft/[token]/request-otp/route.ts:37:13)

    console.log
      OTP: 044445

      at sendOTPEmail (app/api/draft/[token]/request-otp/route.ts:38:13)

    console.log
      Expires at: 2026-03-03T04:08:22.419Z

      at sendOTPEmail (app/api/draft/[token]/request-otp/route.ts:39:13)

    console.log
      OTP email would be sent to: prop-test-1772510302366-c6cw07@example.com

      at sendOTPEmail (app/api/draft/[token]/request-otp/route.ts:37:13)

    console.log
      OTP: 138364

      at sendOTPEmail (app/api/draft/[token]/request-otp/route.ts:38:13)

    console.log
      Expires at: 2026-03-03T04:08:22.477Z

      at sendOTPEmail (app/api/draft/[token]/request-otp/route.ts:39:13)

    console.log
      OTP email would be sent to: prop-test-1772510302476-jxamrn@example.com

      at sendOTPEmail (app/api/draft/[token]/request-otp/route.ts:37:13)

    console.log
      OTP: 599451

      at sendOTPEmail (app/api/draft/[token]/request-otp/route.ts:38:13)

    console.log
      Expires at: 2026-03-03T04:08:22.532Z

      at sendOTPEmail (app/api/draft/[token]/request-otp/route.ts:39:13)

    console.log
      OTP email would be sent to: prop-test-1772510302480-0vgjiw@example.com

      at sendOTPEmail (app/api/draft/[token]/request-otp/route.ts:37:13)

    console.log
      OTP: 842756

      at sendOTPEmail (app/api/draft/[token]/request-otp/route.ts:38:13)

    console.log
      Expires at: 2026-03-03T04:08:22.587Z

      at sendOTPEmail (app/api/draft/[token]/request-otp/route.ts:39:13)

    console.log
      OTP email would be sent to: prop-test-1772510302591-aiw6t@example.com

      at sendOTPEmail (app/api/draft/[token]/request-otp/route.ts:37:13)

    console.log
      OTP: 995040

      at sendOTPEmail (app/api/draft/[token]/request-otp/route.ts:38:13)

    console.log
      Expires at: 2026-03-03T04:08:22.645Z

      at sendOTPEmail (app/api/draft/[token]/request-otp/route.ts:39:13)

    console.log
      OTP email would be sent to: prop-test-1772510302649-0wsfqi@example.com

      at sendOTPEmail (app/api/draft/[token]/request-otp/route.ts:37:13)

    console.log
      OTP: 985647

      at sendOTPEmail (app/api/draft/[token]/request-otp/route.ts:38:13)

    console.log
      Expires at: 2026-03-03T04:08:22.702Z

      at sendOTPEmail (app/api/draft/[token]/request-otp/route.ts:39:13)

    console.log
      OTP email would be sent to: prop-test-1772510302707-8lg8j8@example.com

      at sendOTPEmail (app/api/draft/[token]/request-otp/route.ts:37:13)

    console.log
      OTP: 732554

      at sendOTPEmail (app/api/draft/[token]/request-otp/route.ts:38:13)

    console.log
      Expires at: 2026-03-03T04:08:22.760Z

      at sendOTPEmail (app/api/draft/[token]/request-otp/route.ts:39:13)

    console.log
      OTP email would be sent to: prop-test-1772510302764-zof7s5@example.com

      at sendOTPEmail (app/api/draft/[token]/request-otp/route.ts:37:13)

    console.log
      OTP: 173524

      at sendOTPEmail (app/api/draft/[token]/request-otp/route.ts:38:13)

    console.log
      Expires at: 2026-03-03T04:08:22.817Z

      at sendOTPEmail (app/api/draft/[token]/request-otp/route.ts:39:13)

    console.log
      OTP email would be sent to: prop-test-1772510302823-1yd3q@example.com

      at sendOTPEmail (app/api/draft/[token]/request-otp/route.ts:37:13)

    console.log
      OTP: 758092

      at sendOTPEmail (app/api/draft/[token]/request-otp/route.ts:38:13)

    console.log
      Expires at: 2026-03-03T04:08:22.876Z

      at sendOTPEmail (app/api/draft/[token]/request-otp/route.ts:39:13)

    console.log
      OTP email would be sent to: prop-test-1772510302880-2x3di@example.com

      at sendOTPEmail (app/api/draft/[token]/request-otp/route.ts:37:13)

    console.log
      OTP: 770397

      at sendOTPEmail (app/api/draft/[token]/request-otp/route.ts:38:13)

    console.log
      Expires at: 2026-03-03T04:08:22.932Z

      at sendOTPEmail (app/api/draft/[token]/request-otp/route.ts:39:13)

    console.log
      OTP email would be sent to: prop-test-1772510302936-s0l71d@example.com

      at sendOTPEmail (app/api/draft/[token]/request-otp/route.ts:37:13)

    console.log
      OTP: 681625

      at sendOTPEmail (app/api/draft/[token]/request-otp/route.ts:38:13)

    console.log
      Expires at: 2026-03-03T04:08:22.990Z

      at sendOTPEmail (app/api/draft/[token]/request-otp/route.ts:39:13)

    console.log
      OTP email would be sent to: prop-test-1772510302993-gfaaxe@example.com

      at sendOTPEmail (app/api/draft/[token]/request-otp/route.ts:37:13)

    console.log
      OTP: 999934

      at sendOTPEmail (app/api/draft/[token]/request-otp/route.ts:38:13)

    console.log
      Expires at: 2026-03-03T04:08:23.046Z

      at sendOTPEmail (app/api/draft/[token]/request-otp/route.ts:39:13)

    console.log
      OTP email would be sent to: prop-test-1772510303050-334ogb@example.com

      at sendOTPEmail (app/api/draft/[token]/request-otp/route.ts:37:13)

    console.log
      OTP: 679415

      at sendOTPEmail (app/api/draft/[token]/request-otp/route.ts:38:13)

    console.log
      Expires at: 2026-03-03T04:08:23.104Z

      at sendOTPEmail (app/api/draft/[token]/request-otp/route.ts:39:13)

    console.log
      OTP email would be sent to: prop-test-1772510303109-qhkxne@example.com

      at sendOTPEmail (app/api/draft/[token]/request-otp/route.ts:37:13)

    console.log
      OTP: 724993

      at sendOTPEmail (app/api/draft/[token]/request-otp/route.ts:38:13)

    console.log
      Expires at: 2026-03-03T04:08:23.162Z

      at sendOTPEmail (app/api/draft/[token]/request-otp/route.ts:39:13)

    console.log
      OTP email would be sent to: prop-test-1772510303166-fzf8dk@example.com

      at sendOTPEmail (app/api/draft/[token]/request-otp/route.ts:37:13)

    console.log
      OTP: 801656

      at sendOTPEmail (app/api/draft/[token]/request-otp/route.ts:38:13)

    console.log
      Expires at: 2026-03-03T04:08:23.223Z

      at sendOTPEmail (app/api/draft/[token]/request-otp/route.ts:39:13)

    console.log
      OTP email would be sent to: prop-test-1772510303227-5m5k7q@example.com

      at sendOTPEmail (app/api/draft/[token]/request-otp/route.ts:37:13)

    console.log
      OTP: 548856

      at sendOTPEmail (app/api/draft/[token]/request-otp/route.ts:38:13)

    console.log
      Expires at: 2026-03-03T04:08:23.283Z

      at sendOTPEmail (app/api/draft/[token]/request-otp/route.ts:39:13)

    console.log
      OTP email would be sent to: prop-test-1772510303288-tmztyg@example.com

      at sendOTPEmail (app/api/draft/[token]/request-otp/route.ts:37:13)

    console.log
      OTP: 082418

      at sendOTPEmail (app/api/draft/[token]/request-otp/route.ts:38:13)

    console.log
      Expires at: 2026-03-03T04:08:23.342Z

      at sendOTPEmail (app/api/draft/[token]/request-otp/route.ts:39:13)

  โ— OTP Request API Properties โ€บ Property 7: OTP Expiry Enforcement โ€บ should set OTP expiry to exactly 
10 minutes from generation

    thrown: "Exceeded timeout of 5000 ms for a test.
    Add a timeout value to this test to increase the timeout, if this is a long-running test. See 
https://jestjs.io/docs/api#testname-fn-timeout."

    [0m [90m 49 |[39m [90m   */[39m
     [90m 50 |[39m   describe([32m'Property 7: OTP Expiry Enforcement'[39m[33m,[39m () [33m=>[39m {
    [31m[1m>[22m[39m[90m 51 |[39m     it([32m'should set OTP expiry to exactly 10 minutes from 
generation'[39m[33m,[39m [36masync[39m () [33m=>[39m {
     [90m    |[39m       [31m[1m^[22m[39m
     [90m 52 |[39m       [36mawait[39m fc[33m.[39massert(
     [90m 53 |[39m         fc[33m.[39masyncProperty(
     [90m 54 |[39m           fc[33m.[39memailAddress()[33m,[39m[0m

      at app/api/draft/[token]/request-otp/__tests__/request-otp.property.test.ts:51:7
      at app/api/draft/[token]/request-otp/__tests__/request-otp.property.test.ts:50:11
      at Object.<anonymous> (app/api/draft/[token]/request-otp/__tests__/request-otp.property.test.ts:22:9)

  โ— OTP Request API Properties โ€บ Property 7: OTP Expiry Enforcement โ€บ should store OTP with expiry 
timestamp in database

    thrown: "Exceeded timeout of 5000 ms for a test.
    Add a timeout value to this test to increase the timeout, if this is a long-running test. See 
https://jestjs.io/docs/api#testname-fn-timeout."

    [0m [90m 119 |[39m     })[33m;[39m
     [90m 120 |[39m
    [31m[1m>[22m[39m[90m 121 |[39m     it([32m'should store OTP with expiry timestamp in 
database'[39m[33m,[39m [36masync[39m () [33m=>[39m {
     [90m     |[39m       [31m[1m^[22m[39m
     [90m 122 |[39m       [36mawait[39m fc[33m.[39massert(
     [90m 123 |[39m         fc[33m.[39masyncProperty(
     [90m 124 |[39m           fc[33m.[39memailAddress()[33m,[39m[0m

      at app/api/draft/[token]/request-otp/__tests__/request-otp.property.test.ts:121:7
      at app/api/draft/[token]/request-otp/__tests__/request-otp.property.test.ts:50:11
      at Object.<anonymous> (app/api/draft/[token]/request-otp/__tests__/request-otp.property.test.ts:22:9)

  โ— OTP Request API Properties โ€บ Integration: OTP Expiry Enforcement and Metadata โ€บ should consistently 
enforce 10-minute expiry across multiple scenarios

    thrown: "Exceeded timeout of 5000 ms for a test.
    Add a timeout value to this test to increase the timeout, if this is a long-running test. See 
https://jestjs.io/docs/api#testname-fn-timeout."

    [0m [90m 798 |[39m     })[33m;[39m
     [90m 799 |[39m
    [31m[1m>[22m[39m[90m 800 |[39m     it([32m'should consistently enforce 10-minute expiry across 
multiple scenarios'[39m[33m,[39m [36masync[39m () [33m=>[39m {
     [90m     |[39m       [31m[1m^[22m[39m
     [90m 801 |[39m       [36mawait[39m fc[33m.[39massert(
     [90m 802 |[39m         fc[33m.[39masyncProperty(
     [90m 803 |[39m           fc[33m.[39memailAddress()[33m,[39m[0m

      at app/api/draft/[token]/request-otp/__tests__/request-otp.property.test.ts:800:7
      at app/api/draft/[token]/request-otp/__tests__/request-otp.property.test.ts:723:11
      at Object.<anonymous> (app/api/draft/[token]/request-otp/__tests__/request-otp.property.test.ts:22:9)


  โ—  Cannot log after tests are done. Did you forget to wait for something async in your test?
    Attempted to log "OTP email would be sent to: prop-test-1772510303371-gzxhww@example.com".

    [0m [90m 35 |[39m     [90m// TODO: Implement actual email sending using nodemailer[39m
     [90m 36 |[39m     [90m// For now, we'll log the OTP for testing[39m
    [31m[1m>[22m[39m[90m 37 |[39m     console[33m.[39mlog([32m'OTP email would be sent 
to:'[39m[33m,[39m email)[33m;[39m
     [90m    |[39m             [31m[1m^[22m[39m
     [90m 38 |[39m     console[33m.[39mlog([32m'OTP:'[39m[33m,[39m otp)[33m;[39m
     [90m 39 |[39m     console[33m.[39mlog([32m'Expires at:'[39m[33m,[39m 
expiresAt[33m.[39mtoISOString())[33m;[39m
     [90m 40 |[39m     [0m

      at console.log (node_modules/@jest/console/build/index.js:147:10)
      at sendOTPEmail (app/api/draft/[token]/request-otp/route.ts:37:13)
      at POST (app/api/draft/[token]/request-otp/route.ts:170:29)
      at app/api/draft/[token]/request-otp/__tests__/request-otp.property.test.ts:837:30
      at AsyncProperty.run (node_modules/fast-check/lib/cjs/check/property/AsyncProperty.generic.js:46:28)
      at asyncRunIt (node_modules/fast-check/lib/cjs/check/runner/Runner.js:28:21)
      at Object.<anonymous> (app/api/draft/[token]/request-otp/__tests__/request-otp.property.test.ts:801:7)


  โ—  Cannot log after tests are done. Did you forget to wait for something async in your test?
    Attempted to log "OTP: 747018".

    [0m [90m 36 |[39m     [90m// For now, we'll log the OTP for testing[39m
     [90m 37 |[39m     console[33m.[39mlog([32m'OTP email would be sent to:'[39m[33m,[39m 
email)[33m;[39m
    [31m[1m>[22m[39m[90m 38 |[39m     console[33m.[39mlog([32m'OTP:'[39m[33m,[39m otp)[33m;[39m
     [90m    |[39m             [31m[1m^[22m[39m
     [90m 39 |[39m     console[33m.[39mlog([32m'Expires at:'[39m[33m,[39m 
expiresAt[33m.[39mtoISOString())[33m;[39m
     [90m 40 |[39m     
     [90m 41 |[39m     [90m// In production, this would be:[39m[0m

      at console.log (node_modules/@jest/console/build/index.js:147:10)
      at sendOTPEmail (app/api/draft/[token]/request-otp/route.ts:38:13)
      at POST (app/api/draft/[token]/request-otp/route.ts:170:29)
      at app/api/draft/[token]/request-otp/__tests__/request-otp.property.test.ts:837:30
      at AsyncProperty.run (node_modules/fast-check/lib/cjs/check/property/AsyncProperty.generic.js:46:28)
      at asyncRunIt (node_modules/fast-check/lib/cjs/check/runner/Runner.js:28:21)
      at Object.<anonymous> (app/api/draft/[token]/request-otp/__tests__/request-otp.property.test.ts:801:7)


  โ—  Cannot log after tests are done. Did you forget to wait for something async in your test?
    Attempted to log "Expires at: 2026-03-03T04:08:23.429Z".

    [0m [90m 37 |[39m     console[33m.[39mlog([32m'OTP email would be sent to:'[39m[33m,[39m 
email)[33m;[39m
     [90m 38 |[39m     console[33m.[39mlog([32m'OTP:'[39m[33m,[39m otp)[33m;[39m
    [31m[1m>[22m[39m[90m 39 |[39m     console[33m.[39mlog([32m'Expires at:'[39m[33m,[39m 
expiresAt[33m.[39mtoISOString())[33m;[39m
     [90m    |[39m             [31m[1m^[22m[39m
     [90m 40 |[39m     
     [90m 41 |[39m     [90m// In production, this would be:[39m
     [90m 42 |[39m     [90m// const subject = 'เธฃเธซเธฑเธช OTP 
เธชเธณเธซเธฃเธฑเธเน€เธเนเธฒเธ–เธถเธเนเธเธเธเธญเธฃเนเธกเธเธญเธเธเธธเธ“';[39m[0m

      at console.log (node_modules/@jest/console/build/index.js:147:10)
      at sendOTPEmail (app/api/draft/[token]/request-otp/route.ts:39:13)
      at POST (app/api/draft/[token]/request-otp/route.ts:170:29)
      at app/api/draft/[token]/request-otp/__tests__/request-otp.property.test.ts:837:30
      at AsyncProperty.run (node_modules/fast-check/lib/cjs/check/property/AsyncProperty.generic.js:46:28)
      at asyncRunIt (node_modules/fast-check/lib/cjs/check/runner/Runner.js:28:21)
      at Object.<anonymous> (app/api/draft/[token]/request-otp/__tests__/request-otp.property.test.ts:801:7)


  โ—  Cannot log after tests are done. Did you forget to wait for something async in your test?
    Attempted to log "OTP email would be sent to: prop-test-1772510303460-7bq3un@example.com".

    [0m [90m 35 |[39m     [90m// TODO: Implement actual email sending using nodemailer[39m
     [90m 36 |[39m     [90m// For now, we'll log the OTP for testing[39m
    [31m[1m>[22m[39m[90m 37 |[39m     console[33m.[39mlog([32m'OTP email would be sent 
to:'[39m[33m,[39m email)[33m;[39m
     [90m    |[39m             [31m[1m^[22m[39m
     [90m 38 |[39m     console[33m.[39mlog([32m'OTP:'[39m[33m,[39m otp)[33m;[39m
     [90m 39 |[39m     console[33m.[39mlog([32m'Expires at:'[39m[33m,[39m 
expiresAt[33m.[39mtoISOString())[33m;[39m
     [90m 40 |[39m     [0m

      at console.log (node_modules/@jest/console/build/index.js:147:10)
      at sendOTPEmail (app/api/draft/[token]/request-otp/route.ts:37:13)
      at POST (app/api/draft/[token]/request-otp/route.ts:170:29)
      at app/api/draft/[token]/request-otp/__tests__/request-otp.property.test.ts:837:30
      at AsyncProperty.run (node_modules/fast-check/lib/cjs/check/property/AsyncProperty.generic.js:46:28)
      at asyncRunIt (node_modules/fast-check/lib/cjs/check/runner/Runner.js:28:21)
      at Object.<anonymous> (app/api/draft/[token]/request-otp/__tests__/request-otp.property.test.ts:801:7)


  โ—  Cannot log after tests are done. Did you forget to wait for something async in your test?
    Attempted to log "OTP: 349726".

    [0m [90m 36 |[39m     [90m// For now, we'll log the OTP for testing[39m
     [90m 37 |[39m     console[33m.[39mlog([32m'OTP email would be sent to:'[39m[33m,[39m 
email)[33m;[39m
    [31m[1m>[22m[39m[90m 38 |[39m     console[33m.[39mlog([32m'OTP:'[39m[33m,[39m otp)[33m;[39m
     [90m    |[39m             [31m[1m^[22m[39m
     [90m 39 |[39m     console[33m.[39mlog([32m'Expires at:'[39m[33m,[39m 
expiresAt[33m.[39mtoISOString())[33m;[39m
     [90m 40 |[39m     
     [90m 41 |[39m     [90m// In production, this would be:[39m[0m

      at console.log (node_modules/@jest/console/build/index.js:147:10)
      at sendOTPEmail (app/api/draft/[token]/request-otp/route.ts:38:13)
      at POST (app/api/draft/[token]/request-otp/route.ts:170:29)
      at app/api/draft/[token]/request-otp/__tests__/request-otp.property.test.ts:837:30
      at AsyncProperty.run (node_modules/fast-check/lib/cjs/check/property/AsyncProperty.generic.js:46:28)
      at asyncRunIt (node_modules/fast-check/lib/cjs/check/runner/Runner.js:28:21)
      at Object.<anonymous> (app/api/draft/[token]/request-otp/__tests__/request-otp.property.test.ts:801:7)


  โ—  Cannot log after tests are done. Did you forget to wait for something async in your test?
    Attempted to log "Expires at: 2026-03-03T04:08:23.532Z".

    [0m [90m 37 |[39m     console[33m.[39mlog([32m'OTP email would be sent to:'[39m[33m,[39m 
email)[33m;[39m
     [90m 38 |[39m     console[33m.[39mlog([32m'OTP:'[39m[33m,[39m otp)[33m;[39m
    [31m[1m>[22m[39m[90m 39 |[39m     console[33m.[39mlog([32m'Expires at:'[39m[33m,[39m 
expiresAt[33m.[39mtoISOString())[33m;[39m
     [90m    |[39m             [31m[1m^[22m[39m
     [90m 40 |[39m     
     [90m 41 |[39m     [90m// In production, this would be:[39m
     [90m 42 |[39m     [90m// const subject = 'เธฃเธซเธฑเธช OTP 
เธชเธณเธซเธฃเธฑเธเน€เธเนเธฒเธ–เธถเธเนเธเธเธเธญเธฃเนเธกเธเธญเธเธเธธเธ“';[39m[0m

      at console.log (node_modules/@jest/console/build/index.js:147:10)
      at sendOTPEmail (app/api/draft/[token]/request-otp/route.ts:39:13)
      at POST (app/api/draft/[token]/request-otp/route.ts:170:29)
      at app/api/draft/[token]/request-otp/__tests__/request-otp.property.test.ts:837:30
      at AsyncProperty.run (node_modules/fast-check/lib/cjs/check/property/AsyncProperty.generic.js:46:28)
      at asyncRunIt (node_modules/fast-check/lib/cjs/check/runner/Runner.js:28:21)
      at Object.<anonymous> (app/api/draft/[token]/request-otp/__tests__/request-otp.property.test.ts:801:7)


  โ—  Cannot log after tests are done. Did you forget to wait for something async in your test?
    Attempted to log "OTP email would be sent to: prop-test-1772510303540-gfkbls@example.com".

    [0m [90m 35 |[39m     [90m// TODO: Implement actual email sending using nodemailer[39m
     [90m 36 |[39m     [90m// For now, we'll log the OTP for testing[39m
    [31m[1m>[22m[39m[90m 37 |[39m     console[33m.[39mlog([32m'OTP email would be sent 
to:'[39m[33m,[39m email)[33m;[39m
     [90m    |[39m             [31m[1m^[22m[39m
     [90m 38 |[39m     console[33m.[39mlog([32m'OTP:'[39m[33m,[39m otp)[33m;[39m
     [90m 39 |[39m     console[33m.[39mlog([32m'Expires at:'[39m[33m,[39m 
expiresAt[33m.[39mtoISOString())[33m;[39m
     [90m 40 |[39m     [0m

      at console.log (node_modules/@jest/console/build/index.js:147:10)
      at sendOTPEmail (app/api/draft/[token]/request-otp/route.ts:37:13)
      at POST (app/api/draft/[token]/request-otp/route.ts:170:29)
      at app/api/draft/[token]/request-otp/__tests__/request-otp.property.test.ts:837:30
      at AsyncProperty.run (node_modules/fast-check/lib/cjs/check/property/AsyncProperty.generic.js:46:28)
      at asyncRunIt (node_modules/fast-check/lib/cjs/check/runner/Runner.js:28:21)
      at Object.<anonymous> (app/api/draft/[token]/request-otp/__tests__/request-otp.property.test.ts:801:7)


  โ—  Cannot log after tests are done. Did you forget to wait for something async in your test?
    Attempted to log "OTP: 577842".

    [0m [90m 36 |[39m     [90m// For now, we'll log the OTP for testing[39m
     [90m 37 |[39m     console[33m.[39mlog([32m'OTP email would be sent to:'[39m[33m,[39m 
email)[33m;[39m
    [31m[1m>[22m[39m[90m 38 |[39m     console[33m.[39mlog([32m'OTP:'[39m[33m,[39m otp)[33m;[39m
     [90m    |[39m             [31m[1m^[22m[39m
     [90m 39 |[39m     console[33m.[39mlog([32m'Expires at:'[39m[33m,[39m 
expiresAt[33m.[39mtoISOString())[33m;[39m
     [90m 40 |[39m     
     [90m 41 |[39m     [90m// In production, this would be:[39m[0m

      at console.log (node_modules/@jest/console/build/index.js:147:10)
      at sendOTPEmail (app/api/draft/[token]/request-otp/route.ts:38:13)
      at POST (app/api/draft/[token]/request-otp/route.ts:170:29)
      at app/api/draft/[token]/request-otp/__tests__/request-otp.property.test.ts:837:30
      at AsyncProperty.run (node_modules/fast-check/lib/cjs/check/property/AsyncProperty.generic.js:46:28)
      at asyncRunIt (node_modules/fast-check/lib/cjs/check/runner/Runner.js:28:21)
      at Object.<anonymous> (app/api/draft/[token]/request-otp/__tests__/request-otp.property.test.ts:801:7)


  โ—  Cannot log after tests are done. Did you forget to wait for something async in your test?
    Attempted to log "Expires at: 2026-03-03T04:08:23.600Z".

    [0m [90m 37 |[39m     console[33m.[39mlog([32m'OTP email would be sent to:'[39m[33m,[39m 
email)[33m;[39m
     [90m 38 |[39m     console[33m.[39mlog([32m'OTP:'[39m[33m,[39m otp)[33m;[39m
    [31m[1m>[22m[39m[90m 39 |[39m     console[33m.[39mlog([32m'Expires at:'[39m[33m,[39m 
expiresAt[33m.[39mtoISOString())[33m;[39m
     [90m    |[39m             [31m[1m^[22m[39m
     [90m 40 |[39m     
     [90m 41 |[39m     [90m// In production, this would be:[39m
     [90m 42 |[39m     [90m// const subject = 'เธฃเธซเธฑเธช OTP 
เธชเธณเธซเธฃเธฑเธเน€เธเนเธฒเธ–เธถเธเนเธเธเธเธญเธฃเนเธกเธเธญเธเธเธธเธ“';[39m[0m

      at console.log (node_modules/@jest/console/build/index.js:147:10)
      at sendOTPEmail (app/api/draft/[token]/request-otp/route.ts:39:13)
      at POST (app/api/draft/[token]/request-otp/route.ts:170:29)
      at app/api/draft/[token]/request-otp/__tests__/request-otp.property.test.ts:837:30
      at AsyncProperty.run (node_modules/fast-check/lib/cjs/check/property/AsyncProperty.generic.js:46:28)
      at asyncRunIt (node_modules/fast-check/lib/cjs/check/runner/Runner.js:28:21)
      at Object.<anonymous> (app/api/draft/[token]/request-otp/__tests__/request-otp.property.test.ts:801:7)


  โ—  Cannot log after tests are done. Did you forget to wait for something async in your test?
    Attempted to log "OTP email would be sent to: prop-test-1772510303610-qvzte9@example.com".

    [0m [90m 35 |[39m     [90m// TODO: Implement actual email sending using nodemailer[39m
     [90m 36 |[39m     [90m// For now, we'll log the OTP for testing[39m
    [31m[1m>[22m[39m[90m 37 |[39m     console[33m.[39mlog([32m'OTP email would be sent 
to:'[39m[33m,[39m email)[33m;[39m
     [90m    |[39m             [31m[1m^[22m[39m
     [90m 38 |[39m     console[33m.[39mlog([32m'OTP:'[39m[33m,[39m otp)[33m;[39m
     [90m 39 |[39m     console[33m.[39mlog([32m'Expires at:'[39m[33m,[39m 
expiresAt[33m.[39mtoISOString())[33m;[39m
     [90m 40 |[39m     [0m

      at console.log (node_modules/@jest/console/build/index.js:147:10)
      at sendOTPEmail (app/api/draft/[token]/request-otp/route.ts:37:13)
      at POST (app/api/draft/[token]/request-otp/route.ts:170:29)
      at app/api/draft/[token]/request-otp/__tests__/request-otp.property.test.ts:837:30
      at AsyncProperty.run (node_modules/fast-check/lib/cjs/check/property/AsyncProperty.generic.js:46:28)
      at asyncRunIt (node_modules/fast-check/lib/cjs/check/runner/Runner.js:28:21)
      at Object.<anonymous> (app/api/draft/[token]/request-otp/__tests__/request-otp.property.test.ts:801:7)


  โ—  Cannot log after tests are done. Did you forget to wait for something async in your test?
    Attempted to log "OTP: 759406".

    [0m [90m 36 |[39m     [90m// For now, we'll log the OTP for testing[39m
     [90m 37 |[39m     console[33m.[39mlog([32m'OTP email would be sent to:'[39m[33m,[39m 
email)[33m;[39m
    [31m[1m>[22m[39m[90m 38 |[39m     console[33m.[39mlog([32m'OTP:'[39m[33m,[39m otp)[33m;[39m
     [90m    |[39m             [31m[1m^[22m[39m
     [90m 39 |[39m     console[33m.[39mlog([32m'Expires at:'[39m[33m,[39m 
expiresAt[33m.[39mtoISOString())[33m;[39m
     [90m 40 |[39m     
     [90m 41 |[39m     [90m// In production, this would be:[39m[0m

      at console.log (node_modules/@jest/console/build/index.js:147:10)
      at sendOTPEmail (app/api/draft/[token]/request-otp/route.ts:38:13)
      at POST (app/api/draft/[token]/request-otp/route.ts:170:29)
      at app/api/draft/[token]/request-otp/__tests__/request-otp.property.test.ts:837:30
      at AsyncProperty.run (node_modules/fast-check/lib/cjs/check/property/AsyncProperty.generic.js:46:28)
      at asyncRunIt (node_modules/fast-check/lib/cjs/check/runner/Runner.js:28:21)
      at Object.<anonymous> (app/api/draft/[token]/request-otp/__tests__/request-otp.property.test.ts:801:7)


  โ—  Cannot log after tests are done. Did you forget to wait for something async in your test?
    Attempted to log "Expires at: 2026-03-03T04:08:23.668Z".

    [0m [90m 37 |[39m     console[33m.[39mlog([32m'OTP email would be sent to:'[39m[33m,[39m 
email)[33m;[39m
     [90m 38 |[39m     console[33m.[39mlog([32m'OTP:'[39m[33m,[39m otp)[33m;[39m
    [31m[1m>[22m[39m[90m 39 |[39m     console[33m.[39mlog([32m'Expires at:'[39m[33m,[39m 
expiresAt[33m.[39mtoISOString())[33m;[39m
     [90m    |[39m             [31m[1m^[22m[39m
     [90m 40 |[39m     
     [90m 41 |[39m     [90m// In production, this would be:[39m
     [90m 42 |[39m     [90m// const subject = 'เธฃเธซเธฑเธช OTP 
เธชเธณเธซเธฃเธฑเธเน€เธเนเธฒเธ–เธถเธเนเธเธเธเธญเธฃเนเธกเธเธญเธเธเธธเธ“';[39m[0m

      at console.log (node_modules/@jest/console/build/index.js:147:10)
      at sendOTPEmail (app/api/draft/[token]/request-otp/route.ts:39:13)
      at POST (app/api/draft/[token]/request-otp/route.ts:170:29)
      at app/api/draft/[token]/request-otp/__tests__/request-otp.property.test.ts:837:30
      at AsyncProperty.run (node_modules/fast-check/lib/cjs/check/property/AsyncProperty.generic.js:46:28)
      at asyncRunIt (node_modules/fast-check/lib/cjs/check/runner/Runner.js:28:21)
      at Object.<anonymous> (app/api/draft/[token]/request-otp/__tests__/request-otp.property.test.ts:801:7)


  โ—  Cannot log after tests are done. Did you forget to wait for something async in your test?
    Attempted to log "OTP email would be sent to: prop-test-1772510303677-4lce5k@example.com".

    [0m [90m 35 |[39m     [90m// TODO: Implement actual email sending using nodemailer[39m
     [90m 36 |[39m     [90m// For now, we'll log the OTP for testing[39m
    [31m[1m>[22m[39m[90m 37 |[39m     console[33m.[39mlog([32m'OTP email would be sent 
to:'[39m[33m,[39m email)[33m;[39m
     [90m    |[39m             [31m[1m^[22m[39m
     [90m 38 |[39m     console[33m.[39mlog([32m'OTP:'[39m[33m,[39m otp)[33m;[39m
     [90m 39 |[39m     console[33m.[39mlog([32m'Expires at:'[39m[33m,[39m 
expiresAt[33m.[39mtoISOString())[33m;[39m
     [90m 40 |[39m     [0m

      at console.log (node_modules/@jest/console/build/index.js:147:10)
      at sendOTPEmail (app/api/draft/[token]/request-otp/route.ts:37:13)
      at POST (app/api/draft/[token]/request-otp/route.ts:170:29)
      at app/api/draft/[token]/request-otp/__tests__/request-otp.property.test.ts:837:30
      at AsyncProperty.run (node_modules/fast-check/lib/cjs/check/property/AsyncProperty.generic.js:46:28)
      at asyncRunIt (node_modules/fast-check/lib/cjs/check/runner/Runner.js:28:21)
      at Object.<anonymous> (app/api/draft/[token]/request-otp/__tests__/request-otp.property.test.ts:801:7)


  โ—  Cannot log after tests are done. Did you forget to wait for something async in your test?
    Attempted to log "OTP: 498233".

    [0m [90m 36 |[39m     [90m// For now, we'll log the OTP for testing[39m
     [90m 37 |[39m     console[33m.[39mlog([32m'OTP email would be sent to:'[39m[33m,[39m 
email)[33m;[39m
    [31m[1m>[22m[39m[90m 38 |[39m     console[33m.[39mlog([32m'OTP:'[39m[33m,[39m otp)[33m;[39m
     [90m    |[39m             [31m[1m^[22m[39m
     [90m 39 |[39m     console[33m.[39mlog([32m'Expires at:'[39m[33m,[39m 
expiresAt[33m.[39mtoISOString())[33m;[39m
     [90m 40 |[39m     
     [90m 41 |[39m     [90m// In production, this would be:[39m[0m

      at console.log (node_modules/@jest/console/build/index.js:147:10)
      at sendOTPEmail (app/api/draft/[token]/request-otp/route.ts:38:13)
      at POST (app/api/draft/[token]/request-otp/route.ts:170:29)
      at app/api/draft/[token]/request-otp/__tests__/request-otp.property.test.ts:837:30
      at AsyncProperty.run (node_modules/fast-check/lib/cjs/check/property/AsyncProperty.generic.js:46:28)
      at asyncRunIt (node_modules/fast-check/lib/cjs/check/runner/Runner.js:28:21)
      at Object.<anonymous> (app/api/draft/[token]/request-otp/__tests__/request-otp.property.test.ts:801:7)


  โ—  Cannot log after tests are done. Did you forget to wait for something async in your test?
    Attempted to log "Expires at: 2026-03-03T04:08:23.736Z".

    [0m [90m 37 |[39m     console[33m.[39mlog([32m'OTP email would be sent to:'[39m[33m,[39m 
email)[33m;[39m
     [90m 38 |[39m     console[33m.[39mlog([32m'OTP:'[39m[33m,[39m otp)[33m;[39m
    [31m[1m>[22m[39m[90m 39 |[39m     console[33m.[39mlog([32m'Expires at:'[39m[33m,[39m 
expiresAt[33m.[39mtoISOString())[33m;[39m
     [90m    |[39m             [31m[1m^[22m[39m
     [90m 40 |[39m     
     [90m 41 |[39m     [90m// In production, this would be:[39m
     [90m 42 |[39m     [90m// const subject = 'เธฃเธซเธฑเธช OTP 
เธชเธณเธซเธฃเธฑเธเน€เธเนเธฒเธ–เธถเธเนเธเธเธเธญเธฃเนเธกเธเธญเธเธเธธเธ“';[39m[0m

      at console.log (node_modules/@jest/console/build/index.js:147:10)
      at sendOTPEmail (app/api/draft/[token]/request-otp/route.ts:39:13)
      at POST (app/api/draft/[token]/request-otp/route.ts:170:29)
      at app/api/draft/[token]/request-otp/__tests__/request-otp.property.test.ts:837:30
      at AsyncProperty.run (node_modules/fast-check/lib/cjs/check/property/AsyncProperty.generic.js:46:28)
      at asyncRunIt (node_modules/fast-check/lib/cjs/check/runner/Runner.js:28:21)
      at Object.<anonymous> (app/api/draft/[token]/request-otp/__tests__/request-otp.property.test.ts:801:7)


  โ—  Cannot log after tests are done. Did you forget to wait for something async in your test?
    Attempted to log "OTP email would be sent to: prop-test-1772510303743-89ijx@example.com".

    [0m [90m 35 |[39m     [90m// TODO: Implement actual email sending using nodemailer[39m
     [90m 36 |[39m     [90m// For now, we'll log the OTP for testing[39m
    [31m[1m>[22m[39m[90m 37 |[39m     console[33m.[39mlog([32m'OTP email would be sent 
to:'[39m[33m,[39m email)[33m;[39m
     [90m    |[39m             [31m[1m^[22m[39m
     [90m 38 |[39m     console[33m.[39mlog([32m'OTP:'[39m[33m,[39m otp)[33m;[39m
     [90m 39 |[39m     console[33m.[39mlog([32m'Expires at:'[39m[33m,[39m 
expiresAt[33m.[39mtoISOString())[33m;[39m
     [90m 40 |[39m     [0m

      at console.log (node_modules/@jest/console/build/index.js:147:10)
      at sendOTPEmail (app/api/draft/[token]/request-otp/route.ts:37:13)
      at POST (app/api/draft/[token]/request-otp/route.ts:170:29)
      at app/api/draft/[token]/request-otp/__tests__/request-otp.property.test.ts:837:30
      at AsyncProperty.run (node_modules/fast-check/lib/cjs/check/property/AsyncProperty.generic.js:46:28)
      at asyncRunIt (node_modules/fast-check/lib/cjs/check/runner/Runner.js:28:21)
      at Object.<anonymous> (app/api/draft/[token]/request-otp/__tests__/request-otp.property.test.ts:801:7)


  โ—  Cannot log after tests are done. Did you forget to wait for something async in your test?
    Attempted to log "OTP: 052311".

    [0m [90m 36 |[39m     [90m// For now, we'll log the OTP for testing[39m
     [90m 37 |[39m     console[33m.[39mlog([32m'OTP email would be sent to:'[39m[33m,[39m 
email)[33m;[39m
    [31m[1m>[22m[39m[90m 38 |[39m     console[33m.[39mlog([32m'OTP:'[39m[33m,[39m otp)[33m;[39m
     [90m    |[39m             [31m[1m^[22m[39m
     [90m 39 |[39m     console[33m.[39mlog([32m'Expires at:'[39m[33m,[39m 
expiresAt[33m.[39mtoISOString())[33m;[39m
     [90m 40 |[39m     
     [90m 41 |[39m     [90m// In production, this would be:[39m[0m

      at console.log (node_modules/@jest/console/build/index.js:147:10)
      at sendOTPEmail (app/api/draft/[token]/request-otp/route.ts:38:13)
      at POST (app/api/draft/[token]/request-otp/route.ts:170:29)
      at app/api/draft/[token]/request-otp/__tests__/request-otp.property.test.ts:837:30
      at AsyncProperty.run (node_modules/fast-check/lib/cjs/check/property/AsyncProperty.generic.js:46:28)
      at asyncRunIt (node_modules/fast-check/lib/cjs/check/runner/Runner.js:28:21)
      at Object.<anonymous> (app/api/draft/[token]/request-otp/__tests__/request-otp.property.test.ts:801:7)


  โ—  Cannot log after tests are done. Did you forget to wait for something async in your test?
    Attempted to log "Expires at: 2026-03-03T04:08:23.802Z".

    [0m [90m 37 |[39m     console[33m.[39mlog([32m'OTP email would be sent to:'[39m[33m,[39m 
email)[33m;[39m
     [90m 38 |[39m     console[33m.[39mlog([32m'OTP:'[39m[33m,[39m otp)[33m;[39m
    [31m[1m>[22m[39m[90m 39 |[39m     console[33m.[39mlog([32m'Expires at:'[39m[33m,[39m 
expiresAt[33m.[39mtoISOString())[33m;[39m
     [90m    |[39m             [31m[1m^[22m[39m
     [90m 40 |[39m     
     [90m 41 |[39m     [90m// In production, this would be:[39m
     [90m 42 |[39m     [90m// const subject = 'เธฃเธซเธฑเธช OTP 
เธชเธณเธซเธฃเธฑเธเน€เธเนเธฒเธ–เธถเธเนเธเธเธเธญเธฃเนเธกเธเธญเธเธเธธเธ“';[39m[0m

      at console.log (node_modules/@jest/console/build/index.js:147:10)
      at sendOTPEmail (app/api/draft/[token]/request-otp/route.ts:39:13)
      at POST (app/api/draft/[token]/request-otp/route.ts:170:29)
      at app/api/draft/[token]/request-otp/__tests__/request-otp.property.test.ts:837:30
      at AsyncProperty.run (node_modules/fast-check/lib/cjs/check/property/AsyncProperty.generic.js:46:28)
      at asyncRunIt (node_modules/fast-check/lib/cjs/check/runner/Runner.js:28:21)
      at Object.<anonymous> (app/api/draft/[token]/request-otp/__tests__/request-otp.property.test.ts:801:7)


  โ—  Cannot log after tests are done. Did you forget to wait for something async in your test?
    Attempted to log "OTP email would be sent to: prop-test-1772510303809-xrdh9v@example.com".

    [0m [90m 35 |[39m     [90m// TODO: Implement actual email sending using nodemailer[39m
     [90m 36 |[39m     [90m// For now, we'll log the OTP for testing[39m
    [31m[1m>[22m[39m[90m 37 |[39m     console[33m.[39mlog([32m'OTP email would be sent 
to:'[39m[33m,[39m email)[33m;[39m
     [90m    |[39m             [31m[1m^[22m[39m
     [90m 38 |[39m     console[33m.[39mlog([32m'OTP:'[39m[33m,[39m otp)[33m;[39m
     [90m 39 |[39m     console[33m.[39mlog([32m'Expires at:'[39m[33m,[39m 
expiresAt[33m.[39mtoISOString())[33m;[39m
     [90m 40 |[39m     [0m

      at console.log (node_modules/@jest/console/build/index.js:147:10)
      at sendOTPEmail (app/api/draft/[token]/request-otp/route.ts:37:13)
      at POST (app/api/draft/[token]/request-otp/route.ts:170:29)
      at app/api/draft/[token]/request-otp/__tests__/request-otp.property.test.ts:837:30
      at AsyncProperty.run (node_modules/fast-check/lib/cjs/check/property/AsyncProperty.generic.js:46:28)
      at asyncRunIt (node_modules/fast-check/lib/cjs/check/runner/Runner.js:28:21)
      at Object.<anonymous> (app/api/draft/[token]/request-otp/__tests__/request-otp.property.test.ts:801:7)


  โ—  Cannot log after tests are done. Did you forget to wait for something async in your test?
    Attempted to log "OTP: 705635".

    [0m [90m 36 |[39m     [90m// For now, we'll log the OTP for testing[39m
     [90m 37 |[39m     console[33m.[39mlog([32m'OTP email would be sent to:'[39m[33m,[39m 
email)[33m;[39m
    [31m[1m>[22m[39m[90m 38 |[39m     console[33m.[39mlog([32m'OTP:'[39m[33m,[39m otp)[33m;[39m
     [90m    |[39m             [31m[1m^[22m[39m
     [90m 39 |[39m     console[33m.[39mlog([32m'Expires at:'[39m[33m,[39m 
expiresAt[33m.[39mtoISOString())[33m;[39m
     [90m 40 |[39m     
     [90m 41 |[39m     [90m// In production, this would be:[39m[0m

      at console.log (node_modules/@jest/console/build/index.js:147:10)
      at sendOTPEmail (app/api/draft/[token]/request-otp/route.ts:38:13)
      at POST (app/api/draft/[token]/request-otp/route.ts:170:29)
      at app/api/draft/[token]/request-otp/__tests__/request-otp.property.test.ts:837:30
      at AsyncProperty.run (node_modules/fast-check/lib/cjs/check/property/AsyncProperty.generic.js:46:28)
      at asyncRunIt (node_modules/fast-check/lib/cjs/check/runner/Runner.js:28:21)
      at Object.<anonymous> (app/api/draft/[token]/request-otp/__tests__/request-otp.property.test.ts:801:7)


  โ—  Cannot log after tests are done. Did you forget to wait for something async in your test?
    Attempted to log "Expires at: 2026-03-03T04:08:23.867Z".

    [0m [90m 37 |[39m     console[33m.[39mlog([32m'OTP email would be sent to:'[39m[33m,[39m 
email)[33m;[39m
     [90m 38 |[39m     console[33m.[39mlog([32m'OTP:'[39m[33m,[39m otp)[33m;[39m
    [31m[1m>[22m[39m[90m 39 |[39m     console[33m.[39mlog([32m'Expires at:'[39m[33m,[39m 
expiresAt[33m.[39mtoISOString())[33m;[39m
     [90m    |[39m             [31m[1m^[22m[39m
     [90m 40 |[39m     
     [90m 41 |[39m     [90m// In production, this would be:[39m
     [90m 42 |[39m     [90m// const subject = 'เธฃเธซเธฑเธช OTP 
เธชเธณเธซเธฃเธฑเธเน€เธเนเธฒเธ–เธถเธเนเธเธเธเธญเธฃเนเธกเธเธญเธเธเธธเธ“';[39m[0m

      at console.log (node_modules/@jest/console/build/index.js:147:10)
      at sendOTPEmail (app/api/draft/[token]/request-otp/route.ts:39:13)
      at POST (app/api/draft/[token]/request-otp/route.ts:170:29)
      at app/api/draft/[token]/request-otp/__tests__/request-otp.property.test.ts:837:30
      at AsyncProperty.run (node_modules/fast-check/lib/cjs/check/property/AsyncProperty.generic.js:46:28)
      at asyncRunIt (node_modules/fast-check/lib/cjs/check/runner/Runner.js:28:21)
      at Object.<anonymous> (app/api/draft/[token]/request-otp/__tests__/request-otp.property.test.ts:801:7)


  โ—  Cannot log after tests are done. Did you forget to wait for something async in your test?
    Attempted to log "OTP email would be sent to: prop-test-1772510303874-x9yl9@example.com".

    [0m [90m 35 |[39m     [90m// TODO: Implement actual email sending using nodemailer[39m
     [90m 36 |[39m     [90m// For now, we'll log the OTP for testing[39m
    [31m[1m>[22m[39m[90m 37 |[39m     console[33m.[39mlog([32m'OTP email would be sent 
to:'[39m[33m,[39m email)[33m;[39m
     [90m    |[39m             [31m[1m^[22m[39m
     [90m 38 |[39m     console[33m.[39mlog([32m'OTP:'[39m[33m,[39m otp)[33m;[39m
     [90m 39 |[39m     console[33m.[39mlog([32m'Expires at:'[39m[33m,[39m 
expiresAt[33m.[39mtoISOString())[33m;[39m
     [90m 40 |[39m     [0m

      at console.log (node_modules/@jest/console/build/index.js:147:10)
      at sendOTPEmail (app/api/draft/[token]/request-otp/route.ts:37:13)
      at POST (app/api/draft/[token]/request-otp/route.ts:170:29)
      at app/api/draft/[token]/request-otp/__tests__/request-otp.property.test.ts:837:30
      at AsyncProperty.run (node_modules/fast-check/lib/cjs/check/property/AsyncProperty.generic.js:46:28)
      at asyncRunIt (node_modules/fast-check/lib/cjs/check/runner/Runner.js:28:21)
      at Object.<anonymous> (app/api/draft/[token]/request-otp/__tests__/request-otp.property.test.ts:801:7)


  โ—  Cannot log after tests are done. Did you forget to wait for something async in your test?
    Attempted to log "OTP: 702949".

    [0m [90m 36 |[39m     [90m// For now, we'll log the OTP for testing[39m
     [90m 37 |[39m     console[33m.[39mlog([32m'OTP email would be sent to:'[39m[33m,[39m 
email)[33m;[39m
    [31m[1m>[22m[39m[90m 38 |[39m     console[33m.[39mlog([32m'OTP:'[39m[33m,[39m otp)[33m;[39m
     [90m    |[39m             [31m[1m^[22m[39m
     [90m 39 |[39m     console[33m.[39mlog([32m'Expires at:'[39m[33m,[39m 
expiresAt[33m.[39mtoISOString())[33m;[39m
     [90m 40 |[39m     
     [90m 41 |[39m     [90m// In production, this would be:[39m[0m

      at console.log (node_modules/@jest/console/build/index.js:147:10)
      at sendOTPEmail (app/api/draft/[token]/request-otp/route.ts:38:13)
      at POST (app/api/draft/[token]/request-otp/route.ts:170:29)
      at app/api/draft/[token]/request-otp/__tests__/request-otp.property.test.ts:837:30
      at AsyncProperty.run (node_modules/fast-check/lib/cjs/check/property/AsyncProperty.generic.js:46:28)
      at asyncRunIt (node_modules/fast-check/lib/cjs/check/runner/Runner.js:28:21)
      at Object.<anonymous> (app/api/draft/[token]/request-otp/__tests__/request-otp.property.test.ts:801:7)


  โ—  Cannot log after tests are done. Did you forget to wait for something async in your test?
    Attempted to log "Expires at: 2026-03-03T04:08:23.932Z".

    [0m [90m 37 |[39m     console[33m.[39mlog([32m'OTP email would be sent to:'[39m[33m,[39m 
email)[33m;[39m
     [90m 38 |[39m     console[33m.[39mlog([32m'OTP:'[39m[33m,[39m otp)[33m;[39m
    [31m[1m>[22m[39m[90m 39 |[39m     console[33m.[39mlog([32m'Expires at:'[39m[33m,[39m 
expiresAt[33m.[39mtoISOString())[33m;[39m
     [90m    |[39m             [31m[1m^[22m[39m
     [90m 40 |[39m     
     [90m 41 |[39m     [90m// In production, this would be:[39m
     [90m 42 |[39m     [90m// const subject = 'เธฃเธซเธฑเธช OTP 
เธชเธณเธซเธฃเธฑเธเน€เธเนเธฒเธ–เธถเธเนเธเธเธเธญเธฃเนเธกเธเธญเธเธเธธเธ“';[39m[0m

      at console.log (node_modules/@jest/console/build/index.js:147:10)
      at sendOTPEmail (app/api/draft/[token]/request-otp/route.ts:39:13)
      at POST (app/api/draft/[token]/request-otp/route.ts:170:29)
      at app/api/draft/[token]/request-otp/__tests__/request-otp.property.test.ts:837:30
      at AsyncProperty.run (node_modules/fast-check/lib/cjs/check/property/AsyncProperty.generic.js:46:28)
      at asyncRunIt (node_modules/fast-check/lib/cjs/check/runner/Runner.js:28:21)
      at Object.<anonymous> (app/api/draft/[token]/request-otp/__tests__/request-otp.property.test.ts:801:7)


  โ—  Cannot log after tests are done. Did you forget to wait for something async in your test?
    Attempted to log "OTP email would be sent to: prop-test-1772510303940-nw77yh@example.com".

    [0m [90m 35 |[39m     [90m// TODO: Implement actual email sending using nodemailer[39m
     [90m 36 |[39m     [90m// For now, we'll log the OTP for testing[39m
    [31m[1m>[22m[39m[90m 37 |[39m     console[33m.[39mlog([32m'OTP email would be sent 
to:'[39m[33m,[39m email)[33m;[39m
     [90m    |[39m             [31m[1m^[22m[39m
     [90m 38 |[39m     console[33m.[39mlog([32m'OTP:'[39m[33m,[39m otp)[33m;[39m
     [90m 39 |[39m     console[33m.[39mlog([32m'Expires at:'[39m[33m,[39m 
expiresAt[33m.[39mtoISOString())[33m;[39m
     [90m 40 |[39m     [0m

      at console.log (node_modules/@jest/console/build/index.js:147:10)
      at sendOTPEmail (app/api/draft/[token]/request-otp/route.ts:37:13)
      at POST (app/api/draft/[token]/request-otp/route.ts:170:29)
      at app/api/draft/[token]/request-otp/__tests__/request-otp.property.test.ts:837:30
      at AsyncProperty.run (node_modules/fast-check/lib/cjs/check/property/AsyncProperty.generic.js:46:28)
      at asyncRunIt (node_modules/fast-check/lib/cjs/check/runner/Runner.js:28:21)
      at Object.<anonymous> (app/api/draft/[token]/request-otp/__tests__/request-otp.property.test.ts:801:7)


  โ—  Cannot log after tests are done. Did you forget to wait for something async in your test?
    Attempted to log "OTP: 593165".

    [0m [90m 36 |[39m     [90m// For now, we'll log the OTP for testing[39m
     [90m 37 |[39m     console[33m.[39mlog([32m'OTP email would be sent to:'[39m[33m,[39m 
email)[33m;[39m
    [31m[1m>[22m[39m[90m 38 |[39m     console[33m.[39mlog([32m'OTP:'[39m[33m,[39m otp)[33m;[39m
     [90m    |[39m             [31m[1m^[22m[39m
     [90m 39 |[39m     console[33m.[39mlog([32m'Expires at:'[39m[33m,[39m 
expiresAt[33m.[39mtoISOString())[33m;[39m
     [90m 40 |[39m     
     [90m 41 |[39m     [90m// In production, this would be:[39m[0m

      at console.log (node_modules/@jest/console/build/index.js:147:10)
      at sendOTPEmail (app/api/draft/[token]/request-otp/route.ts:38:13)
      at POST (app/api/draft/[token]/request-otp/route.ts:170:29)
      at app/api/draft/[token]/request-otp/__tests__/request-otp.property.test.ts:837:30
      at AsyncProperty.run (node_modules/fast-check/lib/cjs/check/property/AsyncProperty.generic.js:46:28)
      at asyncRunIt (node_modules/fast-check/lib/cjs/check/runner/Runner.js:28:21)
      at Object.<anonymous> (app/api/draft/[token]/request-otp/__tests__/request-otp.property.test.ts:801:7)


  โ—  Cannot log after tests are done. Did you forget to wait for something async in your test?
    Attempted to log "Expires at: 2026-03-03T04:08:23.999Z".

    [0m [90m 37 |[39m     console[33m.[39mlog([32m'OTP email would be sent to:'[39m[33m,[39m 
email)[33m;[39m
     [90m 38 |[39m     console[33m.[39mlog([32m'OTP:'[39m[33m,[39m otp)[33m;[39m
    [31m[1m>[22m[39m[90m 39 |[39m     console[33m.[39mlog([32m'Expires at:'[39m[33m,[39m 
expiresAt[33m.[39mtoISOString())[33m;[39m
     [90m    |[39m             [31m[1m^[22m[39m
     [90m 40 |[39m     
     [90m 41 |[39m     [90m// In production, this would be:[39m
     [90m 42 |[39m     [90m// const subject = 'เธฃเธซเธฑเธช OTP 
เธชเธณเธซเธฃเธฑเธเน€เธเนเธฒเธ–เธถเธเนเธเธเธเธญเธฃเนเธกเธเธญเธเธเธธเธ“';[39m[0m

      at console.log (node_modules/@jest/console/build/index.js:147:10)
      at sendOTPEmail (app/api/draft/[token]/request-otp/route.ts:39:13)
      at POST (app/api/draft/[token]/request-otp/route.ts:170:29)
      at app/api/draft/[token]/request-otp/__tests__/request-otp.property.test.ts:837:30
      at AsyncProperty.run (node_modules/fast-check/lib/cjs/check/property/AsyncProperty.generic.js:46:28)
      at asyncRunIt (node_modules/fast-check/lib/cjs/check/runner/Runner.js:28:21)
      at Object.<anonymous> (app/api/draft/[token]/request-otp/__tests__/request-otp.property.test.ts:801:7)


  โ—  Cannot log after tests are done. Did you forget to wait for something async in your test?
    Attempted to log "OTP email would be sent to: prop-test-1772510304007-a28y3q@example.com".

    [0m [90m 35 |[39m     [90m// TODO: Implement actual email sending using nodemailer[39m
     [90m 36 |[39m     [90m// For now, we'll log the OTP for testing[39m
    [31m[1m>[22m[39m[90m 37 |[39m     console[33m.[39mlog([32m'OTP email would be sent 
to:'[39m[33m,[39m email)[33m;[39m
     [90m    |[39m             [31m[1m^[22m[39m
     [90m 38 |[39m     console[33m.[39mlog([32m'OTP:'[39m[33m,[39m otp)[33m;[39m
     [90m 39 |[39m     console[33m.[39mlog([32m'Expires at:'[39m[33m,[39m 
expiresAt[33m.[39mtoISOString())[33m;[39m
     [90m 40 |[39m     [0m

      at console.log (node_modules/@jest/console/build/index.js:147:10)
      at sendOTPEmail (app/api/draft/[token]/request-otp/route.ts:37:13)
      at POST (app/api/draft/[token]/request-otp/route.ts:170:29)
      at app/api/draft/[token]/request-otp/__tests__/request-otp.property.test.ts:837:30
      at AsyncProperty.run (node_modules/fast-check/lib/cjs/check/property/AsyncProperty.generic.js:46:28)
      at asyncRunIt (node_modules/fast-check/lib/cjs/check/runner/Runner.js:28:21)
      at Object.<anonymous> (app/api/draft/[token]/request-otp/__tests__/request-otp.property.test.ts:801:7)


  โ—  Cannot log after tests are done. Did you forget to wait for something async in your test?
    Attempted to log "OTP: 972646".

    [0m [90m 36 |[39m     [90m// For now, we'll log the OTP for testing[39m
     [90m 37 |[39m     console[33m.[39mlog([32m'OTP email would be sent to:'[39m[33m,[39m 
email)[33m;[39m
    [31m[1m>[22m[39m[90m 38 |[39m     console[33m.[39mlog([32m'OTP:'[39m[33m,[39m otp)[33m;[39m
     [90m    |[39m             [31m[1m^[22m[39m
     [90m 39 |[39m     console[33m.[39mlog([32m'Expires at:'[39m[33m,[39m 
expiresAt[33m.[39mtoISOString())[33m;[39m
     [90m 40 |[39m     
     [90m 41 |[39m     [90m// In production, this would be:[39m[0m

      at console.log (node_modules/@jest/console/build/index.js:147:10)
      at sendOTPEmail (app/api/draft/[token]/request-otp/route.ts:38:13)
      at POST (app/api/draft/[token]/request-otp/route.ts:170:29)
      at app/api/draft/[token]/request-otp/__tests__/request-otp.property.test.ts:837:30
      at AsyncProperty.run (node_modules/fast-check/lib/cjs/check/property/AsyncProperty.generic.js:46:28)
      at asyncRunIt (node_modules/fast-check/lib/cjs/check/runner/Runner.js:28:21)
      at Object.<anonymous> (app/api/draft/[token]/request-otp/__tests__/request-otp.property.test.ts:801:7)


  โ—  Cannot log after tests are done. Did you forget to wait for something async in your test?
    Attempted to log "Expires at: 2026-03-03T04:08:24.064Z".

    [0m [90m 37 |[39m     console[33m.[39mlog([32m'OTP email would be sent to:'[39m[33m,[39m 
email)[33m;[39m
     [90m 38 |[39m     console[33m.[39mlog([32m'OTP:'[39m[33m,[39m otp)[33m;[39m
    [31m[1m>[22m[39m[90m 39 |[39m     console[33m.[39mlog([32m'Expires at:'[39m[33m,[39m 
expiresAt[33m.[39mtoISOString())[33m;[39m
     [90m    |[39m             [31m[1m^[22m[39m
     [90m 40 |[39m     
     [90m 41 |[39m     [90m// In production, this would be:[39m
     [90m 42 |[39m     [90m// const subject = 'เธฃเธซเธฑเธช OTP 
เธชเธณเธซเธฃเธฑเธเน€เธเนเธฒเธ–เธถเธเนเธเธเธเธญเธฃเนเธกเธเธญเธเธเธธเธ“';[39m[0m

      at console.log (node_modules/@jest/console/build/index.js:147:10)
      at sendOTPEmail (app/api/draft/[token]/request-otp/route.ts:39:13)
      at POST (app/api/draft/[token]/request-otp/route.ts:170:29)
      at app/api/draft/[token]/request-otp/__tests__/request-otp.property.test.ts:837:30
      at AsyncProperty.run (node_modules/fast-check/lib/cjs/check/property/AsyncProperty.generic.js:46:28)
      at asyncRunIt (node_modules/fast-check/lib/cjs/check/runner/Runner.js:28:21)
      at Object.<anonymous> (app/api/draft/[token]/request-otp/__tests__/request-otp.property.test.ts:801:7)


  โ—  Cannot log after tests are done. Did you forget to wait for something async in your test?
    Attempted to log "OTP email would be sent to: prop-test-1772510304074-ou1d2@example.com".

    [0m [90m 35 |[39m     [90m// TODO: Implement actual email sending using nodemailer[39m
     [90m 36 |[39m     [90m// For now, we'll log the OTP for testing[39m
    [31m[1m>[22m[39m[90m 37 |[39m     console[33m.[39mlog([32m'OTP email would be sent 
to:'[39m[33m,[39m email)[33m;[39m
     [90m    |[39m             [31m[1m^[22m[39m
     [90m 38 |[39m     console[33m.[39mlog([32m'OTP:'[39m[33m,[39m otp)[33m;[39m
     [90m 39 |[39m     console[33m.[39mlog([32m'Expires at:'[39m[33m,[39m 
expiresAt[33m.[39mtoISOString())[33m;[39m
     [90m 40 |[39m     [0m

      at console.log (node_modules/@jest/console/build/index.js:147:10)
      at sendOTPEmail (app/api/draft/[token]/request-otp/route.ts:37:13)
      at POST (app/api/draft/[token]/request-otp/route.ts:170:29)
      at app/api/draft/[token]/request-otp/__tests__/request-otp.property.test.ts:837:30
      at AsyncProperty.run (node_modules/fast-check/lib/cjs/check/property/AsyncProperty.generic.js:46:28)
      at asyncRunIt (node_modules/fast-check/lib/cjs/check/runner/Runner.js:28:21)
      at Object.<anonymous> (app/api/draft/[token]/request-otp/__tests__/request-otp.property.test.ts:801:7)


  โ—  Cannot log after tests are done. Did you forget to wait for something async in your test?
    Attempted to log "OTP: 264279".

    [0m [90m 36 |[39m     [90m// For now, we'll log the OTP for testing[39m
     [90m 37 |[39m     console[33m.[39mlog([32m'OTP email would be sent to:'[39m[33m,[39m 
email)[33m;[39m
    [31m[1m>[22m[39m[90m 38 |[39m     console[33m.[39mlog([32m'OTP:'[39m[33m,[39m otp)[33m;[39m
     [90m    |[39m             [31m[1m^[22m[39m
     [90m 39 |[39m     console[33m.[39mlog([32m'Expires at:'[39m[33m,[39m 
expiresAt[33m.[39mtoISOString())[33m;[39m
     [90m 40 |[39m     
     [90m 41 |[39m     [90m// In production, this would be:[39m[0m

      at console.log (node_modules/@jest/console/build/index.js:147:10)
      at sendOTPEmail (app/api/draft/[token]/request-otp/route.ts:38:13)
      at POST (app/api/draft/[token]/request-otp/route.ts:170:29)
      at app/api/draft/[token]/request-otp/__tests__/request-otp.property.test.ts:837:30
      at AsyncProperty.run (node_modules/fast-check/lib/cjs/check/property/AsyncProperty.generic.js:46:28)
      at asyncRunIt (node_modules/fast-check/lib/cjs/check/runner/Runner.js:28:21)
      at Object.<anonymous> (app/api/draft/[token]/request-otp/__tests__/request-otp.property.test.ts:801:7)


  โ—  Cannot log after tests are done. Did you forget to wait for something async in your test?
    Attempted to log "Expires at: 2026-03-03T04:08:24.130Z".

    [0m [90m 37 |[39m     console[33m.[39mlog([32m'OTP email would be sent to:'[39m[33m,[39m 
email)[33m;[39m
     [90m 38 |[39m     console[33m.[39mlog([32m'OTP:'[39m[33m,[39m otp)[33m;[39m
    [31m[1m>[22m[39m[90m 39 |[39m     console[33m.[39mlog([32m'Expires at:'[39m[33m,[39m 
expiresAt[33m.[39mtoISOString())[33m;[39m
     [90m    |[39m             [31m[1m^[22m[39m
     [90m 40 |[39m     
     [90m 41 |[39m     [90m// In production, this would be:[39m
     [90m 42 |[39m     [90m// const subject = 'เธฃเธซเธฑเธช OTP 
เธชเธณเธซเธฃเธฑเธเน€เธเนเธฒเธ–เธถเธเนเธเธเธเธญเธฃเนเธกเธเธญเธเธเธธเธ“';[39m[0m

      at console.log (node_modules/@jest/console/build/index.js:147:10)
      at sendOTPEmail (app/api/draft/[token]/request-otp/route.ts:39:13)
      at POST (app/api/draft/[token]/request-otp/route.ts:170:29)
      at app/api/draft/[token]/request-otp/__tests__/request-otp.property.test.ts:837:30
      at AsyncProperty.run (node_modules/fast-check/lib/cjs/check/property/AsyncProperty.generic.js:46:28)
      at asyncRunIt (node_modules/fast-check/lib/cjs/check/runner/Runner.js:28:21)
      at Object.<anonymous> (app/api/draft/[token]/request-otp/__tests__/request-otp.property.test.ts:801:7)


  โ—  Cannot log after tests are done. Did you forget to wait for something async in your test?
    Attempted to log "OTP email would be sent to: prop-test-1772510304140-xs6a0b@example.com".

    [0m [90m 35 |[39m     [90m// TODO: Implement actual email sending using nodemailer[39m
     [90m 36 |[39m     [90m// For now, we'll log the OTP for testing[39m
    [31m[1m>[22m[39m[90m 37 |[39m     console[33m.[39mlog([32m'OTP email would be sent 
to:'[39m[33m,[39m email)[33m;[39m
     [90m    |[39m             [31m[1m^[22m[39m
     [90m 38 |[39m     console[33m.[39mlog([32m'OTP:'[39m[33m,[39m otp)[33m;[39m
     [90m 39 |[39m     console[33m.[39mlog([32m'Expires at:'[39m[33m,[39m 
expiresAt[33m.[39mtoISOString())[33m;[39m
     [90m 40 |[39m     [0m

      at console.log (node_modules/@jest/console/build/index.js:147:10)
      at sendOTPEmail (app/api/draft/[token]/request-otp/route.ts:37:13)
      at POST (app/api/draft/[token]/request-otp/route.ts:170:29)
      at app/api/draft/[token]/request-otp/__tests__/request-otp.property.test.ts:837:30
      at AsyncProperty.run (node_modules/fast-check/lib/cjs/check/property/AsyncProperty.generic.js:46:28)
      at asyncRunIt (node_modules/fast-check/lib/cjs/check/runner/Runner.js:28:21)
      at Object.<anonymous> (app/api/draft/[token]/request-otp/__tests__/request-otp.property.test.ts:801:7)


  โ—  Cannot log after tests are done. Did you forget to wait for something async in your test?
    Attempted to log "OTP: 511315".

    [0m [90m 36 |[39m     [90m// For now, we'll log the OTP for testing[39m
     [90m 37 |[39m     console[33m.[39mlog([32m'OTP email would be sent to:'[39m[33m,[39m 
email)[33m;[39m
    [31m[1m>[22m[39m[90m 38 |[39m     console[33m.[39mlog([32m'OTP:'[39m[33m,[39m otp)[33m;[39m
     [90m    |[39m             [31m[1m^[22m[39m
     [90m 39 |[39m     console[33m.[39mlog([32m'Expires at:'[39m[33m,[39m 
expiresAt[33m.[39mtoISOString())[33m;[39m
     [90m 40 |[39m     
     [90m 41 |[39m     [90m// In production, this would be:[39m[0m

      at console.log (node_modules/@jest/console/build/index.js:147:10)
      at sendOTPEmail (app/api/draft/[token]/request-otp/route.ts:38:13)
      at POST (app/api/draft/[token]/request-otp/route.ts:170:29)
      at app/api/draft/[token]/request-otp/__tests__/request-otp.property.test.ts:837:30
      at AsyncProperty.run (node_modules/fast-check/lib/cjs/check/property/AsyncProperty.generic.js:46:28)
      at asyncRunIt (node_modules/fast-check/lib/cjs/check/runner/Runner.js:28:21)
      at Object.<anonymous> (app/api/draft/[token]/request-otp/__tests__/request-otp.property.test.ts:801:7)


  โ—  Cannot log after tests are done. Did you forget to wait for something async in your test?
    Attempted to log "Expires at: 2026-03-03T04:08:24.198Z".

    [0m [90m 37 |[39m     console[33m.[39mlog([32m'OTP email would be sent to:'[39m[33m,[39m 
email)[33m;[39m
     [90m 38 |[39m     console[33m.[39mlog([32m'OTP:'[39m[33m,[39m otp)[33m;[39m
    [31m[1m>[22m[39m[90m 39 |[39m     console[33m.[39mlog([32m'Expires at:'[39m[33m,[39m 
expiresAt[33m.[39mtoISOString())[33m;[39m
     [90m    |[39m             [31m[1m^[22m[39m
     [90m 40 |[39m     
     [90m 41 |[39m     [90m// In production, this would be:[39m
     [90m 42 |[39m     [90m// const subject = 'เธฃเธซเธฑเธช OTP 
เธชเธณเธซเธฃเธฑเธเน€เธเนเธฒเธ–เธถเธเนเธเธเธเธญเธฃเนเธกเธเธญเธเธเธธเธ“';[39m[0m

      at console.log (node_modules/@jest/console/build/index.js:147:10)
      at sendOTPEmail (app/api/draft/[token]/request-otp/route.ts:39:13)
      at POST (app/api/draft/[token]/request-otp/route.ts:170:29)
      at app/api/draft/[token]/request-otp/__tests__/request-otp.property.test.ts:837:30
      at AsyncProperty.run (node_modules/fast-check/lib/cjs/check/property/AsyncProperty.generic.js:46:28)
      at asyncRunIt (node_modules/fast-check/lib/cjs/check/runner/Runner.js:28:21)
      at Object.<anonymous> (app/api/draft/[token]/request-otp/__tests__/request-otp.property.test.ts:801:7)


  โ—  Cannot log after tests are done. Did you forget to wait for something async in your test?
    Attempted to log "OTP email would be sent to: prop-test-1772510304206-4nrwl@example.com".

    [0m [90m 35 |[39m     [90m// TODO: Implement actual email sending using nodemailer[39m
     [90m 36 |[39m     [90m// For now, we'll log the OTP for testing[39m
    [31m[1m>[22m[39m[90m 37 |[39m     console[33m.[39mlog([32m'OTP email would be sent 
to:'[39m[33m,[39m email)[33m;[39m
     [90m    |[39m             [31m[1m^[22m[39m
     [90m 38 |[39m     console[33m.[39mlog([32m'OTP:'[39m[33m,[39m otp)[33m;[39m
     [90m 39 |[39m     console[33m.[39mlog([32m'Expires at:'[39m[33m,[39m 
expiresAt[33m.[39mtoISOString())[33m;[39m
     [90m 40 |[39m     [0m

      at console.log (node_modules/@jest/console/build/index.js:147:10)
      at sendOTPEmail (app/api/draft/[token]/request-otp/route.ts:37:13)
      at POST (app/api/draft/[token]/request-otp/route.ts:170:29)
      at app/api/draft/[token]/request-otp/__tests__/request-otp.property.test.ts:837:30
      at AsyncProperty.run (node_modules/fast-check/lib/cjs/check/property/AsyncProperty.generic.js:46:28)
      at asyncRunIt (node_modules/fast-check/lib/cjs/check/runner/Runner.js:28:21)
      at Object.<anonymous> (app/api/draft/[token]/request-otp/__tests__/request-otp.property.test.ts:801:7)


  โ—  Cannot log after tests are done. Did you forget to wait for something async in your test?
    Attempted to log "OTP: 372764".

    [0m [90m 36 |[39m     [90m// For now, we'll log the OTP for testing[39m
     [90m 37 |[39m     console[33m.[39mlog([32m'OTP email would be sent to:'[39m[33m,[39m 
email)[33m;[39m
    [31m[1m>[22m[39m[90m 38 |[39m     console[33m.[39mlog([32m'OTP:'[39m[33m,[39m otp)[33m;[39m
     [90m    |[39m             [31m[1m^[22m[39m
     [90m 39 |[39m     console[33m.[39mlog([32m'Expires at:'[39m[33m,[39m 
expiresAt[33m.[39mtoISOString())[33m;[39m
     [90m 40 |[39m     
     [90m 41 |[39m     [90m// In production, this would be:[39m[0m

      at console.log (node_modules/@jest/console/build/index.js:147:10)
      at sendOTPEmail (app/api/draft/[token]/request-otp/route.ts:38:13)
      at POST (app/api/draft/[token]/request-otp/route.ts:170:29)
      at app/api/draft/[token]/request-otp/__tests__/request-otp.property.test.ts:837:30
      at AsyncProperty.run (node_modules/fast-check/lib/cjs/check/property/AsyncProperty.generic.js:46:28)
      at asyncRunIt (node_modules/fast-check/lib/cjs/check/runner/Runner.js:28:21)
      at Object.<anonymous> (app/api/draft/[token]/request-otp/__tests__/request-otp.property.test.ts:801:7)


  โ—  Cannot log after tests are done. Did you forget to wait for something async in your test?
    Attempted to log "Expires at: 2026-03-03T04:08:24.263Z".

    [0m [90m 37 |[39m     console[33m.[39mlog([32m'OTP email would be sent to:'[39m[33m,[39m 
email)[33m;[39m
     [90m 38 |[39m     console[33m.[39mlog([32m'OTP:'[39m[33m,[39m otp)[33m;[39m
    [31m[1m>[22m[39m[90m 39 |[39m     console[33m.[39mlog([32m'Expires at:'[39m[33m,[39m 
expiresAt[33m.[39mtoISOString())[33m;[39m
     [90m    |[39m             [31m[1m^[22m[39m
     [90m 40 |[39m     
     [90m 41 |[39m     [90m// In production, this would be:[39m
     [90m 42 |[39m     [90m// const subject = 'เธฃเธซเธฑเธช OTP 
เธชเธณเธซเธฃเธฑเธเน€เธเนเธฒเธ–เธถเธเนเธเธเธเธญเธฃเนเธกเธเธญเธเธเธธเธ“';[39m[0m

      at console.log (node_modules/@jest/console/build/index.js:147:10)
      at sendOTPEmail (app/api/draft/[token]/request-otp/route.ts:39:13)
      at POST (app/api/draft/[token]/request-otp/route.ts:170:29)
      at app/api/draft/[token]/request-otp/__tests__/request-otp.property.test.ts:837:30
      at AsyncProperty.run (node_modules/fast-check/lib/cjs/check/property/AsyncProperty.generic.js:46:28)
      at asyncRunIt (node_modules/fast-check/lib/cjs/check/runner/Runner.js:28:21)
      at Object.<anonymous> (app/api/draft/[token]/request-otp/__tests__/request-otp.property.test.ts:801:7)


  โ—  Cannot log after tests are done. Did you forget to wait for something async in your test?
    Attempted to log "OTP email would be sent to: prop-test-1772510304272-lowqm4@example.com".

    [0m [90m 35 |[39m     [90m// TODO: Implement actual email sending using nodemailer[39m
     [90m 36 |[39m     [90m// For now, we'll log the OTP for testing[39m
    [31m[1m>[22m[39m[90m 37 |[39m     console[33m.[39mlog([32m'OTP email would be sent 
to:'[39m[33m,[39m email)[33m;[39m
     [90m    |[39m             [31m[1m^[22m[39m
     [90m 38 |[39m     console[33m.[39mlog([32m'OTP:'[39m[33m,[39m otp)[33m;[39m
     [90m 39 |[39m     console[33m.[39mlog([32m'Expires at:'[39m[33m,[39m 
expiresAt[33m.[39mtoISOString())[33m;[39m
     [90m 40 |[39m     [0m

      at console.log (node_modules/@jest/console/build/index.js:147:10)
      at sendOTPEmail (app/api/draft/[token]/request-otp/route.ts:37:13)
      at POST (app/api/draft/[token]/request-otp/route.ts:170:29)
      at app/api/draft/[token]/request-otp/__tests__/request-otp.property.test.ts:837:30
      at AsyncProperty.run (node_modules/fast-check/lib/cjs/check/property/AsyncProperty.generic.js:46:28)
      at asyncRunIt (node_modules/fast-check/lib/cjs/check/runner/Runner.js:28:21)
      at Object.<anonymous> (app/api/draft/[token]/request-otp/__tests__/request-otp.property.test.ts:801:7)


  โ—  Cannot log after tests are done. Did you forget to wait for something async in your test?
    Attempted to log "OTP: 396351".

    [0m [90m 36 |[39m     [90m// For now, we'll log the OTP for testing[39m
     [90m 37 |[39m     console[33m.[39mlog([32m'OTP email would be sent to:'[39m[33m,[39m 
email)[33m;[39m
    [31m[1m>[22m[39m[90m 38 |[39m     console[33m.[39mlog([32m'OTP:'[39m[33m,[39m otp)[33m;[39m
     [90m    |[39m             [31m[1m^[22m[39m
     [90m 39 |[39m     console[33m.[39mlog([32m'Expires at:'[39m[33m,[39m 
expiresAt[33m.[39mtoISOString())[33m;[39m
     [90m 40 |[39m     
     [90m 41 |[39m     [90m// In production, this would be:[39m[0m

      at console.log (node_modules/@jest/console/build/index.js:147:10)
      at sendOTPEmail (app/api/draft/[token]/request-otp/route.ts:38:13)
      at POST (app/api/draft/[token]/request-otp/route.ts:170:29)
      at app/api/draft/[token]/request-otp/__tests__/request-otp.property.test.ts:837:30
      at AsyncProperty.run (node_modules/fast-check/lib/cjs/check/property/AsyncProperty.generic.js:46:28)
      at asyncRunIt (node_modules/fast-check/lib/cjs/check/runner/Runner.js:28:21)
      at Object.<anonymous> (app/api/draft/[token]/request-otp/__tests__/request-otp.property.test.ts:801:7)


  โ—  Cannot log after tests are done. Did you forget to wait for something async in your test?
    Attempted to log "Expires at: 2026-03-03T04:08:24.329Z".

    [0m [90m 37 |[39m     console[33m.[39mlog([32m'OTP email would be sent to:'[39m[33m,[39m 
email)[33m;[39m
     [90m 38 |[39m     console[33m.[39mlog([32m'OTP:'[39m[33m,[39m otp)[33m;[39m
    [31m[1m>[22m[39m[90m 39 |[39m     console[33m.[39mlog([32m'Expires at:'[39m[33m,[39m 
expiresAt[33m.[39mtoISOString())[33m;[39m
     [90m    |[39m             [31m[1m^[22m[39m
     [90m 40 |[39m     
     [90m 41 |[39m     [90m// In production, this would be:[39m
     [90m 42 |[39m     [90m// const subject = 'เธฃเธซเธฑเธช OTP 
เธชเธณเธซเธฃเธฑเธเน€เธเนเธฒเธ–เธถเธเนเธเธเธเธญเธฃเนเธกเธเธญเธเธเธธเธ“';[39m[0m

      at console.log (node_modules/@jest/console/build/index.js:147:10)
      at sendOTPEmail (app/api/draft/[token]/request-otp/route.ts:39:13)
      at POST (app/api/draft/[token]/request-otp/route.ts:170:29)
      at app/api/draft/[token]/request-otp/__tests__/request-otp.property.test.ts:837:30
      at AsyncProperty.run (node_modules/fast-check/lib/cjs/check/property/AsyncProperty.generic.js:46:28)
      at asyncRunIt (node_modules/fast-check/lib/cjs/check/runner/Runner.js:28:21)
      at Object.<anonymous> (app/api/draft/[token]/request-otp/__tests__/request-otp.property.test.ts:801:7)


  โ—  Cannot log after tests are done. Did you forget to wait for something async in your test?
    Attempted to log "OTP email would be sent to: prop-test-1772510304337-3lkhd@example.com".

    [0m [90m 35 |[39m     [90m// TODO: Implement actual email sending using nodemailer[39m
     [90m 36 |[39m     [90m// For now, we'll log the OTP for testing[39m
    [31m[1m>[22m[39m[90m 37 |[39m     console[33m.[39mlog([32m'OTP email would be sent 
to:'[39m[33m,[39m email)[33m;[39m
     [90m    |[39m             [31m[1m^[22m[39m
     [90m 38 |[39m     console[33m.[39mlog([32m'OTP:'[39m[33m,[39m otp)[33m;[39m
     [90m 39 |[39m     console[33m.[39mlog([32m'Expires at:'[39m[33m,[39m 
expiresAt[33m.[39mtoISOString())[33m;[39m
     [90m 40 |[39m     [0m

      at console.log (node_modules/@jest/console/build/index.js:147:10)
      at sendOTPEmail (app/api/draft/[token]/request-otp/route.ts:37:13)
      at POST (app/api/draft/[token]/request-otp/route.ts:170:29)
      at app/api/draft/[token]/request-otp/__tests__/request-otp.property.test.ts:837:30
      at AsyncProperty.run (node_modules/fast-check/lib/cjs/check/property/AsyncProperty.generic.js:46:28)
      at asyncRunIt (node_modules/fast-check/lib/cjs/check/runner/Runner.js:28:21)
      at Object.<anonymous> (app/api/draft/[token]/request-otp/__tests__/request-otp.property.test.ts:801:7)


  โ—  Cannot log after tests are done. Did you forget to wait for something async in your test?
    Attempted to log "OTP: 450889".

    [0m [90m 36 |[39m     [90m// For now, we'll log the OTP for testing[39m
     [90m 37 |[39m     console[33m.[39mlog([32m'OTP email would be sent to:'[39m[33m,[39m 
email)[33m;[39m
    [31m[1m>[22m[39m[90m 38 |[39m     console[33m.[39mlog([32m'OTP:'[39m[33m,[39m otp)[33m;[39m
     [90m    |[39m             [31m[1m^[22m[39m
     [90m 39 |[39m     console[33m.[39mlog([32m'Expires at:'[39m[33m,[39m 
expiresAt[33m.[39mtoISOString())[33m;[39m
     [90m 40 |[39m     
     [90m 41 |[39m     [90m// In production, this would be:[39m[0m

      at console.log (node_modules/@jest/console/build/index.js:147:10)
      at sendOTPEmail (app/api/draft/[token]/request-otp/route.ts:38:13)
      at POST (app/api/draft/[token]/request-otp/route.ts:170:29)
      at app/api/draft/[token]/request-otp/__tests__/request-otp.property.test.ts:837:30
      at AsyncProperty.run (node_modules/fast-check/lib/cjs/check/property/AsyncProperty.generic.js:46:28)
      at asyncRunIt (node_modules/fast-check/lib/cjs/check/runner/Runner.js:28:21)
      at Object.<anonymous> (app/api/draft/[token]/request-otp/__tests__/request-otp.property.test.ts:801:7)


  โ—  Cannot log after tests are done. Did you forget to wait for something async in your test?
    Attempted to log "Expires at: 2026-03-03T04:08:24.397Z".

    [0m [90m 37 |[39m     console[33m.[39mlog([32m'OTP email would be sent to:'[39m[33m,[39m 
email)[33m;[39m
     [90m 38 |[39m     console[33m.[39mlog([32m'OTP:'[39m[33m,[39m otp)[33m;[39m
    [31m[1m>[22m[39m[90m 39 |[39m     console[33m.[39mlog([32m'Expires at:'[39m[33m,[39m 
expiresAt[33m.[39mtoISOString())[33m;[39m
     [90m    |[39m             [31m[1m^[22m[39m
     [90m 40 |[39m     
     [90m 41 |[39m     [90m// In production, this would be:[39m
     [90m 42 |[39m     [90m// const subject = 'เธฃเธซเธฑเธช OTP 
เธชเธณเธซเธฃเธฑเธเน€เธเนเธฒเธ–เธถเธเนเธเธเธเธญเธฃเนเธกเธเธญเธเธเธธเธ“';[39m[0m

      at console.log (node_modules/@jest/console/build/index.js:147:10)
      at sendOTPEmail (app/api/draft/[token]/request-otp/route.ts:39:13)
      at POST (app/api/draft/[token]/request-otp/route.ts:170:29)
      at app/api/draft/[token]/request-otp/__tests__/request-otp.property.test.ts:837:30
      at AsyncProperty.run (node_modules/fast-check/lib/cjs/check/property/AsyncProperty.generic.js:46:28)
      at asyncRunIt (node_modules/fast-check/lib/cjs/check/runner/Runner.js:28:21)
      at Object.<anonymous> (app/api/draft/[token]/request-otp/__tests__/request-otp.property.test.ts:801:7)


  โ—  Cannot log after tests are done. Did you forget to wait for something async in your test?
    Attempted to log "OTP email would be sent to: prop-test-1772510304405-2hi8hq@example.com".

    [0m [90m 35 |[39m     [90m// TODO: Implement actual email sending using nodemailer[39m
     [90m 36 |[39m     [90m// For now, we'll log the OTP for testing[39m
    [31m[1m>[22m[39m[90m 37 |[39m     console[33m.[39mlog([32m'OTP email would be sent 
to:'[39m[33m,[39m email)[33m;[39m
     [90m    |[39m             [31m[1m^[22m[39m
     [90m 38 |[39m     console[33m.[39mlog([32m'OTP:'[39m[33m,[39m otp)[33m;[39m
     [90m 39 |[39m     console[33m.[39mlog([32m'Expires at:'[39m[33m,[39m 
expiresAt[33m.[39mtoISOString())[33m;[39m
     [90m 40 |[39m     [0m

      at console.log (node_modules/@jest/console/build/index.js:147:10)
      at sendOTPEmail (app/api/draft/[token]/request-otp/route.ts:37:13)
      at POST (app/api/draft/[token]/request-otp/route.ts:170:29)
      at app/api/draft/[token]/request-otp/__tests__/request-otp.property.test.ts:837:30
      at AsyncProperty.run (node_modules/fast-check/lib/cjs/check/property/AsyncProperty.generic.js:46:28)
      at asyncRunIt (node_modules/fast-check/lib/cjs/check/runner/Runner.js:28:21)
      at Object.<anonymous> (app/api/draft/[token]/request-otp/__tests__/request-otp.property.test.ts:801:7)


  โ—  Cannot log after tests are done. Did you forget to wait for something async in your test?
    Attempted to log "OTP: 979004".

    [0m [90m 36 |[39m     [90m// For now, we'll log the OTP for testing[39m
     [90m 37 |[39m     console[33m.[39mlog([32m'OTP email would be sent to:'[39m[33m,[39m 
email)[33m;[39m
    [31m[1m>[22m[39m[90m 38 |[39m     console[33m.[39mlog([32m'OTP:'[39m[33m,[39m otp)[33m;[39m
     [90m    |[39m             [31m[1m^[22m[39m
     [90m 39 |[39m     console[33m.[39mlog([32m'Expires at:'[39m[33m,[39m 
expiresAt[33m.[39mtoISOString())[33m;[39m
     [90m 40 |[39m     
     [90m 41 |[39m     [90m// In production, this would be:[39m[0m

      at console.log (node_modules/@jest/console/build/index.js:147:10)
      at sendOTPEmail (app/api/draft/[token]/request-otp/route.ts:38:13)
      at POST (app/api/draft/[token]/request-otp/route.ts:170:29)
      at app/api/draft/[token]/request-otp/__tests__/request-otp.property.test.ts:837:30
      at AsyncProperty.run (node_modules/fast-check/lib/cjs/check/property/AsyncProperty.generic.js:46:28)
      at asyncRunIt (node_modules/fast-check/lib/cjs/check/runner/Runner.js:28:21)
      at Object.<anonymous> (app/api/draft/[token]/request-otp/__tests__/request-otp.property.test.ts:801:7)


  โ—  Cannot log after tests are done. Did you forget to wait for something async in your test?
    Attempted to log "Expires at: 2026-03-03T04:08:24.465Z".

    [0m [90m 37 |[39m     console[33m.[39mlog([32m'OTP email would be sent to:'[39m[33m,[39m 
email)[33m;[39m
     [90m 38 |[39m     console[33m.[39mlog([32m'OTP:'[39m[33m,[39m otp)[33m;[39m
    [31m[1m>[22m[39m[90m 39 |[39m     console[33m.[39mlog([32m'Expires at:'[39m[33m,[39m 
expiresAt[33m.[39mtoISOString())[33m;[39m
     [90m    |[39m             [31m[1m^[22m[39m
     [90m 40 |[39m     
     [90m 41 |[39m     [90m// In production, this would be:[39m
     [90m 42 |[39m     [90m// const subject = 'เธฃเธซเธฑเธช OTP 
เธชเธณเธซเธฃเธฑเธเน€เธเนเธฒเธ–เธถเธเนเธเธเธเธญเธฃเนเธกเธเธญเธเธเธธเธ“';[39m[0m

      at console.log (node_modules/@jest/console/build/index.js:147:10)
      at sendOTPEmail (app/api/draft/[token]/request-otp/route.ts:39:13)
      at POST (app/api/draft/[token]/request-otp/route.ts:170:29)
      at app/api/draft/[token]/request-otp/__tests__/request-otp.property.test.ts:837:30
      at AsyncProperty.run (node_modules/fast-check/lib/cjs/check/property/AsyncProperty.generic.js:46:28)
      at asyncRunIt (node_modules/fast-check/lib/cjs/check/runner/Runner.js:28:21)
      at Object.<anonymous> (app/api/draft/[token]/request-otp/__tests__/request-otp.property.test.ts:801:7)


  โ—  Cannot log after tests are done. Did you forget to wait for something async in your test?
    Attempted to log "OTP email would be sent to: prop-test-1772510305697-ydjbo@example.com".

    [0m [90m 35 |[39m     [90m// TODO: Implement actual email sending using nodemailer[39m
     [90m 36 |[39m     [90m// For now, we'll log the OTP for testing[39m
    [31m[1m>[22m[39m[90m 37 |[39m     console[33m.[39mlog([32m'OTP email would be sent 
to:'[39m[33m,[39m email)[33m;[39m
     [90m    |[39m             [31m[1m^[22m[39m
     [90m 38 |[39m     console[33m.[39mlog([32m'OTP:'[39m[33m,[39m otp)[33m;[39m
     [90m 39 |[39m     console[33m.[39mlog([32m'Expires at:'[39m[33m,[39m 
expiresAt[33m.[39mtoISOString())[33m;[39m
     [90m 40 |[39m     [0m

      at console.log (node_modules/@jest/console/build/index.js:147:10)
      at sendOTPEmail (app/api/draft/[token]/request-otp/route.ts:37:13)
      at POST (app/api/draft/[token]/request-otp/route.ts:170:29)
      at app/api/draft/[token]/request-otp/__tests__/request-otp.property.test.ts:837:30
      at AsyncProperty.run (node_modules/fast-check/lib/cjs/check/property/AsyncProperty.generic.js:46:28)
      at asyncRunIt (node_modules/fast-check/lib/cjs/check/runner/Runner.js:28:21)
      at Object.<anonymous> (app/api/draft/[token]/request-otp/__tests__/request-otp.property.test.ts:801:7)


  โ—  Cannot log after tests are done. Did you forget to wait for something async in your test?
    Attempted to log "OTP: 732121".

    [0m [90m 36 |[39m     [90m// For now, we'll log the OTP for testing[39m
     [90m 37 |[39m     console[33m.[39mlog([32m'OTP email would be sent to:'[39m[33m,[39m 
email)[33m;[39m
    [31m[1m>[22m[39m[90m 38 |[39m     console[33m.[39mlog([32m'OTP:'[39m[33m,[39m otp)[33m;[39m
     [90m    |[39m             [31m[1m^[22m[39m
     [90m 39 |[39m     console[33m.[39mlog([32m'Expires at:'[39m[33m,[39m 
expiresAt[33m.[39mtoISOString())[33m;[39m
     [90m 40 |[39m     
     [90m 41 |[39m     [90m// In production, this would be:[39m[0m

      at console.log (node_modules/@jest/console/build/index.js:147:10)
      at sendOTPEmail (app/api/draft/[token]/request-otp/route.ts:38:13)
      at POST (app/api/draft/[token]/request-otp/route.ts:170:29)
      at app/api/draft/[token]/request-otp/__tests__/request-otp.property.test.ts:837:30
      at AsyncProperty.run (node_modules/fast-check/lib/cjs/check/property/AsyncProperty.generic.js:46:28)
      at asyncRunIt (node_modules/fast-check/lib/cjs/check/runner/Runner.js:28:21)
      at Object.<anonymous> (app/api/draft/[token]/request-otp/__tests__/request-otp.property.test.ts:801:7)


  โ—  Cannot log after tests are done. Did you forget to wait for something async in your test?
    Attempted to log "Expires at: 2026-03-03T04:08:25.760Z".

    [0m [90m 37 |[39m     console[33m.[39mlog([32m'OTP email would be sent to:'[39m[33m,[39m 
email)[33m;[39m
     [90m 38 |[39m     console[33m.[39mlog([32m'OTP:'[39m[33m,[39m otp)[33m;[39m
    [31m[1m>[22m[39m[90m 39 |[39m     console[33m.[39mlog([32m'Expires at:'[39m[33m,[39m 
expiresAt[33m.[39mtoISOString())[33m;[39m
     [90m    |[39m             [31m[1m^[22m[39m
     [90m 40 |[39m     
     [90m 41 |[39m     [90m// In production, this would be:[39m
     [90m 42 |[39m     [90m// const subject = 'เธฃเธซเธฑเธช OTP 
เธชเธณเธซเธฃเธฑเธเน€เธเนเธฒเธ–เธถเธเนเธเธเธเธญเธฃเนเธกเธเธญเธเธเธธเธ“';[39m[0m

      at console.log (node_modules/@jest/console/build/index.js:147:10)
      at sendOTPEmail (app/api/draft/[token]/request-otp/route.ts:39:13)
      at POST (app/api/draft/[token]/request-otp/route.ts:170:29)
      at app/api/draft/[token]/request-otp/__tests__/request-otp.property.test.ts:837:30
      at AsyncProperty.run (node_modules/fast-check/lib/cjs/check/property/AsyncProperty.generic.js:46:28)
      at asyncRunIt (node_modules/fast-check/lib/cjs/check/runner/Runner.js:28:21)
      at Object.<anonymous> (app/api/draft/[token]/request-otp/__tests__/request-otp.property.test.ts:801:7)


  โ—  Cannot log after tests are done. Did you forget to wait for something async in your test?
    Attempted to log "OTP email would be sent to: prop-test-1772510305767-jsmlvo@example.com".

    [0m [90m 35 |[39m     [90m// TODO: Implement actual email sending using nodemailer[39m
     [90m 36 |[39m     [90m// For now, we'll log the OTP for testing[39m
    [31m[1m>[22m[39m[90m 37 |[39m     console[33m.[39mlog([32m'OTP email would be sent 
to:'[39m[33m,[39m email)[33m;[39m
     [90m    |[39m             [31m[1m^[22m[39m
     [90m 38 |[39m     console[33m.[39mlog([32m'OTP:'[39m[33m,[39m otp)[33m;[39m
     [90m 39 |[39m     console[33m.[39mlog([32m'Expires at:'[39m[33m,[39m 
expiresAt[33m.[39mtoISOString())[33m;[39m
     [90m 40 |[39m     [0m

      at console.log (node_modules/@jest/console/build/index.js:147:10)
      at sendOTPEmail (app/api/draft/[token]/request-otp/route.ts:37:13)
      at POST (app/api/draft/[token]/request-otp/route.ts:170:29)
      at app/api/draft/[token]/request-otp/__tests__/request-otp.property.test.ts:837:30
      at AsyncProperty.run (node_modules/fast-check/lib/cjs/check/property/AsyncProperty.generic.js:46:28)
      at asyncRunIt (node_modules/fast-check/lib/cjs/check/runner/Runner.js:28:21)
      at Object.<anonymous> (app/api/draft/[token]/request-otp/__tests__/request-otp.property.test.ts:801:7)


  โ—  Cannot log after tests are done. Did you forget to wait for something async in your test?
    Attempted to log "OTP: 978437".

    [0m [90m 36 |[39m     [90m// For now, we'll log the OTP for testing[39m
     [90m 37 |[39m     console[33m.[39mlog([32m'OTP email would be sent to:'[39m[33m,[39m 
email)[33m;[39m
    [31m[1m>[22m[39m[90m 38 |[39m     console[33m.[39mlog([32m'OTP:'[39m[33m,[39m otp)[33m;[39m
     [90m    |[39m             [31m[1m^[22m[39m
     [90m 39 |[39m     console[33m.[39mlog([32m'Expires at:'[39m[33m,[39m 
expiresAt[33m.[39mtoISOString())[33m;[39m
     [90m 40 |[39m     
     [90m 41 |[39m     [90m// In production, this would be:[39m[0m

      at console.log (node_modules/@jest/console/build/index.js:147:10)
      at sendOTPEmail (app/api/draft/[token]/request-otp/route.ts:38:13)
      at POST (app/api/draft/[token]/request-otp/route.ts:170:29)
      at app/api/draft/[token]/request-otp/__tests__/request-otp.property.test.ts:837:30
      at AsyncProperty.run (node_modules/fast-check/lib/cjs/check/property/AsyncProperty.generic.js:46:28)
      at asyncRunIt (node_modules/fast-check/lib/cjs/check/runner/Runner.js:28:21)
      at Object.<anonymous> (app/api/draft/[token]/request-otp/__tests__/request-otp.property.test.ts:801:7)


  โ—  Cannot log after tests are done. Did you forget to wait for something async in your test?
    Attempted to log "Expires at: 2026-03-03T04:08:25.840Z".

    [0m [90m 37 |[39m     console[33m.[39mlog([32m'OTP email would be sent to:'[39m[33m,[39m 
email)[33m;[39m
     [90m 38 |[39m     console[33m.[39mlog([32m'OTP:'[39m[33m,[39m otp)[33m;[39m
    [31m[1m>[22m[39m[90m 39 |[39m     console[33m.[39mlog([32m'Expires at:'[39m[33m,[39m 
expiresAt[33m.[39mtoISOString())[33m;[39m
     [90m    |[39m             [31m[1m^[22m[39m
     [90m 40 |[39m     
     [90m 41 |[39m     [90m// In production, this would be:[39m
     [90m 42 |[39m     [90m// const subject = 'เธฃเธซเธฑเธช OTP 
เธชเธณเธซเธฃเธฑเธเน€เธเนเธฒเธ–เธถเธเนเธเธเธเธญเธฃเนเธกเธเธญเธเธเธธเธ“';[39m[0m

      at console.log (node_modules/@jest/console/build/index.js:147:10)
      at sendOTPEmail (app/api/draft/[token]/request-otp/route.ts:39:13)
      at POST (app/api/draft/[token]/request-otp/route.ts:170:29)
      at app/api/draft/[token]/request-otp/__tests__/request-otp.property.test.ts:837:30
      at AsyncProperty.run (node_modules/fast-check/lib/cjs/check/property/AsyncProperty.generic.js:46:28)
      at asyncRunIt (node_modules/fast-check/lib/cjs/check/runner/Runner.js:28:21)
      at Object.<anonymous> (app/api/draft/[token]/request-otp/__tests__/request-otp.property.test.ts:801:7)


  โ—  Cannot log after tests are done. Did you forget to wait for something async in your test?
    Attempted to log "OTP email would be sent to: prop-test-1772510305852-3hllg@example.com".

    [0m [90m 35 |[39m     [90m// TODO: Implement actual email sending using nodemailer[39m
     [90m 36 |[39m     [90m// For now, we'll log the OTP for testing[39m
    [31m[1m>[22m[39m[90m 37 |[39m     console[33m.[39mlog([32m'OTP email would be sent 
to:'[39m[33m,[39m email)[33m;[39m
     [90m    |[39m             [31m[1m^[22m[39m
     [90m 38 |[39m     console[33m.[39mlog([32m'OTP:'[39m[33m,[39m otp)[33m;[39m
     [90m 39 |[39m     console[33m.[39mlog([32m'Expires at:'[39m[33m,[39m 
expiresAt[33m.[39mtoISOString())[33m;[39m
     [90m 40 |[39m     [0m

      at console.log (node_modules/@jest/console/build/index.js:147:10)
      at sendOTPEmail (app/api/draft/[token]/request-otp/route.ts:37:13)
      at POST (app/api/draft/[token]/request-otp/route.ts:170:29)
      at app/api/draft/[token]/request-otp/__tests__/request-otp.property.test.ts:837:30
      at AsyncProperty.run (node_modules/fast-check/lib/cjs/check/property/AsyncProperty.generic.js:46:28)
      at asyncRunIt (node_modules/fast-check/lib/cjs/check/runner/Runner.js:28:21)
      at Object.<anonymous> (app/api/draft/[token]/request-otp/__tests__/request-otp.property.test.ts:801:7)


  โ—  Cannot log after tests are done. Did you forget to wait for something async in your test?
    Attempted to log "OTP: 658740".

    [0m [90m 36 |[39m     [90m// For now, we'll log the OTP for testing[39m
     [90m 37 |[39m     console[33m.[39mlog([32m'OTP email would be sent to:'[39m[33m,[39m 
email)[33m;[39m
    [31m[1m>[22m[39m[90m 38 |[39m     console[33m.[39mlog([32m'OTP:'[39m[33m,[39m otp)[33m;[39m
     [90m    |[39m             [31m[1m^[22m[39m
     [90m 39 |[39m     console[33m.[39mlog([32m'Expires at:'[39m[33m,[39m 
expiresAt[33m.[39mtoISOString())[33m;[39m
     [90m 40 |[39m     
     [90m 41 |[39m     [90m// In production, this would be:[39m[0m

      at console.log (node_modules/@jest/console/build/index.js:147:10)
      at sendOTPEmail (app/api/draft/[token]/request-otp/route.ts:38:13)
      at POST (app/api/draft/[token]/request-otp/route.ts:170:29)
      at app/api/draft/[token]/request-otp/__tests__/request-otp.property.test.ts:837:30
      at AsyncProperty.run (node_modules/fast-check/lib/cjs/check/property/AsyncProperty.generic.js:46:28)
      at asyncRunIt (node_modules/fast-check/lib/cjs/check/runner/Runner.js:28:21)
      at Object.<anonymous> (app/api/draft/[token]/request-otp/__tests__/request-otp.property.test.ts:801:7)


  โ—  Cannot log after tests are done. Did you forget to wait for something async in your test?
    Attempted to log "Expires at: 2026-03-03T04:08:25.919Z".

    [0m [90m 37 |[39m     console[33m.[39mlog([32m'OTP email would be sent to:'[39m[33m,[39m 
email)[33m;[39m
     [90m 38 |[39m     console[33m.[39mlog([32m'OTP:'[39m[33m,[39m otp)[33m;[39m
    [31m[1m>[22m[39m[90m 39 |[39m     console[33m.[39mlog([32m'Expires at:'[39m[33m,[39m 
expiresAt[33m.[39mtoISOString())[33m;[39m
     [90m    |[39m             [31m[1m^[22m[39m
     [90m 40 |[39m     
     [90m 41 |[39m     [90m// In production, this would be:[39m
     [90m 42 |[39m     [90m// const subject = 'เธฃเธซเธฑเธช OTP 
เธชเธณเธซเธฃเธฑเธเน€เธเนเธฒเธ–เธถเธเนเธเธเธเธญเธฃเนเธกเธเธญเธเธเธธเธ“';[39m[0m

      at console.log (node_modules/@jest/console/build/index.js:147:10)
      at sendOTPEmail (app/api/draft/[token]/request-otp/route.ts:39:13)
      at POST (app/api/draft/[token]/request-otp/route.ts:170:29)
      at app/api/draft/[token]/request-otp/__tests__/request-otp.property.test.ts:837:30
      at AsyncProperty.run (node_modules/fast-check/lib/cjs/check/property/AsyncProperty.generic.js:46:28)
      at asyncRunIt (node_modules/fast-check/lib/cjs/check/runner/Runner.js:28:21)
      at Object.<anonymous> (app/api/draft/[token]/request-otp/__tests__/request-otp.property.test.ts:801:7)


  โ—  Cannot log after tests are done. Did you forget to wait for something async in your test?
    Attempted to log "OTP email would be sent to: prop-test-1772510305929-4ul9mu@example.com".

    [0m [90m 35 |[39m     [90m// TODO: Implement actual email sending using nodemailer[39m
     [90m 36 |[39m     [90m// For now, we'll log the OTP for testing[39m
    [31m[1m>[22m[39m[90m 37 |[39m     console[33m.[39mlog([32m'OTP email would be sent 
to:'[39m[33m,[39m email)[33m;[39m
     [90m    |[39m             [31m[1m^[22m[39m
     [90m 38 |[39m     console[33m.[39mlog([32m'OTP:'[39m[33m,[39m otp)[33m;[39m
     [90m 39 |[39m     console[33m.[39mlog([32m'Expires at:'[39m[33m,[39m 
expiresAt[33m.[39mtoISOString())[33m;[39m
     [90m 40 |[39m     [0m

      at console.log (node_modules/@jest/console/build/index.js:147:10)
      at sendOTPEmail (app/api/draft/[token]/request-otp/route.ts:37:13)
      at POST (app/api/draft/[token]/request-otp/route.ts:170:29)
      at app/api/draft/[token]/request-otp/__tests__/request-otp.property.test.ts:837:30
      at AsyncProperty.run (node_modules/fast-check/lib/cjs/check/property/AsyncProperty.generic.js:46:28)
      at asyncRunIt (node_modules/fast-check/lib/cjs/check/runner/Runner.js:28:21)
      at Object.<anonymous> (app/api/draft/[token]/request-otp/__tests__/request-otp.property.test.ts:801:7)


  โ—  Cannot log after tests are done. Did you forget to wait for something async in your test?
    Attempted to log "OTP: 476165".

    [0m [90m 36 |[39m     [90m// For now, we'll log the OTP for testing[39m
     [90m 37 |[39m     console[33m.[39mlog([32m'OTP email would be sent to:'[39m[33m,[39m 
email)[33m;[39m
    [31m[1m>[22m[39m[90m 38 |[39m     console[33m.[39mlog([32m'OTP:'[39m[33m,[39m otp)[33m;[39m
     [90m    |[39m             [31m[1m^[22m[39m
     [90m 39 |[39m     console[33m.[39mlog([32m'Expires at:'[39m[33m,[39m 
expiresAt[33m.[39mtoISOString())[33m;[39m
     [90m 40 |[39m     
     [90m 41 |[39m     [90m// In production, this would be:[39m[0m

      at console.log (node_modules/@jest/console/build/index.js:147:10)
      at sendOTPEmail (app/api/draft/[token]/request-otp/route.ts:38:13)
      at POST (app/api/draft/[token]/request-otp/route.ts:170:29)
      at app/api/draft/[token]/request-otp/__tests__/request-otp.property.test.ts:837:30
      at AsyncProperty.run (node_modules/fast-check/lib/cjs/check/property/AsyncProperty.generic.js:46:28)
      at asyncRunIt (node_modules/fast-check/lib/cjs/check/runner/Runner.js:28:21)
      at Object.<anonymous> (app/api/draft/[token]/request-otp/__tests__/request-otp.property.test.ts:801:7)


  โ—  Cannot log after tests are done. Did you forget to wait for something async in your test?
    Attempted to log "Expires at: 2026-03-03T04:08:25.989Z".

    [0m [90m 37 |[39m     console[33m.[39mlog([32m'OTP email would be sent to:'[39m[33m,[39m 
email)[33m;[39m
     [90m 38 |[39m     console[33m.[39mlog([32m'OTP:'[39m[33m,[39m otp)[33m;[39m
    [31m[1m>[22m[39m[90m 39 |[39m     console[33m.[39mlog([32m'Expires at:'[39m[33m,[39m 
expiresAt[33m.[39mtoISOString())[33m;[39m
     [90m    |[39m             [31m[1m^[22m[39m
     [90m 40 |[39m     
     [90m 41 |[39m     [90m// In production, this would be:[39m
     [90m 42 |[39m     [90m// const subject = 'เธฃเธซเธฑเธช OTP 
เธชเธณเธซเธฃเธฑเธเน€เธเนเธฒเธ–เธถเธเนเธเธเธเธญเธฃเนเธกเธเธญเธเธเธธเธ“';[39m[0m

      at console.log (node_modules/@jest/console/build/index.js:147:10)
      at sendOTPEmail (app/api/draft/[token]/request-otp/route.ts:39:13)
      at POST (app/api/draft/[token]/request-otp/route.ts:170:29)
      at app/api/draft/[token]/request-otp/__tests__/request-otp.property.test.ts:837:30
      at AsyncProperty.run (node_modules/fast-check/lib/cjs/check/property/AsyncProperty.generic.js:46:28)
      at asyncRunIt (node_modules/fast-check/lib/cjs/check/runner/Runner.js:28:21)
      at Object.<anonymous> (app/api/draft/[token]/request-otp/__tests__/request-otp.property.test.ts:801:7)


  โ—  Cannot log after tests are done. Did you forget to wait for something async in your test?
    Attempted to log "OTP email would be sent to: prop-test-1772510305996-p34ttd@example.com".

    [0m [90m 35 |[39m     [90m// TODO: Implement actual email sending using nodemailer[39m
     [90m 36 |[39m     [90m// For now, we'll log the OTP for testing[39m
    [31m[1m>[22m[39m[90m 37 |[39m     console[33m.[39mlog([32m'OTP email would be sent 
to:'[39m[33m,[39m email)[33m;[39m
     [90m    |[39m             [31m[1m^[22m[39m
     [90m 38 |[39m     console[33m.[39mlog([32m'OTP:'[39m[33m,[39m otp)[33m;[39m
     [90m 39 |[39m     console[33m.[39mlog([32m'Expires at:'[39m[33m,[39m 
expiresAt[33m.[39mtoISOString())[33m;[39m
     [90m 40 |[39m     [0m

      at console.log (node_modules/@jest/console/build/index.js:147:10)
      at sendOTPEmail (app/api/draft/[token]/request-otp/route.ts:37:13)
      at POST (app/api/draft/[token]/request-otp/route.ts:170:29)
      at app/api/draft/[token]/request-otp/__tests__/request-otp.property.test.ts:837:30
      at AsyncProperty.run (node_modules/fast-check/lib/cjs/check/property/AsyncProperty.generic.js:46:28)
      at asyncRunIt (node_modules/fast-check/lib/cjs/check/runner/Runner.js:28:21)
      at Object.<anonymous> (app/api/draft/[token]/request-otp/__tests__/request-otp.property.test.ts:801:7)


  โ—  Cannot log after tests are done. Did you forget to wait for something async in your test?
    Attempted to log "OTP: 829801".

    [0m [90m 36 |[39m     [90m// For now, we'll log the OTP for testing[39m
     [90m 37 |[39m     console[33m.[39mlog([32m'OTP email would be sent to:'[39m[33m,[39m 
email)[33m;[39m
    [31m[1m>[22m[39m[90m 38 |[39m     console[33m.[39mlog([32m'OTP:'[39m[33m,[39m otp)[33m;[39m
     [90m    |[39m             [31m[1m^[22m[39m
     [90m 39 |[39m     console[33m.[39mlog([32m'Expires at:'[39m[33m,[39m 
expiresAt[33m.[39mtoISOString())[33m;[39m
     [90m 40 |[39m     
     [90m 41 |[39m     [90m// In production, this would be:[39m[0m

      at console.log (node_modules/@jest/console/build/index.js:147:10)
      at sendOTPEmail (app/api/draft/[token]/request-otp/route.ts:38:13)
      at POST (app/api/draft/[token]/request-otp/route.ts:170:29)
      at app/api/draft/[token]/request-otp/__tests__/request-otp.property.test.ts:837:30
      at AsyncProperty.run (node_modules/fast-check/lib/cjs/check/property/AsyncProperty.generic.js:46:28)
      at asyncRunIt (node_modules/fast-check/lib/cjs/check/runner/Runner.js:28:21)
      at Object.<anonymous> (app/api/draft/[token]/request-otp/__tests__/request-otp.property.test.ts:801:7)


  โ—  Cannot log after tests are done. Did you forget to wait for something async in your test?
    Attempted to log "Expires at: 2026-03-03T04:08:26.055Z".

    [0m [90m 37 |[39m     console[33m.[39mlog([32m'OTP email would be sent to:'[39m[33m,[39m 
email)[33m;[39m
     [90m 38 |[39m     console[33m.[39mlog([32m'OTP:'[39m[33m,[39m otp)[33m;[39m
    [31m[1m>[22m[39m[90m 39 |[39m     console[33m.[39mlog([32m'Expires at:'[39m[33m,[39m 
expiresAt[33m.[39mtoISOString())[33m;[39m
     [90m    |[39m             [31m[1m^[22m[39m
     [90m 40 |[39m     
     [90m 41 |[39m     [90m// In production, this would be:[39m
     [90m 42 |[39m     [90m// const subject = 'เธฃเธซเธฑเธช OTP 
เธชเธณเธซเธฃเธฑเธเน€เธเนเธฒเธ–เธถเธเนเธเธเธเธญเธฃเนเธกเธเธญเธเธเธธเธ“';[39m[0m

      at console.log (node_modules/@jest/console/build/index.js:147:10)
      at sendOTPEmail (app/api/draft/[token]/request-otp/route.ts:39:13)
      at POST (app/api/draft/[token]/request-otp/route.ts:170:29)
      at app/api/draft/[token]/request-otp/__tests__/request-otp.property.test.ts:837:30
      at AsyncProperty.run (node_modules/fast-check/lib/cjs/check/property/AsyncProperty.generic.js:46:28)
      at asyncRunIt (node_modules/fast-check/lib/cjs/check/runner/Runner.js:28:21)
      at Object.<anonymous> (app/api/draft/[token]/request-otp/__tests__/request-otp.property.test.ts:801:7)


  โ—  Cannot log after tests are done. Did you forget to wait for something async in your test?
    Attempted to log "OTP email would be sent to: prop-test-1772510306062-h9t727@example.com".

    [0m [90m 35 |[39m     [90m// TODO: Implement actual email sending using nodemailer[39m
     [90m 36 |[39m     [90m// For now, we'll log the OTP for testing[39m
    [31m[1m>[22m[39m[90m 37 |[39m     console[33m.[39mlog([32m'OTP email would be sent 
to:'[39m[33m,[39m email)[33m;[39m
     [90m    |[39m             [31m[1m^[22m[39m
     [90m 38 |[39m     console[33m.[39mlog([32m'OTP:'[39m[33m,[39m otp)[33m;[39m
     [90m 39 |[39m     console[33m.[39mlog([32m'Expires at:'[39m[33m,[39m 
expiresAt[33m.[39mtoISOString())[33m;[39m
     [90m 40 |[39m     [0m

      at console.log (node_modules/@jest/console/build/index.js:147:10)
      at sendOTPEmail (app/api/draft/[token]/request-otp/route.ts:37:13)
      at POST (app/api/draft/[token]/request-otp/route.ts:170:29)
      at app/api/draft/[token]/request-otp/__tests__/request-otp.property.test.ts:837:30
      at AsyncProperty.run (node_modules/fast-check/lib/cjs/check/property/AsyncProperty.generic.js:46:28)
      at asyncRunIt (node_modules/fast-check/lib/cjs/check/runner/Runner.js:28:21)
      at Object.<anonymous> (app/api/draft/[token]/request-otp/__tests__/request-otp.property.test.ts:801:7)


  โ—  Cannot log after tests are done. Did you forget to wait for something async in your test?
    Attempted to log "OTP: 084900".

    [0m [90m 36 |[39m     [90m// For now, we'll log the OTP for testing[39m
     [90m 37 |[39m     console[33m.[39mlog([32m'OTP email would be sent to:'[39m[33m,[39m 
email)[33m;[39m
    [31m[1m>[22m[39m[90m 38 |[39m     console[33m.[39mlog([32m'OTP:'[39m[33m,[39m otp)[33m;[39m
     [90m    |[39m             [31m[1m^[22m[39m
     [90m 39 |[39m     console[33m.[39mlog([32m'Expires at:'[39m[33m,[39m 
expiresAt[33m.[39mtoISOString())[33m;[39m
     [90m 40 |[39m     
     [90m 41 |[39m     [90m// In production, this would be:[39m[0m

      at console.log (node_modules/@jest/console/build/index.js:147:10)
      at sendOTPEmail (app/api/draft/[token]/request-otp/route.ts:38:13)
      at POST (app/api/draft/[token]/request-otp/route.ts:170:29)
      at app/api/draft/[token]/request-otp/__tests__/request-otp.property.test.ts:837:30
      at AsyncProperty.run (node_modules/fast-check/lib/cjs/check/property/AsyncProperty.generic.js:46:28)
      at asyncRunIt (node_modules/fast-check/lib/cjs/check/runner/Runner.js:28:21)
      at Object.<anonymous> (app/api/draft/[token]/request-otp/__tests__/request-otp.property.test.ts:801:7)


  โ—  Cannot log after tests are done. Did you forget to wait for something async in your test?
    Attempted to log "Expires at: 2026-03-03T04:08:26.121Z".

    [0m [90m 37 |[39m     console[33m.[39mlog([32m'OTP email would be sent to:'[39m[33m,[39m 
email)[33m;[39m
     [90m 38 |[39m     console[33m.[39mlog([32m'OTP:'[39m[33m,[39m otp)[33m;[39m
    [31m[1m>[22m[39m[90m 39 |[39m     console[33m.[39mlog([32m'Expires at:'[39m[33m,[39m 
expiresAt[33m.[39mtoISOString())[33m;[39m
     [90m    |[39m             [31m[1m^[22m[39m
     [90m 40 |[39m     
     [90m 41 |[39m     [90m// In production, this would be:[39m
     [90m 42 |[39m     [90m// const subject = 'เธฃเธซเธฑเธช OTP 
เธชเธณเธซเธฃเธฑเธเน€เธเนเธฒเธ–เธถเธเนเธเธเธเธญเธฃเนเธกเธเธญเธเธเธธเธ“';[39m[0m

      at console.log (node_modules/@jest/console/build/index.js:147:10)
      at sendOTPEmail (app/api/draft/[token]/request-otp/route.ts:39:13)
      at POST (app/api/draft/[token]/request-otp/route.ts:170:29)
      at app/api/draft/[token]/request-otp/__tests__/request-otp.property.test.ts:837:30
      at AsyncProperty.run (node_modules/fast-check/lib/cjs/check/property/AsyncProperty.generic.js:46:28)
      at asyncRunIt (node_modules/fast-check/lib/cjs/check/runner/Runner.js:28:21)
      at Object.<anonymous> (app/api/draft/[token]/request-otp/__tests__/request-otp.property.test.ts:801:7)


  โ—  Cannot log after tests are done. Did you forget to wait for something async in your test?
    Attempted to log "OTP email would be sent to: prop-test-1772510306127-ja1ot@example.com".

    [0m [90m 35 |[39m     [90m// TODO: Implement actual email sending using nodemailer[39m
     [90m 36 |[39m     [90m// For now, we'll log the OTP for testing[39m
    [31m[1m>[22m[39m[90m 37 |[39m     console[33m.[39mlog([32m'OTP email would be sent 
to:'[39m[33m,[39m email)[33m;[39m
     [90m    |[39m             [31m[1m^[22m[39m
     [90m 38 |[39m     console[33m.[39mlog([32m'OTP:'[39m[33m,[39m otp)[33m;[39m
     [90m 39 |[39m     console[33m.[39mlog([32m'Expires at:'[39m[33m,[39m 
expiresAt[33m.[39mtoISOString())[33m;[39m
     [90m 40 |[39m     [0m

      at console.log (node_modules/@jest/console/build/index.js:147:10)
      at sendOTPEmail (app/api/draft/[token]/request-otp/route.ts:37:13)
      at POST (app/api/draft/[token]/request-otp/route.ts:170:29)
      at app/api/draft/[token]/request-otp/__tests__/request-otp.property.test.ts:837:30
      at AsyncProperty.run (node_modules/fast-check/lib/cjs/check/property/AsyncProperty.generic.js:46:28)
      at asyncRunIt (node_modules/fast-check/lib/cjs/check/runner/Runner.js:28:21)
      at Object.<anonymous> (app/api/draft/[token]/request-otp/__tests__/request-otp.property.test.ts:801:7)


  โ—  Cannot log after tests are done. Did you forget to wait for something async in your test?
    Attempted to log "OTP: 758329".

    [0m [90m 36 |[39m     [90m// For now, we'll log the OTP for testing[39m
     [90m 37 |[39m     console[33m.[39mlog([32m'OTP email would be sent to:'[39m[33m,[39m 
email)[33m;[39m
    [31m[1m>[22m[39m[90m 38 |[39m     console[33m.[39mlog([32m'OTP:'[39m[33m,[39m otp)[33m;[39m
     [90m    |[39m             [31m[1m^[22m[39m
     [90m 39 |[39m     console[33m.[39mlog([32m'Expires at:'[39m[33m,[39m 
expiresAt[33m.[39mtoISOString())[33m;[39m
     [90m 40 |[39m     
     [90m 41 |[39m     [90m// In production, this would be:[39m[0m

      at console.log (node_modules/@jest/console/build/index.js:147:10)
      at sendOTPEmail (app/api/draft/[token]/request-otp/route.ts:38:13)
      at POST (app/api/draft/[token]/request-otp/route.ts:170:29)
      at app/api/draft/[token]/request-otp/__tests__/request-otp.property.test.ts:837:30
      at AsyncProperty.run (node_modules/fast-check/lib/cjs/check/property/AsyncProperty.generic.js:46:28)
      at asyncRunIt (node_modules/fast-check/lib/cjs/check/runner/Runner.js:28:21)
      at Object.<anonymous> (app/api/draft/[token]/request-otp/__tests__/request-otp.property.test.ts:801:7)


  โ—  Cannot log after tests are done. Did you forget to wait for something async in your test?
    Attempted to log "Expires at: 2026-03-03T04:08:26.184Z".

    [0m [90m 37 |[39m     console[33m.[39mlog([32m'OTP email would be sent to:'[39m[33m,[39m 
email)[33m;[39m
     [90m 38 |[39m     console[33m.[39mlog([32m'OTP:'[39m[33m,[39m otp)[33m;[39m
    [31m[1m>[22m[39m[90m 39 |[39m     console[33m.[39mlog([32m'Expires at:'[39m[33m,[39m 
expiresAt[33m.[39mtoISOString())[33m;[39m
     [90m    |[39m             [31m[1m^[22m[39m
     [90m 40 |[39m     
     [90m 41 |[39m     [90m// In production, this would be:[39m
     [90m 42 |[39m     [90m// const subject = 'เธฃเธซเธฑเธช OTP 
เธชเธณเธซเธฃเธฑเธเน€เธเนเธฒเธ–เธถเธเนเธเธเธเธญเธฃเนเธกเธเธญเธเธเธธเธ“';[39m[0m

      at console.log (node_modules/@jest/console/build/index.js:147:10)
      at sendOTPEmail (app/api/draft/[token]/request-otp/route.ts:39:13)
      at POST (app/api/draft/[token]/request-otp/route.ts:170:29)
      at app/api/draft/[token]/request-otp/__tests__/request-otp.property.test.ts:837:30
      at AsyncProperty.run (node_modules/fast-check/lib/cjs/check/property/AsyncProperty.generic.js:46:28)
      at asyncRunIt (node_modules/fast-check/lib/cjs/check/runner/Runner.js:28:21)
      at Object.<anonymous> (app/api/draft/[token]/request-otp/__tests__/request-otp.property.test.ts:801:7)


  โ—  Cannot log after tests are done. Did you forget to wait for something async in your test?
    Attempted to log "OTP email would be sent to: prop-test-1772510306192-mnlz89r@example.com".

    [0m [90m 35 |[39m     [90m// TODO: Implement actual email sending using nodemailer[39m
     [90m 36 |[39m     [90m// For now, we'll log the OTP for testing[39m
    [31m[1m>[22m[39m[90m 37 |[39m     console[33m.[39mlog([32m'OTP email would be sent 
to:'[39m[33m,[39m email)[33m;[39m
     [90m    |[39m             [31m[1m^[22m[39m
     [90m 38 |[39m     console[33m.[39mlog([32m'OTP:'[39m[33m,[39m otp)[33m;[39m
     [90m 39 |[39m     console[33m.[39mlog([32m'Expires at:'[39m[33m,[39m 
expiresAt[33m.[39mtoISOString())[33m;[39m
     [90m 40 |[39m     [0m

      at console.log (node_modules/@jest/console/build/index.js:147:10)
      at sendOTPEmail (app/api/draft/[token]/request-otp/route.ts:37:13)
      at POST (app/api/draft/[token]/request-otp/route.ts:170:29)
      at app/api/draft/[token]/request-otp/__tests__/request-otp.property.test.ts:837:30
      at AsyncProperty.run (node_modules/fast-check/lib/cjs/check/property/AsyncProperty.generic.js:46:28)
      at asyncRunIt (node_modules/fast-check/lib/cjs/check/runner/Runner.js:28:21)
      at Object.<anonymous> (app/api/draft/[token]/request-otp/__tests__/request-otp.property.test.ts:801:7)


  โ—  Cannot log after tests are done. Did you forget to wait for something async in your test?
    Attempted to log "OTP: 038157".

    [0m [90m 36 |[39m     [90m// For now, we'll log the OTP for testing[39m
     [90m 37 |[39m     console[33m.[39mlog([32m'OTP email would be sent to:'[39m[33m,[39m 
email)[33m;[39m
    [31m[1m>[22m[39m[90m 38 |[39m     console[33m.[39mlog([32m'OTP:'[39m[33m,[39m otp)[33m;[39m
     [90m    |[39m             [31m[1m^[22m[39m
     [90m 39 |[39m     console[33m.[39mlog([32m'Expires at:'[39m[33m,[39m 
expiresAt[33m.[39mtoISOString())[33m;[39m
     [90m 40 |[39m     
     [90m 41 |[39m     [90m// In production, this would be:[39m[0m

      at console.log (node_modules/@jest/console/build/index.js:147:10)
      at sendOTPEmail (app/api/draft/[token]/request-otp/route.ts:38:13)
      at POST (app/api/draft/[token]/request-otp/route.ts:170:29)
      at app/api/draft/[token]/request-otp/__tests__/request-otp.property.test.ts:837:30
      at AsyncProperty.run (node_modules/fast-check/lib/cjs/check/property/AsyncProperty.generic.js:46:28)
      at asyncRunIt (node_modules/fast-check/lib/cjs/check/runner/Runner.js:28:21)
      at Object.<anonymous> (app/api/draft/[token]/request-otp/__tests__/request-otp.property.test.ts:801:7)


  โ—  Cannot log after tests are done. Did you forget to wait for something async in your test?
    Attempted to log "Expires at: 2026-03-03T04:08:26.250Z".

    [0m [90m 37 |[39m     console[33m.[39mlog([32m'OTP email would be sent to:'[39m[33m,[39m 
email)[33m;[39m
     [90m 38 |[39m     console[33m.[39mlog([32m'OTP:'[39m[33m,[39m otp)[33m;[39m
    [31m[1m>[22m[39m[90m 39 |[39m     console[33m.[39mlog([32m'Expires at:'[39m[33m,[39m 
expiresAt[33m.[39mtoISOString())[33m;[39m
     [90m    |[39m             [31m[1m^[22m[39m
     [90m 40 |[39m     
     [90m 41 |[39m     [90m// In production, this would be:[39m
     [90m 42 |[39m     [90m// const subject = 'เธฃเธซเธฑเธช OTP 
เธชเธณเธซเธฃเธฑเธเน€เธเนเธฒเธ–เธถเธเนเธเธเธเธญเธฃเนเธกเธเธญเธเธเธธเธ“';[39m[0m

      at console.log (node_modules/@jest/console/build/index.js:147:10)
      at sendOTPEmail (app/api/draft/[token]/request-otp/route.ts:39:13)
      at POST (app/api/draft/[token]/request-otp/route.ts:170:29)
      at app/api/draft/[token]/request-otp/__tests__/request-otp.property.test.ts:837:30
      at AsyncProperty.run (node_modules/fast-check/lib/cjs/check/property/AsyncProperty.generic.js:46:28)
      at asyncRunIt (node_modules/fast-check/lib/cjs/check/runner/Runner.js:28:21)
      at Object.<anonymous> (app/api/draft/[token]/request-otp/__tests__/request-otp.property.test.ts:801:7)


  โ—  Cannot log after tests are done. Did you forget to wait for something async in your test?
    Attempted to log "OTP email would be sent to: prop-test-1772510306258-s4w1w@example.com".

    [0m [90m 35 |[39m     [90m// TODO: Implement actual email sending using nodemailer[39m
     [90m 36 |[39m     [90m// For now, we'll log the OTP for testing[39m
    [31m[1m>[22m[39m[90m 37 |[39m     console[33m.[39mlog([32m'OTP email would be sent 
to:'[39m[33m,[39m email)[33m;[39m
     [90m    |[39m             [31m[1m^[22m[39m
     [90m 38 |[39m     console[33m.[39mlog([32m'OTP:'[39m[33m,[39m otp)[33m;[39m
     [90m 39 |[39m     console[33m.[39mlog([32m'Expires at:'[39m[33m,[39m 
expiresAt[33m.[39mtoISOString())[33m;[39m
     [90m 40 |[39m     [0m

      at console.log (node_modules/@jest/console/build/index.js:147:10)
      at sendOTPEmail (app/api/draft/[token]/request-otp/route.ts:37:13)
      at POST (app/api/draft/[token]/request-otp/route.ts:170:29)
      at app/api/draft/[token]/request-otp/__tests__/request-otp.property.test.ts:837:30
      at AsyncProperty.run (node_modules/fast-check/lib/cjs/check/property/AsyncProperty.generic.js:46:28)
      at asyncRunIt (node_modules/fast-check/lib/cjs/check/runner/Runner.js:28:21)
      at Object.<anonymous> (app/api/draft/[token]/request-otp/__tests__/request-otp.property.test.ts:801:7)


  โ—  Cannot log after tests are done. Did you forget to wait for something async in your test?
    Attempted to log "OTP: 823543".

    [0m [90m 36 |[39m     [90m// For now, we'll log the OTP for testing[39m
     [90m 37 |[39m     console[33m.[39mlog([32m'OTP email would be sent to:'[39m[33m,[39m 
email)[33m;[39m
    [31m[1m>[22m[39m[90m 38 |[39m     console[33m.[39mlog([32m'OTP:'[39m[33m,[39m otp)[33m;[39m
     [90m    |[39m             [31m[1m^[22m[39m
     [90m 39 |[39m     console[33m.[39mlog([32m'Expires at:'[39m[33m,[39m 
expiresAt[33m.[39mtoISOString())[33m;[39m
     [90m 40 |[39m     
     [90m 41 |[39m     [90m// In production, this would be:[39m[0m

      at console.log (node_modules/@jest/console/build/index.js:147:10)
      at sendOTPEmail (app/api/draft/[token]/request-otp/route.ts:38:13)
      at POST (app/api/draft/[token]/request-otp/route.ts:170:29)
      at app/api/draft/[token]/request-otp/__tests__/request-otp.property.test.ts:837:30
      at AsyncProperty.run (node_modules/fast-check/lib/cjs/check/property/AsyncProperty.generic.js:46:28)
      at asyncRunIt (node_modules/fast-check/lib/cjs/check/runner/Runner.js:28:21)
      at Object.<anonymous> (app/api/draft/[token]/request-otp/__tests__/request-otp.property.test.ts:801:7)


  โ—  Cannot log after tests are done. Did you forget to wait for something async in your test?
    Attempted to log "Expires at: 2026-03-03T04:08:26.315Z".

    [0m [90m 37 |[39m     console[33m.[39mlog([32m'OTP email would be sent to:'[39m[33m,[39m 
email)[33m;[39m
     [90m 38 |[39m     console[33m.[39mlog([32m'OTP:'[39m[33m,[39m otp)[33m;[39m
    [31m[1m>[22m[39m[90m 39 |[39m     console[33m.[39mlog([32m'Expires at:'[39m[33m,[39m 
expiresAt[33m.[39mtoISOString())[33m;[39m
     [90m    |[39m             [31m[1m^[22m[39m
     [90m 40 |[39m     
     [90m 41 |[39m     [90m// In production, this would be:[39m
     [90m 42 |[39m     [90m// const subject = 'เธฃเธซเธฑเธช OTP 
เธชเธณเธซเธฃเธฑเธเน€เธเนเธฒเธ–เธถเธเนเธเธเธเธญเธฃเนเธกเธเธญเธเธเธธเธ“';[39m[0m

      at console.log (node_modules/@jest/console/build/index.js:147:10)
      at sendOTPEmail (app/api/draft/[token]/request-otp/route.ts:39:13)
      at POST (app/api/draft/[token]/request-otp/route.ts:170:29)
      at app/api/draft/[token]/request-otp/__tests__/request-otp.property.test.ts:837:30
      at AsyncProperty.run (node_modules/fast-check/lib/cjs/check/property/AsyncProperty.generic.js:46:28)
      at asyncRunIt (node_modules/fast-check/lib/cjs/check/runner/Runner.js:28:21)
      at Object.<anonymous> (app/api/draft/[token]/request-otp/__tests__/request-otp.property.test.ts:801:7)


  โ—  Cannot log after tests are done. Did you forget to wait for something async in your test?
    Attempted to log "OTP email would be sent to: prop-test-1772510306322-ntcvuf@example.com".

    [0m [90m 35 |[39m     [90m// TODO: Implement actual email sending using nodemailer[39m
     [90m 36 |[39m     [90m// For now, we'll log the OTP for testing[39m
    [31m[1m>[22m[39m[90m 37 |[39m     console[33m.[39mlog([32m'OTP email would be sent 
to:'[39m[33m,[39m email)[33m;[39m
     [90m    |[39m             [31m[1m^[22m[39m
     [90m 38 |[39m     console[33m.[39mlog([32m'OTP:'[39m[33m,[39m otp)[33m;[39m
     [90m 39 |[39m     console[33m.[39mlog([32m'Expires at:'[39m[33m,[39m 
expiresAt[33m.[39mtoISOString())[33m;[39m
     [90m 40 |[39m     [0m

      at console.log (node_modules/@jest/console/build/index.js:147:10)
      at sendOTPEmail (app/api/draft/[token]/request-otp/route.ts:37:13)
      at POST (app/api/draft/[token]/request-otp/route.ts:170:29)
      at app/api/draft/[token]/request-otp/__tests__/request-otp.property.test.ts:837:30
      at AsyncProperty.run (node_modules/fast-check/lib/cjs/check/property/AsyncProperty.generic.js:46:28)
      at asyncRunIt (node_modules/fast-check/lib/cjs/check/runner/Runner.js:28:21)
      at Object.<anonymous> (app/api/draft/[token]/request-otp/__tests__/request-otp.property.test.ts:801:7)


  โ—  Cannot log after tests are done. Did you forget to wait for something async in your test?
    Attempted to log "OTP: 196991".

    [0m [90m 36 |[39m     [90m// For now, we'll log the OTP for testing[39m
     [90m 37 |[39m     console[33m.[39mlog([32m'OTP email would be sent to:'[39m[33m,[39m 
email)[33m;[39m
    [31m[1m>[22m[39m[90m 38 |[39m     console[33m.[39mlog([32m'OTP:'[39m[33m,[39m otp)[33m;[39m
     [90m    |[39m             [31m[1m^[22m[39m
     [90m 39 |[39m     console[33m.[39mlog([32m'Expires at:'[39m[33m,[39m 
expiresAt[33m.[39mtoISOString())[33m;[39m
     [90m 40 |[39m     
     [90m 41 |[39m     [90m// In production, this would be:[39m[0m

      at console.log (node_modules/@jest/console/build/index.js:147:10)
      at sendOTPEmail (app/api/draft/[token]/request-otp/route.ts:38:13)
      at POST (app/api/draft/[token]/request-otp/route.ts:170:29)
      at app/api/draft/[token]/request-otp/__tests__/request-otp.property.test.ts:837:30
      at AsyncProperty.run (node_modules/fast-check/lib/cjs/check/property/AsyncProperty.generic.js:46:28)
      at asyncRunIt (node_modules/fast-check/lib/cjs/check/runner/Runner.js:28:21)
      at Object.<anonymous> (app/api/draft/[token]/request-otp/__tests__/request-otp.property.test.ts:801:7)


  โ—  Cannot log after tests are done. Did you forget to wait for something async in your test?
    Attempted to log "Expires at: 2026-03-03T04:08:26.379Z".

    [0m [90m 37 |[39m     console[33m.[39mlog([32m'OTP email would be sent to:'[39m[33m,[39m 
email)[33m;[39m
     [90m 38 |[39m     console[33m.[39mlog([32m'OTP:'[39m[33m,[39m otp)[33m;[39m
    [31m[1m>[22m[39m[90m 39 |[39m     console[33m.[39mlog([32m'Expires at:'[39m[33m,[39m 
expiresAt[33m.[39mtoISOString())[33m;[39m
     [90m    |[39m             [31m[1m^[22m[39m
     [90m 40 |[39m     
     [90m 41 |[39m     [90m// In production, this would be:[39m
     [90m 42 |[39m     [90m// const subject = 'เธฃเธซเธฑเธช OTP 
เธชเธณเธซเธฃเธฑเธเน€เธเนเธฒเธ–เธถเธเนเธเธเธเธญเธฃเนเธกเธเธญเธเธเธธเธ“';[39m[0m

      at console.log (node_modules/@jest/console/build/index.js:147:10)
      at sendOTPEmail (app/api/draft/[token]/request-otp/route.ts:39:13)
      at POST (app/api/draft/[token]/request-otp/route.ts:170:29)
      at app/api/draft/[token]/request-otp/__tests__/request-otp.property.test.ts:837:30
      at AsyncProperty.run (node_modules/fast-check/lib/cjs/check/property/AsyncProperty.generic.js:46:28)
      at asyncRunIt (node_modules/fast-check/lib/cjs/check/runner/Runner.js:28:21)
      at Object.<anonymous> (app/api/draft/[token]/request-otp/__tests__/request-otp.property.test.ts:801:7)


  โ—  Cannot log after tests are done. Did you forget to wait for something async in your test?
    Attempted to log "OTP email would be sent to: prop-test-1772510306386-c9xc@example.com".

    [0m [90m 35 |[39m     [90m// TODO: Implement actual email sending using nodemailer[39m
     [90m 36 |[39m     [90m// For now, we'll log the OTP for testing[39m
    [31m[1m>[22m[39m[90m 37 |[39m     console[33m.[39mlog([32m'OTP email would be sent 
to:'[39m[33m,[39m email)[33m;[39m
     [90m    |[39m             [31m[1m^[22m[39m
     [90m 38 |[39m     console[33m.[39mlog([32m'OTP:'[39m[33m,[39m otp)[33m;[39m
     [90m 39 |[39m     console[33m.[39mlog([32m'Expires at:'[39m[33m,[39m 
expiresAt[33m.[39mtoISOString())[33m;[39m
     [90m 40 |[39m     [0m

      at console.log (node_modules/@jest/console/build/index.js:147:10)
      at sendOTPEmail (app/api/draft/[token]/request-otp/route.ts:37:13)
      at POST (app/api/draft/[token]/request-otp/route.ts:170:29)
      at app/api/draft/[token]/request-otp/__tests__/request-otp.property.test.ts:837:30
      at AsyncProperty.run (node_modules/fast-check/lib/cjs/check/property/AsyncProperty.generic.js:46:28)
      at asyncRunIt (node_modules/fast-check/lib/cjs/check/runner/Runner.js:28:21)
      at Object.<anonymous> (app/api/draft/[token]/request-otp/__tests__/request-otp.property.test.ts:801:7)


  โ—  Cannot log after tests are done. Did you forget to wait for something async in your test?
    Attempted to log "OTP: 750863".

    [0m [90m 36 |[39m     [90m// For now, we'll log the OTP for testing[39m
     [90m 37 |[39m     console[33m.[39mlog([32m'OTP email would be sent to:'[39m[33m,[39m 
email)[33m;[39m
    [31m[1m>[22m[39m[90m 38 |[39m     console[33m.[39mlog([32m'OTP:'[39m[33m,[39m otp)[33m;[39m
     [90m    |[39m             [31m[1m^[22m[39m
     [90m 39 |[39m     console[33m.[39mlog([32m'Expires at:'[39m[33m,[39m 
expiresAt[33m.[39mtoISOString())[33m;[39m
     [90m 40 |[39m     
     [90m 41 |[39m     [90m// In production, this would be:[39m[0m

      at console.log (node_modules/@jest/console/build/index.js:147:10)
      at sendOTPEmail (app/api/draft/[token]/request-otp/route.ts:38:13)
      at POST (app/api/draft/[token]/request-otp/route.ts:170:29)
      at app/api/draft/[token]/request-otp/__tests__/request-otp.property.test.ts:837:30
      at AsyncProperty.run (node_modules/fast-check/lib/cjs/check/property/AsyncProperty.generic.js:46:28)
      at asyncRunIt (node_modules/fast-check/lib/cjs/check/runner/Runner.js:28:21)
      at Object.<anonymous> (app/api/draft/[token]/request-otp/__tests__/request-otp.property.test.ts:801:7)


  โ—  Cannot log after tests are done. Did you forget to wait for something async in your test?
    Attempted to log "Expires at: 2026-03-03T04:08:26.446Z".

    [0m [90m 37 |[39m     console[33m.[39mlog([32m'OTP email would be sent to:'[39m[33m,[39m 
email)[33m;[39m
     [90m 38 |[39m     console[33m.[39mlog([32m'OTP:'[39m[33m,[39m otp)[33m;[39m
    [31m[1m>[22m[39m[90m 39 |[39m     console[33m.[39mlog([32m'Expires at:'[39m[33m,[39m 
expiresAt[33m.[39mtoISOString())[33m;[39m
     [90m    |[39m             [31m[1m^[22m[39m
     [90m 40 |[39m     
     [90m 41 |[39m     [90m// In production, this would be:[39m
     [90m 42 |[39m     [90m// const subject = 'เธฃเธซเธฑเธช OTP 
เธชเธณเธซเธฃเธฑเธเน€เธเนเธฒเธ–เธถเธเนเธเธเธเธญเธฃเนเธกเธเธญเธเธเธธเธ“';[39m[0m

      at console.log (node_modules/@jest/console/build/index.js:147:10)
      at sendOTPEmail (app/api/draft/[token]/request-otp/route.ts:39:13)
      at POST (app/api/draft/[token]/request-otp/route.ts:170:29)
      at app/api/draft/[token]/request-otp/__tests__/request-otp.property.test.ts:837:30
      at AsyncProperty.run (node_modules/fast-check/lib/cjs/check/property/AsyncProperty.generic.js:46:28)
      at asyncRunIt (node_modules/fast-check/lib/cjs/check/runner/Runner.js:28:21)
      at Object.<anonymous> (app/api/draft/[token]/request-otp/__tests__/request-otp.property.test.ts:801:7)


  โ—  Cannot log after tests are done. Did you forget to wait for something async in your test?
    Attempted to log "OTP email would be sent to: prop-test-1772510306455-pz7tjb@example.com".

    [0m [90m 35 |[39m     [90m// TODO: Implement actual email sending using nodemailer[39m
     [90m 36 |[39m     [90m// For now, we'll log the OTP for testing[39m
    [31m[1m>[22m[39m[90m 37 |[39m     console[33m.[39mlog([32m'OTP email would be sent 
to:'[39m[33m,[39m email)[33m;[39m
     [90m    |[39m             [31m[1m^[22m[39m
     [90m 38 |[39m     console[33m.[39mlog([32m'OTP:'[39m[33m,[39m otp)[33m;[39m
     [90m 39 |[39m     console[33m.[39mlog([32m'Expires at:'[39m[33m,[39m 
expiresAt[33m.[39mtoISOString())[33m;[39m
     [90m 40 |[39m     [0m

      at console.log (node_modules/@jest/console/build/index.js:147:10)
      at sendOTPEmail (app/api/draft/[token]/request-otp/route.ts:37:13)
      at POST (app/api/draft/[token]/request-otp/route.ts:170:29)
      at app/api/draft/[token]/request-otp/__tests__/request-otp.property.test.ts:837:30
      at AsyncProperty.run (node_modules/fast-check/lib/cjs/check/property/AsyncProperty.generic.js:46:28)
      at asyncRunIt (node_modules/fast-check/lib/cjs/check/runner/Runner.js:28:21)
      at Object.<anonymous> (app/api/draft/[token]/request-otp/__tests__/request-otp.property.test.ts:801:7)


  โ—  Cannot log after tests are done. Did you forget to wait for something async in your test?
    Attempted to log "OTP: 776742".

    [0m [90m 36 |[39m     [90m// For now, we'll log the OTP for testing[39m
     [90m 37 |[39m     console[33m.[39mlog([32m'OTP email would be sent to:'[39m[33m,[39m 
email)[33m;[39m
    [31m[1m>[22m[39m[90m 38 |[39m     console[33m.[39mlog([32m'OTP:'[39m[33m,[39m otp)[33m;[39m
     [90m    |[39m             [31m[1m^[22m[39m
     [90m 39 |[39m     console[33m.[39mlog([32m'Expires at:'[39m[33m,[39m 
expiresAt[33m.[39mtoISOString())[33m;[39m
     [90m 40 |[39m     
     [90m 41 |[39m     [90m// In production, this would be:[39m[0m

      at console.log (node_modules/@jest/console/build/index.js:147:10)
      at sendOTPEmail (app/api/draft/[token]/request-otp/route.ts:38:13)
      at POST (app/api/draft/[token]/request-otp/route.ts:170:29)
      at app/api/draft/[token]/request-otp/__tests__/request-otp.property.test.ts:837:30
      at AsyncProperty.run (node_modules/fast-check/lib/cjs/check/property/AsyncProperty.generic.js:46:28)
      at asyncRunIt (node_modules/fast-check/lib/cjs/check/runner/Runner.js:28:21)
      at Object.<anonymous> (app/api/draft/[token]/request-otp/__tests__/request-otp.property.test.ts:801:7)


  โ—  Cannot log after tests are done. Did you forget to wait for something async in your test?
    Attempted to log "Expires at: 2026-03-03T04:08:26.513Z".

    [0m [90m 37 |[39m     console[33m.[39mlog([32m'OTP email would be sent to:'[39m[33m,[39m 
email)[33m;[39m
     [90m 38 |[39m     console[33m.[39mlog([32m'OTP:'[39m[33m,[39m otp)[33m;[39m
    [31m[1m>[22m[39m[90m 39 |[39m     console[33m.[39mlog([32m'Expires at:'[39m[33m,[39m 
expiresAt[33m.[39mtoISOString())[33m;[39m
     [90m    |[39m             [31m[1m^[22m[39m
     [90m 40 |[39m     
     [90m 41 |[39m     [90m// In production, this would be:[39m
     [90m 42 |[39m     [90m// const subject = 'เธฃเธซเธฑเธช OTP 
เธชเธณเธซเธฃเธฑเธเน€เธเนเธฒเธ–เธถเธเนเธเธเธเธญเธฃเนเธกเธเธญเธเธเธธเธ“';[39m[0m

      at console.log (node_modules/@jest/console/build/index.js:147:10)
      at sendOTPEmail (app/api/draft/[token]/request-otp/route.ts:39:13)
      at POST (app/api/draft/[token]/request-otp/route.ts:170:29)
      at app/api/draft/[token]/request-otp/__tests__/request-otp.property.test.ts:837:30
      at AsyncProperty.run (node_modules/fast-check/lib/cjs/check/property/AsyncProperty.generic.js:46:28)
      at asyncRunIt (node_modules/fast-check/lib/cjs/check/runner/Runner.js:28:21)
      at Object.<anonymous> (app/api/draft/[token]/request-otp/__tests__/request-otp.property.test.ts:801:7)


  โ—  Cannot log after tests are done. Did you forget to wait for something async in your test?
    Attempted to log "OTP email would be sent to: prop-test-1772510306522-9ug9e7@example.com".

    [0m [90m 35 |[39m     [90m// TODO: Implement actual email sending using nodemailer[39m
     [90m 36 |[39m     [90m// For now, we'll log the OTP for testing[39m
    [31m[1m>[22m[39m[90m 37 |[39m     console[33m.[39mlog([32m'OTP email would be sent 
to:'[39m[33m,[39m email)[33m;[39m
     [90m    |[39m             [31m[1m^[22m[39m
     [90m 38 |[39m     console[33m.[39mlog([32m'OTP:'[39m[33m,[39m otp)[33m;[39m
     [90m 39 |[39m     console[33m.[39mlog([32m'Expires at:'[39m[33m,[39m 
expiresAt[33m.[39mtoISOString())[33m;[39m
     [90m 40 |[39m     [0m

      at console.log (node_modules/@jest/console/build/index.js:147:10)
      at sendOTPEmail (app/api/draft/[token]/request-otp/route.ts:37:13)
      at POST (app/api/draft/[token]/request-otp/route.ts:170:29)
      at app/api/draft/[token]/request-otp/__tests__/request-otp.property.test.ts:837:30
      at AsyncProperty.run (node_modules/fast-check/lib/cjs/check/property/AsyncProperty.generic.js:46:28)
      at asyncRunIt (node_modules/fast-check/lib/cjs/check/runner/Runner.js:28:21)
      at Object.<anonymous> (app/api/draft/[token]/request-otp/__tests__/request-otp.property.test.ts:801:7)


  โ—  Cannot log after tests are done. Did you forget to wait for something async in your test?
    Attempted to log "OTP: 161071".

    [0m [90m 36 |[39m     [90m// For now, we'll log the OTP for testing[39m
     [90m 37 |[39m     console[33m.[39mlog([32m'OTP email would be sent to:'[39m[33m,[39m 
email)[33m;[39m
    [31m[1m>[22m[39m[90m 38 |[39m     console[33m.[39mlog([32m'OTP:'[39m[33m,[39m otp)[33m;[39m
     [90m    |[39m             [31m[1m^[22m[39m
     [90m 39 |[39m     console[33m.[39mlog([32m'Expires at:'[39m[33m,[39m 
expiresAt[33m.[39mtoISOString())[33m;[39m
     [90m 40 |[39m     
     [90m 41 |[39m     [90m// In production, this would be:[39m[0m

      at console.log (node_modules/@jest/console/build/index.js:147:10)
      at sendOTPEmail (app/api/draft/[token]/request-otp/route.ts:38:13)
      at POST (app/api/draft/[token]/request-otp/route.ts:170:29)
      at app/api/draft/[token]/request-otp/__tests__/request-otp.property.test.ts:837:30
      at AsyncProperty.run (node_modules/fast-check/lib/cjs/check/property/AsyncProperty.generic.js:46:28)
      at asyncRunIt (node_modules/fast-check/lib/cjs/check/runner/Runner.js:28:21)
      at Object.<anonymous> (app/api/draft/[token]/request-otp/__tests__/request-otp.property.test.ts:801:7)


  โ—  Cannot log after tests are done. Did you forget to wait for something async in your test?
    Attempted to log "Expires at: 2026-03-03T04:08:26.580Z".

    [0m [90m 37 |[39m     console[33m.[39mlog([32m'OTP email would be sent to:'[39m[33m,[39m 
email)[33m;[39m
     [90m 38 |[39m     console[33m.[39mlog([32m'OTP:'[39m[33m,[39m otp)[33m;[39m
    [31m[1m>[22m[39m[90m 39 |[39m     console[33m.[39mlog([32m'Expires at:'[39m[33m,[39m 
expiresAt[33m.[39mtoISOString())[33m;[39m
     [90m    |[39m             [31m[1m^[22m[39m
     [90m 40 |[39m     
     [90m 41 |[39m     [90m// In production, this would be:[39m
     [90m 42 |[39m     [90m// const subject = 'เธฃเธซเธฑเธช OTP 
เธชเธณเธซเธฃเธฑเธเน€เธเนเธฒเธ–เธถเธเนเธเธเธเธญเธฃเนเธกเธเธญเธเธเธธเธ“';[39m[0m

      at console.log (node_modules/@jest/console/build/index.js:147:10)
      at sendOTPEmail (app/api/draft/[token]/request-otp/route.ts:39:13)
      at POST (app/api/draft/[token]/request-otp/route.ts:170:29)
      at app/api/draft/[token]/request-otp/__tests__/request-otp.property.test.ts:837:30
      at AsyncProperty.run (node_modules/fast-check/lib/cjs/check/property/AsyncProperty.generic.js:46:28)
      at asyncRunIt (node_modules/fast-check/lib/cjs/check/runner/Runner.js:28:21)
      at Object.<anonymous> (app/api/draft/[token]/request-otp/__tests__/request-otp.property.test.ts:801:7)


  โ—  Cannot log after tests are done. Did you forget to wait for something async in your test?
    Attempted to log "OTP email would be sent to: prop-test-1772510306588-35refe@example.com".

    [0m [90m 35 |[39m     [90m// TODO: Implement actual email sending using nodemailer[39m
     [90m 36 |[39m     [90m// For now, we'll log the OTP for testing[39m
    [31m[1m>[22m[39m[90m 37 |[39m     console[33m.[39mlog([32m'OTP email would be sent 
to:'[39m[33m,[39m email)[33m;[39m
     [90m    |[39m             [31m[1m^[22m[39m
     [90m 38 |[39m     console[33m.[39mlog([32m'OTP:'[39m[33m,[39m otp)[33m;[39m
     [90m 39 |[39m     console[33m.[39mlog([32m'Expires at:'[39m[33m,[39m 
expiresAt[33m.[39mtoISOString())[33m;[39m
     [90m 40 |[39m     [0m

      at console.log (node_modules/@jest/console/build/index.js:147:10)
      at sendOTPEmail (app/api/draft/[token]/request-otp/route.ts:37:13)
      at POST (app/api/draft/[token]/request-otp/route.ts:170:29)
      at app/api/draft/[token]/request-otp/__tests__/request-otp.property.test.ts:837:30
      at AsyncProperty.run (node_modules/fast-check/lib/cjs/check/property/AsyncProperty.generic.js:46:28)
      at asyncRunIt (node_modules/fast-check/lib/cjs/check/runner/Runner.js:28:21)
      at Object.<anonymous> (app/api/draft/[token]/request-otp/__tests__/request-otp.property.test.ts:801:7)


  โ—  Cannot log after tests are done. Did you forget to wait for something async in your test?
    Attempted to log "OTP: 470627".

    [0m [90m 36 |[39m     [90m// For now, we'll log the OTP for testing[39m
     [90m 37 |[39m     console[33m.[39mlog([32m'OTP email would be sent to:'[39m[33m,[39m 
email)[33m;[39m
    [31m[1m>[22m[39m[90m 38 |[39m     console[33m.[39mlog([32m'OTP:'[39m[33m,[39m otp)[33m;[39m
     [90m    |[39m             [31m[1m^[22m[39m
     [90m 39 |[39m     console[33m.[39mlog([32m'Expires at:'[39m[33m,[39m 
expiresAt[33m.[39mtoISOString())[33m;[39m
     [90m 40 |[39m     
     [90m 41 |[39m     [90m// In production, this would be:[39m[0m

      at console.log (node_modules/@jest/console/build/index.js:147:10)
      at sendOTPEmail (app/api/draft/[token]/request-otp/route.ts:38:13)
      at POST (app/api/draft/[token]/request-otp/route.ts:170:29)
      at app/api/draft/[token]/request-otp/__tests__/request-otp.property.test.ts:837:30
      at AsyncProperty.run (node_modules/fast-check/lib/cjs/check/property/AsyncProperty.generic.js:46:28)
      at asyncRunIt (node_modules/fast-check/lib/cjs/check/runner/Runner.js:28:21)
      at Object.<anonymous> (app/api/draft/[token]/request-otp/__tests__/request-otp.property.test.ts:801:7)


  โ—  Cannot log after tests are done. Did you forget to wait for something async in your test?
    Attempted to log "Expires at: 2026-03-03T04:08:26.645Z".

    [0m [90m 37 |[39m     console[33m.[39mlog([32m'OTP email would be sent to:'[39m[33m,[39m 
email)[33m;[39m
     [90m 38 |[39m     console[33m.[39mlog([32m'OTP:'[39m[33m,[39m otp)[33m;[39m
    [31m[1m>[22m[39m[90m 39 |[39m     console[33m.[39mlog([32m'Expires at:'[39m[33m,[39m 
expiresAt[33m.[39mtoISOString())[33m;[39m
     [90m    |[39m             [31m[1m^[22m[39m
     [90m 40 |[39m     
     [90m 41 |[39m     [90m// In production, this would be:[39m
     [90m 42 |[39m     [90m// const subject = 'เธฃเธซเธฑเธช OTP 
เธชเธณเธซเธฃเธฑเธเน€เธเนเธฒเธ–เธถเธเนเธเธเธเธญเธฃเนเธกเธเธญเธเธเธธเธ“';[39m[0m

      at console.log (node_modules/@jest/console/build/index.js:147:10)
      at sendOTPEmail (app/api/draft/[token]/request-otp/route.ts:39:13)
      at POST (app/api/draft/[token]/request-otp/route.ts:170:29)
      at app/api/draft/[token]/request-otp/__tests__/request-otp.property.test.ts:837:30
      at AsyncProperty.run (node_modules/fast-check/lib/cjs/check/property/AsyncProperty.generic.js:46:28)
      at asyncRunIt (node_modules/fast-check/lib/cjs/check/runner/Runner.js:28:21)
      at Object.<anonymous> (app/api/draft/[token]/request-otp/__tests__/request-otp.property.test.ts:801:7)


  โ—  Cannot log after tests are done. Did you forget to wait for something async in your test?
    Attempted to log "OTP email would be sent to: prop-test-1772510306654-c4rlzv@example.com".

    [0m [90m 35 |[39m     [90m// TODO: Implement actual email sending using nodemailer[39m
     [90m 36 |[39m     [90m// For now, we'll log the OTP for testing[39m
    [31m[1m>[22m[39m[90m 37 |[39m     console[33m.[39mlog([32m'OTP email would be sent 
to:'[39m[33m,[39m email)[33m;[39m
     [90m    |[39m             [31m[1m^[22m[39m
     [90m 38 |[39m     console[33m.[39mlog([32m'OTP:'[39m[33m,[39m otp)[33m;[39m
     [90m 39 |[39m     console[33m.[39mlog([32m'Expires at:'[39m[33m,[39m 
expiresAt[33m.[39mtoISOString())[33m;[39m
     [90m 40 |[39m     [0m

      at console.log (node_modules/@jest/console/build/index.js:147:10)
      at sendOTPEmail (app/api/draft/[token]/request-otp/route.ts:37:13)
      at POST (app/api/draft/[token]/request-otp/route.ts:170:29)
      at app/api/draft/[token]/request-otp/__tests__/request-otp.property.test.ts:837:30
      at AsyncProperty.run (node_modules/fast-check/lib/cjs/check/property/AsyncProperty.generic.js:46:28)
      at asyncRunIt (node_modules/fast-check/lib/cjs/check/runner/Runner.js:28:21)
      at Object.<anonymous> (app/api/draft/[token]/request-otp/__tests__/request-otp.property.test.ts:801:7)


  โ—  Cannot log after tests are done. Did you forget to wait for something async in your test?
    Attempted to log "OTP: 338176".

    [0m [90m 36 |[39m     [90m// For now, we'll log the OTP for testing[39m
     [90m 37 |[39m     console[33m.[39mlog([32m'OTP email would be sent to:'[39m[33m,[39m 
email)[33m;[39m
    [31m[1m>[22m[39m[90m 38 |[39m     console[33m.[39mlog([32m'OTP:'[39m[33m,[39m otp)[33m;[39m
     [90m    |[39m             [31m[1m^[22m[39m
     [90m 39 |[39m     console[33m.[39mlog([32m'Expires at:'[39m[33m,[39m 
expiresAt[33m.[39mtoISOString())[33m;[39m
     [90m 40 |[39m     
     [90m 41 |[39m     [90m// In production, this would be:[39m[0m

      at console.log (node_modules/@jest/console/build/index.js:147:10)
      at sendOTPEmail (app/api/draft/[token]/request-otp/route.ts:38:13)
      at POST (app/api/draft/[token]/request-otp/route.ts:170:29)
      at app/api/draft/[token]/request-otp/__tests__/request-otp.property.test.ts:837:30
      at AsyncProperty.run (node_modules/fast-check/lib/cjs/check/property/AsyncProperty.generic.js:46:28)
      at asyncRunIt (node_modules/fast-check/lib/cjs/check/runner/Runner.js:28:21)
      at Object.<anonymous> (app/api/draft/[token]/request-otp/__tests__/request-otp.property.test.ts:801:7)


  โ—  Cannot log after tests are done. Did you forget to wait for something async in your test?
    Attempted to log "Expires at: 2026-03-03T04:08:26.709Z".

    [0m [90m 37 |[39m     console[33m.[39mlog([32m'OTP email would be sent to:'[39m[33m,[39m 
email)[33m;[39m
     [90m 38 |[39m     console[33m.[39mlog([32m'OTP:'[39m[33m,[39m otp)[33m;[39m
    [31m[1m>[22m[39m[90m 39 |[39m     console[33m.[39mlog([32m'Expires at:'[39m[33m,[39m 
expiresAt[33m.[39mtoISOString())[33m;[39m
     [90m    |[39m             [31m[1m^[22m[39m
     [90m 40 |[39m     
     [90m 41 |[39m     [90m// In production, this would be:[39m
     [90m 42 |[39m     [90m// const subject = 'เธฃเธซเธฑเธช OTP 
เธชเธณเธซเธฃเธฑเธเน€เธเนเธฒเธ–เธถเธเนเธเธเธเธญเธฃเนเธกเธเธญเธเธเธธเธ“';[39m[0m

      at console.log (node_modules/@jest/console/build/index.js:147:10)
      at sendOTPEmail (app/api/draft/[token]/request-otp/route.ts:39:13)
      at POST (app/api/draft/[token]/request-otp/route.ts:170:29)
      at app/api/draft/[token]/request-otp/__tests__/request-otp.property.test.ts:837:30
      at AsyncProperty.run (node_modules/fast-check/lib/cjs/check/property/AsyncProperty.generic.js:46:28)
      at asyncRunIt (node_modules/fast-check/lib/cjs/check/runner/Runner.js:28:21)
      at Object.<anonymous> (app/api/draft/[token]/request-otp/__tests__/request-otp.property.test.ts:801:7)


  โ—  Cannot log after tests are done. Did you forget to wait for something async in your test?
    Attempted to log "OTP email would be sent to: prop-test-1772510306715-mva4sh@example.com".

    [0m [90m 35 |[39m     [90m// TODO: Implement actual email sending using nodemailer[39m
     [90m 36 |[39m     [90m// For now, we'll log the OTP for testing[39m
    [31m[1m>[22m[39m[90m 37 |[39m     console[33m.[39mlog([32m'OTP email would be sent 
to:'[39m[33m,[39m email)[33m;[39m
     [90m    |[39m             [31m[1m^[22m[39m
     [90m 38 |[39m     console[33m.[39mlog([32m'OTP:'[39m[33m,[39m otp)[33m;[39m
     [90m 39 |[39m     console[33m.[39mlog([32m'Expires at:'[39m[33m,[39m 
expiresAt[33m.[39mtoISOString())[33m;[39m
     [90m 40 |[39m     [0m

      at console.log (node_modules/@jest/console/build/index.js:147:10)
      at sendOTPEmail (app/api/draft/[token]/request-otp/route.ts:37:13)
      at POST (app/api/draft/[token]/request-otp/route.ts:170:29)
      at app/api/draft/[token]/request-otp/__tests__/request-otp.property.test.ts:837:30
      at AsyncProperty.run (node_modules/fast-check/lib/cjs/check/property/AsyncProperty.generic.js:46:28)
      at asyncRunIt (node_modules/fast-check/lib/cjs/check/runner/Runner.js:28:21)
      at Object.<anonymous> (app/api/draft/[token]/request-otp/__tests__/request-otp.property.test.ts:801:7)


  โ—  Cannot log after tests are done. Did you forget to wait for something async in your test?
    Attempted to log "OTP: 604507".

    [0m [90m 36 |[39m     [90m// For now, we'll log the OTP for testing[39m
     [90m 37 |[39m     console[33m.[39mlog([32m'OTP email would be sent to:'[39m[33m,[39m 
email)[33m;[39m
    [31m[1m>[22m[39m[90m 38 |[39m     console[33m.[39mlog([32m'OTP:'[39m[33m,[39m otp)[33m;[39m
     [90m    |[39m             [31m[1m^[22m[39m
     [90m 39 |[39m     console[33m.[39mlog([32m'Expires at:'[39m[33m,[39m 
expiresAt[33m.[39mtoISOString())[33m;[39m
     [90m 40 |[39m     
     [90m 41 |[39m     [90m// In production, this would be:[39m[0m

      at console.log (node_modules/@jest/console/build/index.js:147:10)
      at sendOTPEmail (app/api/draft/[token]/request-otp/route.ts:38:13)
      at POST (app/api/draft/[token]/request-otp/route.ts:170:29)
      at app/api/draft/[token]/request-otp/__tests__/request-otp.property.test.ts:837:30
      at AsyncProperty.run (node_modules/fast-check/lib/cjs/check/property/AsyncProperty.generic.js:46:28)
      at asyncRunIt (node_modules/fast-check/lib/cjs/check/runner/Runner.js:28:21)
      at Object.<anonymous> (app/api/draft/[token]/request-otp/__tests__/request-otp.property.test.ts:801:7)


  โ—  Cannot log after tests are done. Did you forget to wait for something async in your test?
    Attempted to log "Expires at: 2026-03-03T04:08:26.772Z".

    [0m [90m 37 |[39m     console[33m.[39mlog([32m'OTP email would be sent to:'[39m[33m,[39m 
email)[33m;[39m
     [90m 38 |[39m     console[33m.[39mlog([32m'OTP:'[39m[33m,[39m otp)[33m;[39m
    [31m[1m>[22m[39m[90m 39 |[39m     console[33m.[39mlog([32m'Expires at:'[39m[33m,[39m 
expiresAt[33m.[39mtoISOString())[33m;[39m
     [90m    |[39m             [31m[1m^[22m[39m
     [90m 40 |[39m     
     [90m 41 |[39m     [90m// In production, this would be:[39m
     [90m 42 |[39m     [90m// const subject = 'เธฃเธซเธฑเธช OTP 
เธชเธณเธซเธฃเธฑเธเน€เธเนเธฒเธ–เธถเธเนเธเธเธเธญเธฃเนเธกเธเธญเธเธเธธเธ“';[39m[0m

      at console.log (node_modules/@jest/console/build/index.js:147:10)
      at sendOTPEmail (app/api/draft/[token]/request-otp/route.ts:39:13)
      at POST (app/api/draft/[token]/request-otp/route.ts:170:29)
      at app/api/draft/[token]/request-otp/__tests__/request-otp.property.test.ts:837:30
      at AsyncProperty.run (node_modules/fast-check/lib/cjs/check/property/AsyncProperty.generic.js:46:28)
      at asyncRunIt (node_modules/fast-check/lib/cjs/check/runner/Runner.js:28:21)
      at Object.<anonymous> (app/api/draft/[token]/request-otp/__tests__/request-otp.property.test.ts:801:7)


  โ—  Cannot log after tests are done. Did you forget to wait for something async in your test?
    Attempted to log "OTP email would be sent to: prop-test-1772510306779-eb6j4@example.com".

    [0m [90m 35 |[39m     [90m// TODO: Implement actual email sending using nodemailer[39m
     [90m 36 |[39m     [90m// For now, we'll log the OTP for testing[39m
    [31m[1m>[22m[39m[90m 37 |[39m     console[33m.[39mlog([32m'OTP email would be sent 
to:'[39m[33m,[39m email)[33m;[39m
     [90m    |[39m             [31m[1m^[22m[39m
     [90m 38 |[39m     console[33m.[39mlog([32m'OTP:'[39m[33m,[39m otp)[33m;[39m
     [90m 39 |[39m     console[33m.[39mlog([32m'Expires at:'[39m[33m,[39m 
expiresAt[33m.[39mtoISOString())[33m;[39m
     [90m 40 |[39m     [0m

      at console.log (node_modules/@jest/console/build/index.js:147:10)
      at sendOTPEmail (app/api/draft/[token]/request-otp/route.ts:37:13)
      at POST (app/api/draft/[token]/request-otp/route.ts:170:29)
      at app/api/draft/[token]/request-otp/__tests__/request-otp.property.test.ts:837:30
      at AsyncProperty.run (node_modules/fast-check/lib/cjs/check/property/AsyncProperty.generic.js:46:28)
      at asyncRunIt (node_modules/fast-check/lib/cjs/check/runner/Runner.js:28:21)
      at Object.<anonymous> (app/api/draft/[token]/request-otp/__tests__/request-otp.property.test.ts:801:7)


  โ—  Cannot log after tests are done. Did you forget to wait for something async in your test?
    Attempted to log "OTP: 381949".

    [0m [90m 36 |[39m     [90m// For now, we'll log the OTP for testing[39m
     [90m 37 |[39m     console[33m.[39mlog([32m'OTP email would be sent to:'[39m[33m,[39m 
email)[33m;[39m
    [31m[1m>[22m[39m[90m 38 |[39m     console[33m.[39mlog([32m'OTP:'[39m[33m,[39m otp)[33m;[39m
     [90m    |[39m             [31m[1m^[22m[39m
     [90m 39 |[39m     console[33m.[39mlog([32m'Expires at:'[39m[33m,[39m 
expiresAt[33m.[39mtoISOString())[33m;[39m
     [90m 40 |[39m     
     [90m 41 |[39m     [90m// In production, this would be:[39m[0m

      at console.log (node_modules/@jest/console/build/index.js:147:10)
      at sendOTPEmail (app/api/draft/[token]/request-otp/route.ts:38:13)
      at POST (app/api/draft/[token]/request-otp/route.ts:170:29)
      at app/api/draft/[token]/request-otp/__tests__/request-otp.property.test.ts:837:30
      at AsyncProperty.run (node_modules/fast-check/lib/cjs/check/property/AsyncProperty.generic.js:46:28)
      at asyncRunIt (node_modules/fast-check/lib/cjs/check/runner/Runner.js:28:21)
      at Object.<anonymous> (app/api/draft/[token]/request-otp/__tests__/request-otp.property.test.ts:801:7)


  โ—  Cannot log after tests are done. Did you forget to wait for something async in your test?
    Attempted to log "Expires at: 2026-03-03T04:08:26.835Z".

    [0m [90m 37 |[39m     console[33m.[39mlog([32m'OTP email would be sent to:'[39m[33m,[39m 
email)[33m;[39m
     [90m 38 |[39m     console[33m.[39mlog([32m'OTP:'[39m[33m,[39m otp)[33m;[39m
    [31m[1m>[22m[39m[90m 39 |[39m     console[33m.[39mlog([32m'Expires at:'[39m[33m,[39m 
expiresAt[33m.[39mtoISOString())[33m;[39m
     [90m    |[39m             [31m[1m^[22m[39m
     [90m 40 |[39m     
     [90m 41 |[39m     [90m// In production, this would be:[39m
     [90m 42 |[39m     [90m// const subject = 'เธฃเธซเธฑเธช OTP 
เธชเธณเธซเธฃเธฑเธเน€เธเนเธฒเธ–เธถเธเนเธเธเธเธญเธฃเนเธกเธเธญเธเธเธธเธ“';[39m[0m

      at console.log (node_modules/@jest/console/build/index.js:147:10)
      at sendOTPEmail (app/api/draft/[token]/request-otp/route.ts:39:13)
      at POST (app/api/draft/[token]/request-otp/route.ts:170:29)
      at app/api/draft/[token]/request-otp/__tests__/request-otp.property.test.ts:837:30
      at AsyncProperty.run (node_modules/fast-check/lib/cjs/check/property/AsyncProperty.generic.js:46:28)
      at asyncRunIt (node_modules/fast-check/lib/cjs/check/runner/Runner.js:28:21)
      at Object.<anonymous> (app/api/draft/[token]/request-otp/__tests__/request-otp.property.test.ts:801:7)


  โ—  Cannot log after tests are done. Did you forget to wait for something async in your test?
    Attempted to log "OTP email would be sent to: prop-test-1772510306842-gas88@example.com".

    [0m [90m 35 |[39m     [90m// TODO: Implement actual email sending using nodemailer[39m
     [90m 36 |[39m     [90m// For now, we'll log the OTP for testing[39m
    [31m[1m>[22m[39m[90m 37 |[39m     console[33m.[39mlog([32m'OTP email would be sent 
to:'[39m[33m,[39m email)[33m;[39m
     [90m    |[39m             [31m[1m^[22m[39m
     [90m 38 |[39m     console[33m.[39mlog([32m'OTP:'[39m[33m,[39m otp)[33m;[39m
     [90m 39 |[39m     console[33m.[39mlog([32m'Expires at:'[39m[33m,[39m 
expiresAt[33m.[39mtoISOString())[33m;[39m
     [90m 40 |[39m     [0m

      at console.log (node_modules/@jest/console/build/index.js:147:10)
      at sendOTPEmail (app/api/draft/[token]/request-otp/route.ts:37:13)
      at POST (app/api/draft/[token]/request-otp/route.ts:170:29)
      at app/api/draft/[token]/request-otp/__tests__/request-otp.property.test.ts:837:30
      at AsyncProperty.run (node_modules/fast-check/lib/cjs/check/property/AsyncProperty.generic.js:46:28)
      at asyncRunIt (node_modules/fast-check/lib/cjs/check/runner/Runner.js:28:21)
      at Object.<anonymous> (app/api/draft/[token]/request-otp/__tests__/request-otp.property.test.ts:801:7)


  โ—  Cannot log after tests are done. Did you forget to wait for something async in your test?
    Attempted to log "OTP: 245233".

    [0m [90m 36 |[39m     [90m// For now, we'll log the OTP for testing[39m
     [90m 37 |[39m     console[33m.[39mlog([32m'OTP email would be sent to:'[39m[33m,[39m 
email)[33m;[39m
    [31m[1m>[22m[39m[90m 38 |[39m     console[33m.[39mlog([32m'OTP:'[39m[33m,[39m otp)[33m;[39m
     [90m    |[39m             [31m[1m^[22m[39m
     [90m 39 |[39m     console[33m.[39mlog([32m'Expires at:'[39m[33m,[39m 
expiresAt[33m.[39mtoISOString())[33m;[39m
     [90m 40 |[39m     
     [90m 41 |[39m     [90m// In production, this would be:[39m[0m

      at console.log (node_modules/@jest/console/build/index.js:147:10)
      at sendOTPEmail (app/api/draft/[token]/request-otp/route.ts:38:13)
      at POST (app/api/draft/[token]/request-otp/route.ts:170:29)
      at app/api/draft/[token]/request-otp/__tests__/request-otp.property.test.ts:837:30
      at AsyncProperty.run (node_modules/fast-check/lib/cjs/check/property/AsyncProperty.generic.js:46:28)
      at asyncRunIt (node_modules/fast-check/lib/cjs/check/runner/Runner.js:28:21)
      at Object.<anonymous> (app/api/draft/[token]/request-otp/__tests__/request-otp.property.test.ts:801:7)


  โ—  Cannot log after tests are done. Did you forget to wait for something async in your test?
    Attempted to log "Expires at: 2026-03-03T04:08:26.897Z".

    [0m [90m 37 |[39m     console[33m.[39mlog([32m'OTP email would be sent to:'[39m[33m,[39m 
email)[33m;[39m
     [90m 38 |[39m     console[33m.[39mlog([32m'OTP:'[39m[33m,[39m otp)[33m;[39m
    [31m[1m>[22m[39m[90m 39 |[39m     console[33m.[39mlog([32m'Expires at:'[39m[33m,[39m 
expiresAt[33m.[39mtoISOString())[33m;[39m
     [90m    |[39m             [31m[1m^[22m[39m
     [90m 40 |[39m     
     [90m 41 |[39m     [90m// In production, this would be:[39m
     [90m 42 |[39m     [90m// const subject = 'เธฃเธซเธฑเธช OTP 
เธชเธณเธซเธฃเธฑเธเน€เธเนเธฒเธ–เธถเธเนเธเธเธเธญเธฃเนเธกเธเธญเธเธเธธเธ“';[39m[0m

      at console.log (node_modules/@jest/console/build/index.js:147:10)
      at sendOTPEmail (app/api/draft/[token]/request-otp/route.ts:39:13)
      at POST (app/api/draft/[token]/request-otp/route.ts:170:29)
      at app/api/draft/[token]/request-otp/__tests__/request-otp.property.test.ts:837:30
      at AsyncProperty.run (node_modules/fast-check/lib/cjs/check/property/AsyncProperty.generic.js:46:28)
      at asyncRunIt (node_modules/fast-check/lib/cjs/check/runner/Runner.js:28:21)
      at Object.<anonymous> (app/api/draft/[token]/request-otp/__tests__/request-otp.property.test.ts:801:7)


  โ—  Cannot log after tests are done. Did you forget to wait for something async in your test?
    Attempted to log "OTP email would be sent to: prop-test-1772510306906-o8oju@example.com".

    [0m [90m 35 |[39m     [90m// TODO: Implement actual email sending using nodemailer[39m
     [90m 36 |[39m     [90m// For now, we'll log the OTP for testing[39m
    [31m[1m>[22m[39m[90m 37 |[39m     console[33m.[39mlog([32m'OTP email would be sent 
to:'[39m[33m,[39m email)[33m;[39m
     [90m    |[39m             [31m[1m^[22m[39m
     [90m 38 |[39m     console[33m.[39mlog([32m'OTP:'[39m[33m,[39m otp)[33m;[39m
     [90m 39 |[39m     console[33m.[39mlog([32m'Expires at:'[39m[33m,[39m 
expiresAt[33m.[39mtoISOString())[33m;[39m
     [90m 40 |[39m     [0m

      at console.log (node_modules/@jest/console/build/index.js:147:10)
      at sendOTPEmail (app/api/draft/[token]/request-otp/route.ts:37:13)
      at POST (app/api/draft/[token]/request-otp/route.ts:170:29)
      at app/api/draft/[token]/request-otp/__tests__/request-otp.property.test.ts:837:30
      at AsyncProperty.run (node_modules/fast-check/lib/cjs/check/property/AsyncProperty.generic.js:46:28)
      at asyncRunIt (node_modules/fast-check/lib/cjs/check/runner/Runner.js:28:21)
      at Object.<anonymous> (app/api/draft/[token]/request-otp/__tests__/request-otp.property.test.ts:801:7)


  โ—  Cannot log after tests are done. Did you forget to wait for something async in your test?
    Attempted to log "OTP: 989276".

    [0m [90m 36 |[39m     [90m// For now, we'll log the OTP for testing[39m
     [90m 37 |[39m     console[33m.[39mlog([32m'OTP email would be sent to:'[39m[33m,[39m 
email)[33m;[39m
    [31m[1m>[22m[39m[90m 38 |[39m     console[33m.[39mlog([32m'OTP:'[39m[33m,[39m otp)[33m;[39m
     [90m    |[39m             [31m[1m^[22m[39m
     [90m 39 |[39m     console[33m.[39mlog([32m'Expires at:'[39m[33m,[39m 
expiresAt[33m.[39mtoISOString())[33m;[39m
     [90m 40 |[39m     
     [90m 41 |[39m     [90m// In production, this would be:[39m[0m

      at console.log (node_modules/@jest/console/build/index.js:147:10)
      at sendOTPEmail (app/api/draft/[token]/request-otp/route.ts:38:13)
      at POST (app/api/draft/[token]/request-otp/route.ts:170:29)
      at app/api/draft/[token]/request-otp/__tests__/request-otp.property.test.ts:837:30
      at AsyncProperty.run (node_modules/fast-check/lib/cjs/check/property/AsyncProperty.generic.js:46:28)
      at asyncRunIt (node_modules/fast-check/lib/cjs/check/runner/Runner.js:28:21)
      at Object.<anonymous> (app/api/draft/[token]/request-otp/__tests__/request-otp.property.test.ts:801:7)


  โ—  Cannot log after tests are done. Did you forget to wait for something async in your test?
    Attempted to log "Expires at: 2026-03-03T04:08:26.963Z".

    [0m [90m 37 |[39m     console[33m.[39mlog([32m'OTP email would be sent to:'[39m[33m,[39m 
email)[33m;[39m
     [90m 38 |[39m     console[33m.[39mlog([32m'OTP:'[39m[33m,[39m otp)[33m;[39m
    [31m[1m>[22m[39m[90m 39 |[39m     console[33m.[39mlog([32m'Expires at:'[39m[33m,[39m 
expiresAt[33m.[39mtoISOString())[33m;[39m
     [90m    |[39m             [31m[1m^[22m[39m
     [90m 40 |[39m     
     [90m 41 |[39m     [90m// In production, this would be:[39m
     [90m 42 |[39m     [90m// const subject = 'เธฃเธซเธฑเธช OTP 
เธชเธณเธซเธฃเธฑเธเน€เธเนเธฒเธ–เธถเธเนเธเธเธเธญเธฃเนเธกเธเธญเธเธเธธเธ“';[39m[0m

      at console.log (node_modules/@jest/console/build/index.js:147:10)
      at sendOTPEmail (app/api/draft/[token]/request-otp/route.ts:39:13)
      at POST (app/api/draft/[token]/request-otp/route.ts:170:29)
      at app/api/draft/[token]/request-otp/__tests__/request-otp.property.test.ts:837:30
      at AsyncProperty.run (node_modules/fast-check/lib/cjs/check/property/AsyncProperty.generic.js:46:28)
      at asyncRunIt (node_modules/fast-check/lib/cjs/check/runner/Runner.js:28:21)
      at Object.<anonymous> (app/api/draft/[token]/request-otp/__tests__/request-otp.property.test.ts:801:7)


  โ—  Cannot log after tests are done. Did you forget to wait for something async in your test?
    Attempted to log "OTP email would be sent to: prop-test-1772510306971-9eiak@example.com".

    [0m [90m 35 |[39m     [90m// TODO: Implement actual email sending using nodemailer[39m
     [90m 36 |[39m     [90m// For now, we'll log the OTP for testing[39m
    [31m[1m>[22m[39m[90m 37 |[39m     console[33m.[39mlog([32m'OTP email would be sent 
to:'[39m[33m,[39m email)[33m;[39m
     [90m    |[39m             [31m[1m^[22m[39m
     [90m 38 |[39m     console[33m.[39mlog([32m'OTP:'[39m[33m,[39m otp)[33m;[39m
     [90m 39 |[39m     console[33m.[39mlog([32m'Expires at:'[39m[33m,[39m 
expiresAt[33m.[39mtoISOString())[33m;[39m
     [90m 40 |[39m     [0m

      at console.log (node_modules/@jest/console/build/index.js:147:10)
      at sendOTPEmail (app/api/draft/[token]/request-otp/route.ts:37:13)
      at POST (app/api/draft/[token]/request-otp/route.ts:170:29)
      at app/api/draft/[token]/request-otp/__tests__/request-otp.property.test.ts:837:30
      at AsyncProperty.run (node_modules/fast-check/lib/cjs/check/property/AsyncProperty.generic.js:46:28)
      at asyncRunIt (node_modules/fast-check/lib/cjs/check/runner/Runner.js:28:21)
      at Object.<anonymous> (app/api/draft/[token]/request-otp/__tests__/request-otp.property.test.ts:801:7)


  โ—  Cannot log after tests are done. Did you forget to wait for something async in your test?
    Attempted to log "OTP: 586085".

    [0m [90m 36 |[39m     [90m// For now, we'll log the OTP for testing[39m
     [90m 37 |[39m     console[33m.[39mlog([32m'OTP email would be sent to:'[39m[33m,[39m 
email)[33m;[39m
    [31m[1m>[22m[39m[90m 38 |[39m     console[33m.[39mlog([32m'OTP:'[39m[33m,[39m otp)[33m;[39m
     [90m    |[39m             [31m[1m^[22m[39m
     [90m 39 |[39m     console[33m.[39mlog([32m'Expires at:'[39m[33m,[39m 
expiresAt[33m.[39mtoISOString())[33m;[39m
     [90m 40 |[39m     
     [90m 41 |[39m     [90m// In production, this would be:[39m[0m

      at console.log (node_modules/@jest/console/build/index.js:147:10)
      at sendOTPEmail (app/api/draft/[token]/request-otp/route.ts:38:13)
      at POST (app/api/draft/[token]/request-otp/route.ts:170:29)
      at app/api/draft/[token]/request-otp/__tests__/request-otp.property.test.ts:837:30
      at AsyncProperty.run (node_modules/fast-check/lib/cjs/check/property/AsyncProperty.generic.js:46:28)
      at asyncRunIt (node_modules/fast-check/lib/cjs/check/runner/Runner.js:28:21)
      at Object.<anonymous> (app/api/draft/[token]/request-otp/__tests__/request-otp.property.test.ts:801:7)


  โ—  Cannot log after tests are done. Did you forget to wait for something async in your test?
    Attempted to log "Expires at: 2026-03-03T04:08:27.027Z".

    [0m [90m 37 |[39m     console[33m.[39mlog([32m'OTP email would be sent to:'[39m[33m,[39m 
email)[33m;[39m
     [90m 38 |[39m     console[33m.[39mlog([32m'OTP:'[39m[33m,[39m otp)[33m;[39m
    [31m[1m>[22m[39m[90m 39 |[39m     console[33m.[39mlog([32m'Expires at:'[39m[33m,[39m 
expiresAt[33m.[39mtoISOString())[33m;[39m
     [90m    |[39m             [31m[1m^[22m[39m
     [90m 40 |[39m     
     [90m 41 |[39m     [90m// In production, this would be:[39m
     [90m 42 |[39m     [90m// const subject = 'เธฃเธซเธฑเธช OTP 
เธชเธณเธซเธฃเธฑเธเน€เธเนเธฒเธ–เธถเธเนเธเธเธเธญเธฃเนเธกเธเธญเธเธเธธเธ“';[39m[0m

      at console.log (node_modules/@jest/console/build/index.js:147:10)
      at sendOTPEmail (app/api/draft/[token]/request-otp/route.ts:39:13)
      at POST (app/api/draft/[token]/request-otp/route.ts:170:29)
      at app/api/draft/[token]/request-otp/__tests__/request-otp.property.test.ts:837:30
      at AsyncProperty.run (node_modules/fast-check/lib/cjs/check/property/AsyncProperty.generic.js:46:28)
      at asyncRunIt (node_modules/fast-check/lib/cjs/check/runner/Runner.js:28:21)
      at Object.<anonymous> (app/api/draft/[token]/request-otp/__tests__/request-otp.property.test.ts:801:7)


  โ—  Cannot log after tests are done. Did you forget to wait for something async in your test?
    Attempted to log "OTP email would be sent to: prop-test-1772510307035-eed4le@example.com".

    [0m [90m 35 |[39m     [90m// TODO: Implement actual email sending using nodemailer[39m
     [90m 36 |[39m     [90m// For now, we'll log the OTP for testing[39m
    [31m[1m>[22m[39m[90m 37 |[39m     console[33m.[39mlog([32m'OTP email would be sent 
to:'[39m[33m,[39m email)[33m;[39m
     [90m    |[39m             [31m[1m^[22m[39m
     [90m 38 |[39m     console[33m.[39mlog([32m'OTP:'[39m[33m,[39m otp)[33m;[39m
     [90m 39 |[39m     console[33m.[39mlog([32m'Expires at:'[39m[33m,[39m 
expiresAt[33m.[39mtoISOString())[33m;[39m
     [90m 40 |[39m     [0m

      at console.log (node_modules/@jest/console/build/index.js:147:10)
      at sendOTPEmail (app/api/draft/[token]/request-otp/route.ts:37:13)
      at POST (app/api/draft/[token]/request-otp/route.ts:170:29)
      at app/api/draft/[token]/request-otp/__tests__/request-otp.property.test.ts:837:30
      at AsyncProperty.run (node_modules/fast-check/lib/cjs/check/property/AsyncProperty.generic.js:46:28)
      at asyncRunIt (node_modules/fast-check/lib/cjs/check/runner/Runner.js:28:21)
      at Object.<anonymous> (app/api/draft/[token]/request-otp/__tests__/request-otp.property.test.ts:801:7)


  โ—  Cannot log after tests are done. Did you forget to wait for something async in your test?
    Attempted to log "OTP: 282569".

    [0m [90m 36 |[39m     [90m// For now, we'll log the OTP for testing[39m
     [90m 37 |[39m     console[33m.[39mlog([32m'OTP email would be sent to:'[39m[33m,[39m 
email)[33m;[39m
    [31m[1m>[22m[39m[90m 38 |[39m     console[33m.[39mlog([32m'OTP:'[39m[33m,[39m otp)[33m;[39m
     [90m    |[39m             [31m[1m^[22m[39m
     [90m 39 |[39m     console[33m.[39mlog([32m'Expires at:'[39m[33m,[39m 
expiresAt[33m.[39mtoISOString())[33m;[39m
     [90m 40 |[39m     
     [90m 41 |[39m     [90m// In production, this would be:[39m[0m

      at console.log (node_modules/@jest/console/build/index.js:147:10)
      at sendOTPEmail (app/api/draft/[token]/request-otp/route.ts:38:13)
      at POST (app/api/draft/[token]/request-otp/route.ts:170:29)
      at app/api/draft/[token]/request-otp/__tests__/request-otp.property.test.ts:837:30
      at AsyncProperty.run (node_modules/fast-check/lib/cjs/check/property/AsyncProperty.generic.js:46:28)
      at asyncRunIt (node_modules/fast-check/lib/cjs/check/runner/Runner.js:28:21)
      at Object.<anonymous> (app/api/draft/[token]/request-otp/__tests__/request-otp.property.test.ts:801:7)


  โ—  Cannot log after tests are done. Did you forget to wait for something async in your test?
    Attempted to log "Expires at: 2026-03-03T04:08:27.093Z".

    [0m [90m 37 |[39m     console[33m.[39mlog([32m'OTP email would be sent to:'[39m[33m,[39m 
email)[33m;[39m
     [90m 38 |[39m     console[33m.[39mlog([32m'OTP:'[39m[33m,[39m otp)[33m;[39m
    [31m[1m>[22m[39m[90m 39 |[39m     console[33m.[39mlog([32m'Expires at:'[39m[33m,[39m 
expiresAt[33m.[39mtoISOString())[33m;[39m
     [90m    |[39m             [31m[1m^[22m[39m
     [90m 40 |[39m     
     [90m 41 |[39m     [90m// In production, this would be:[39m
     [90m 42 |[39m     [90m// const subject = 'เธฃเธซเธฑเธช OTP 
เธชเธณเธซเธฃเธฑเธเน€เธเนเธฒเธ–เธถเธเนเธเธเธเธญเธฃเนเธกเธเธญเธเธเธธเธ“';[39m[0m

      at console.log (node_modules/@jest/console/build/index.js:147:10)
      at sendOTPEmail (app/api/draft/[token]/request-otp/route.ts:39:13)
      at POST (app/api/draft/[token]/request-otp/route.ts:170:29)
      at app/api/draft/[token]/request-otp/__tests__/request-otp.property.test.ts:837:30
      at AsyncProperty.run (node_modules/fast-check/lib/cjs/check/property/AsyncProperty.generic.js:46:28)
      at asyncRunIt (node_modules/fast-check/lib/cjs/check/runner/Runner.js:28:21)
      at Object.<anonymous> (app/api/draft/[token]/request-otp/__tests__/request-otp.property.test.ts:801:7)


  โ—  Cannot log after tests are done. Did you forget to wait for something async in your test?
    Attempted to log "OTP email would be sent to: prop-test-1772510307101-pxmzho@example.com".

    [0m [90m 35 |[39m     [90m// TODO: Implement actual email sending using nodemailer[39m
     [90m 36 |[39m     [90m// For now, we'll log the OTP for testing[39m
    [31m[1m>[22m[39m[90m 37 |[39m     console[33m.[39mlog([32m'OTP email would be sent 
to:'[39m[33m,[39m email)[33m;[39m
     [90m    |[39m             [31m[1m^[22m[39m
     [90m 38 |[39m     console[33m.[39mlog([32m'OTP:'[39m[33m,[39m otp)[33m;[39m
     [90m 39 |[39m     console[33m.[39mlog([32m'Expires at:'[39m[33m,[39m 
expiresAt[33m.[39mtoISOString())[33m;[39m
     [90m 40 |[39m     [0m

      at console.log (node_modules/@jest/console/build/index.js:147:10)
      at sendOTPEmail (app/api/draft/[token]/request-otp/route.ts:37:13)
      at POST (app/api/draft/[token]/request-otp/route.ts:170:29)
      at app/api/draft/[token]/request-otp/__tests__/request-otp.property.test.ts:837:30
      at AsyncProperty.run (node_modules/fast-check/lib/cjs/check/property/AsyncProperty.generic.js:46:28)
      at asyncRunIt (node_modules/fast-check/lib/cjs/check/runner/Runner.js:28:21)
      at Object.<anonymous> (app/api/draft/[token]/request-otp/__tests__/request-otp.property.test.ts:801:7)


  โ—  Cannot log after tests are done. Did you forget to wait for something async in your test?
    Attempted to log "OTP: 383904".

    [0m [90m 36 |[39m     [90m// For now, we'll log the OTP for testing[39m
     [90m 37 |[39m     console[33m.[39mlog([32m'OTP email would be sent to:'[39m[33m,[39m 
email)[33m;[39m
    [31m[1m>[22m[39m[90m 38 |[39m     console[33m.[39mlog([32m'OTP:'[39m[33m,[39m otp)[33m;[39m
     [90m    |[39m             [31m[1m^[22m[39m
     [90m 39 |[39m     console[33m.[39mlog([32m'Expires at:'[39m[33m,[39m 
expiresAt[33m.[39mtoISOString())[33m;[39m
     [90m 40 |[39m     
     [90m 41 |[39m     [90m// In production, this would be:[39m[0m

      at console.log (node_modules/@jest/console/build/index.js:147:10)
      at sendOTPEmail (app/api/draft/[token]/request-otp/route.ts:38:13)
      at POST (app/api/draft/[token]/request-otp/route.ts:170:29)
      at app/api/draft/[token]/request-otp/__tests__/request-otp.property.test.ts:837:30
      at AsyncProperty.run (node_modules/fast-check/lib/cjs/check/property/AsyncProperty.generic.js:46:28)
      at asyncRunIt (node_modules/fast-check/lib/cjs/check/runner/Runner.js:28:21)
      at Object.<anonymous> (app/api/draft/[token]/request-otp/__tests__/request-otp.property.test.ts:801:7)


  โ—  Cannot log after tests are done. Did you forget to wait for something async in your test?
    Attempted to log "Expires at: 2026-03-03T04:08:27.158Z".

    [0m [90m 37 |[39m     console[33m.[39mlog([32m'OTP email would be sent to:'[39m[33m,[39m 
email)[33m;[39m
     [90m 38 |[39m     console[33m.[39mlog([32m'OTP:'[39m[33m,[39m otp)[33m;[39m
    [31m[1m>[22m[39m[90m 39 |[39m     console[33m.[39mlog([32m'Expires at:'[39m[33m,[39m 
expiresAt[33m.[39mtoISOString())[33m;[39m
     [90m    |[39m             [31m[1m^[22m[39m
     [90m 40 |[39m     
     [90m 41 |[39m     [90m// In production, this would be:[39m
     [90m 42 |[39m     [90m// const subject = 'เธฃเธซเธฑเธช OTP 
เธชเธณเธซเธฃเธฑเธเน€เธเนเธฒเธ–เธถเธเนเธเธเธเธญเธฃเนเธกเธเธญเธเธเธธเธ“';[39m[0m

      at console.log (node_modules/@jest/console/build/index.js:147:10)
      at sendOTPEmail (app/api/draft/[token]/request-otp/route.ts:39:13)
      at POST (app/api/draft/[token]/request-otp/route.ts:170:29)
      at app/api/draft/[token]/request-otp/__tests__/request-otp.property.test.ts:837:30
      at AsyncProperty.run (node_modules/fast-check/lib/cjs/check/property/AsyncProperty.generic.js:46:28)
      at asyncRunIt (node_modules/fast-check/lib/cjs/check/runner/Runner.js:28:21)
      at Object.<anonymous> (app/api/draft/[token]/request-otp/__tests__/request-otp.property.test.ts:801:7)


  โ—  Cannot log after tests are done. Did you forget to wait for something async in your test?
    Attempted to log "OTP email would be sent to: prop-test-1772510307164-vvivk@example.com".

    [0m [90m 35 |[39m     [90m// TODO: Implement actual email sending using nodemailer[39m
     [90m 36 |[39m     [90m// For now, we'll log the OTP for testing[39m
    [31m[1m>[22m[39m[90m 37 |[39m     console[33m.[39mlog([32m'OTP email would be sent 
to:'[39m[33m,[39m email)[33m;[39m
     [90m    |[39m             [31m[1m^[22m[39m
     [90m 38 |[39m     console[33m.[39mlog([32m'OTP:'[39m[33m,[39m otp)[33m;[39m
     [90m 39 |[39m     console[33m.[39mlog([32m'Expires at:'[39m[33m,[39m 
expiresAt[33m.[39mtoISOString())[33m;[39m
     [90m 40 |[39m     [0m

      at console.log (node_modules/@jest/console/build/index.js:147:10)
      at sendOTPEmail (app/api/draft/[token]/request-otp/route.ts:37:13)
      at POST (app/api/draft/[token]/request-otp/route.ts:170:29)
      at app/api/draft/[token]/request-otp/__tests__/request-otp.property.test.ts:837:30
      at AsyncProperty.run (node_modules/fast-check/lib/cjs/check/property/AsyncProperty.generic.js:46:28)
      at asyncRunIt (node_modules/fast-check/lib/cjs/check/runner/Runner.js:28:21)
      at Object.<anonymous> (app/api/draft/[token]/request-otp/__tests__/request-otp.property.test.ts:801:7)


  โ—  Cannot log after tests are done. Did you forget to wait for something async in your test?
    Attempted to log "OTP: 649903".

    [0m [90m 36 |[39m     [90m// For now, we'll log the OTP for testing[39m
     [90m 37 |[39m     console[33m.[39mlog([32m'OTP email would be sent to:'[39m[33m,[39m 
email)[33m;[39m
    [31m[1m>[22m[39m[90m 38 |[39m     console[33m.[39mlog([32m'OTP:'[39m[33m,[39m otp)[33m;[39m
     [90m    |[39m             [31m[1m^[22m[39m
     [90m 39 |[39m     console[33m.[39mlog([32m'Expires at:'[39m[33m,[39m 
expiresAt[33m.[39mtoISOString())[33m;[39m
     [90m 40 |[39m     
     [90m 41 |[39m     [90m// In production, this would be:[39m[0m

      at console.log (node_modules/@jest/console/build/index.js:147:10)
      at sendOTPEmail (app/api/draft/[token]/request-otp/route.ts:38:13)
      at POST (app/api/draft/[token]/request-otp/route.ts:170:29)
      at app/api/draft/[token]/request-otp/__tests__/request-otp.property.test.ts:837:30
      at AsyncProperty.run (node_modules/fast-check/lib/cjs/check/property/AsyncProperty.generic.js:46:28)
      at asyncRunIt (node_modules/fast-check/lib/cjs/check/runner/Runner.js:28:21)
      at Object.<anonymous> (app/api/draft/[token]/request-otp/__tests__/request-otp.property.test.ts:801:7)


  โ—  Cannot log after tests are done. Did you forget to wait for something async in your test?
    Attempted to log "Expires at: 2026-03-03T04:08:27.220Z".

    [0m [90m 37 |[39m     console[33m.[39mlog([32m'OTP email would be sent to:'[39m[33m,[39m 
email)[33m;[39m
     [90m 38 |[39m     console[33m.[39mlog([32m'OTP:'[39m[33m,[39m otp)[33m;[39m
    [31m[1m>[22m[39m[90m 39 |[39m     console[33m.[39mlog([32m'Expires at:'[39m[33m,[39m 
expiresAt[33m.[39mtoISOString())[33m;[39m
     [90m    |[39m             [31m[1m^[22m[39m
     [90m 40 |[39m     
     [90m 41 |[39m     [90m// In production, this would be:[39m
     [90m 42 |[39m     [90m// const subject = 'เธฃเธซเธฑเธช OTP 
เธชเธณเธซเธฃเธฑเธเน€เธเนเธฒเธ–เธถเธเนเธเธเธเธญเธฃเนเธกเธเธญเธเธเธธเธ“';[39m[0m

      at console.log (node_modules/@jest/console/build/index.js:147:10)
      at sendOTPEmail (app/api/draft/[token]/request-otp/route.ts:39:13)
      at POST (app/api/draft/[token]/request-otp/route.ts:170:29)
      at app/api/draft/[token]/request-otp/__tests__/request-otp.property.test.ts:837:30
      at AsyncProperty.run (node_modules/fast-check/lib/cjs/check/property/AsyncProperty.generic.js:46:28)
      at asyncRunIt (node_modules/fast-check/lib/cjs/check/runner/Runner.js:28:21)
      at Object.<anonymous> (app/api/draft/[token]/request-otp/__tests__/request-otp.property.test.ts:801:7)


  โ—  Cannot log after tests are done. Did you forget to wait for something async in your test?
    Attempted to log "OTP email would be sent to: prop-test-1772510307227-30wj@example.com".

    [0m [90m 35 |[39m     [90m// TODO: Implement actual email sending using nodemailer[39m
     [90m 36 |[39m     [90m// For now, we'll log the OTP for testing[39m
    [31m[1m>[22m[39m[90m 37 |[39m     console[33m.[39mlog([32m'OTP email would be sent 
to:'[39m[33m,[39m email)[33m;[39m
     [90m    |[39m             [31m[1m^[22m[39m
     [90m 38 |[39m     console[33m.[39mlog([32m'OTP:'[39m[33m,[39m otp)[33m;[39m
     [90m 39 |[39m     console[33m.[39mlog([32m'Expires at:'[39m[33m,[39m 
expiresAt[33m.[39mtoISOString())[33m;[39m
     [90m 40 |[39m     [0m

      at console.log (node_modules/@jest/console/build/index.js:147:10)
      at sendOTPEmail (app/api/draft/[token]/request-otp/route.ts:37:13)
      at POST (app/api/draft/[token]/request-otp/route.ts:170:29)
      at app/api/draft/[token]/request-otp/__tests__/request-otp.property.test.ts:837:30
      at AsyncProperty.run (node_modules/fast-check/lib/cjs/check/property/AsyncProperty.generic.js:46:28)
      at asyncRunIt (node_modules/fast-check/lib/cjs/check/runner/Runner.js:28:21)
      at Object.<anonymous> (app/api/draft/[token]/request-otp/__tests__/request-otp.property.test.ts:801:7)


  โ—  Cannot log after tests are done. Did you forget to wait for something async in your test?
    Attempted to log "OTP: 379324".

    [0m [90m 36 |[39m     [90m// For now, we'll log the OTP for testing[39m
     [90m 37 |[39m     console[33m.[39mlog([32m'OTP email would be sent to:'[39m[33m,[39m 
email)[33m;[39m
    [31m[1m>[22m[39m[90m 38 |[39m     console[33m.[39mlog([32m'OTP:'[39m[33m,[39m otp)[33m;[39m
     [90m    |[39m             [31m[1m^[22m[39m
     [90m 39 |[39m     console[33m.[39mlog([32m'Expires at:'[39m[33m,[39m 
expiresAt[33m.[39mtoISOString())[33m;[39m
     [90m 40 |[39m     
     [90m 41 |[39m     [90m// In production, this would be:[39m[0m

      at console.log (node_modules/@jest/console/build/index.js:147:10)
      at sendOTPEmail (app/api/draft/[token]/request-otp/route.ts:38:13)
      at POST (app/api/draft/[token]/request-otp/route.ts:170:29)
      at app/api/draft/[token]/request-otp/__tests__/request-otp.property.test.ts:837:30
      at AsyncProperty.run (node_modules/fast-check/lib/cjs/check/property/AsyncProperty.generic.js:46:28)
      at asyncRunIt (node_modules/fast-check/lib/cjs/check/runner/Runner.js:28:21)
      at Object.<anonymous> (app/api/draft/[token]/request-otp/__tests__/request-otp.property.test.ts:801:7)


  โ—  Cannot log after tests are done. Did you forget to wait for something async in your test?
    Attempted to log "Expires at: 2026-03-03T04:08:27.282Z".

    [0m [90m 37 |[39m     console[33m.[39mlog([32m'OTP email would be sent to:'[39m[33m,[39m 
email)[33m;[39m
     [90m 38 |[39m     console[33m.[39mlog([32m'OTP:'[39m[33m,[39m otp)[33m;[39m
    [31m[1m>[22m[39m[90m 39 |[39m     console[33m.[39mlog([32m'Expires at:'[39m[33m,[39m 
expiresAt[33m.[39mtoISOString())[33m;[39m
     [90m    |[39m             [31m[1m^[22m[39m
     [90m 40 |[39m     
     [90m 41 |[39m     [90m// In production, this would be:[39m
     [90m 42 |[39m     [90m// const subject = 'เธฃเธซเธฑเธช OTP 
เธชเธณเธซเธฃเธฑเธเน€เธเนเธฒเธ–เธถเธเนเธเธเธเธญเธฃเนเธกเธเธญเธเธเธธเธ“';[39m[0m

      at console.log (node_modules/@jest/console/build/index.js:147:10)
      at sendOTPEmail (app/api/draft/[token]/request-otp/route.ts:39:13)
      at POST (app/api/draft/[token]/request-otp/route.ts:170:29)
      at app/api/draft/[token]/request-otp/__tests__/request-otp.property.test.ts:837:30
      at AsyncProperty.run (node_modules/fast-check/lib/cjs/check/property/AsyncProperty.generic.js:46:28)
      at asyncRunIt (node_modules/fast-check/lib/cjs/check/runner/Runner.js:28:21)
      at Object.<anonymous> (app/api/draft/[token]/request-otp/__tests__/request-otp.property.test.ts:801:7)


  โ—  Cannot log after tests are done. Did you forget to wait for something async in your test?
    Attempted to log "OTP email would be sent to: prop-test-1772510307290-m5yo8r@example.com".

    [0m [90m 35 |[39m     [90m// TODO: Implement actual email sending using nodemailer[39m
     [90m 36 |[39m     [90m// For now, we'll log the OTP for testing[39m
    [31m[1m>[22m[39m[90m 37 |[39m     console[33m.[39mlog([32m'OTP email would be sent 
to:'[39m[33m,[39m email)[33m;[39m
     [90m    |[39m             [31m[1m^[22m[39m
     [90m 38 |[39m     console[33m.[39mlog([32m'OTP:'[39m[33m,[39m otp)[33m;[39m
     [90m 39 |[39m     console[33m.[39mlog([32m'Expires at:'[39m[33m,[39m 
expiresAt[33m.[39mtoISOString())[33m;[39m
     [90m 40 |[39m     [0m

      at console.log (node_modules/@jest/console/build/index.js:147:10)
      at sendOTPEmail (app/api/draft/[token]/request-otp/route.ts:37:13)
      at POST (app/api/draft/[token]/request-otp/route.ts:170:29)
      at app/api/draft/[token]/request-otp/__tests__/request-otp.property.test.ts:837:30
      at AsyncProperty.run (node_modules/fast-check/lib/cjs/check/property/AsyncProperty.generic.js:46:28)
      at asyncRunIt (node_modules/fast-check/lib/cjs/check/runner/Runner.js:28:21)
      at Object.<anonymous> (app/api/draft/[token]/request-otp/__tests__/request-otp.property.test.ts:801:7)


  โ—  Cannot log after tests are done. Did you forget to wait for something async in your test?
    Attempted to log "OTP: 376174".

    [0m [90m 36 |[39m     [90m// For now, we'll log the OTP for testing[39m
     [90m 37 |[39m     console[33m.[39mlog([32m'OTP email would be sent to:'[39m[33m,[39m 
email)[33m;[39m
    [31m[1m>[22m[39m[90m 38 |[39m     console[33m.[39mlog([32m'OTP:'[39m[33m,[39m otp)[33m;[39m
     [90m    |[39m             [31m[1m^[22m[39m
     [90m 39 |[39m     console[33m.[39mlog([32m'Expires at:'[39m[33m,[39m 
expiresAt[33m.[39mtoISOString())[33m;[39m
     [90m 40 |[39m     
     [90m 41 |[39m     [90m// In production, this would be:[39m[0m

      at console.log (node_modules/@jest/console/build/index.js:147:10)
      at sendOTPEmail (app/api/draft/[token]/request-otp/route.ts:38:13)
      at POST (app/api/draft/[token]/request-otp/route.ts:170:29)
      at app/api/draft/[token]/request-otp/__tests__/request-otp.property.test.ts:837:30
      at AsyncProperty.run (node_modules/fast-check/lib/cjs/check/property/AsyncProperty.generic.js:46:28)
      at asyncRunIt (node_modules/fast-check/lib/cjs/check/runner/Runner.js:28:21)
      at Object.<anonymous> (app/api/draft/[token]/request-otp/__tests__/request-otp.property.test.ts:801:7)


  โ—  Cannot log after tests are done. Did you forget to wait for something async in your test?
    Attempted to log "Expires at: 2026-03-03T04:08:27.346Z".

    [0m [90m 37 |[39m     console[33m.[39mlog([32m'OTP email would be sent to:'[39m[33m,[39m 
email)[33m;[39m
     [90m 38 |[39m     console[33m.[39mlog([32m'OTP:'[39m[33m,[39m otp)[33m;[39m
    [31m[1m>[22m[39m[90m 39 |[39m     console[33m.[39mlog([32m'Expires at:'[39m[33m,[39m 
expiresAt[33m.[39mtoISOString())[33m;[39m
     [90m    |[39m             [31m[1m^[22m[39m
     [90m 40 |[39m     
     [90m 41 |[39m     [90m// In production, this would be:[39m
     [90m 42 |[39m     [90m// const subject = 'เธฃเธซเธฑเธช OTP 
เธชเธณเธซเธฃเธฑเธเน€เธเนเธฒเธ–เธถเธเนเธเธเธเธญเธฃเนเธกเธเธญเธเธเธธเธ“';[39m[0m

      at console.log (node_modules/@jest/console/build/index.js:147:10)
      at sendOTPEmail (app/api/draft/[token]/request-otp/route.ts:39:13)
      at POST (app/api/draft/[token]/request-otp/route.ts:170:29)
      at app/api/draft/[token]/request-otp/__tests__/request-otp.property.test.ts:837:30
      at AsyncProperty.run (node_modules/fast-check/lib/cjs/check/property/AsyncProperty.generic.js:46:28)
      at asyncRunIt (node_modules/fast-check/lib/cjs/check/runner/Runner.js:28:21)
      at Object.<anonymous> (app/api/draft/[token]/request-otp/__tests__/request-otp.property.test.ts:801:7)


  โ—  Cannot log after tests are done. Did you forget to wait for something async in your test?
    Attempted to log "OTP email would be sent to: prop-test-1772510307356-ixv3jh@example.com".

    [0m [90m 35 |[39m     [90m// TODO: Implement actual email sending using nodemailer[39m
     [90m 36 |[39m     [90m// For now, we'll log the OTP for testing[39m
    [31m[1m>[22m[39m[90m 37 |[39m     console[33m.[39mlog([32m'OTP email would be sent 
to:'[39m[33m,[39m email)[33m;[39m
     [90m    |[39m             [31m[1m^[22m[39m
     [90m 38 |[39m     console[33m.[39mlog([32m'OTP:'[39m[33m,[39m otp)[33m;[39m
     [90m 39 |[39m     console[33m.[39mlog([32m'Expires at:'[39m[33m,[39m 
expiresAt[33m.[39mtoISOString())[33m;[39m
     [90m 40 |[39m     [0m

      at console.log (node_modules/@jest/console/build/index.js:147:10)
      at sendOTPEmail (app/api/draft/[token]/request-otp/route.ts:37:13)
      at POST (app/api/draft/[token]/request-otp/route.ts:170:29)
      at app/api/draft/[token]/request-otp/__tests__/request-otp.property.test.ts:837:30
      at AsyncProperty.run (node_modules/fast-check/lib/cjs/check/property/AsyncProperty.generic.js:46:28)
      at asyncRunIt (node_modules/fast-check/lib/cjs/check/runner/Runner.js:28:21)
      at Object.<anonymous> (app/api/draft/[token]/request-otp/__tests__/request-otp.property.test.ts:801:7)


  โ—  Cannot log after tests are done. Did you forget to wait for something async in your test?
    Attempted to log "OTP: 093135".

    [0m [90m 36 |[39m     [90m// For now, we'll log the OTP for testing[39m
     [90m 37 |[39m     console[33m.[39mlog([32m'OTP email would be sent to:'[39m[33m,[39m 
email)[33m;[39m
    [31m[1m>[22m[39m[90m 38 |[39m     console[33m.[39mlog([32m'OTP:'[39m[33m,[39m otp)[33m;[39m
     [90m    |[39m             [31m[1m^[22m[39m
     [90m 39 |[39m     console[33m.[39mlog([32m'Expires at:'[39m[33m,[39m 
expiresAt[33m.[39mtoISOString())[33m;[39m
     [90m 40 |[39m     
     [90m 41 |[39m     [90m// In production, this would be:[39m[0m

      at console.log (node_modules/@jest/console/build/index.js:147:10)
      at sendOTPEmail (app/api/draft/[token]/request-otp/route.ts:38:13)
      at POST (app/api/draft/[token]/request-otp/route.ts:170:29)
      at app/api/draft/[token]/request-otp/__tests__/request-otp.property.test.ts:837:30
      at AsyncProperty.run (node_modules/fast-check/lib/cjs/check/property/AsyncProperty.generic.js:46:28)
      at asyncRunIt (node_modules/fast-check/lib/cjs/check/runner/Runner.js:28:21)
      at Object.<anonymous> (app/api/draft/[token]/request-otp/__tests__/request-otp.property.test.ts:801:7)


  โ—  Cannot log after tests are done. Did you forget to wait for something async in your test?
    Attempted to log "Expires at: 2026-03-03T04:08:27.413Z".

    [0m [90m 37 |[39m     console[33m.[39mlog([32m'OTP email would be sent to:'[39m[33m,[39m 
email)[33m;[39m
     [90m 38 |[39m     console[33m.[39mlog([32m'OTP:'[39m[33m,[39m otp)[33m;[39m
    [31m[1m>[22m[39m[90m 39 |[39m     console[33m.[39mlog([32m'Expires at:'[39m[33m,[39m 
expiresAt[33m.[39mtoISOString())[33m;[39m
     [90m    |[39m             [31m[1m^[22m[39m
     [90m 40 |[39m     
     [90m 41 |[39m     [90m// In production, this would be:[39m
     [90m 42 |[39m     [90m// const subject = 'เธฃเธซเธฑเธช OTP 
เธชเธณเธซเธฃเธฑเธเน€เธเนเธฒเธ–เธถเธเนเธเธเธเธญเธฃเนเธกเธเธญเธเธเธธเธ“';[39m[0m

      at console.log (node_modules/@jest/console/build/index.js:147:10)
      at sendOTPEmail (app/api/draft/[token]/request-otp/route.ts:39:13)
      at POST (app/api/draft/[token]/request-otp/route.ts:170:29)
      at app/api/draft/[token]/request-otp/__tests__/request-otp.property.test.ts:837:30
      at AsyncProperty.run (node_modules/fast-check/lib/cjs/check/property/AsyncProperty.generic.js:46:28)
      at asyncRunIt (node_modules/fast-check/lib/cjs/check/runner/Runner.js:28:21)
      at Object.<anonymous> (app/api/draft/[token]/request-otp/__tests__/request-otp.property.test.ts:801:7)


  โ—  Cannot log after tests are done. Did you forget to wait for something async in your test?
    Attempted to log "OTP email would be sent to: prop-test-1772510307422-a6pb8f@example.com".

    [0m [90m 35 |[39m     [90m// TODO: Implement actual email sending using nodemailer[39m
     [90m 36 |[39m     [90m// For now, we'll log the OTP for testing[39m
    [31m[1m>[22m[39m[90m 37 |[39m     console[33m.[39mlog([32m'OTP email would be sent 
to:'[39m[33m,[39m email)[33m;[39m
     [90m    |[39m             [31m[1m^[22m[39m
     [90m 38 |[39m     console[33m.[39mlog([32m'OTP:'[39m[33m,[39m otp)[33m;[39m
     [90m 39 |[39m     console[33m.[39mlog([32m'Expires at:'[39m[33m,[39m 
expiresAt[33m.[39mtoISOString())[33m;[39m
     [90m 40 |[39m     [0m

      at console.log (node_modules/@jest/console/build/index.js:147:10)
      at sendOTPEmail (app/api/draft/[token]/request-otp/route.ts:37:13)
      at POST (app/api/draft/[token]/request-otp/route.ts:170:29)
      at app/api/draft/[token]/request-otp/__tests__/request-otp.property.test.ts:837:30
      at AsyncProperty.run (node_modules/fast-check/lib/cjs/check/property/AsyncProperty.generic.js:46:28)
      at asyncRunIt (node_modules/fast-check/lib/cjs/check/runner/Runner.js:28:21)
      at Object.<anonymous> (app/api/draft/[token]/request-otp/__tests__/request-otp.property.test.ts:801:7)


  โ—  Cannot log after tests are done. Did you forget to wait for something async in your test?
    Attempted to log "OTP: 638788".

    [0m [90m 36 |[39m     [90m// For now, we'll log the OTP for testing[39m
     [90m 37 |[39m     console[33m.[39mlog([32m'OTP email would be sent to:'[39m[33m,[39m 
email)[33m;[39m
    [31m[1m>[22m[39m[90m 38 |[39m     console[33m.[39mlog([32m'OTP:'[39m[33m,[39m otp)[33m;[39m
     [90m    |[39m             [31m[1m^[22m[39m
     [90m 39 |[39m     console[33m.[39mlog([32m'Expires at:'[39m[33m,[39m 
expiresAt[33m.[39mtoISOString())[33m;[39m
     [90m 40 |[39m     
     [90m 41 |[39m     [90m// In production, this would be:[39m[0m

      at console.log (node_modules/@jest/console/build/index.js:147:10)
      at sendOTPEmail (app/api/draft/[token]/request-otp/route.ts:38:13)
      at POST (app/api/draft/[token]/request-otp/route.ts:170:29)
      at app/api/draft/[token]/request-otp/__tests__/request-otp.property.test.ts:837:30
      at AsyncProperty.run (node_modules/fast-check/lib/cjs/check/property/AsyncProperty.generic.js:46:28)
      at asyncRunIt (node_modules/fast-check/lib/cjs/check/runner/Runner.js:28:21)
      at Object.<anonymous> (app/api/draft/[token]/request-otp/__tests__/request-otp.property.test.ts:801:7)


  โ—  Cannot log after tests are done. Did you forget to wait for something async in your test?
    Attempted to log "Expires at: 2026-03-03T04:08:27.481Z".

    [0m [90m 37 |[39m     console[33m.[39mlog([32m'OTP email would be sent to:'[39m[33m,[39m 
email)[33m;[39m
     [90m 38 |[39m     console[33m.[39mlog([32m'OTP:'[39m[33m,[39m otp)[33m;[39m
    [31m[1m>[22m[39m[90m 39 |[39m     console[33m.[39mlog([32m'Expires at:'[39m[33m,[39m 
expiresAt[33m.[39mtoISOString())[33m;[39m
     [90m    |[39m             [31m[1m^[22m[39m
     [90m 40 |[39m     
     [90m 41 |[39m     [90m// In production, this would be:[39m
     [90m 42 |[39m     [90m// const subject = 'เธฃเธซเธฑเธช OTP 
เธชเธณเธซเธฃเธฑเธเน€เธเนเธฒเธ–เธถเธเนเธเธเธเธญเธฃเนเธกเธเธญเธเธเธธเธ“';[39m[0m

      at console.log (node_modules/@jest/console/build/index.js:147:10)
      at sendOTPEmail (app/api/draft/[token]/request-otp/route.ts:39:13)
      at POST (app/api/draft/[token]/request-otp/route.ts:170:29)
      at app/api/draft/[token]/request-otp/__tests__/request-otp.property.test.ts:837:30
      at AsyncProperty.run (node_modules/fast-check/lib/cjs/check/property/AsyncProperty.generic.js:46:28)
      at asyncRunIt (node_modules/fast-check/lib/cjs/check/runner/Runner.js:28:21)
      at Object.<anonymous> (app/api/draft/[token]/request-otp/__tests__/request-otp.property.test.ts:801:7)


  โ—  Cannot log after tests are done. Did you forget to wait for something async in your test?
    Attempted to log "OTP email would be sent to: prop-test-1772510307488-oo8vva@example.com".

    [0m [90m 35 |[39m     [90m// TODO: Implement actual email sending using nodemailer[39m
     [90m 36 |[39m     [90m// For now, we'll log the OTP for testing[39m
    [31m[1m>[22m[39m[90m 37 |[39m     console[33m.[39mlog([32m'OTP email would be sent 
to:'[39m[33m,[39m email)[33m;[39m
     [90m    |[39m             [31m[1m^[22m[39m
     [90m 38 |[39m     console[33m.[39mlog([32m'OTP:'[39m[33m,[39m otp)[33m;[39m
     [90m 39 |[39m     console[33m.[39mlog([32m'Expires at:'[39m[33m,[39m 
expiresAt[33m.[39mtoISOString())[33m;[39m
     [90m 40 |[39m     [0m

      at console.log (node_modules/@jest/console/build/index.js:147:10)
      at sendOTPEmail (app/api/draft/[token]/request-otp/route.ts:37:13)
      at POST (app/api/draft/[token]/request-otp/route.ts:170:29)
      at app/api/draft/[token]/request-otp/__tests__/request-otp.property.test.ts:837:30
      at AsyncProperty.run (node_modules/fast-check/lib/cjs/check/property/AsyncProperty.generic.js:46:28)
      at asyncRunIt (node_modules/fast-check/lib/cjs/check/runner/Runner.js:28:21)
      at Object.<anonymous> (app/api/draft/[token]/request-otp/__tests__/request-otp.property.test.ts:801:7)


  โ—  Cannot log after tests are done. Did you forget to wait for something async in your test?
    Attempted to log "OTP: 908106".

    [0m [90m 36 |[39m     [90m// For now, we'll log the OTP for testing[39m
     [90m 37 |[39m     console[33m.[39mlog([32m'OTP email would be sent to:'[39m[33m,[39m 
email)[33m;[39m
    [31m[1m>[22m[39m[90m 38 |[39m     console[33m.[39mlog([32m'OTP:'[39m[33m,[39m otp)[33m;[39m
     [90m    |[39m             [31m[1m^[22m[39m
     [90m 39 |[39m     console[33m.[39mlog([32m'Expires at:'[39m[33m,[39m 
expiresAt[33m.[39mtoISOString())[33m;[39m
     [90m 40 |[39m     
     [90m 41 |[39m     [90m// In production, this would be:[39m[0m

      at console.log (node_modules/@jest/console/build/index.js:147:10)
      at sendOTPEmail (app/api/draft/[token]/request-otp/route.ts:38:13)
      at POST (app/api/draft/[token]/request-otp/route.ts:170:29)
      at app/api/draft/[token]/request-otp/__tests__/request-otp.property.test.ts:837:30
      at AsyncProperty.run (node_modules/fast-check/lib/cjs/check/property/AsyncProperty.generic.js:46:28)
      at asyncRunIt (node_modules/fast-check/lib/cjs/check/runner/Runner.js:28:21)
      at Object.<anonymous> (app/api/draft/[token]/request-otp/__tests__/request-otp.property.test.ts:801:7)


  โ—  Cannot log after tests are done. Did you forget to wait for something async in your test?
    Attempted to log "Expires at: 2026-03-03T04:08:27.544Z".

    [0m [90m 37 |[39m     console[33m.[39mlog([32m'OTP email would be sent to:'[39m[33m,[39m 
email)[33m;[39m
     [90m 38 |[39m     console[33m.[39mlog([32m'OTP:'[39m[33m,[39m otp)[33m;[39m
    [31m[1m>[22m[39m[90m 39 |[39m     console[33m.[39mlog([32m'Expires at:'[39m[33m,[39m 
expiresAt[33m.[39mtoISOString())[33m;[39m
     [90m    |[39m             [31m[1m^[22m[39m
     [90m 40 |[39m     
     [90m 41 |[39m     [90m// In production, this would be:[39m
     [90m 42 |[39m     [90m// const subject = 'เธฃเธซเธฑเธช OTP 
เธชเธณเธซเธฃเธฑเธเน€เธเนเธฒเธ–เธถเธเนเธเธเธเธญเธฃเนเธกเธเธญเธเธเธธเธ“';[39m[0m

      at console.log (node_modules/@jest/console/build/index.js:147:10)
      at sendOTPEmail (app/api/draft/[token]/request-otp/route.ts:39:13)
      at POST (app/api/draft/[token]/request-otp/route.ts:170:29)
      at app/api/draft/[token]/request-otp/__tests__/request-otp.property.test.ts:837:30
      at AsyncProperty.run (node_modules/fast-check/lib/cjs/check/property/AsyncProperty.generic.js:46:28)
      at asyncRunIt (node_modules/fast-check/lib/cjs/check/runner/Runner.js:28:21)
      at Object.<anonymous> (app/api/draft/[token]/request-otp/__tests__/request-otp.property.test.ts:801:7)


  โ—  Cannot log after tests are done. Did you forget to wait for something async in your test?
    Attempted to log "OTP email would be sent to: prop-test-1772510307554-sr30t5@example.com".

    [0m [90m 35 |[39m     [90m// TODO: Implement actual email sending using nodemailer[39m
     [90m 36 |[39m     [90m// For now, we'll log the OTP for testing[39m
    [31m[1m>[22m[39m[90m 37 |[39m     console[33m.[39mlog([32m'OTP email would be sent 
to:'[39m[33m,[39m email)[33m;[39m
     [90m    |[39m             [31m[1m^[22m[39m
     [90m 38 |[39m     console[33m.[39mlog([32m'OTP:'[39m[33m,[39m otp)[33m;[39m
     [90m 39 |[39m     console[33m.[39mlog([32m'Expires at:'[39m[33m,[39m 
expiresAt[33m.[39mtoISOString())[33m;[39m
     [90m 40 |[39m     [0m

      at console.log (node_modules/@jest/console/build/index.js:147:10)
      at sendOTPEmail (app/api/draft/[token]/request-otp/route.ts:37:13)
      at POST (app/api/draft/[token]/request-otp/route.ts:170:29)
      at app/api/draft/[token]/request-otp/__tests__/request-otp.property.test.ts:837:30
      at AsyncProperty.run (node_modules/fast-check/lib/cjs/check/property/AsyncProperty.generic.js:46:28)
      at asyncRunIt (node_modules/fast-check/lib/cjs/check/runner/Runner.js:28:21)
      at Object.<anonymous> (app/api/draft/[token]/request-otp/__tests__/request-otp.property.test.ts:801:7)


  โ—  Cannot log after tests are done. Did you forget to wait for something async in your test?
    Attempted to log "OTP: 148068".

    [0m [90m 36 |[39m     [90m// For now, we'll log the OTP for testing[39m
     [90m 37 |[39m     console[33m.[39mlog([32m'OTP email would be sent to:'[39m[33m,[39m 
email)[33m;[39m
    [31m[1m>[22m[39m[90m 38 |[39m     console[33m.[39mlog([32m'OTP:'[39m[33m,[39m otp)[33m;[39m
     [90m    |[39m             [31m[1m^[22m[39m
     [90m 39 |[39m     console[33m.[39mlog([32m'Expires at:'[39m[33m,[39m 
expiresAt[33m.[39mtoISOString())[33m;[39m
     [90m 40 |[39m     
     [90m 41 |[39m     [90m// In production, this would be:[39m[0m

      at console.log (node_modules/@jest/console/build/index.js:147:10)
      at sendOTPEmail (app/api/draft/[token]/request-otp/route.ts:38:13)
      at POST (app/api/draft/[token]/request-otp/route.ts:170:29)
      at app/api/draft/[token]/request-otp/__tests__/request-otp.property.test.ts:837:30
      at AsyncProperty.run (node_modules/fast-check/lib/cjs/check/property/AsyncProperty.generic.js:46:28)
      at asyncRunIt (node_modules/fast-check/lib/cjs/check/runner/Runner.js:28:21)
      at Object.<anonymous> (app/api/draft/[token]/request-otp/__tests__/request-otp.property.test.ts:801:7)


  โ—  Cannot log after tests are done. Did you forget to wait for something async in your test?
    Attempted to log "Expires at: 2026-03-03T04:08:27.614Z".

    [0m [90m 37 |[39m     console[33m.[39mlog([32m'OTP email would be sent to:'[39m[33m,[39m 
email)[33m;[39m
     [90m 38 |[39m     console[33m.[39mlog([32m'OTP:'[39m[33m,[39m otp)[33m;[39m
    [31m[1m>[22m[39m[90m 39 |[39m     console[33m.[39mlog([32m'Expires at:'[39m[33m,[39m 
expiresAt[33m.[39mtoISOString())[33m;[39m
     [90m    |[39m             [31m[1m^[22m[39m
     [90m 40 |[39m     
     [90m 41 |[39m     [90m// In production, this would be:[39m
     [90m 42 |[39m     [90m// const subject = 'เธฃเธซเธฑเธช OTP 
เธชเธณเธซเธฃเธฑเธเน€เธเนเธฒเธ–เธถเธเนเธเธเธเธญเธฃเนเธกเธเธญเธเธเธธเธ“';[39m[0m

      at console.log (node_modules/@jest/console/build/index.js:147:10)
      at sendOTPEmail (app/api/draft/[token]/request-otp/route.ts:39:13)
      at POST (app/api/draft/[token]/request-otp/route.ts:170:29)
      at app/api/draft/[token]/request-otp/__tests__/request-otp.property.test.ts:837:30
      at AsyncProperty.run (node_modules/fast-check/lib/cjs/check/property/AsyncProperty.generic.js:46:28)
      at asyncRunIt (node_modules/fast-check/lib/cjs/check/runner/Runner.js:28:21)
      at Object.<anonymous> (app/api/draft/[token]/request-otp/__tests__/request-otp.property.test.ts:801:7)


  โ—  Cannot log after tests are done. Did you forget to wait for something async in your test?
    Attempted to log "OTP email would be sent to: prop-test-1772510307623-hy16rh@example.com".

    [0m [90m 35 |[39m     [90m// TODO: Implement actual email sending using nodemailer[39m
     [90m 36 |[39m     [90m// For now, we'll log the OTP for testing[39m
    [31m[1m>[22m[39m[90m 37 |[39m     console[33m.[39mlog([32m'OTP email would be sent 
to:'[39m[33m,[39m email)[33m;[39m
     [90m    |[39m             [31m[1m^[22m[39m
     [90m 38 |[39m     console[33m.[39mlog([32m'OTP:'[39m[33m,[39m otp)[33m;[39m
     [90m 39 |[39m     console[33m.[39mlog([32m'Expires at:'[39m[33m,[39m 
expiresAt[33m.[39mtoISOString())[33m;[39m
     [90m 40 |[39m     [0m

      at console.log (node_modules/@jest/console/build/index.js:147:10)
      at sendOTPEmail (app/api/draft/[token]/request-otp/route.ts:37:13)
      at POST (app/api/draft/[token]/request-otp/route.ts:170:29)
      at app/api/draft/[token]/request-otp/__tests__/request-otp.property.test.ts:837:30
      at AsyncProperty.run (node_modules/fast-check/lib/cjs/check/property/AsyncProperty.generic.js:46:28)
      at asyncRunIt (node_modules/fast-check/lib/cjs/check/runner/Runner.js:28:21)
      at Object.<anonymous> (app/api/draft/[token]/request-otp/__tests__/request-otp.property.test.ts:801:7)


  โ—  Cannot log after tests are done. Did you forget to wait for something async in your test?
    Attempted to log "OTP: 256731".

    [0m [90m 36 |[39m     [90m// For now, we'll log the OTP for testing[39m
     [90m 37 |[39m     console[33m.[39mlog([32m'OTP email would be sent to:'[39m[33m,[39m 
email)[33m;[39m
    [31m[1m>[22m[39m[90m 38 |[39m     console[33m.[39mlog([32m'OTP:'[39m[33m,[39m otp)[33m;[39m
     [90m    |[39m             [31m[1m^[22m[39m
     [90m 39 |[39m     console[33m.[39mlog([32m'Expires at:'[39m[33m,[39m 
expiresAt[33m.[39mtoISOString())[33m;[39m
     [90m 40 |[39m     
     [90m 41 |[39m     [90m// In production, this would be:[39m[0m

      at console.log (node_modules/@jest/console/build/index.js:147:10)
      at sendOTPEmail (app/api/draft/[token]/request-otp/route.ts:38:13)
      at POST (app/api/draft/[token]/request-otp/route.ts:170:29)
      at app/api/draft/[token]/request-otp/__tests__/request-otp.property.test.ts:837:30
      at AsyncProperty.run (node_modules/fast-check/lib/cjs/check/property/AsyncProperty.generic.js:46:28)
      at asyncRunIt (node_modules/fast-check/lib/cjs/check/runner/Runner.js:28:21)
      at Object.<anonymous> (app/api/draft/[token]/request-otp/__tests__/request-otp.property.test.ts:801:7)


  โ—  Cannot log after tests are done. Did you forget to wait for something async in your test?
    Attempted to log "Expires at: 2026-03-03T04:08:27.681Z".

    [0m [90m 37 |[39m     console[33m.[39mlog([32m'OTP email would be sent to:'[39m[33m,[39m 
email)[33m;[39m
     [90m 38 |[39m     console[33m.[39mlog([32m'OTP:'[39m[33m,[39m otp)[33m;[39m
    [31m[1m>[22m[39m[90m 39 |[39m     console[33m.[39mlog([32m'Expires at:'[39m[33m,[39m 
expiresAt[33m.[39mtoISOString())[33m;[39m
     [90m    |[39m             [31m[1m^[22m[39m
     [90m 40 |[39m     
     [90m 41 |[39m     [90m// In production, this would be:[39m
     [90m 42 |[39m     [90m// const subject = 'เธฃเธซเธฑเธช OTP 
เธชเธณเธซเธฃเธฑเธเน€เธเนเธฒเธ–เธถเธเนเธเธเธเธญเธฃเนเธกเธเธญเธเธเธธเธ“';[39m[0m

      at console.log (node_modules/@jest/console/build/index.js:147:10)
      at sendOTPEmail (app/api/draft/[token]/request-otp/route.ts:39:13)
      at POST (app/api/draft/[token]/request-otp/route.ts:170:29)
      at app/api/draft/[token]/request-otp/__tests__/request-otp.property.test.ts:837:30
      at AsyncProperty.run (node_modules/fast-check/lib/cjs/check/property/AsyncProperty.generic.js:46:28)
      at asyncRunIt (node_modules/fast-check/lib/cjs/check/runner/Runner.js:28:21)
      at Object.<anonymous> (app/api/draft/[token]/request-otp/__tests__/request-otp.property.test.ts:801:7)


  โ—  Cannot log after tests are done. Did you forget to wait for something async in your test?
    Attempted to log "OTP email would be sent to: prop-test-1772510307689-rwilhf@example.com".

    [0m [90m 35 |[39m     [90m// TODO: Implement actual email sending using nodemailer[39m
     [90m 36 |[39m     [90m// For now, we'll log the OTP for testing[39m
    [31m[1m>[22m[39m[90m 37 |[39m     console[33m.[39mlog([32m'OTP email would be sent 
to:'[39m[33m,[39m email)[33m;[39m
     [90m    |[39m             [31m[1m^[22m[39m
     [90m 38 |[39m     console[33m.[39mlog([32m'OTP:'[39m[33m,[39m otp)[33m;[39m
     [90m 39 |[39m     console[33m.[39mlog([32m'Expires at:'[39m[33m,[39m 
expiresAt[33m.[39mtoISOString())[33m;[39m
     [90m 40 |[39m     [0m

      at console.log (node_modules/@jest/console/build/index.js:147:10)
      at sendOTPEmail (app/api/draft/[token]/request-otp/route.ts:37:13)
      at POST (app/api/draft/[token]/request-otp/route.ts:170:29)
      at app/api/draft/[token]/request-otp/__tests__/request-otp.property.test.ts:837:30
      at AsyncProperty.run (node_modules/fast-check/lib/cjs/check/property/AsyncProperty.generic.js:46:28)
      at asyncRunIt (node_modules/fast-check/lib/cjs/check/runner/Runner.js:28:21)
      at Object.<anonymous> (app/api/draft/[token]/request-otp/__tests__/request-otp.property.test.ts:801:7)


  โ—  Cannot log after tests are done. Did you forget to wait for something async in your test?
    Attempted to log "OTP: 151468".

    [0m [90m 36 |[39m     [90m// For now, we'll log the OTP for testing[39m
     [90m 37 |[39m     console[33m.[39mlog([32m'OTP email would be sent to:'[39m[33m,[39m 
email)[33m;[39m
    [31m[1m>[22m[39m[90m 38 |[39m     console[33m.[39mlog([32m'OTP:'[39m[33m,[39m otp)[33m;[39m
     [90m    |[39m             [31m[1m^[22m[39m
     [90m 39 |[39m     console[33m.[39mlog([32m'Expires at:'[39m[33m,[39m 
expiresAt[33m.[39mtoISOString())[33m;[39m
     [90m 40 |[39m     
     [90m 41 |[39m     [90m// In production, this would be:[39m[0m

      at console.log (node_modules/@jest/console/build/index.js:147:10)
      at sendOTPEmail (app/api/draft/[token]/request-otp/route.ts:38:13)
      at POST (app/api/draft/[token]/request-otp/route.ts:170:29)
      at app/api/draft/[token]/request-otp/__tests__/request-otp.property.test.ts:837:30
      at AsyncProperty.run (node_modules/fast-check/lib/cjs/check/property/AsyncProperty.generic.js:46:28)
      at asyncRunIt (node_modules/fast-check/lib/cjs/check/runner/Runner.js:28:21)
      at Object.<anonymous> (app/api/draft/[token]/request-otp/__tests__/request-otp.property.test.ts:801:7)


  โ—  Cannot log after tests are done. Did you forget to wait for something async in your test?
    Attempted to log "Expires at: 2026-03-03T04:08:27.746Z".

    [0m [90m 37 |[39m     console[33m.[39mlog([32m'OTP email would be sent to:'[39m[33m,[39m 
email)[33m;[39m
     [90m 38 |[39m     console[33m.[39mlog([32m'OTP:'[39m[33m,[39m otp)[33m;[39m
    [31m[1m>[22m[39m[90m 39 |[39m     console[33m.[39mlog([32m'Expires at:'[39m[33m,[39m 
expiresAt[33m.[39mtoISOString())[33m;[39m
     [90m    |[39m             [31m[1m^[22m[39m
     [90m 40 |[39m     
     [90m 41 |[39m     [90m// In production, this would be:[39m
     [90m 42 |[39m     [90m// const subject = 'เธฃเธซเธฑเธช OTP 
เธชเธณเธซเธฃเธฑเธเน€เธเนเธฒเธ–เธถเธเนเธเธเธเธญเธฃเนเธกเธเธญเธเธเธธเธ“';[39m[0m

      at console.log (node_modules/@jest/console/build/index.js:147:10)
      at sendOTPEmail (app/api/draft/[token]/request-otp/route.ts:39:13)
      at POST (app/api/draft/[token]/request-otp/route.ts:170:29)
      at app/api/draft/[token]/request-otp/__tests__/request-otp.property.test.ts:837:30
      at AsyncProperty.run (node_modules/fast-check/lib/cjs/check/property/AsyncProperty.generic.js:46:28)
      at asyncRunIt (node_modules/fast-check/lib/cjs/check/runner/Runner.js:28:21)
      at Object.<anonymous> (app/api/draft/[token]/request-otp/__tests__/request-otp.property.test.ts:801:7)


  โ—  Cannot log after tests are done. Did you forget to wait for something async in your test?
    Attempted to log "OTP email would be sent to: prop-test-1772510307754-a0vxyd@example.com".

    [0m [90m 35 |[39m     [90m// TODO: Implement actual email sending using nodemailer[39m
     [90m 36 |[39m     [90m// For now, we'll log the OTP for testing[39m
    [31m[1m>[22m[39m[90m 37 |[39m     console[33m.[39mlog([32m'OTP email would be sent 
to:'[39m[33m,[39m email)[33m;[39m
     [90m    |[39m             [31m[1m^[22m[39m
     [90m 38 |[39m     console[33m.[39mlog([32m'OTP:'[39m[33m,[39m otp)[33m;[39m
     [90m 39 |[39m     console[33m.[39mlog([32m'Expires at:'[39m[33m,[39m 
expiresAt[33m.[39mtoISOString())[33m;[39m
     [90m 40 |[39m     [0m

      at console.log (node_modules/@jest/console/build/index.js:147:10)
      at sendOTPEmail (app/api/draft/[token]/request-otp/route.ts:37:13)
      at POST (app/api/draft/[token]/request-otp/route.ts:170:29)
      at app/api/draft/[token]/request-otp/__tests__/request-otp.property.test.ts:837:30
      at AsyncProperty.run (node_modules/fast-check/lib/cjs/check/property/AsyncProperty.generic.js:46:28)
      at asyncRunIt (node_modules/fast-check/lib/cjs/check/runner/Runner.js:28:21)
      at Object.<anonymous> (app/api/draft/[token]/request-otp/__tests__/request-otp.property.test.ts:801:7)


  โ—  Cannot log after tests are done. Did you forget to wait for something async in your test?
    Attempted to log "OTP: 234108".

    [0m [90m 36 |[39m     [90m// For now, we'll log the OTP for testing[39m
     [90m 37 |[39m     console[33m.[39mlog([32m'OTP email would be sent to:'[39m[33m,[39m 
email)[33m;[39m
    [31m[1m>[22m[39m[90m 38 |[39m     console[33m.[39mlog([32m'OTP:'[39m[33m,[39m otp)[33m;[39m
     [90m    |[39m             [31m[1m^[22m[39m
     [90m 39 |[39m     console[33m.[39mlog([32m'Expires at:'[39m[33m,[39m 
expiresAt[33m.[39mtoISOString())[33m;[39m
     [90m 40 |[39m     
     [90m 41 |[39m     [90m// In production, this would be:[39m[0m

      at console.log (node_modules/@jest/console/build/index.js:147:10)
      at sendOTPEmail (app/api/draft/[token]/request-otp/route.ts:38:13)
      at POST (app/api/draft/[token]/request-otp/route.ts:170:29)
      at app/api/draft/[token]/request-otp/__tests__/request-otp.property.test.ts:837:30
      at AsyncProperty.run (node_modules/fast-check/lib/cjs/check/property/AsyncProperty.generic.js:46:28)
      at asyncRunIt (node_modules/fast-check/lib/cjs/check/runner/Runner.js:28:21)
      at Object.<anonymous> (app/api/draft/[token]/request-otp/__tests__/request-otp.property.test.ts:801:7)


  โ—  Cannot log after tests are done. Did you forget to wait for something async in your test?
    Attempted to log "Expires at: 2026-03-03T04:08:27.811Z".

    [0m [90m 37 |[39m     console[33m.[39mlog([32m'OTP email would be sent to:'[39m[33m,[39m 
email)[33m;[39m
     [90m 38 |[39m     console[33m.[39mlog([32m'OTP:'[39m[33m,[39m otp)[33m;[39m
    [31m[1m>[22m[39m[90m 39 |[39m     console[33m.[39mlog([32m'Expires at:'[39m[33m,[39m 
expiresAt[33m.[39mtoISOString())[33m;[39m
     [90m    |[39m             [31m[1m^[22m[39m
     [90m 40 |[39m     
     [90m 41 |[39m     [90m// In production, this would be:[39m
     [90m 42 |[39m     [90m// const subject = 'เธฃเธซเธฑเธช OTP 
เธชเธณเธซเธฃเธฑเธเน€เธเนเธฒเธ–เธถเธเนเธเธเธเธญเธฃเนเธกเธเธญเธเธเธธเธ“';[39m[0m

      at console.log (node_modules/@jest/console/build/index.js:147:10)
      at sendOTPEmail (app/api/draft/[token]/request-otp/route.ts:39:13)
      at POST (app/api/draft/[token]/request-otp/route.ts:170:29)
      at app/api/draft/[token]/request-otp/__tests__/request-otp.property.test.ts:837:30
      at AsyncProperty.run (node_modules/fast-check/lib/cjs/check/property/AsyncProperty.generic.js:46:28)
      at asyncRunIt (node_modules/fast-check/lib/cjs/check/runner/Runner.js:28:21)
      at Object.<anonymous> (app/api/draft/[token]/request-otp/__tests__/request-otp.property.test.ts:801:7)


  โ—  Cannot log after tests are done. Did you forget to wait for something async in your test?
    Attempted to log "OTP email would be sent to: prop-test-1772510307817-azo63q@example.com".

    [0m [90m 35 |[39m     [90m// TODO: Implement actual email sending using nodemailer[39m
     [90m 36 |[39m     [90m// For now, we'll log the OTP for testing[39m
    [31m[1m>[22m[39m[90m 37 |[39m     console[33m.[39mlog([32m'OTP email would be sent 
to:'[39m[33m,[39m email)[33m;[39m
     [90m    |[39m             [31m[1m^[22m[39m
     [90m 38 |[39m     console[33m.[39mlog([32m'OTP:'[39m[33m,[39m otp)[33m;[39m
     [90m 39 |[39m     console[33m.[39mlog([32m'Expires at:'[39m[33m,[39m 
expiresAt[33m.[39mtoISOString())[33m;[39m
     [90m 40 |[39m     [0m

      at console.log (node_modules/@jest/console/build/index.js:147:10)
      at sendOTPEmail (app/api/draft/[token]/request-otp/route.ts:37:13)
      at POST (app/api/draft/[token]/request-otp/route.ts:170:29)
      at app/api/draft/[token]/request-otp/__tests__/request-otp.property.test.ts:837:30
      at AsyncProperty.run (node_modules/fast-check/lib/cjs/check/property/AsyncProperty.generic.js:46:28)
      at asyncRunIt (node_modules/fast-check/lib/cjs/check/runner/Runner.js:28:21)
      at Object.<anonymous> (app/api/draft/[token]/request-otp/__tests__/request-otp.property.test.ts:801:7)


  โ—  Cannot log after tests are done. Did you forget to wait for something async in your test?
    Attempted to log "OTP: 642097".

    [0m [90m 36 |[39m     [90m// For now, we'll log the OTP for testing[39m
     [90m 37 |[39m     console[33m.[39mlog([32m'OTP email would be sent to:'[39m[33m,[39m 
email)[33m;[39m
    [31m[1m>[22m[39m[90m 38 |[39m     console[33m.[39mlog([32m'OTP:'[39m[33m,[39m otp)[33m;[39m
     [90m    |[39m             [31m[1m^[22m[39m
     [90m 39 |[39m     console[33m.[39mlog([32m'Expires at:'[39m[33m,[39m 
expiresAt[33m.[39mtoISOString())[33m;[39m
     [90m 40 |[39m     
     [90m 41 |[39m     [90m// In production, this would be:[39m[0m

      at console.log (node_modules/@jest/console/build/index.js:147:10)
      at sendOTPEmail (app/api/draft/[token]/request-otp/route.ts:38:13)
      at POST (app/api/draft/[token]/request-otp/route.ts:170:29)
      at app/api/draft/[token]/request-otp/__tests__/request-otp.property.test.ts:837:30
      at AsyncProperty.run (node_modules/fast-check/lib/cjs/check/property/AsyncProperty.generic.js:46:28)
      at asyncRunIt (node_modules/fast-check/lib/cjs/check/runner/Runner.js:28:21)
      at Object.<anonymous> (app/api/draft/[token]/request-otp/__tests__/request-otp.property.test.ts:801:7)


  โ—  Cannot log after tests are done. Did you forget to wait for something async in your test?
    Attempted to log "Expires at: 2026-03-03T04:08:27.873Z".

    [0m [90m 37 |[39m     console[33m.[39mlog([32m'OTP email would be sent to:'[39m[33m,[39m 
email)[33m;[39m
     [90m 38 |[39m     console[33m.[39mlog([32m'OTP:'[39m[33m,[39m otp)[33m;[39m
    [31m[1m>[22m[39m[90m 39 |[39m     console[33m.[39mlog([32m'Expires at:'[39m[33m,[39m 
expiresAt[33m.[39mtoISOString())[33m;[39m
     [90m    |[39m             [31m[1m^[22m[39m
     [90m 40 |[39m     
     [90m 41 |[39m     [90m// In production, this would be:[39m
     [90m 42 |[39m     [90m// const subject = 'เธฃเธซเธฑเธช OTP 
เธชเธณเธซเธฃเธฑเธเน€เธเนเธฒเธ–เธถเธเนเธเธเธเธญเธฃเนเธกเธเธญเธเธเธธเธ“';[39m[0m

      at console.log (node_modules/@jest/console/build/index.js:147:10)
      at sendOTPEmail (app/api/draft/[token]/request-otp/route.ts:39:13)
      at POST (app/api/draft/[token]/request-otp/route.ts:170:29)
      at app/api/draft/[token]/request-otp/__tests__/request-otp.property.test.ts:837:30
      at AsyncProperty.run (node_modules/fast-check/lib/cjs/check/property/AsyncProperty.generic.js:46:28)
      at asyncRunIt (node_modules/fast-check/lib/cjs/check/runner/Runner.js:28:21)
      at Object.<anonymous> (app/api/draft/[token]/request-otp/__tests__/request-otp.property.test.ts:801:7)


  โ—  Cannot log after tests are done. Did you forget to wait for something async in your test?
    Attempted to log "OTP email would be sent to: prop-test-1772510307880-110n9s@example.com".

    [0m [90m 35 |[39m     [90m// TODO: Implement actual email sending using nodemailer[39m
     [90m 36 |[39m     [90m// For now, we'll log the OTP for testing[39m
    [31m[1m>[22m[39m[90m 37 |[39m     console[33m.[39mlog([32m'OTP email would be sent 
to:'[39m[33m,[39m email)[33m;[39m
     [90m    |[39m             [31m[1m^[22m[39m
     [90m 38 |[39m     console[33m.[39mlog([32m'OTP:'[39m[33m,[39m otp)[33m;[39m
     [90m 39 |[39m     console[33m.[39mlog([32m'Expires at:'[39m[33m,[39m 
expiresAt[33m.[39mtoISOString())[33m;[39m
     [90m 40 |[39m     [0m

      at console.log (node_modules/@jest/console/build/index.js:147:10)
      at sendOTPEmail (app/api/draft/[token]/request-otp/route.ts:37:13)
      at POST (app/api/draft/[token]/request-otp/route.ts:170:29)
      at app/api/draft/[token]/request-otp/__tests__/request-otp.property.test.ts:837:30
      at AsyncProperty.run (node_modules/fast-check/lib/cjs/check/property/AsyncProperty.generic.js:46:28)
      at asyncRunIt (node_modules/fast-check/lib/cjs/check/runner/Runner.js:28:21)
      at Object.<anonymous> (app/api/draft/[token]/request-otp/__tests__/request-otp.property.test.ts:801:7)


  โ—  Cannot log after tests are done. Did you forget to wait for something async in your test?
    Attempted to log "OTP: 256922".

    [0m [90m 36 |[39m     [90m// For now, we'll log the OTP for testing[39m
     [90m 37 |[39m     console[33m.[39mlog([32m'OTP email would be sent to:'[39m[33m,[39m 
email)[33m;[39m
    [31m[1m>[22m[39m[90m 38 |[39m     console[33m.[39mlog([32m'OTP:'[39m[33m,[39m otp)[33m;[39m
     [90m    |[39m             [31m[1m^[22m[39m
     [90m 39 |[39m     console[33m.[39mlog([32m'Expires at:'[39m[33m,[39m 
expiresAt[33m.[39mtoISOString())[33m;[39m
     [90m 40 |[39m     
     [90m 41 |[39m     [90m// In production, this would be:[39m[0m

      at console.log (node_modules/@jest/console/build/index.js:147:10)
      at sendOTPEmail (app/api/draft/[token]/request-otp/route.ts:38:13)
      at POST (app/api/draft/[token]/request-otp/route.ts:170:29)
      at app/api/draft/[token]/request-otp/__tests__/request-otp.property.test.ts:837:30
      at AsyncProperty.run (node_modules/fast-check/lib/cjs/check/property/AsyncProperty.generic.js:46:28)
      at asyncRunIt (node_modules/fast-check/lib/cjs/check/runner/Runner.js:28:21)
      at Object.<anonymous> (app/api/draft/[token]/request-otp/__tests__/request-otp.property.test.ts:801:7)


  โ—  Cannot log after tests are done. Did you forget to wait for something async in your test?
    Attempted to log "Expires at: 2026-03-03T04:08:27.935Z".

    [0m [90m 37 |[39m     console[33m.[39mlog([32m'OTP email would be sent to:'[39m[33m,[39m 
email)[33m;[39m
     [90m 38 |[39m     console[33m.[39mlog([32m'OTP:'[39m[33m,[39m otp)[33m;[39m
    [31m[1m>[22m[39m[90m 39 |[39m     console[33m.[39mlog([32m'Expires at:'[39m[33m,[39m 
expiresAt[33m.[39mtoISOString())[33m;[39m
     [90m    |[39m             [31m[1m^[22m[39m
     [90m 40 |[39m     
     [90m 41 |[39m     [90m// In production, this would be:[39m
     [90m 42 |[39m     [90m// const subject = 'เธฃเธซเธฑเธช OTP 
เธชเธณเธซเธฃเธฑเธเน€เธเนเธฒเธ–เธถเธเนเธเธเธเธญเธฃเนเธกเธเธญเธเธเธธเธ“';[39m[0m

      at console.log (node_modules/@jest/console/build/index.js:147:10)
      at sendOTPEmail (app/api/draft/[token]/request-otp/route.ts:39:13)
      at POST (app/api/draft/[token]/request-otp/route.ts:170:29)
      at app/api/draft/[token]/request-otp/__tests__/request-otp.property.test.ts:837:30
      at AsyncProperty.run (node_modules/fast-check/lib/cjs/check/property/AsyncProperty.generic.js:46:28)
      at asyncRunIt (node_modules/fast-check/lib/cjs/check/runner/Runner.js:28:21)
      at Object.<anonymous> (app/api/draft/[token]/request-otp/__tests__/request-otp.property.test.ts:801:7)


  โ—  Cannot log after tests are done. Did you forget to wait for something async in your test?
    Attempted to log "OTP email would be sent to: prop-test-1772510307945-warhp2@example.com".

    [0m [90m 35 |[39m     [90m// TODO: Implement actual email sending using nodemailer[39m
     [90m 36 |[39m     [90m// For now, we'll log the OTP for testing[39m
    [31m[1m>[22m[39m[90m 37 |[39m     console[33m.[39mlog([32m'OTP email would be sent 
to:'[39m[33m,[39m email)[33m;[39m
     [90m    |[39m             [31m[1m^[22m[39m
     [90m 38 |[39m     console[33m.[39mlog([32m'OTP:'[39m[33m,[39m otp)[33m;[39m
     [90m 39 |[39m     console[33m.[39mlog([32m'Expires at:'[39m[33m,[39m 
expiresAt[33m.[39mtoISOString())[33m;[39m
     [90m 40 |[39m     [0m

      at console.log (node_modules/@jest/console/build/index.js:147:10)
      at sendOTPEmail (app/api/draft/[token]/request-otp/route.ts:37:13)
      at POST (app/api/draft/[token]/request-otp/route.ts:170:29)
      at app/api/draft/[token]/request-otp/__tests__/request-otp.property.test.ts:837:30
      at AsyncProperty.run (node_modules/fast-check/lib/cjs/check/property/AsyncProperty.generic.js:46:28)
      at asyncRunIt (node_modules/fast-check/lib/cjs/check/runner/Runner.js:28:21)
      at Object.<anonymous> (app/api/draft/[token]/request-otp/__tests__/request-otp.property.test.ts:801:7)


  โ—  Cannot log after tests are done. Did you forget to wait for something async in your test?
    Attempted to log "OTP: 775794".

    [0m [90m 36 |[39m     [90m// For now, we'll log the OTP for testing[39m
     [90m 37 |[39m     console[33m.[39mlog([32m'OTP email would be sent to:'[39m[33m,[39m 
email)[33m;[39m
    [31m[1m>[22m[39m[90m 38 |[39m     console[33m.[39mlog([32m'OTP:'[39m[33m,[39m otp)[33m;[39m
     [90m    |[39m             [31m[1m^[22m[39m
     [90m 39 |[39m     console[33m.[39mlog([32m'Expires at:'[39m[33m,[39m 
expiresAt[33m.[39mtoISOString())[33m;[39m
     [90m 40 |[39m     
     [90m 41 |[39m     [90m// In production, this would be:[39m[0m

      at console.log (node_modules/@jest/console/build/index.js:147:10)
      at sendOTPEmail (app/api/draft/[token]/request-otp/route.ts:38:13)
      at POST (app/api/draft/[token]/request-otp/route.ts:170:29)
      at app/api/draft/[token]/request-otp/__tests__/request-otp.property.test.ts:837:30
      at AsyncProperty.run (node_modules/fast-check/lib/cjs/check/property/AsyncProperty.generic.js:46:28)
      at asyncRunIt (node_modules/fast-check/lib/cjs/check/runner/Runner.js:28:21)
      at Object.<anonymous> (app/api/draft/[token]/request-otp/__tests__/request-otp.property.test.ts:801:7)


  โ—  Cannot log after tests are done. Did you forget to wait for something async in your test?
    Attempted to log "Expires at: 2026-03-03T04:08:28.002Z".

    [0m [90m 37 |[39m     console[33m.[39mlog([32m'OTP email would be sent to:'[39m[33m,[39m 
email)[33m;[39m
     [90m 38 |[39m     console[33m.[39mlog([32m'OTP:'[39m[33m,[39m otp)[33m;[39m
    [31m[1m>[22m[39m[90m 39 |[39m     console[33m.[39mlog([32m'Expires at:'[39m[33m,[39m 
expiresAt[33m.[39mtoISOString())[33m;[39m
     [90m    |[39m             [31m[1m^[22m[39m
     [90m 40 |[39m     
     [90m 41 |[39m     [90m// In production, this would be:[39m
     [90m 42 |[39m     [90m// const subject = 'เธฃเธซเธฑเธช OTP 
เธชเธณเธซเธฃเธฑเธเน€เธเนเธฒเธ–เธถเธเนเธเธเธเธญเธฃเนเธกเธเธญเธเธเธธเธ“';[39m[0m

      at console.log (node_modules/@jest/console/build/index.js:147:10)
      at sendOTPEmail (app/api/draft/[token]/request-otp/route.ts:39:13)
      at POST (app/api/draft/[token]/request-otp/route.ts:170:29)
      at app/api/draft/[token]/request-otp/__tests__/request-otp.property.test.ts:837:30
      at AsyncProperty.run (node_modules/fast-check/lib/cjs/check/property/AsyncProperty.generic.js:46:28)
      at asyncRunIt (node_modules/fast-check/lib/cjs/check/runner/Runner.js:28:21)
      at Object.<anonymous> (app/api/draft/[token]/request-otp/__tests__/request-otp.property.test.ts:801:7)


  โ—  Cannot log after tests are done. Did you forget to wait for something async in your test?
    Attempted to log "OTP email would be sent to: prop-test-1772510308009-e01jn@example.com".

    [0m [90m 35 |[39m     [90m// TODO: Implement actual email sending using nodemailer[39m
     [90m 36 |[39m     [90m// For now, we'll log the OTP for testing[39m
    [31m[1m>[22m[39m[90m 37 |[39m     console[33m.[39mlog([32m'OTP email would be sent 
to:'[39m[33m,[39m email)[33m;[39m
     [90m    |[39m             [31m[1m^[22m[39m
     [90m 38 |[39m     console[33m.[39mlog([32m'OTP:'[39m[33m,[39m otp)[33m;[39m
     [90m 39 |[39m     console[33m.[39mlog([32m'Expires at:'[39m[33m,[39m 
expiresAt[33m.[39mtoISOString())[33m;[39m
     [90m 40 |[39m     [0m

      at console.log (node_modules/@jest/console/build/index.js:147:10)
      at sendOTPEmail (app/api/draft/[token]/request-otp/route.ts:37:13)
      at POST (app/api/draft/[token]/request-otp/route.ts:170:29)
      at app/api/draft/[token]/request-otp/__tests__/request-otp.property.test.ts:837:30
      at AsyncProperty.run (node_modules/fast-check/lib/cjs/check/property/AsyncProperty.generic.js:46:28)
      at asyncRunIt (node_modules/fast-check/lib/cjs/check/runner/Runner.js:28:21)
      at Object.<anonymous> (app/api/draft/[token]/request-otp/__tests__/request-otp.property.test.ts:801:7)


  โ—  Cannot log after tests are done. Did you forget to wait for something async in your test?
    Attempted to log "OTP: 122197".

    [0m [90m 36 |[39m     [90m// For now, we'll log the OTP for testing[39m
     [90m 37 |[39m     console[33m.[39mlog([32m'OTP email would be sent to:'[39m[33m,[39m 
email)[33m;[39m
    [31m[1m>[22m[39m[90m 38 |[39m     console[33m.[39mlog([32m'OTP:'[39m[33m,[39m otp)[33m;[39m
     [90m    |[39m             [31m[1m^[22m[39m
     [90m 39 |[39m     console[33m.[39mlog([32m'Expires at:'[39m[33m,[39m 
expiresAt[33m.[39mtoISOString())[33m;[39m
     [90m 40 |[39m     
     [90m 41 |[39m     [90m// In production, this would be:[39m[0m

      at console.log (node_modules/@jest/console/build/index.js:147:10)
      at sendOTPEmail (app/api/draft/[token]/request-otp/route.ts:38:13)
      at POST (app/api/draft/[token]/request-otp/route.ts:170:29)
      at app/api/draft/[token]/request-otp/__tests__/request-otp.property.test.ts:837:30
      at AsyncProperty.run (node_modules/fast-check/lib/cjs/check/property/AsyncProperty.generic.js:46:28)
      at asyncRunIt (node_modules/fast-check/lib/cjs/check/runner/Runner.js:28:21)
      at Object.<anonymous> (app/api/draft/[token]/request-otp/__tests__/request-otp.property.test.ts:801:7)


  โ—  Cannot log after tests are done. Did you forget to wait for something async in your test?
    Attempted to log "Expires at: 2026-03-03T04:08:28.065Z".

    [0m [90m 37 |[39m     console[33m.[39mlog([32m'OTP email would be sent to:'[39m[33m,[39m 
email)[33m;[39m
     [90m 38 |[39m     console[33m.[39mlog([32m'OTP:'[39m[33m,[39m otp)[33m;[39m
    [31m[1m>[22m[39m[90m 39 |[39m     console[33m.[39mlog([32m'Expires at:'[39m[33m,[39m 
expiresAt[33m.[39mtoISOString())[33m;[39m
     [90m    |[39m             [31m[1m^[22m[39m
     [90m 40 |[39m     
     [90m 41 |[39m     [90m// In production, this would be:[39m
     [90m 42 |[39m     [90m// const subject = 'เธฃเธซเธฑเธช OTP 
เธชเธณเธซเธฃเธฑเธเน€เธเนเธฒเธ–เธถเธเนเธเธเธเธญเธฃเนเธกเธเธญเธเธเธธเธ“';[39m[0m

      at console.log (node_modules/@jest/console/build/index.js:147:10)
      at sendOTPEmail (app/api/draft/[token]/request-otp/route.ts:39:13)
      at POST (app/api/draft/[token]/request-otp/route.ts:170:29)
      at app/api/draft/[token]/request-otp/__tests__/request-otp.property.test.ts:837:30
      at AsyncProperty.run (node_modules/fast-check/lib/cjs/check/property/AsyncProperty.generic.js:46:28)
      at asyncRunIt (node_modules/fast-check/lib/cjs/check/runner/Runner.js:28:21)
      at Object.<anonymous> (app/api/draft/[token]/request-otp/__tests__/request-otp.property.test.ts:801:7)


  โ—  Cannot log after tests are done. Did you forget to wait for something async in your test?
    Attempted to log "OTP email would be sent to: prop-test-1772510308074-sx3pe@example.com".

    [0m [90m 35 |[39m     [90m// TODO: Implement actual email sending using nodemailer[39m
     [90m 36 |[39m     [90m// For now, we'll log the OTP for testing[39m
    [31m[1m>[22m[39m[90m 37 |[39m     console[33m.[39mlog([32m'OTP email would be sent 
to:'[39m[33m,[39m email)[33m;[39m
     [90m    |[39m             [31m[1m^[22m[39m
     [90m 38 |[39m     console[33m.[39mlog([32m'OTP:'[39m[33m,[39m otp)[33m;[39m
     [90m 39 |[39m     console[33m.[39mlog([32m'Expires at:'[39m[33m,[39m 
expiresAt[33m.[39mtoISOString())[33m;[39m
     [90m 40 |[39m     [0m

      at console.log (node_modules/@jest/console/build/index.js:147:10)
      at sendOTPEmail (app/api/draft/[token]/request-otp/route.ts:37:13)
      at POST (app/api/draft/[token]/request-otp/route.ts:170:29)
      at app/api/draft/[token]/request-otp/__tests__/request-otp.property.test.ts:837:30
      at AsyncProperty.run (node_modules/fast-check/lib/cjs/check/property/AsyncProperty.generic.js:46:28)
      at asyncRunIt (node_modules/fast-check/lib/cjs/check/runner/Runner.js:28:21)
      at Object.<anonymous> (app/api/draft/[token]/request-otp/__tests__/request-otp.property.test.ts:801:7)


  โ—  Cannot log after tests are done. Did you forget to wait for something async in your test?
    Attempted to log "OTP: 218728".

    [0m [90m 36 |[39m     [90m// For now, we'll log the OTP for testing[39m
     [90m 37 |[39m     console[33m.[39mlog([32m'OTP email would be sent to:'[39m[33m,[39m 
email)[33m;[39m
    [31m[1m>[22m[39m[90m 38 |[39m     console[33m.[39mlog([32m'OTP:'[39m[33m,[39m otp)[33m;[39m
     [90m    |[39m             [31m[1m^[22m[39m
     [90m 39 |[39m     console[33m.[39mlog([32m'Expires at:'[39m[33m,[39m 
expiresAt[33m.[39mtoISOString())[33m;[39m
     [90m 40 |[39m     
     [90m 41 |[39m     [90m// In production, this would be:[39m[0m

      at console.log (node_modules/@jest/console/build/index.js:147:10)
      at sendOTPEmail (app/api/draft/[token]/request-otp/route.ts:38:13)
      at POST (app/api/draft/[token]/request-otp/route.ts:170:29)
      at app/api/draft/[token]/request-otp/__tests__/request-otp.property.test.ts:837:30
      at AsyncProperty.run (node_modules/fast-check/lib/cjs/check/property/AsyncProperty.generic.js:46:28)
      at asyncRunIt (node_modules/fast-check/lib/cjs/check/runner/Runner.js:28:21)
      at Object.<anonymous> (app/api/draft/[token]/request-otp/__tests__/request-otp.property.test.ts:801:7)


  โ—  Cannot log after tests are done. Did you forget to wait for something async in your test?
    Attempted to log "Expires at: 2026-03-03T04:08:28.129Z".

    [0m [90m 37 |[39m     console[33m.[39mlog([32m'OTP email would be sent to:'[39m[33m,[39m 
email)[33m;[39m
     [90m 38 |[39m     console[33m.[39mlog([32m'OTP:'[39m[33m,[39m otp)[33m;[39m
    [31m[1m>[22m[39m[90m 39 |[39m     console[33m.[39mlog([32m'Expires at:'[39m[33m,[39m 
expiresAt[33m.[39mtoISOString())[33m;[39m
     [90m    |[39m             [31m[1m^[22m[39m
     [90m 40 |[39m     
     [90m 41 |[39m     [90m// In production, this would be:[39m
     [90m 42 |[39m     [90m// const subject = 'เธฃเธซเธฑเธช OTP 
เธชเธณเธซเธฃเธฑเธเน€เธเนเธฒเธ–เธถเธเนเธเธเธเธญเธฃเนเธกเธเธญเธเธเธธเธ“';[39m[0m

      at console.log (node_modules/@jest/console/build/index.js:147:10)
      at sendOTPEmail (app/api/draft/[token]/request-otp/route.ts:39:13)
      at POST (app/api/draft/[token]/request-otp/route.ts:170:29)
      at app/api/draft/[token]/request-otp/__tests__/request-otp.property.test.ts:837:30
      at AsyncProperty.run (node_modules/fast-check/lib/cjs/check/property/AsyncProperty.generic.js:46:28)
      at asyncRunIt (node_modules/fast-check/lib/cjs/check/runner/Runner.js:28:21)
      at Object.<anonymous> (app/api/draft/[token]/request-otp/__tests__/request-otp.property.test.ts:801:7)


  โ—  Cannot log after tests are done. Did you forget to wait for something async in your test?
    Attempted to log "OTP email would be sent to: prop-test-1772510308139-8dblwj@example.com".

    [0m [90m 35 |[39m     [90m// TODO: Implement actual email sending using nodemailer[39m
     [90m 36 |[39m     [90m// For now, we'll log the OTP for testing[39m
    [31m[1m>[22m[39m[90m 37 |[39m     console[33m.[39mlog([32m'OTP email would be sent 
to:'[39m[33m,[39m email)[33m;[39m
     [90m    |[39m             [31m[1m^[22m[39m
     [90m 38 |[39m     console[33m.[39mlog([32m'OTP:'[39m[33m,[39m otp)[33m;[39m
     [90m 39 |[39m     console[33m.[39mlog([32m'Expires at:'[39m[33m,[39m 
expiresAt[33m.[39mtoISOString())[33m;[39m
     [90m 40 |[39m     [0m

      at console.log (node_modules/@jest/console/build/index.js:147:10)
      at sendOTPEmail (app/api/draft/[token]/request-otp/route.ts:37:13)
      at POST (app/api/draft/[token]/request-otp/route.ts:170:29)
      at app/api/draft/[token]/request-otp/__tests__/request-otp.property.test.ts:837:30
      at AsyncProperty.run (node_modules/fast-check/lib/cjs/check/property/AsyncProperty.generic.js:46:28)
      at asyncRunIt (node_modules/fast-check/lib/cjs/check/runner/Runner.js:28:21)
      at Object.<anonymous> (app/api/draft/[token]/request-otp/__tests__/request-otp.property.test.ts:801:7)


  โ—  Cannot log after tests are done. Did you forget to wait for something async in your test?
    Attempted to log "OTP: 938743".

    [0m [90m 36 |[39m     [90m// For now, we'll log the OTP for testing[39m
     [90m 37 |[39m     console[33m.[39mlog([32m'OTP email would be sent to:'[39m[33m,[39m 
email)[33m;[39m
    [31m[1m>[22m[39m[90m 38 |[39m     console[33m.[39mlog([32m'OTP:'[39m[33m,[39m otp)[33m;[39m
     [90m    |[39m             [31m[1m^[22m[39m
     [90m 39 |[39m     console[33m.[39mlog([32m'Expires at:'[39m[33m,[39m 
expiresAt[33m.[39mtoISOString())[33m;[39m
     [90m 40 |[39m     
     [90m 41 |[39m     [90m// In production, this would be:[39m[0m

      at console.log (node_modules/@jest/console/build/index.js:147:10)
      at sendOTPEmail (app/api/draft/[token]/request-otp/route.ts:38:13)
      at POST (app/api/draft/[token]/request-otp/route.ts:170:29)
      at app/api/draft/[token]/request-otp/__tests__/request-otp.property.test.ts:837:30
      at AsyncProperty.run (node_modules/fast-check/lib/cjs/check/property/AsyncProperty.generic.js:46:28)
      at asyncRunIt (node_modules/fast-check/lib/cjs/check/runner/Runner.js:28:21)
      at Object.<anonymous> (app/api/draft/[token]/request-otp/__tests__/request-otp.property.test.ts:801:7)


  โ—  Cannot log after tests are done. Did you forget to wait for something async in your test?
    Attempted to log "Expires at: 2026-03-03T04:08:28.194Z".

    [0m [90m 37 |[39m     console[33m.[39mlog([32m'OTP email would be sent to:'[39m[33m,[39m 
email)[33m;[39m
     [90m 38 |[39m     console[33m.[39mlog([32m'OTP:'[39m[33m,[39m otp)[33m;[39m
    [31m[1m>[22m[39m[90m 39 |[39m     console[33m.[39mlog([32m'Expires at:'[39m[33m,[39m 
expiresAt[33m.[39mtoISOString())[33m;[39m
     [90m    |[39m             [31m[1m^[22m[39m
     [90m 40 |[39m     
     [90m 41 |[39m     [90m// In production, this would be:[39m
     [90m 42 |[39m     [90m// const subject = 'เธฃเธซเธฑเธช OTP 
เธชเธณเธซเธฃเธฑเธเน€เธเนเธฒเธ–เธถเธเนเธเธเธเธญเธฃเนเธกเธเธญเธเธเธธเธ“';[39m[0m

      at console.log (node_modules/@jest/console/build/index.js:147:10)
      at sendOTPEmail (app/api/draft/[token]/request-otp/route.ts:39:13)
      at POST (app/api/draft/[token]/request-otp/route.ts:170:29)
      at app/api/draft/[token]/request-otp/__tests__/request-otp.property.test.ts:837:30
      at AsyncProperty.run (node_modules/fast-check/lib/cjs/check/property/AsyncProperty.generic.js:46:28)
      at asyncRunIt (node_modules/fast-check/lib/cjs/check/runner/Runner.js:28:21)
      at Object.<anonymous> (app/api/draft/[token]/request-otp/__tests__/request-otp.property.test.ts:801:7)


  โ—  Cannot log after tests are done. Did you forget to wait for something async in your test?
    Attempted to log "OTP email would be sent to: prop-test-1772510308201-25o68m@example.com".

    [0m [90m 35 |[39m     [90m// TODO: Implement actual email sending using nodemailer[39m
     [90m 36 |[39m     [90m// For now, we'll log the OTP for testing[39m
    [31m[1m>[22m[39m[90m 37 |[39m     console[33m.[39mlog([32m'OTP email would be sent 
to:'[39m[33m,[39m email)[33m;[39m
     [90m    |[39m             [31m[1m^[22m[39m
     [90m 38 |[39m     console[33m.[39mlog([32m'OTP:'[39m[33m,[39m otp)[33m;[39m
     [90m 39 |[39m     console[33m.[39mlog([32m'Expires at:'[39m[33m,[39m 
expiresAt[33m.[39mtoISOString())[33m;[39m
     [90m 40 |[39m     [0m

      at console.log (node_modules/@jest/console/build/index.js:147:10)
      at sendOTPEmail (app/api/draft/[token]/request-otp/route.ts:37:13)
      at POST (app/api/draft/[token]/request-otp/route.ts:170:29)
      at app/api/draft/[token]/request-otp/__tests__/request-otp.property.test.ts:837:30
      at AsyncProperty.run (node_modules/fast-check/lib/cjs/check/property/AsyncProperty.generic.js:46:28)
      at asyncRunIt (node_modules/fast-check/lib/cjs/check/runner/Runner.js:28:21)
      at Object.<anonymous> (app/api/draft/[token]/request-otp/__tests__/request-otp.property.test.ts:801:7)


  โ—  Cannot log after tests are done. Did you forget to wait for something async in your test?
    Attempted to log "OTP: 192822".

    [0m [90m 36 |[39m     [90m// For now, we'll log the OTP for testing[39m
     [90m 37 |[39m     console[33m.[39mlog([32m'OTP email would be sent to:'[39m[33m,[39m 
email)[33m;[39m
    [31m[1m>[22m[39m[90m 38 |[39m     console[33m.[39mlog([32m'OTP:'[39m[33m,[39m otp)[33m;[39m
     [90m    |[39m             [31m[1m^[22m[39m
     [90m 39 |[39m     console[33m.[39mlog([32m'Expires at:'[39m[33m,[39m 
expiresAt[33m.[39mtoISOString())[33m;[39m
     [90m 40 |[39m     
     [90m 41 |[39m     [90m// In production, this would be:[39m[0m

      at console.log (node_modules/@jest/console/build/index.js:147:10)
      at sendOTPEmail (app/api/draft/[token]/request-otp/route.ts:38:13)
      at POST (app/api/draft/[token]/request-otp/route.ts:170:29)
      at app/api/draft/[token]/request-otp/__tests__/request-otp.property.test.ts:837:30
      at AsyncProperty.run (node_modules/fast-check/lib/cjs/check/property/AsyncProperty.generic.js:46:28)
      at asyncRunIt (node_modules/fast-check/lib/cjs/check/runner/Runner.js:28:21)
      at Object.<anonymous> (app/api/draft/[token]/request-otp/__tests__/request-otp.property.test.ts:801:7)


  โ—  Cannot log after tests are done. Did you forget to wait for something async in your test?
    Attempted to log "Expires at: 2026-03-03T04:08:28.258Z".

    [0m [90m 37 |[39m     console[33m.[39mlog([32m'OTP email would be sent to:'[39m[33m,[39m 
email)[33m;[39m
     [90m 38 |[39m     console[33m.[39mlog([32m'OTP:'[39m[33m,[39m otp)[33m;[39m
    [31m[1m>[22m[39m[90m 39 |[39m     console[33m.[39mlog([32m'Expires at:'[39m[33m,[39m 
expiresAt[33m.[39mtoISOString())[33m;[39m
     [90m    |[39m             [31m[1m^[22m[39m
     [90m 40 |[39m     
     [90m 41 |[39m     [90m// In production, this would be:[39m
     [90m 42 |[39m     [90m// const subject = 'เธฃเธซเธฑเธช OTP 
เธชเธณเธซเธฃเธฑเธเน€เธเนเธฒเธ–เธถเธเนเธเธเธเธญเธฃเนเธกเธเธญเธเธเธธเธ“';[39m[0m

      at console.log (node_modules/@jest/console/build/index.js:147:10)
      at sendOTPEmail (app/api/draft/[token]/request-otp/route.ts:39:13)
      at POST (app/api/draft/[token]/request-otp/route.ts:170:29)
      at app/api/draft/[token]/request-otp/__tests__/request-otp.property.test.ts:837:30
      at AsyncProperty.run (node_modules/fast-check/lib/cjs/check/property/AsyncProperty.generic.js:46:28)
      at asyncRunIt (node_modules/fast-check/lib/cjs/check/runner/Runner.js:28:21)
      at Object.<anonymous> (app/api/draft/[token]/request-otp/__tests__/request-otp.property.test.ts:801:7)


  โ—  Cannot log after tests are done. Did you forget to wait for something async in your test?
    Attempted to log "OTP email would be sent to: prop-test-1772510308264-91r8mo@example.com".

    [0m [90m 35 |[39m     [90m// TODO: Implement actual email sending using nodemailer[39m
     [90m 36 |[39m     [90m// For now, we'll log the OTP for testing[39m
    [31m[1m>[22m[39m[90m 37 |[39m     console[33m.[39mlog([32m'OTP email would be sent 
to:'[39m[33m,[39m email)[33m;[39m
     [90m    |[39m             [31m[1m^[22m[39m
     [90m 38 |[39m     console[33m.[39mlog([32m'OTP:'[39m[33m,[39m otp)[33m;[39m
     [90m 39 |[39m     console[33m.[39mlog([32m'Expires at:'[39m[33m,[39m 
expiresAt[33m.[39mtoISOString())[33m;[39m
     [90m 40 |[39m     [0m

      at console.log (node_modules/@jest/console/build/index.js:147:10)
      at sendOTPEmail (app/api/draft/[token]/request-otp/route.ts:37:13)
      at POST (app/api/draft/[token]/request-otp/route.ts:170:29)
      at app/api/draft/[token]/request-otp/__tests__/request-otp.property.test.ts:837:30
      at AsyncProperty.run (node_modules/fast-check/lib/cjs/check/property/AsyncProperty.generic.js:46:28)
      at asyncRunIt (node_modules/fast-check/lib/cjs/check/runner/Runner.js:28:21)
      at Object.<anonymous> (app/api/draft/[token]/request-otp/__tests__/request-otp.property.test.ts:801:7)


  โ—  Cannot log after tests are done. Did you forget to wait for something async in your test?
    Attempted to log "OTP: 635879".

    [0m [90m 36 |[39m     [90m// For now, we'll log the OTP for testing[39m
     [90m 37 |[39m     console[33m.[39mlog([32m'OTP email would be sent to:'[39m[33m,[39m 
email)[33m;[39m
    [31m[1m>[22m[39m[90m 38 |[39m     console[33m.[39mlog([32m'OTP:'[39m[33m,[39m otp)[33m;[39m
     [90m    |[39m             [31m[1m^[22m[39m
     [90m 39 |[39m     console[33m.[39mlog([32m'Expires at:'[39m[33m,[39m 
expiresAt[33m.[39mtoISOString())[33m;[39m
     [90m 40 |[39m     
     [90m 41 |[39m     [90m// In production, this would be:[39m[0m

      at console.log (node_modules/@jest/console/build/index.js:147:10)
      at sendOTPEmail (app/api/draft/[token]/request-otp/route.ts:38:13)
      at POST (app/api/draft/[token]/request-otp/route.ts:170:29)
      at app/api/draft/[token]/request-otp/__tests__/request-otp.property.test.ts:837:30
      at AsyncProperty.run (node_modules/fast-check/lib/cjs/check/property/AsyncProperty.generic.js:46:28)
      at asyncRunIt (node_modules/fast-check/lib/cjs/check/runner/Runner.js:28:21)
      at Object.<anonymous> (app/api/draft/[token]/request-otp/__tests__/request-otp.property.test.ts:801:7)


  โ—  Cannot log after tests are done. Did you forget to wait for something async in your test?
    Attempted to log "Expires at: 2026-03-03T04:08:28.318Z".

    [0m [90m 37 |[39m     console[33m.[39mlog([32m'OTP email would be sent to:'[39m[33m,[39m 
email)[33m;[39m
     [90m 38 |[39m     console[33m.[39mlog([32m'OTP:'[39m[33m,[39m otp)[33m;[39m
    [31m[1m>[22m[39m[90m 39 |[39m     console[33m.[39mlog([32m'Expires at:'[39m[33m,[39m 
expiresAt[33m.[39mtoISOString())[33m;[39m
     [90m    |[39m             [31m[1m^[22m[39m
     [90m 40 |[39m     
     [90m 41 |[39m     [90m// In production, this would be:[39m
     [90m 42 |[39m     [90m// const subject = 'เธฃเธซเธฑเธช OTP 
เธชเธณเธซเธฃเธฑเธเน€เธเนเธฒเธ–เธถเธเนเธเธเธเธญเธฃเนเธกเธเธญเธเธเธธเธ“';[39m[0m

      at console.log (node_modules/@jest/console/build/index.js:147:10)
      at sendOTPEmail (app/api/draft/[token]/request-otp/route.ts:39:13)
      at POST (app/api/draft/[token]/request-otp/route.ts:170:29)
      at app/api/draft/[token]/request-otp/__tests__/request-otp.property.test.ts:837:30
      at AsyncProperty.run (node_modules/fast-check/lib/cjs/check/property/AsyncProperty.generic.js:46:28)
      at asyncRunIt (node_modules/fast-check/lib/cjs/check/runner/Runner.js:28:21)
      at Object.<anonymous> (app/api/draft/[token]/request-otp/__tests__/request-otp.property.test.ts:801:7)


  โ—  Cannot log after tests are done. Did you forget to wait for something async in your test?
    Attempted to log "OTP email would be sent to: prop-test-1772510308326-z0sn1l@example.com".

    [0m [90m 35 |[39m     [90m// TODO: Implement actual email sending using nodemailer[39m
     [90m 36 |[39m     [90m// For now, we'll log the OTP for testing[39m
    [31m[1m>[22m[39m[90m 37 |[39m     console[33m.[39mlog([32m'OTP email would be sent 
to:'[39m[33m,[39m email)[33m;[39m
     [90m    |[39m             [31m[1m^[22m[39m
     [90m 38 |[39m     console[33m.[39mlog([32m'OTP:'[39m[33m,[39m otp)[33m;[39m
     [90m 39 |[39m     console[33m.[39mlog([32m'Expires at:'[39m[33m,[39m 
expiresAt[33m.[39mtoISOString())[33m;[39m
     [90m 40 |[39m     [0m

      at console.log (node_modules/@jest/console/build/index.js:147:10)
      at sendOTPEmail (app/api/draft/[token]/request-otp/route.ts:37:13)
      at POST (app/api/draft/[token]/request-otp/route.ts:170:29)
      at app/api/draft/[token]/request-otp/__tests__/request-otp.property.test.ts:837:30
      at AsyncProperty.run (node_modules/fast-check/lib/cjs/check/property/AsyncProperty.generic.js:46:28)
      at asyncRunIt (node_modules/fast-check/lib/cjs/check/runner/Runner.js:28:21)
      at Object.<anonymous> (app/api/draft/[token]/request-otp/__tests__/request-otp.property.test.ts:801:7)


  โ—  Cannot log after tests are done. Did you forget to wait for something async in your test?
    Attempted to log "OTP: 340144".

    [0m [90m 36 |[39m     [90m// For now, we'll log the OTP for testing[39m
     [90m 37 |[39m     console[33m.[39mlog([32m'OTP email would be sent to:'[39m[33m,[39m 
email)[33m;[39m
    [31m[1m>[22m[39m[90m 38 |[39m     console[33m.[39mlog([32m'OTP:'[39m[33m,[39m otp)[33m;[39m
     [90m    |[39m             [31m[1m^[22m[39m
     [90m 39 |[39m     console[33m.[39mlog([32m'Expires at:'[39m[33m,[39m 
expiresAt[33m.[39mtoISOString())[33m;[39m
     [90m 40 |[39m     
     [90m 41 |[39m     [90m// In production, this would be:[39m[0m

      at console.log (node_modules/@jest/console/build/index.js:147:10)
      at sendOTPEmail (app/api/draft/[token]/request-otp/route.ts:38:13)
      at POST (app/api/draft/[token]/request-otp/route.ts:170:29)
      at app/api/draft/[token]/request-otp/__tests__/request-otp.property.test.ts:837:30
      at AsyncProperty.run (node_modules/fast-check/lib/cjs/check/property/AsyncProperty.generic.js:46:28)
      at asyncRunIt (node_modules/fast-check/lib/cjs/check/runner/Runner.js:28:21)
      at Object.<anonymous> (app/api/draft/[token]/request-otp/__tests__/request-otp.property.test.ts:801:7)


  โ—  Cannot log after tests are done. Did you forget to wait for something async in your test?
    Attempted to log "Expires at: 2026-03-03T04:08:28.381Z".

    [0m [90m 37 |[39m     console[33m.[39mlog([32m'OTP email would be sent to:'[39m[33m,[39m 
email)[33m;[39m
     [90m 38 |[39m     console[33m.[39mlog([32m'OTP:'[39m[33m,[39m otp)[33m;[39m
    [31m[1m>[22m[39m[90m 39 |[39m     console[33m.[39mlog([32m'Expires at:'[39m[33m,[39m 
expiresAt[33m.[39mtoISOString())[33m;[39m
     [90m    |[39m             [31m[1m^[22m[39m
     [90m 40 |[39m     
     [90m 41 |[39m     [90m// In production, this would be:[39m
     [90m 42 |[39m     [90m// const subject = 'เธฃเธซเธฑเธช OTP 
เธชเธณเธซเธฃเธฑเธเน€เธเนเธฒเธ–เธถเธเนเธเธเธเธญเธฃเนเธกเธเธญเธเธเธธเธ“';[39m[0m

      at console.log (node_modules/@jest/console/build/index.js:147:10)
      at sendOTPEmail (app/api/draft/[token]/request-otp/route.ts:39:13)
      at POST (app/api/draft/[token]/request-otp/route.ts:170:29)
      at app/api/draft/[token]/request-otp/__tests__/request-otp.property.test.ts:837:30
      at AsyncProperty.run (node_modules/fast-check/lib/cjs/check/property/AsyncProperty.generic.js:46:28)
      at asyncRunIt (node_modules/fast-check/lib/cjs/check/runner/Runner.js:28:21)
      at Object.<anonymous> (app/api/draft/[token]/request-otp/__tests__/request-otp.property.test.ts:801:7)


  โ—  Cannot log after tests are done. Did you forget to wait for something async in your test?
    Attempted to log "OTP email would be sent to: prop-test-1772510308389-l6ih3q@example.com".

    [0m [90m 35 |[39m     [90m// TODO: Implement actual email sending using nodemailer[39m
     [90m 36 |[39m     [90m// For now, we'll log the OTP for testing[39m
    [31m[1m>[22m[39m[90m 37 |[39m     console[33m.[39mlog([32m'OTP email would be sent 
to:'[39m[33m,[39m email)[33m;[39m
     [90m    |[39m             [31m[1m^[22m[39m
     [90m 38 |[39m     console[33m.[39mlog([32m'OTP:'[39m[33m,[39m otp)[33m;[39m
     [90m 39 |[39m     console[33m.[39mlog([32m'Expires at:'[39m[33m,[39m 
expiresAt[33m.[39mtoISOString())[33m;[39m
     [90m 40 |[39m     [0m

      at console.log (node_modules/@jest/console/build/index.js:147:10)
      at sendOTPEmail (app/api/draft/[token]/request-otp/route.ts:37:13)
      at POST (app/api/draft/[token]/request-otp/route.ts:170:29)
      at app/api/draft/[token]/request-otp/__tests__/request-otp.property.test.ts:837:30
      at AsyncProperty.run (node_modules/fast-check/lib/cjs/check/property/AsyncProperty.generic.js:46:28)
      at asyncRunIt (node_modules/fast-check/lib/cjs/check/runner/Runner.js:28:21)
      at Object.<anonymous> (app/api/draft/[token]/request-otp/__tests__/request-otp.property.test.ts:801:7)


  โ—  Cannot log after tests are done. Did you forget to wait for something async in your test?
    Attempted to log "OTP: 196108".

    [0m [90m 36 |[39m     [90m// For now, we'll log the OTP for testing[39m
     [90m 37 |[39m     console[33m.[39mlog([32m'OTP email would be sent to:'[39m[33m,[39m 
email)[33m;[39m
    [31m[1m>[22m[39m[90m 38 |[39m     console[33m.[39mlog([32m'OTP:'[39m[33m,[39m otp)[33m;[39m
     [90m    |[39m             [31m[1m^[22m[39m
     [90m 39 |[39m     console[33m.[39mlog([32m'Expires at:'[39m[33m,[39m 
expiresAt[33m.[39mtoISOString())[33m;[39m
     [90m 40 |[39m     
     [90m 41 |[39m     [90m// In production, this would be:[39m[0m

      at console.log (node_modules/@jest/console/build/index.js:147:10)
      at sendOTPEmail (app/api/draft/[token]/request-otp/route.ts:38:13)
      at POST (app/api/draft/[token]/request-otp/route.ts:170:29)
      at app/api/draft/[token]/request-otp/__tests__/request-otp.property.test.ts:837:30
      at AsyncProperty.run (node_modules/fast-check/lib/cjs/check/property/AsyncProperty.generic.js:46:28)
      at asyncRunIt (node_modules/fast-check/lib/cjs/check/runner/Runner.js:28:21)
      at Object.<anonymous> (app/api/draft/[token]/request-otp/__tests__/request-otp.property.test.ts:801:7)


  โ—  Cannot log after tests are done. Did you forget to wait for something async in your test?
    Attempted to log "Expires at: 2026-03-03T04:08:28.443Z".

    [0m [90m 37 |[39m     console[33m.[39mlog([32m'OTP email would be sent to:'[39m[33m,[39m 
email)[33m;[39m
     [90m 38 |[39m     console[33m.[39mlog([32m'OTP:'[39m[33m,[39m otp)[33m;[39m
    [31m[1m>[22m[39m[90m 39 |[39m     console[33m.[39mlog([32m'Expires at:'[39m[33m,[39m 
expiresAt[33m.[39mtoISOString())[33m;[39m
     [90m    |[39m             [31m[1m^[22m[39m
     [90m 40 |[39m     
     [90m 41 |[39m     [90m// In production, this would be:[39m
     [90m 42 |[39m     [90m// const subject = 'เธฃเธซเธฑเธช OTP 
เธชเธณเธซเธฃเธฑเธเน€เธเนเธฒเธ–เธถเธเนเธเธเธเธญเธฃเนเธกเธเธญเธเธเธธเธ“';[39m[0m

      at console.log (node_modules/@jest/console/build/index.js:147:10)
      at sendOTPEmail (app/api/draft/[token]/request-otp/route.ts:39:13)
      at POST (app/api/draft/[token]/request-otp/route.ts:170:29)
      at app/api/draft/[token]/request-otp/__tests__/request-otp.property.test.ts:837:30
      at AsyncProperty.run (node_modules/fast-check/lib/cjs/check/property/AsyncProperty.generic.js:46:28)
      at asyncRunIt (node_modules/fast-check/lib/cjs/check/runner/Runner.js:28:21)
      at Object.<anonymous> (app/api/draft/[token]/request-otp/__tests__/request-otp.property.test.ts:801:7)


  โ—  Cannot log after tests are done. Did you forget to wait for something async in your test?
    Attempted to log "OTP email would be sent to: prop-test-1772510308449-yho35@example.com".

    [0m [90m 35 |[39m     [90m// TODO: Implement actual email sending using nodemailer[39m
     [90m 36 |[39m     [90m// For now, we'll log the OTP for testing[39m
    [31m[1m>[22m[39m[90m 37 |[39m     console[33m.[39mlog([32m'OTP email would be sent 
to:'[39m[33m,[39m email)[33m;[39m
     [90m    |[39m             [31m[1m^[22m[39m
     [90m 38 |[39m     console[33m.[39mlog([32m'OTP:'[39m[33m,[39m otp)[33m;[39m
     [90m 39 |[39m     console[33m.[39mlog([32m'Expires at:'[39m[33m,[39m 
expiresAt[33m.[39mtoISOString())[33m;[39m
     [90m 40 |[39m     [0m

      at console.log (node_modules/@jest/console/build/index.js:147:10)
      at sendOTPEmail (app/api/draft/[token]/request-otp/route.ts:37:13)
      at POST (app/api/draft/[token]/request-otp/route.ts:170:29)
      at app/api/draft/[token]/request-otp/__tests__/request-otp.property.test.ts:837:30
      at AsyncProperty.run (node_modules/fast-check/lib/cjs/check/property/AsyncProperty.generic.js:46:28)
      at asyncRunIt (node_modules/fast-check/lib/cjs/check/runner/Runner.js:28:21)
      at Object.<anonymous> (app/api/draft/[token]/request-otp/__tests__/request-otp.property.test.ts:801:7)


  โ—  Cannot log after tests are done. Did you forget to wait for something async in your test?
    Attempted to log "OTP: 080841".

    [0m [90m 36 |[39m     [90m// For now, we'll log the OTP for testing[39m
     [90m 37 |[39m     console[33m.[39mlog([32m'OTP email would be sent to:'[39m[33m,[39m 
email)[33m;[39m
    [31m[1m>[22m[39m[90m 38 |[39m     console[33m.[39mlog([32m'OTP:'[39m[33m,[39m otp)[33m;[39m
     [90m    |[39m             [31m[1m^[22m[39m
     [90m 39 |[39m     console[33m.[39mlog([32m'Expires at:'[39m[33m,[39m 
expiresAt[33m.[39mtoISOString())[33m;[39m
     [90m 40 |[39m     
     [90m 41 |[39m     [90m// In production, this would be:[39m[0m

      at console.log (node_modules/@jest/console/build/index.js:147:10)
      at sendOTPEmail (app/api/draft/[token]/request-otp/route.ts:38:13)
      at POST (app/api/draft/[token]/request-otp/route.ts:170:29)
      at app/api/draft/[token]/request-otp/__tests__/request-otp.property.test.ts:837:30
      at AsyncProperty.run (node_modules/fast-check/lib/cjs/check/property/AsyncProperty.generic.js:46:28)
      at asyncRunIt (node_modules/fast-check/lib/cjs/check/runner/Runner.js:28:21)
      at Object.<anonymous> (app/api/draft/[token]/request-otp/__tests__/request-otp.property.test.ts:801:7)


  โ—  Cannot log after tests are done. Did you forget to wait for something async in your test?
    Attempted to log "Expires at: 2026-03-03T04:08:28.505Z".

    [0m [90m 37 |[39m     console[33m.[39mlog([32m'OTP email would be sent to:'[39m[33m,[39m 
email)[33m;[39m
     [90m 38 |[39m     console[33m.[39mlog([32m'OTP:'[39m[33m,[39m otp)[33m;[39m
    [31m[1m>[22m[39m[90m 39 |[39m     console[33m.[39mlog([32m'Expires at:'[39m[33m,[39m 
expiresAt[33m.[39mtoISOString())[33m;[39m
     [90m    |[39m             [31m[1m^[22m[39m
     [90m 40 |[39m     
     [90m 41 |[39m     [90m// In production, this would be:[39m
     [90m 42 |[39m     [90m// const subject = 'เธฃเธซเธฑเธช OTP 
เธชเธณเธซเธฃเธฑเธเน€เธเนเธฒเธ–เธถเธเนเธเธเธเธญเธฃเนเธกเธเธญเธเธเธธเธ“';[39m[0m

      at console.log (node_modules/@jest/console/build/index.js:147:10)
      at sendOTPEmail (app/api/draft/[token]/request-otp/route.ts:39:13)
      at POST (app/api/draft/[token]/request-otp/route.ts:170:29)
      at app/api/draft/[token]/request-otp/__tests__/request-otp.property.test.ts:837:30
      at AsyncProperty.run (node_modules/fast-check/lib/cjs/check/property/AsyncProperty.generic.js:46:28)
      at asyncRunIt (node_modules/fast-check/lib/cjs/check/runner/Runner.js:28:21)
      at Object.<anonymous> (app/api/draft/[token]/request-otp/__tests__/request-otp.property.test.ts:801:7)


  โ—  Cannot log after tests are done. Did you forget to wait for something async in your test?
    Attempted to log "OTP email would be sent to: prop-test-1772510308511-nsazan@example.com".

    [0m [90m 35 |[39m     [90m// TODO: Implement actual email sending using nodemailer[39m
     [90m 36 |[39m     [90m// For now, we'll log the OTP for testing[39m
    [31m[1m>[22m[39m[90m 37 |[39m     console[33m.[39mlog([32m'OTP email would be sent 
to:'[39m[33m,[39m email)[33m;[39m
     [90m    |[39m             [31m[1m^[22m[39m
     [90m 38 |[39m     console[33m.[39mlog([32m'OTP:'[39m[33m,[39m otp)[33m;[39m
     [90m 39 |[39m     console[33m.[39mlog([32m'Expires at:'[39m[33m,[39m 
expiresAt[33m.[39mtoISOString())[33m;[39m
     [90m 40 |[39m     [0m

      at console.log (node_modules/@jest/console/build/index.js:147:10)
      at sendOTPEmail (app/api/draft/[token]/request-otp/route.ts:37:13)
      at POST (app/api/draft/[token]/request-otp/route.ts:170:29)
      at app/api/draft/[token]/request-otp/__tests__/request-otp.property.test.ts:837:30
      at AsyncProperty.run (node_modules/fast-check/lib/cjs/check/property/AsyncProperty.generic.js:46:28)
      at asyncRunIt (node_modules/fast-check/lib/cjs/check/runner/Runner.js:28:21)
      at Object.<anonymous> (app/api/draft/[token]/request-otp/__tests__/request-otp.property.test.ts:801:7)


  โ—  Cannot log after tests are done. Did you forget to wait for something async in your test?
    Attempted to log "OTP: 848280".

    [0m [90m 36 |[39m     [90m// For now, we'll log the OTP for testing[39m
     [90m 37 |[39m     console[33m.[39mlog([32m'OTP email would be sent to:'[39m[33m,[39m 
email)[33m;[39m
    [31m[1m>[22m[39m[90m 38 |[39m     console[33m.[39mlog([32m'OTP:'[39m[33m,[39m otp)[33m;[39m
     [90m    |[39m             [31m[1m^[22m[39m
     [90m 39 |[39m     console[33m.[39mlog([32m'Expires at:'[39m[33m,[39m 
expiresAt[33m.[39mtoISOString())[33m;[39m
     [90m 40 |[39m     
     [90m 41 |[39m     [90m// In production, this would be:[39m[0m

      at console.log (node_modules/@jest/console/build/index.js:147:10)
      at sendOTPEmail (app/api/draft/[token]/request-otp/route.ts:38:13)
      at POST (app/api/draft/[token]/request-otp/route.ts:170:29)
      at app/api/draft/[token]/request-otp/__tests__/request-otp.property.test.ts:837:30
      at AsyncProperty.run (node_modules/fast-check/lib/cjs/check/property/AsyncProperty.generic.js:46:28)
      at asyncRunIt (node_modules/fast-check/lib/cjs/check/runner/Runner.js:28:21)
      at Object.<anonymous> (app/api/draft/[token]/request-otp/__tests__/request-otp.property.test.ts:801:7)


  โ—  Cannot log after tests are done. Did you forget to wait for something async in your test?
    Attempted to log "Expires at: 2026-03-03T04:08:28.566Z".

    [0m [90m 37 |[39m     console[33m.[39mlog([32m'OTP email would be sent to:'[39m[33m,[39m 
email)[33m;[39m
     [90m 38 |[39m     console[33m.[39mlog([32m'OTP:'[39m[33m,[39m otp)[33m;[39m
    [31m[1m>[22m[39m[90m 39 |[39m     console[33m.[39mlog([32m'Expires at:'[39m[33m,[39m 
expiresAt[33m.[39mtoISOString())[33m;[39m
     [90m    |[39m             [31m[1m^[22m[39m
     [90m 40 |[39m     
     [90m 41 |[39m     [90m// In production, this would be:[39m
     [90m 42 |[39m     [90m// const subject = 'เธฃเธซเธฑเธช OTP 
เธชเธณเธซเธฃเธฑเธเน€เธเนเธฒเธ–เธถเธเนเธเธเธเธญเธฃเนเธกเธเธญเธเธเธธเธ“';[39m[0m

      at console.log (node_modules/@jest/console/build/index.js:147:10)
      at sendOTPEmail (app/api/draft/[token]/request-otp/route.ts:39:13)
      at POST (app/api/draft/[token]/request-otp/route.ts:170:29)
      at app/api/draft/[token]/request-otp/__tests__/request-otp.property.test.ts:837:30
      at AsyncProperty.run (node_modules/fast-check/lib/cjs/check/property/AsyncProperty.generic.js:46:28)
      at asyncRunIt (node_modules/fast-check/lib/cjs/check/runner/Runner.js:28:21)
      at Object.<anonymous> (app/api/draft/[token]/request-otp/__tests__/request-otp.property.test.ts:801:7)


  โ—  Cannot log after tests are done. Did you forget to wait for something async in your test?
    Attempted to log "OTP email would be sent to: prop-test-1772510308574-o2s80u@example.com".

    [0m [90m 35 |[39m     [90m// TODO: Implement actual email sending using nodemailer[39m
     [90m 36 |[39m     [90m// For now, we'll log the OTP for testing[39m
    [31m[1m>[22m[39m[90m 37 |[39m     console[33m.[39mlog([32m'OTP email would be sent 
to:'[39m[33m,[39m email)[33m;[39m
     [90m    |[39m             [31m[1m^[22m[39m
     [90m 38 |[39m     console[33m.[39mlog([32m'OTP:'[39m[33m,[39m otp)[33m;[39m
     [90m 39 |[39m     console[33m.[39mlog([32m'Expires at:'[39m[33m,[39m 
expiresAt[33m.[39mtoISOString())[33m;[39m
     [90m 40 |[39m     [0m

      at console.log (node_modules/@jest/console/build/index.js:147:10)
      at sendOTPEmail (app/api/draft/[token]/request-otp/route.ts:37:13)
      at POST (app/api/draft/[token]/request-otp/route.ts:170:29)
      at app/api/draft/[token]/request-otp/__tests__/request-otp.property.test.ts:837:30
      at AsyncProperty.run (node_modules/fast-check/lib/cjs/check/property/AsyncProperty.generic.js:46:28)
      at asyncRunIt (node_modules/fast-check/lib/cjs/check/runner/Runner.js:28:21)
      at Object.<anonymous> (app/api/draft/[token]/request-otp/__tests__/request-otp.property.test.ts:801:7)


  โ—  Cannot log after tests are done. Did you forget to wait for something async in your test?
    Attempted to log "OTP: 599106".

    [0m [90m 36 |[39m     [90m// For now, we'll log the OTP for testing[39m
     [90m 37 |[39m     console[33m.[39mlog([32m'OTP email would be sent to:'[39m[33m,[39m 
email)[33m;[39m
    [31m[1m>[22m[39m[90m 38 |[39m     console[33m.[39mlog([32m'OTP:'[39m[33m,[39m otp)[33m;[39m
     [90m    |[39m             [31m[1m^[22m[39m
     [90m 39 |[39m     console[33m.[39mlog([32m'Expires at:'[39m[33m,[39m 
expiresAt[33m.[39mtoISOString())[33m;[39m
     [90m 40 |[39m     
     [90m 41 |[39m     [90m// In production, this would be:[39m[0m

      at console.log (node_modules/@jest/console/build/index.js:147:10)
      at sendOTPEmail (app/api/draft/[token]/request-otp/route.ts:38:13)
      at POST (app/api/draft/[token]/request-otp/route.ts:170:29)
      at app/api/draft/[token]/request-otp/__tests__/request-otp.property.test.ts:837:30
      at AsyncProperty.run (node_modules/fast-check/lib/cjs/check/property/AsyncProperty.generic.js:46:28)
      at asyncRunIt (node_modules/fast-check/lib/cjs/check/runner/Runner.js:28:21)
      at Object.<anonymous> (app/api/draft/[token]/request-otp/__tests__/request-otp.property.test.ts:801:7)


  โ—  Cannot log after tests are done. Did you forget to wait for something async in your test?
    Attempted to log "Expires at: 2026-03-03T04:08:28.628Z".

    [0m [90m 37 |[39m     console[33m.[39mlog([32m'OTP email would be sent to:'[39m[33m,[39m 
email)[33m;[39m
     [90m 38 |[39m     console[33m.[39mlog([32m'OTP:'[39m[33m,[39m otp)[33m;[39m
    [31m[1m>[22m[39m[90m 39 |[39m     console[33m.[39mlog([32m'Expires at:'[39m[33m,[39m 
expiresAt[33m.[39mtoISOString())[33m;[39m
     [90m    |[39m             [31m[1m^[22m[39m
     [90m 40 |[39m     
     [90m 41 |[39m     [90m// In production, this would be:[39m
     [90m 42 |[39m     [90m// const subject = 'เธฃเธซเธฑเธช OTP 
เธชเธณเธซเธฃเธฑเธเน€เธเนเธฒเธ–เธถเธเนเธเธเธเธญเธฃเนเธกเธเธญเธเธเธธเธ“';[39m[0m

      at console.log (node_modules/@jest/console/build/index.js:147:10)
      at sendOTPEmail (app/api/draft/[token]/request-otp/route.ts:39:13)
      at POST (app/api/draft/[token]/request-otp/route.ts:170:29)
      at app/api/draft/[token]/request-otp/__tests__/request-otp.property.test.ts:837:30
      at AsyncProperty.run (node_modules/fast-check/lib/cjs/check/property/AsyncProperty.generic.js:46:28)
      at asyncRunIt (node_modules/fast-check/lib/cjs/check/runner/Runner.js:28:21)
      at Object.<anonymous> (app/api/draft/[token]/request-otp/__tests__/request-otp.property.test.ts:801:7)


  โ—  Cannot log after tests are done. Did you forget to wait for something async in your test?
    Attempted to log "OTP email would be sent to: prop-test-1772510308636-ptpvr8d@example.com".

    [0m [90m 35 |[39m     [90m// TODO: Implement actual email sending using nodemailer[39m
     [90m 36 |[39m     [90m// For now, we'll log the OTP for testing[39m
    [31m[1m>[22m[39m[90m 37 |[39m     console[33m.[39mlog([32m'OTP email would be sent 
to:'[39m[33m,[39m email)[33m;[39m
     [90m    |[39m             [31m[1m^[22m[39m
     [90m 38 |[39m     console[33m.[39mlog([32m'OTP:'[39m[33m,[39m otp)[33m;[39m
     [90m 39 |[39m     console[33m.[39mlog([32m'Expires at:'[39m[33m,[39m 
expiresAt[33m.[39mtoISOString())[33m;[39m
     [90m 40 |[39m     [0m

      at console.log (node_modules/@jest/console/build/index.js:147:10)
      at sendOTPEmail (app/api/draft/[token]/request-otp/route.ts:37:13)
      at POST (app/api/draft/[token]/request-otp/route.ts:170:29)
      at app/api/draft/[token]/request-otp/__tests__/request-otp.property.test.ts:837:30
      at AsyncProperty.run (node_modules/fast-check/lib/cjs/check/property/AsyncProperty.generic.js:46:28)
      at asyncRunIt (node_modules/fast-check/lib/cjs/check/runner/Runner.js:28:21)
      at Object.<anonymous> (app/api/draft/[token]/request-otp/__tests__/request-otp.property.test.ts:801:7)


  โ—  Cannot log after tests are done. Did you forget to wait for something async in your test?
    Attempted to log "OTP: 338337".

    [0m [90m 36 |[39m     [90m// For now, we'll log the OTP for testing[39m
     [90m 37 |[39m     console[33m.[39mlog([32m'OTP email would be sent to:'[39m[33m,[39m 
email)[33m;[39m
    [31m[1m>[22m[39m[90m 38 |[39m     console[33m.[39mlog([32m'OTP:'[39m[33m,[39m otp)[33m;[39m
     [90m    |[39m             [31m[1m^[22m[39m
     [90m 39 |[39m     console[33m.[39mlog([32m'Expires at:'[39m[33m,[39m 
expiresAt[33m.[39mtoISOString())[33m;[39m
     [90m 40 |[39m     
     [90m 41 |[39m     [90m// In production, this would be:[39m[0m

      at console.log (node_modules/@jest/console/build/index.js:147:10)
      at sendOTPEmail (app/api/draft/[token]/request-otp/route.ts:38:13)
      at POST (app/api/draft/[token]/request-otp/route.ts:170:29)
      at app/api/draft/[token]/request-otp/__tests__/request-otp.property.test.ts:837:30
      at AsyncProperty.run (node_modules/fast-check/lib/cjs/check/property/AsyncProperty.generic.js:46:28)
      at asyncRunIt (node_modules/fast-check/lib/cjs/check/runner/Runner.js:28:21)
      at Object.<anonymous> (app/api/draft/[token]/request-otp/__tests__/request-otp.property.test.ts:801:7)


  โ—  Cannot log after tests are done. Did you forget to wait for something async in your test?
    Attempted to log "Expires at: 2026-03-03T04:08:28.690Z".

    [0m [90m 37 |[39m     console[33m.[39mlog([32m'OTP email would be sent to:'[39m[33m,[39m 
email)[33m;[39m
     [90m 38 |[39m     console[33m.[39mlog([32m'OTP:'[39m[33m,[39m otp)[33m;[39m
    [31m[1m>[22m[39m[90m 39 |[39m     console[33m.[39mlog([32m'Expires at:'[39m[33m,[39m 
expiresAt[33m.[39mtoISOString())[33m;[39m
     [90m    |[39m             [31m[1m^[22m[39m
     [90m 40 |[39m     
     [90m 41 |[39m     [90m// In production, this would be:[39m
     [90m 42 |[39m     [90m// const subject = 'เธฃเธซเธฑเธช OTP 
เธชเธณเธซเธฃเธฑเธเน€เธเนเธฒเธ–เธถเธเนเธเธเธเธญเธฃเนเธกเธเธญเธเธเธธเธ“';[39m[0m

      at console.log (node_modules/@jest/console/build/index.js:147:10)
      at sendOTPEmail (app/api/draft/[token]/request-otp/route.ts:39:13)
      at POST (app/api/draft/[token]/request-otp/route.ts:170:29)
      at app/api/draft/[token]/request-otp/__tests__/request-otp.property.test.ts:837:30
      at AsyncProperty.run (node_modules/fast-check/lib/cjs/check/property/AsyncProperty.generic.js:46:28)
      at asyncRunIt (node_modules/fast-check/lib/cjs/check/runner/Runner.js:28:21)
      at Object.<anonymous> (app/api/draft/[token]/request-otp/__tests__/request-otp.property.test.ts:801:7)


  โ—  Cannot log after tests are done. Did you forget to wait for something async in your test?
    Attempted to log "OTP email would be sent to: prop-test-1772510308698-4epkcp@example.com".

    [0m [90m 35 |[39m     [90m// TODO: Implement actual email sending using nodemailer[39m
     [90m 36 |[39m     [90m// For now, we'll log the OTP for testing[39m
    [31m[1m>[22m[39m[90m 37 |[39m     console[33m.[39mlog([32m'OTP email would be sent 
to:'[39m[33m,[39m email)[33m;[39m
     [90m    |[39m             [31m[1m^[22m[39m
     [90m 38 |[39m     console[33m.[39mlog([32m'OTP:'[39m[33m,[39m otp)[33m;[39m
     [90m 39 |[39m     console[33m.[39mlog([32m'Expires at:'[39m[33m,[39m 
expiresAt[33m.[39mtoISOString())[33m;[39m
     [90m 40 |[39m     [0m

      at console.log (node_modules/@jest/console/build/index.js:147:10)
      at sendOTPEmail (app/api/draft/[token]/request-otp/route.ts:37:13)
      at POST (app/api/draft/[token]/request-otp/route.ts:170:29)
      at app/api/draft/[token]/request-otp/__tests__/request-otp.property.test.ts:837:30
      at AsyncProperty.run (node_modules/fast-check/lib/cjs/check/property/AsyncProperty.generic.js:46:28)
      at asyncRunIt (node_modules/fast-check/lib/cjs/check/runner/Runner.js:28:21)
      at Object.<anonymous> (app/api/draft/[token]/request-otp/__tests__/request-otp.property.test.ts:801:7)


  โ—  Cannot log after tests are done. Did you forget to wait for something async in your test?
    Attempted to log "OTP: 297137".

    [0m [90m 36 |[39m     [90m// For now, we'll log the OTP for testing[39m
     [90m 37 |[39m     console[33m.[39mlog([32m'OTP email would be sent to:'[39m[33m,[39m 
email)[33m;[39m
    [31m[1m>[22m[39m[90m 38 |[39m     console[33m.[39mlog([32m'OTP:'[39m[33m,[39m otp)[33m;[39m
     [90m    |[39m             [31m[1m^[22m[39m
     [90m 39 |[39m     console[33m.[39mlog([32m'Expires at:'[39m[33m,[39m 
expiresAt[33m.[39mtoISOString())[33m;[39m
     [90m 40 |[39m     
     [90m 41 |[39m     [90m// In production, this would be:[39m[0m

      at console.log (node_modules/@jest/console/build/index.js:147:10)
      at sendOTPEmail (app/api/draft/[token]/request-otp/route.ts:38:13)
      at POST (app/api/draft/[token]/request-otp/route.ts:170:29)
      at app/api/draft/[token]/request-otp/__tests__/request-otp.property.test.ts:837:30
      at AsyncProperty.run (node_modules/fast-check/lib/cjs/check/property/AsyncProperty.generic.js:46:28)
      at asyncRunIt (node_modules/fast-check/lib/cjs/check/runner/Runner.js:28:21)
      at Object.<anonymous> (app/api/draft/[token]/request-otp/__tests__/request-otp.property.test.ts:801:7)


  โ—  Cannot log after tests are done. Did you forget to wait for something async in your test?
    Attempted to log "Expires at: 2026-03-03T04:08:28.757Z".

    [0m [90m 37 |[39m     console[33m.[39mlog([32m'OTP email would be sent to:'[39m[33m,[39m 
email)[33m;[39m
     [90m 38 |[39m     console[33m.[39mlog([32m'OTP:'[39m[33m,[39m otp)[33m;[39m
    [31m[1m>[22m[39m[90m 39 |[39m     console[33m.[39mlog([32m'Expires at:'[39m[33m,[39m 
expiresAt[33m.[39mtoISOString())[33m;[39m
     [90m    |[39m             [31m[1m^[22m[39m
     [90m 40 |[39m     
     [90m 41 |[39m     [90m// In production, this would be:[39m
     [90m 42 |[39m     [90m// const subject = 'เธฃเธซเธฑเธช OTP 
เธชเธณเธซเธฃเธฑเธเน€เธเนเธฒเธ–เธถเธเนเธเธเธเธญเธฃเนเธกเธเธญเธเธเธธเธ“';[39m[0m

      at console.log (node_modules/@jest/console/build/index.js:147:10)
      at sendOTPEmail (app/api/draft/[token]/request-otp/route.ts:39:13)
      at POST (app/api/draft/[token]/request-otp/route.ts:170:29)
      at app/api/draft/[token]/request-otp/__tests__/request-otp.property.test.ts:837:30
      at AsyncProperty.run (node_modules/fast-check/lib/cjs/check/property/AsyncProperty.generic.js:46:28)
      at asyncRunIt (node_modules/fast-check/lib/cjs/check/runner/Runner.js:28:21)
      at Object.<anonymous> (app/api/draft/[token]/request-otp/__tests__/request-otp.property.test.ts:801:7)


  โ—  Cannot log after tests are done. Did you forget to wait for something async in your test?
    Attempted to log "OTP email would be sent to: prop-test-1772510308765-8chvj@example.com".

    [0m [90m 35 |[39m     [90m// TODO: Implement actual email sending using nodemailer[39m
     [90m 36 |[39m     [90m// For now, we'll log the OTP for testing[39m
    [31m[1m>[22m[39m[90m 37 |[39m     console[33m.[39mlog([32m'OTP email would be sent 
to:'[39m[33m,[39m email)[33m;[39m
     [90m    |[39m             [31m[1m^[22m[39m
     [90m 38 |[39m     console[33m.[39mlog([32m'OTP:'[39m[33m,[39m otp)[33m;[39m
     [90m 39 |[39m     console[33m.[39mlog([32m'Expires at:'[39m[33m,[39m 
expiresAt[33m.[39mtoISOString())[33m;[39m
     [90m 40 |[39m     [0m

      at console.log (node_modules/@jest/console/build/index.js:147:10)
      at sendOTPEmail (app/api/draft/[token]/request-otp/route.ts:37:13)
      at POST (app/api/draft/[token]/request-otp/route.ts:170:29)
      at app/api/draft/[token]/request-otp/__tests__/request-otp.property.test.ts:837:30
      at AsyncProperty.run (node_modules/fast-check/lib/cjs/check/property/AsyncProperty.generic.js:46:28)
      at asyncRunIt (node_modules/fast-check/lib/cjs/check/runner/Runner.js:28:21)
      at Object.<anonymous> (app/api/draft/[token]/request-otp/__tests__/request-otp.property.test.ts:801:7)


  โ—  Cannot log after tests are done. Did you forget to wait for something async in your test?
    Attempted to log "OTP: 225021".

    [0m [90m 36 |[39m     [90m// For now, we'll log the OTP for testing[39m
     [90m 37 |[39m     console[33m.[39mlog([32m'OTP email would be sent to:'[39m[33m,[39m 
email)[33m;[39m
    [31m[1m>[22m[39m[90m 38 |[39m     console[33m.[39mlog([32m'OTP:'[39m[33m,[39m otp)[33m;[39m
     [90m    |[39m             [31m[1m^[22m[39m
     [90m 39 |[39m     console[33m.[39mlog([32m'Expires at:'[39m[33m,[39m 
expiresAt[33m.[39mtoISOString())[33m;[39m
     [90m 40 |[39m     
     [90m 41 |[39m     [90m// In production, this would be:[39m[0m

      at console.log (node_modules/@jest/console/build/index.js:147:10)
      at sendOTPEmail (app/api/draft/[token]/request-otp/route.ts:38:13)
      at POST (app/api/draft/[token]/request-otp/route.ts:170:29)
      at app/api/draft/[token]/request-otp/__tests__/request-otp.property.test.ts:837:30
      at AsyncProperty.run (node_modules/fast-check/lib/cjs/check/property/AsyncProperty.generic.js:46:28)
      at asyncRunIt (node_modules/fast-check/lib/cjs/check/runner/Runner.js:28:21)
      at Object.<anonymous> (app/api/draft/[token]/request-otp/__tests__/request-otp.property.test.ts:801:7)


  โ—  Cannot log after tests are done. Did you forget to wait for something async in your test?
    Attempted to log "Expires at: 2026-03-03T04:08:28.819Z".

    [0m [90m 37 |[39m     console[33m.[39mlog([32m'OTP email would be sent to:'[39m[33m,[39m 
email)[33m;[39m
     [90m 38 |[39m     console[33m.[39mlog([32m'OTP:'[39m[33m,[39m otp)[33m;[39m
    [31m[1m>[22m[39m[90m 39 |[39m     console[33m.[39mlog([32m'Expires at:'[39m[33m,[39m 
expiresAt[33m.[39mtoISOString())[33m;[39m
     [90m    |[39m             [31m[1m^[22m[39m
     [90m 40 |[39m     
     [90m 41 |[39m     [90m// In production, this would be:[39m
     [90m 42 |[39m     [90m// const subject = 'เธฃเธซเธฑเธช OTP 
เธชเธณเธซเธฃเธฑเธเน€เธเนเธฒเธ–เธถเธเนเธเธเธเธญเธฃเนเธกเธเธญเธเธเธธเธ“';[39m[0m

      at console.log (node_modules/@jest/console/build/index.js:147:10)
      at sendOTPEmail (app/api/draft/[token]/request-otp/route.ts:39:13)
      at POST (app/api/draft/[token]/request-otp/route.ts:170:29)
      at app/api/draft/[token]/request-otp/__tests__/request-otp.property.test.ts:837:30
      at AsyncProperty.run (node_modules/fast-check/lib/cjs/check/property/AsyncProperty.generic.js:46:28)
      at asyncRunIt (node_modules/fast-check/lib/cjs/check/runner/Runner.js:28:21)
      at Object.<anonymous> (app/api/draft/[token]/request-otp/__tests__/request-otp.property.test.ts:801:7)


  โ—  Cannot log after tests are done. Did you forget to wait for something async in your test?
    Attempted to log "OTP email would be sent to: prop-test-1772510308826-6w3wqr@example.com".

    [0m [90m 35 |[39m     [90m// TODO: Implement actual email sending using nodemailer[39m
     [90m 36 |[39m     [90m// For now, we'll log the OTP for testing[39m
    [31m[1m>[22m[39m[90m 37 |[39m     console[33m.[39mlog([32m'OTP email would be sent 
to:'[39m[33m,[39m email)[33m;[39m
     [90m    |[39m             [31m[1m^[22m[39m
     [90m 38 |[39m     console[33m.[39mlog([32m'OTP:'[39m[33m,[39m otp)[33m;[39m
     [90m 39 |[39m     console[33m.[39mlog([32m'Expires at:'[39m[33m,[39m 
expiresAt[33m.[39mtoISOString())[33m;[39m
     [90m 40 |[39m     [0m

      at console.log (node_modules/@jest/console/build/index.js:147:10)
      at sendOTPEmail (app/api/draft/[token]/request-otp/route.ts:37:13)
      at POST (app/api/draft/[token]/request-otp/route.ts:170:29)
      at app/api/draft/[token]/request-otp/__tests__/request-otp.property.test.ts:837:30
      at AsyncProperty.run (node_modules/fast-check/lib/cjs/check/property/AsyncProperty.generic.js:46:28)
      at asyncRunIt (node_modules/fast-check/lib/cjs/check/runner/Runner.js:28:21)
      at Object.<anonymous> (app/api/draft/[token]/request-otp/__tests__/request-otp.property.test.ts:801:7)


  โ—  Cannot log after tests are done. Did you forget to wait for something async in your test?
    Attempted to log "OTP: 742943".

    [0m [90m 36 |[39m     [90m// For now, we'll log the OTP for testing[39m
     [90m 37 |[39m     console[33m.[39mlog([32m'OTP email would be sent to:'[39m[33m,[39m 
email)[33m;[39m
    [31m[1m>[22m[39m[90m 38 |[39m     console[33m.[39mlog([32m'OTP:'[39m[33m,[39m otp)[33m;[39m
     [90m    |[39m             [31m[1m^[22m[39m
     [90m 39 |[39m     console[33m.[39mlog([32m'Expires at:'[39m[33m,[39m 
expiresAt[33m.[39mtoISOString())[33m;[39m
     [90m 40 |[39m     
     [90m 41 |[39m     [90m// In production, this would be:[39m[0m

      at console.log (node_modules/@jest/console/build/index.js:147:10)
      at sendOTPEmail (app/api/draft/[token]/request-otp/route.ts:38:13)
      at POST (app/api/draft/[token]/request-otp/route.ts:170:29)
      at app/api/draft/[token]/request-otp/__tests__/request-otp.property.test.ts:837:30
      at AsyncProperty.run (node_modules/fast-check/lib/cjs/check/property/AsyncProperty.generic.js:46:28)
      at asyncRunIt (node_modules/fast-check/lib/cjs/check/runner/Runner.js:28:21)
      at Object.<anonymous> (app/api/draft/[token]/request-otp/__tests__/request-otp.property.test.ts:801:7)


  โ—  Cannot log after tests are done. Did you forget to wait for something async in your test?
    Attempted to log "Expires at: 2026-03-03T04:08:28.880Z".

    [0m [90m 37 |[39m     console[33m.[39mlog([32m'OTP email would be sent to:'[39m[33m,[39m 
email)[33m;[39m
     [90m 38 |[39m     console[33m.[39mlog([32m'OTP:'[39m[33m,[39m otp)[33m;[39m
    [31m[1m>[22m[39m[90m 39 |[39m     console[33m.[39mlog([32m'Expires at:'[39m[33m,[39m 
expiresAt[33m.[39mtoISOString())[33m;[39m
     [90m    |[39m             [31m[1m^[22m[39m
     [90m 40 |[39m     
     [90m 41 |[39m     [90m// In production, this would be:[39m
     [90m 42 |[39m     [90m// const subject = 'เธฃเธซเธฑเธช OTP 
เธชเธณเธซเธฃเธฑเธเน€เธเนเธฒเธ–เธถเธเนเธเธเธเธญเธฃเนเธกเธเธญเธเธเธธเธ“';[39m[0m

      at console.log (node_modules/@jest/console/build/index.js:147:10)
      at sendOTPEmail (app/api/draft/[token]/request-otp/route.ts:39:13)
      at POST (app/api/draft/[token]/request-otp/route.ts:170:29)
      at app/api/draft/[token]/request-otp/__tests__/request-otp.property.test.ts:837:30
      at AsyncProperty.run (node_modules/fast-check/lib/cjs/check/property/AsyncProperty.generic.js:46:28)
      at asyncRunIt (node_modules/fast-check/lib/cjs/check/runner/Runner.js:28:21)
      at Object.<anonymous> (app/api/draft/[token]/request-otp/__tests__/request-otp.property.test.ts:801:7)


  โ—  Cannot log after tests are done. Did you forget to wait for something async in your test?
    Attempted to log "OTP email would be sent to: prop-test-1772510308887-3jvrsp@example.com".

    [0m [90m 35 |[39m     [90m// TODO: Implement actual email sending using nodemailer[39m
     [90m 36 |[39m     [90m// For now, we'll log the OTP for testing[39m
    [31m[1m>[22m[39m[90m 37 |[39m     console[33m.[39mlog([32m'OTP email would be sent 
to:'[39m[33m,[39m email)[33m;[39m
     [90m    |[39m             [31m[1m^[22m[39m
     [90m 38 |[39m     console[33m.[39mlog([32m'OTP:'[39m[33m,[39m otp)[33m;[39m
     [90m 39 |[39m     console[33m.[39mlog([32m'Expires at:'[39m[33m,[39m 
expiresAt[33m.[39mtoISOString())[33m;[39m
     [90m 40 |[39m     [0m

      at console.log (node_modules/@jest/console/build/index.js:147:10)
      at sendOTPEmail (app/api/draft/[token]/request-otp/route.ts:37:13)
      at POST (app/api/draft/[token]/request-otp/route.ts:170:29)
      at app/api/draft/[token]/request-otp/__tests__/request-otp.property.test.ts:837:30
      at AsyncProperty.run (node_modules/fast-check/lib/cjs/check/property/AsyncProperty.generic.js:46:28)
      at asyncRunIt (node_modules/fast-check/lib/cjs/check/runner/Runner.js:28:21)
      at Object.<anonymous> (app/api/draft/[token]/request-otp/__tests__/request-otp.property.test.ts:801:7)


  โ—  Cannot log after tests are done. Did you forget to wait for something async in your test?
    Attempted to log "OTP: 626642".

    [0m [90m 36 |[39m     [90m// For now, we'll log the OTP for testing[39m
     [90m 37 |[39m     console[33m.[39mlog([32m'OTP email would be sent to:'[39m[33m,[39m 
email)[33m;[39m
    [31m[1m>[22m[39m[90m 38 |[39m     console[33m.[39mlog([32m'OTP:'[39m[33m,[39m otp)[33m;[39m
     [90m    |[39m             [31m[1m^[22m[39m
     [90m 39 |[39m     console[33m.[39mlog([32m'Expires at:'[39m[33m,[39m 
expiresAt[33m.[39mtoISOString())[33m;[39m
     [90m 40 |[39m     
     [90m 41 |[39m     [90m// In production, this would be:[39m[0m

      at console.log (node_modules/@jest/console/build/index.js:147:10)
      at sendOTPEmail (app/api/draft/[token]/request-otp/route.ts:38:13)
      at POST (app/api/draft/[token]/request-otp/route.ts:170:29)
      at app/api/draft/[token]/request-otp/__tests__/request-otp.property.test.ts:837:30
      at AsyncProperty.run (node_modules/fast-check/lib/cjs/check/property/AsyncProperty.generic.js:46:28)
      at asyncRunIt (node_modules/fast-check/lib/cjs/check/runner/Runner.js:28:21)
      at Object.<anonymous> (app/api/draft/[token]/request-otp/__tests__/request-otp.property.test.ts:801:7)


  โ—  Cannot log after tests are done. Did you forget to wait for something async in your test?
    Attempted to log "Expires at: 2026-03-03T04:08:28.942Z".

    [0m [90m 37 |[39m     console[33m.[39mlog([32m'OTP email would be sent to:'[39m[33m,[39m 
email)[33m;[39m
     [90m 38 |[39m     console[33m.[39mlog([32m'OTP:'[39m[33m,[39m otp)[33m;[39m
    [31m[1m>[22m[39m[90m 39 |[39m     console[33m.[39mlog([32m'Expires at:'[39m[33m,[39m 
expiresAt[33m.[39mtoISOString())[33m;[39m
     [90m    |[39m             [31m[1m^[22m[39m
     [90m 40 |[39m     
     [90m 41 |[39m     [90m// In production, this would be:[39m
     [90m 42 |[39m     [90m// const subject = 'เธฃเธซเธฑเธช OTP 
เธชเธณเธซเธฃเธฑเธเน€เธเนเธฒเธ–เธถเธเนเธเธเธเธญเธฃเนเธกเธเธญเธเธเธธเธ“';[39m[0m

      at console.log (node_modules/@jest/console/build/index.js:147:10)
      at sendOTPEmail (app/api/draft/[token]/request-otp/route.ts:39:13)
      at POST (app/api/draft/[token]/request-otp/route.ts:170:29)
      at app/api/draft/[token]/request-otp/__tests__/request-otp.property.test.ts:837:30
      at AsyncProperty.run (node_modules/fast-check/lib/cjs/check/property/AsyncProperty.generic.js:46:28)
      at asyncRunIt (node_modules/fast-check/lib/cjs/check/runner/Runner.js:28:21)
      at Object.<anonymous> (app/api/draft/[token]/request-otp/__tests__/request-otp.property.test.ts:801:7)


  โ—  Cannot log after tests are done. Did you forget to wait for something async in your test?
    Attempted to log "OTP email would be sent to: prop-test-1772510308950-pw28un@example.com".

    [0m [90m 35 |[39m     [90m// TODO: Implement actual email sending using nodemailer[39m
     [90m 36 |[39m     [90m// For now, we'll log the OTP for testing[39m
    [31m[1m>[22m[39m[90m 37 |[39m     console[33m.[39mlog([32m'OTP email would be sent 
to:'[39m[33m,[39m email)[33m;[39m
     [90m    |[39m             [31m[1m^[22m[39m
     [90m 38 |[39m     console[33m.[39mlog([32m'OTP:'[39m[33m,[39m otp)[33m;[39m
     [90m 39 |[39m     console[33m.[39mlog([32m'Expires at:'[39m[33m,[39m 
expiresAt[33m.[39mtoISOString())[33m;[39m
     [90m 40 |[39m     [0m

      at console.log (node_modules/@jest/console/build/index.js:147:10)
      at sendOTPEmail (app/api/draft/[token]/request-otp/route.ts:37:13)
      at POST (app/api/draft/[token]/request-otp/route.ts:170:29)
      at app/api/draft/[token]/request-otp/__tests__/request-otp.property.test.ts:837:30
      at AsyncProperty.run (node_modules/fast-check/lib/cjs/check/property/AsyncProperty.generic.js:46:28)
      at asyncRunIt (node_modules/fast-check/lib/cjs/check/runner/Runner.js:28:21)
      at Object.<anonymous> (app/api/draft/[token]/request-otp/__tests__/request-otp.property.test.ts:801:7)


  โ—  Cannot log after tests are done. Did you forget to wait for something async in your test?
    Attempted to log "OTP: 549308".

    [0m [90m 36 |[39m     [90m// For now, we'll log the OTP for testing[39m
     [90m 37 |[39m     console[33m.[39mlog([32m'OTP email would be sent to:'[39m[33m,[39m 
email)[33m;[39m
    [31m[1m>[22m[39m[90m 38 |[39m     console[33m.[39mlog([32m'OTP:'[39m[33m,[39m otp)[33m;[39m
     [90m    |[39m             [31m[1m^[22m[39m
     [90m 39 |[39m     console[33m.[39mlog([32m'Expires at:'[39m[33m,[39m 
expiresAt[33m.[39mtoISOString())[33m;[39m
     [90m 40 |[39m     
     [90m 41 |[39m     [90m// In production, this would be:[39m[0m

      at console.log (node_modules/@jest/console/build/index.js:147:10)
      at sendOTPEmail (app/api/draft/[token]/request-otp/route.ts:38:13)
      at POST (app/api/draft/[token]/request-otp/route.ts:170:29)
      at app/api/draft/[token]/request-otp/__tests__/request-otp.property.test.ts:837:30
      at AsyncProperty.run (node_modules/fast-check/lib/cjs/check/property/AsyncProperty.generic.js:46:28)
      at asyncRunIt (node_modules/fast-check/lib/cjs/check/runner/Runner.js:28:21)
      at Object.<anonymous> (app/api/draft/[token]/request-otp/__tests__/request-otp.property.test.ts:801:7)


  โ—  Cannot log after tests are done. Did you forget to wait for something async in your test?
    Attempted to log "Expires at: 2026-03-03T04:08:29.007Z".

    [0m [90m 37 |[39m     console[33m.[39mlog([32m'OTP email would be sent to:'[39m[33m,[39m 
email)[33m;[39m
     [90m 38 |[39m     console[33m.[39mlog([32m'OTP:'[39m[33m,[39m otp)[33m;[39m
    [31m[1m>[22m[39m[90m 39 |[39m     console[33m.[39mlog([32m'Expires at:'[39m[33m,[39m 
expiresAt[33m.[39mtoISOString())[33m;[39m
     [90m    |[39m             [31m[1m^[22m[39m
     [90m 40 |[39m     
     [90m 41 |[39m     [90m// In production, this would be:[39m
     [90m 42 |[39m     [90m// const subject = 'เธฃเธซเธฑเธช OTP 
เธชเธณเธซเธฃเธฑเธเน€เธเนเธฒเธ–เธถเธเนเธเธเธเธญเธฃเนเธกเธเธญเธเธเธธเธ“';[39m[0m

      at console.log (node_modules/@jest/console/build/index.js:147:10)
      at sendOTPEmail (app/api/draft/[token]/request-otp/route.ts:39:13)
      at POST (app/api/draft/[token]/request-otp/route.ts:170:29)
      at app/api/draft/[token]/request-otp/__tests__/request-otp.property.test.ts:837:30
      at AsyncProperty.run (node_modules/fast-check/lib/cjs/check/property/AsyncProperty.generic.js:46:28)
      at asyncRunIt (node_modules/fast-check/lib/cjs/check/runner/Runner.js:28:21)
      at Object.<anonymous> (app/api/draft/[token]/request-otp/__tests__/request-otp.property.test.ts:801:7)


  โ—  Cannot log after tests are done. Did you forget to wait for something async in your test?
    Attempted to log "OTP email would be sent to: prop-test-1772510309013-zjfyum@example.com".

    [0m [90m 35 |[39m     [90m// TODO: Implement actual email sending using nodemailer[39m
     [90m 36 |[39m     [90m// For now, we'll log the OTP for testing[39m
    [31m[1m>[22m[39m[90m 37 |[39m     console[33m.[39mlog([32m'OTP email would be sent 
to:'[39m[33m,[39m email)[33m;[39m
     [90m    |[39m             [31m[1m^[22m[39m
     [90m 38 |[39m     console[33m.[39mlog([32m'OTP:'[39m[33m,[39m otp)[33m;[39m
     [90m 39 |[39m     console[33m.[39mlog([32m'Expires at:'[39m[33m,[39m 
expiresAt[33m.[39mtoISOString())[33m;[39m
     [90m 40 |[39m     [0m

      at console.log (node_modules/@jest/console/build/index.js:147:10)
      at sendOTPEmail (app/api/draft/[token]/request-otp/route.ts:37:13)
      at POST (app/api/draft/[token]/request-otp/route.ts:170:29)
      at app/api/draft/[token]/request-otp/__tests__/request-otp.property.test.ts:837:30
      at AsyncProperty.run (node_modules/fast-check/lib/cjs/check/property/AsyncProperty.generic.js:46:28)
      at asyncRunIt (node_modules/fast-check/lib/cjs/check/runner/Runner.js:28:21)
      at Object.<anonymous> (app/api/draft/[token]/request-otp/__tests__/request-otp.property.test.ts:801:7)


  โ—  Cannot log after tests are done. Did you forget to wait for something async in your test?
    Attempted to log "OTP: 550561".

    [0m [90m 36 |[39m     [90m// For now, we'll log the OTP for testing[39m
     [90m 37 |[39m     console[33m.[39mlog([32m'OTP email would be sent to:'[39m[33m,[39m 
email)[33m;[39m
    [31m[1m>[22m[39m[90m 38 |[39m     console[33m.[39mlog([32m'OTP:'[39m[33m,[39m otp)[33m;[39m
     [90m    |[39m             [31m[1m^[22m[39m
     [90m 39 |[39m     console[33m.[39mlog([32m'Expires at:'[39m[33m,[39m 
expiresAt[33m.[39mtoISOString())[33m;[39m
     [90m 40 |[39m     
     [90m 41 |[39m     [90m// In production, this would be:[39m[0m

      at console.log (node_modules/@jest/console/build/index.js:147:10)
      at sendOTPEmail (app/api/draft/[token]/request-otp/route.ts:38:13)
      at POST (app/api/draft/[token]/request-otp/route.ts:170:29)
      at app/api/draft/[token]/request-otp/__tests__/request-otp.property.test.ts:837:30
      at AsyncProperty.run (node_modules/fast-check/lib/cjs/check/property/AsyncProperty.generic.js:46:28)
      at asyncRunIt (node_modules/fast-check/lib/cjs/check/runner/Runner.js:28:21)
      at Object.<anonymous> (app/api/draft/[token]/request-otp/__tests__/request-otp.property.test.ts:801:7)


  โ—  Cannot log after tests are done. Did you forget to wait for something async in your test?
    Attempted to log "Expires at: 2026-03-03T04:08:29.067Z".

    [0m [90m 37 |[39m     console[33m.[39mlog([32m'OTP email would be sent to:'[39m[33m,[39m 
email)[33m;[39m
     [90m 38 |[39m     console[33m.[39mlog([32m'OTP:'[39m[33m,[39m otp)[33m;[39m
    [31m[1m>[22m[39m[90m 39 |[39m     console[33m.[39mlog([32m'Expires at:'[39m[33m,[39m 
expiresAt[33m.[39mtoISOString())[33m;[39m
     [90m    |[39m             [31m[1m^[22m[39m
     [90m 40 |[39m     
     [90m 41 |[39m     [90m// In production, this would be:[39m
     [90m 42 |[39m     [90m// const subject = 'เธฃเธซเธฑเธช OTP 
เธชเธณเธซเธฃเธฑเธเน€เธเนเธฒเธ–เธถเธเนเธเธเธเธญเธฃเนเธกเธเธญเธเธเธธเธ“';[39m[0m

      at console.log (node_modules/@jest/console/build/index.js:147:10)
      at sendOTPEmail (app/api/draft/[token]/request-otp/route.ts:39:13)
      at POST (app/api/draft/[token]/request-otp/route.ts:170:29)
      at app/api/draft/[token]/request-otp/__tests__/request-otp.property.test.ts:837:30
      at AsyncProperty.run (node_modules/fast-check/lib/cjs/check/property/AsyncProperty.generic.js:46:28)
      at asyncRunIt (node_modules/fast-check/lib/cjs/check/runner/Runner.js:28:21)
      at Object.<anonymous> (app/api/draft/[token]/request-otp/__tests__/request-otp.property.test.ts:801:7)


  โ—  Cannot log after tests are done. Did you forget to wait for something async in your test?
    Attempted to log "OTP email would be sent to: prop-test-1772510309076-watvu@example.com".

    [0m [90m 35 |[39m     [90m// TODO: Implement actual email sending using nodemailer[39m
     [90m 36 |[39m     [90m// For now, we'll log the OTP for testing[39m
    [31m[1m>[22m[39m[90m 37 |[39m     console[33m.[39mlog([32m'OTP email would be sent 
to:'[39m[33m,[39m email)[33m;[39m
     [90m    |[39m             [31m[1m^[22m[39m
     [90m 38 |[39m     console[33m.[39mlog([32m'OTP:'[39m[33m,[39m otp)[33m;[39m
     [90m 39 |[39m     console[33m.[39mlog([32m'Expires at:'[39m[33m,[39m 
expiresAt[33m.[39mtoISOString())[33m;[39m
     [90m 40 |[39m     [0m

      at console.log (node_modules/@jest/console/build/index.js:147:10)
      at sendOTPEmail (app/api/draft/[token]/request-otp/route.ts:37:13)
      at POST (app/api/draft/[token]/request-otp/route.ts:170:29)
      at app/api/draft/[token]/request-otp/__tests__/request-otp.property.test.ts:837:30
      at AsyncProperty.run (node_modules/fast-check/lib/cjs/check/property/AsyncProperty.generic.js:46:28)
      at asyncRunIt (node_modules/fast-check/lib/cjs/check/runner/Runner.js:28:21)
      at Object.<anonymous> (app/api/draft/[token]/request-otp/__tests__/request-otp.property.test.ts:801:7)


  โ—  Cannot log after tests are done. Did you forget to wait for something async in your test?
    Attempted to log "OTP: 926727".

    [0m [90m 36 |[39m     [90m// For now, we'll log the OTP for testing[39m
     [90m 37 |[39m     console[33m.[39mlog([32m'OTP email would be sent to:'[39m[33m,[39m 
email)[33m;[39m
    [31m[1m>[22m[39m[90m 38 |[39m     console[33m.[39mlog([32m'OTP:'[39m[33m,[39m otp)[33m;[39m
     [90m    |[39m             [31m[1m^[22m[39m
     [90m 39 |[39m     console[33m.[39mlog([32m'Expires at:'[39m[33m,[39m 
expiresAt[33m.[39mtoISOString())[33m;[39m
     [90m 40 |[39m     
     [90m 41 |[39m     [90m// In production, this would be:[39m[0m

      at console.log (node_modules/@jest/console/build/index.js:147:10)
      at sendOTPEmail (app/api/draft/[token]/request-otp/route.ts:38:13)
      at POST (app/api/draft/[token]/request-otp/route.ts:170:29)
      at app/api/draft/[token]/request-otp/__tests__/request-otp.property.test.ts:837:30
      at AsyncProperty.run (node_modules/fast-check/lib/cjs/check/property/AsyncProperty.generic.js:46:28)
      at asyncRunIt (node_modules/fast-check/lib/cjs/check/runner/Runner.js:28:21)
      at Object.<anonymous> (app/api/draft/[token]/request-otp/__tests__/request-otp.property.test.ts:801:7)


  โ—  Cannot log after tests are done. Did you forget to wait for something async in your test?
    Attempted to log "Expires at: 2026-03-03T04:08:29.130Z".

    [0m [90m 37 |[39m     console[33m.[39mlog([32m'OTP email would be sent to:'[39m[33m,[39m 
email)[33m;[39m
     [90m 38 |[39m     console[33m.[39mlog([32m'OTP:'[39m[33m,[39m otp)[33m;[39m
    [31m[1m>[22m[39m[90m 39 |[39m     console[33m.[39mlog([32m'Expires at:'[39m[33m,[39m 
expiresAt[33m.[39mtoISOString())[33m;[39m
     [90m    |[39m             [31m[1m^[22m[39m
     [90m 40 |[39m     
     [90m 41 |[39m     [90m// In production, this would be:[39m
     [90m 42 |[39m     [90m// const subject = 'เธฃเธซเธฑเธช OTP 
เธชเธณเธซเธฃเธฑเธเน€เธเนเธฒเธ–เธถเธเนเธเธเธเธญเธฃเนเธกเธเธญเธเธเธธเธ“';[39m[0m

      at console.log (node_modules/@jest/console/build/index.js:147:10)
      at sendOTPEmail (app/api/draft/[token]/request-otp/route.ts:39:13)
      at POST (app/api/draft/[token]/request-otp/route.ts:170:29)
      at app/api/draft/[token]/request-otp/__tests__/request-otp.property.test.ts:837:30
      at AsyncProperty.run (node_modules/fast-check/lib/cjs/check/property/AsyncProperty.generic.js:46:28)
      at asyncRunIt (node_modules/fast-check/lib/cjs/check/runner/Runner.js:28:21)
      at Object.<anonymous> (app/api/draft/[token]/request-otp/__tests__/request-otp.property.test.ts:801:7)


  โ—  Cannot log after tests are done. Did you forget to wait for something async in your test?
    Attempted to log "OTP email would be sent to: prop-test-1772510309139-j99t3f@example.com".

    [0m [90m 35 |[39m     [90m// TODO: Implement actual email sending using nodemailer[39m
     [90m 36 |[39m     [90m// For now, we'll log the OTP for testing[39m
    [31m[1m>[22m[39m[90m 37 |[39m     console[33m.[39mlog([32m'OTP email would be sent 
to:'[39m[33m,[39m email)[33m;[39m
     [90m    |[39m             [31m[1m^[22m[39m
     [90m 38 |[39m     console[33m.[39mlog([32m'OTP:'[39m[33m,[39m otp)[33m;[39m
     [90m 39 |[39m     console[33m.[39mlog([32m'Expires at:'[39m[33m,[39m 
expiresAt[33m.[39mtoISOString())[33m;[39m
     [90m 40 |[39m     [0m

      at console.log (node_modules/@jest/console/build/index.js:147:10)
      at sendOTPEmail (app/api/draft/[token]/request-otp/route.ts:37:13)
      at POST (app/api/draft/[token]/request-otp/route.ts:170:29)
      at app/api/draft/[token]/request-otp/__tests__/request-otp.property.test.ts:837:30
      at AsyncProperty.run (node_modules/fast-check/lib/cjs/check/property/AsyncProperty.generic.js:46:28)
      at asyncRunIt (node_modules/fast-check/lib/cjs/check/runner/Runner.js:28:21)
      at Object.<anonymous> (app/api/draft/[token]/request-otp/__tests__/request-otp.property.test.ts:801:7)


  โ—  Cannot log after tests are done. Did you forget to wait for something async in your test?
    Attempted to log "OTP: 959592".

    [0m [90m 36 |[39m     [90m// For now, we'll log the OTP for testing[39m
     [90m 37 |[39m     console[33m.[39mlog([32m'OTP email would be sent to:'[39m[33m,[39m 
email)[33m;[39m
    [31m[1m>[22m[39m[90m 38 |[39m     console[33m.[39mlog([32m'OTP:'[39m[33m,[39m otp)[33m;[39m
     [90m    |[39m             [31m[1m^[22m[39m
     [90m 39 |[39m     console[33m.[39mlog([32m'Expires at:'[39m[33m,[39m 
expiresAt[33m.[39mtoISOString())[33m;[39m
     [90m 40 |[39m     
     [90m 41 |[39m     [90m// In production, this would be:[39m[0m

      at console.log (node_modules/@jest/console/build/index.js:147:10)
      at sendOTPEmail (app/api/draft/[token]/request-otp/route.ts:38:13)
      at POST (app/api/draft/[token]/request-otp/route.ts:170:29)
      at app/api/draft/[token]/request-otp/__tests__/request-otp.property.test.ts:837:30
      at AsyncProperty.run (node_modules/fast-check/lib/cjs/check/property/AsyncProperty.generic.js:46:28)
      at asyncRunIt (node_modules/fast-check/lib/cjs/check/runner/Runner.js:28:21)
      at Object.<anonymous> (app/api/draft/[token]/request-otp/__tests__/request-otp.property.test.ts:801:7)


  โ—  Cannot log after tests are done. Did you forget to wait for something async in your test?
    Attempted to log "Expires at: 2026-03-03T04:08:29.194Z".

    [0m [90m 37 |[39m     console[33m.[39mlog([32m'OTP email would be sent to:'[39m[33m,[39m 
email)[33m;[39m
     [90m 38 |[39m     console[33m.[39mlog([32m'OTP:'[39m[33m,[39m otp)[33m;[39m
    [31m[1m>[22m[39m[90m 39 |[39m     console[33m.[39mlog([32m'Expires at:'[39m[33m,[39m 
expiresAt[33m.[39mtoISOString())[33m;[39m
     [90m    |[39m             [31m[1m^[22m[39m
     [90m 40 |[39m     
     [90m 41 |[39m     [90m// In production, this would be:[39m
     [90m 42 |[39m     [90m// const subject = 'เธฃเธซเธฑเธช OTP 
เธชเธณเธซเธฃเธฑเธเน€เธเนเธฒเธ–เธถเธเนเธเธเธเธญเธฃเนเธกเธเธญเธเธเธธเธ“';[39m[0m

      at console.log (node_modules/@jest/console/build/index.js:147:10)
      at sendOTPEmail (app/api/draft/[token]/request-otp/route.ts:39:13)
      at POST (app/api/draft/[token]/request-otp/route.ts:170:29)
      at app/api/draft/[token]/request-otp/__tests__/request-otp.property.test.ts:837:30
      at AsyncProperty.run (node_modules/fast-check/lib/cjs/check/property/AsyncProperty.generic.js:46:28)
      at asyncRunIt (node_modules/fast-check/lib/cjs/check/runner/Runner.js:28:21)
      at Object.<anonymous> (app/api/draft/[token]/request-otp/__tests__/request-otp.property.test.ts:801:7)


  โ—  Cannot log after tests are done. Did you forget to wait for something async in your test?
    Attempted to log "OTP email would be sent to: prop-test-1772510309201-kvxyzi@example.com".

    [0m [90m 35 |[39m     [90m// TODO: Implement actual email sending using nodemailer[39m
     [90m 36 |[39m     [90m// For now, we'll log the OTP for testing[39m
    [31m[1m>[22m[39m[90m 37 |[39m     console[33m.[39mlog([32m'OTP email would be sent 
to:'[39m[33m,[39m email)[33m;[39m
     [90m    |[39m             [31m[1m^[22m[39m
     [90m 38 |[39m     console[33m.[39mlog([32m'OTP:'[39m[33m,[39m otp)[33m;[39m
     [90m 39 |[39m     console[33m.[39mlog([32m'Expires at:'[39m[33m,[39m 
expiresAt[33m.[39mtoISOString())[33m;[39m
     [90m 40 |[39m     [0m

      at console.log (node_modules/@jest/console/build/index.js:147:10)
      at sendOTPEmail (app/api/draft/[token]/request-otp/route.ts:37:13)
      at POST (app/api/draft/[token]/request-otp/route.ts:170:29)
      at app/api/draft/[token]/request-otp/__tests__/request-otp.property.test.ts:837:30
      at AsyncProperty.run (node_modules/fast-check/lib/cjs/check/property/AsyncProperty.generic.js:46:28)
      at asyncRunIt (node_modules/fast-check/lib/cjs/check/runner/Runner.js:28:21)
      at Object.<anonymous> (app/api/draft/[token]/request-otp/__tests__/request-otp.property.test.ts:801:7)


  โ—  Cannot log after tests are done. Did you forget to wait for something async in your test?
    Attempted to log "OTP: 918609".

    [0m [90m 36 |[39m     [90m// For now, we'll log the OTP for testing[39m
     [90m 37 |[39m     console[33m.[39mlog([32m'OTP email would be sent to:'[39m[33m,[39m 
email)[33m;[39m
    [31m[1m>[22m[39m[90m 38 |[39m     console[33m.[39mlog([32m'OTP:'[39m[33m,[39m otp)[33m;[39m
     [90m    |[39m             [31m[1m^[22m[39m
     [90m 39 |[39m     console[33m.[39mlog([32m'Expires at:'[39m[33m,[39m 
expiresAt[33m.[39mtoISOString())[33m;[39m
     [90m 40 |[39m     
     [90m 41 |[39m     [90m// In production, this would be:[39m[0m

      at console.log (node_modules/@jest/console/build/index.js:147:10)
      at sendOTPEmail (app/api/draft/[token]/request-otp/route.ts:38:13)
      at POST (app/api/draft/[token]/request-otp/route.ts:170:29)
      at app/api/draft/[token]/request-otp/__tests__/request-otp.property.test.ts:837:30
      at AsyncProperty.run (node_modules/fast-check/lib/cjs/check/property/AsyncProperty.generic.js:46:28)
      at asyncRunIt (node_modules/fast-check/lib/cjs/check/runner/Runner.js:28:21)
      at Object.<anonymous> (app/api/draft/[token]/request-otp/__tests__/request-otp.property.test.ts:801:7)


  โ—  Cannot log after tests are done. Did you forget to wait for something async in your test?
    Attempted to log "Expires at: 2026-03-03T04:08:29.258Z".

    [0m [90m 37 |[39m     console[33m.[39mlog([32m'OTP email would be sent to:'[39m[33m,[39m 
email)[33m;[39m
     [90m 38 |[39m     console[33m.[39mlog([32m'OTP:'[39m[33m,[39m otp)[33m;[39m
    [31m[1m>[22m[39m[90m 39 |[39m     console[33m.[39mlog([32m'Expires at:'[39m[33m,[39m 
expiresAt[33m.[39mtoISOString())[33m;[39m
     [90m    |[39m             [31m[1m^[22m[39m
     [90m 40 |[39m     
     [90m 41 |[39m     [90m// In production, this would be:[39m
     [90m 42 |[39m     [90m// const subject = 'เธฃเธซเธฑเธช OTP 
เธชเธณเธซเธฃเธฑเธเน€เธเนเธฒเธ–เธถเธเนเธเธเธเธญเธฃเนเธกเธเธญเธเธเธธเธ“';[39m[0m

      at console.log (node_modules/@jest/console/build/index.js:147:10)
      at sendOTPEmail (app/api/draft/[token]/request-otp/route.ts:39:13)
      at POST (app/api/draft/[token]/request-otp/route.ts:170:29)
      at app/api/draft/[token]/request-otp/__tests__/request-otp.property.test.ts:837:30
      at AsyncProperty.run (node_modules/fast-check/lib/cjs/check/property/AsyncProperty.generic.js:46:28)
      at asyncRunIt (node_modules/fast-check/lib/cjs/check/runner/Runner.js:28:21)
      at Object.<anonymous> (app/api/draft/[token]/request-otp/__tests__/request-otp.property.test.ts:801:7)


  โ—  Cannot log after tests are done. Did you forget to wait for something async in your test?
    Attempted to log "OTP email would be sent to: prop-test-1772510309265-ve1zsc@example.com".

    [0m [90m 35 |[39m     [90m// TODO: Implement actual email sending using nodemailer[39m
     [90m 36 |[39m     [90m// For now, we'll log the OTP for testing[39m
    [31m[1m>[22m[39m[90m 37 |[39m     console[33m.[39mlog([32m'OTP email would be sent 
to:'[39m[33m,[39m email)[33m;[39m
     [90m    |[39m             [31m[1m^[22m[39m
     [90m 38 |[39m     console[33m.[39mlog([32m'OTP:'[39m[33m,[39m otp)[33m;[39m
     [90m 39 |[39m     console[33m.[39mlog([32m'Expires at:'[39m[33m,[39m 
expiresAt[33m.[39mtoISOString())[33m;[39m
     [90m 40 |[39m     [0m

      at console.log (node_modules/@jest/console/build/index.js:147:10)
      at sendOTPEmail (app/api/draft/[token]/request-otp/route.ts:37:13)
      at POST (app/api/draft/[token]/request-otp/route.ts:170:29)
      at app/api/draft/[token]/request-otp/__tests__/request-otp.property.test.ts:837:30
      at AsyncProperty.run (node_modules/fast-check/lib/cjs/check/property/AsyncProperty.generic.js:46:28)
      at asyncRunIt (node_modules/fast-check/lib/cjs/check/runner/Runner.js:28:21)
      at Object.<anonymous> (app/api/draft/[token]/request-otp/__tests__/request-otp.property.test.ts:801:7)


  โ—  Cannot log after tests are done. Did you forget to wait for something async in your test?
    Attempted to log "OTP: 045229".

    [0m [90m 36 |[39m     [90m// For now, we'll log the OTP for testing[39m
     [90m 37 |[39m     console[33m.[39mlog([32m'OTP email would be sent to:'[39m[33m,[39m 
email)[33m;[39m
    [31m[1m>[22m[39m[90m 38 |[39m     console[33m.[39mlog([32m'OTP:'[39m[33m,[39m otp)[33m;[39m
     [90m    |[39m             [31m[1m^[22m[39m
     [90m 39 |[39m     console[33m.[39mlog([32m'Expires at:'[39m[33m,[39m 
expiresAt[33m.[39mtoISOString())[33m;[39m
     [90m 40 |[39m     
     [90m 41 |[39m     [90m// In production, this would be:[39m[0m

      at console.log (node_modules/@jest/console/build/index.js:147:10)
      at sendOTPEmail (app/api/draft/[token]/request-otp/route.ts:38:13)
      at POST (app/api/draft/[token]/request-otp/route.ts:170:29)
      at app/api/draft/[token]/request-otp/__tests__/request-otp.property.test.ts:837:30
      at AsyncProperty.run (node_modules/fast-check/lib/cjs/check/property/AsyncProperty.generic.js:46:28)
      at asyncRunIt (node_modules/fast-check/lib/cjs/check/runner/Runner.js:28:21)
      at Object.<anonymous> (app/api/draft/[token]/request-otp/__tests__/request-otp.property.test.ts:801:7)


  โ—  Cannot log after tests are done. Did you forget to wait for something async in your test?
    Attempted to log "Expires at: 2026-03-03T04:08:29.324Z".

    [0m [90m 37 |[39m     console[33m.[39mlog([32m'OTP email would be sent to:'[39m[33m,[39m 
email)[33m;[39m
     [90m 38 |[39m     console[33m.[39mlog([32m'OTP:'[39m[33m,[39m otp)[33m;[39m
    [31m[1m>[22m[39m[90m 39 |[39m     console[33m.[39mlog([32m'Expires at:'[39m[33m,[39m 
expiresAt[33m.[39mtoISOString())[33m;[39m
     [90m    |[39m             [31m[1m^[22m[39m
     [90m 40 |[39m     
     [90m 41 |[39m     [90m// In production, this would be:[39m
     [90m 42 |[39m     [90m// const subject = 'เธฃเธซเธฑเธช OTP 
เธชเธณเธซเธฃเธฑเธเน€เธเนเธฒเธ–เธถเธเนเธเธเธเธญเธฃเนเธกเธเธญเธเธเธธเธ“';[39m[0m

      at console.log (node_modules/@jest/console/build/index.js:147:10)
      at sendOTPEmail (app/api/draft/[token]/request-otp/route.ts:39:13)
      at POST (app/api/draft/[token]/request-otp/route.ts:170:29)
      at app/api/draft/[token]/request-otp/__tests__/request-otp.property.test.ts:837:30
      at AsyncProperty.run (node_modules/fast-check/lib/cjs/check/property/AsyncProperty.generic.js:46:28)
      at asyncRunIt (node_modules/fast-check/lib/cjs/check/runner/Runner.js:28:21)
      at Object.<anonymous> (app/api/draft/[token]/request-otp/__tests__/request-otp.property.test.ts:801:7)


  โ—  Cannot log after tests are done. Did you forget to wait for something async in your test?
    Attempted to log "OTP email would be sent to: prop-test-1772510309332-pdrgt7q@example.com".

    [0m [90m 35 |[39m     [90m// TODO: Implement actual email sending using nodemailer[39m
     [90m 36 |[39m     [90m// For now, we'll log the OTP for testing[39m
    [31m[1m>[22m[39m[90m 37 |[39m     console[33m.[39mlog([32m'OTP email would be sent 
to:'[39m[33m,[39m email)[33m;[39m
     [90m    |[39m             [31m[1m^[22m[39m
     [90m 38 |[39m     console[33m.[39mlog([32m'OTP:'[39m[33m,[39m otp)[33m;[39m
     [90m 39 |[39m     console[33m.[39mlog([32m'Expires at:'[39m[33m,[39m 
expiresAt[33m.[39mtoISOString())[33m;[39m
     [90m 40 |[39m     [0m

      at console.log (node_modules/@jest/console/build/index.js:147:10)
      at sendOTPEmail (app/api/draft/[token]/request-otp/route.ts:37:13)
      at POST (app/api/draft/[token]/request-otp/route.ts:170:29)
      at app/api/draft/[token]/request-otp/__tests__/request-otp.property.test.ts:837:30
      at AsyncProperty.run (node_modules/fast-check/lib/cjs/check/property/AsyncProperty.generic.js:46:28)
      at asyncRunIt (node_modules/fast-check/lib/cjs/check/runner/Runner.js:28:21)
      at Object.<anonymous> (app/api/draft/[token]/request-otp/__tests__/request-otp.property.test.ts:801:7)


  โ—  Cannot log after tests are done. Did you forget to wait for something async in your test?
    Attempted to log "OTP: 333739".

    [0m [90m 36 |[39m     [90m// For now, we'll log the OTP for testing[39m
     [90m 37 |[39m     console[33m.[39mlog([32m'OTP email would be sent to:'[39m[33m,[39m 
email)[33m;[39m
    [31m[1m>[22m[39m[90m 38 |[39m     console[33m.[39mlog([32m'OTP:'[39m[33m,[39m otp)[33m;[39m
     [90m    |[39m             [31m[1m^[22m[39m
     [90m 39 |[39m     console[33m.[39mlog([32m'Expires at:'[39m[33m,[39m 
expiresAt[33m.[39mtoISOString())[33m;[39m
     [90m 40 |[39m     
     [90m 41 |[39m     [90m// In production, this would be:[39m[0m

      at console.log (node_modules/@jest/console/build/index.js:147:10)
      at sendOTPEmail (app/api/draft/[token]/request-otp/route.ts:38:13)
      at POST (app/api/draft/[token]/request-otp/route.ts:170:29)
      at app/api/draft/[token]/request-otp/__tests__/request-otp.property.test.ts:837:30
      at AsyncProperty.run (node_modules/fast-check/lib/cjs/check/property/AsyncProperty.generic.js:46:28)
      at asyncRunIt (node_modules/fast-check/lib/cjs/check/runner/Runner.js:28:21)
      at Object.<anonymous> (app/api/draft/[token]/request-otp/__tests__/request-otp.property.test.ts:801:7)


  โ—  Cannot log after tests are done. Did you forget to wait for something async in your test?
    Attempted to log "Expires at: 2026-03-03T04:08:29.387Z".

    [0m [90m 37 |[39m     console[33m.[39mlog([32m'OTP email would be sent to:'[39m[33m,[39m 
email)[33m;[39m
     [90m 38 |[39m     console[33m.[39mlog([32m'OTP:'[39m[33m,[39m otp)[33m;[39m
    [31m[1m>[22m[39m[90m 39 |[39m     console[33m.[39mlog([32m'Expires at:'[39m[33m,[39m 
expiresAt[33m.[39mtoISOString())[33m;[39m
     [90m    |[39m             [31m[1m^[22m[39m
     [90m 40 |[39m     
     [90m 41 |[39m     [90m// In production, this would be:[39m
     [90m 42 |[39m     [90m// const subject = 'เธฃเธซเธฑเธช OTP 
เธชเธณเธซเธฃเธฑเธเน€เธเนเธฒเธ–เธถเธเนเธเธเธเธญเธฃเนเธกเธเธญเธเธเธธเธ“';[39m[0m

      at console.log (node_modules/@jest/console/build/index.js:147:10)
      at sendOTPEmail (app/api/draft/[token]/request-otp/route.ts:39:13)
      at POST (app/api/draft/[token]/request-otp/route.ts:170:29)
      at app/api/draft/[token]/request-otp/__tests__/request-otp.property.test.ts:837:30
      at AsyncProperty.run (node_modules/fast-check/lib/cjs/check/property/AsyncProperty.generic.js:46:28)
      at asyncRunIt (node_modules/fast-check/lib/cjs/check/runner/Runner.js:28:21)
      at Object.<anonymous> (app/api/draft/[token]/request-otp/__tests__/request-otp.property.test.ts:801:7)


  โ—  Cannot log after tests are done. Did you forget to wait for something async in your test?
    Attempted to log "OTP email would be sent to: prop-test-1772510309395-f0w4u@example.com".

    [0m [90m 35 |[39m     [90m// TODO: Implement actual email sending using nodemailer[39m
     [90m 36 |[39m     [90m// For now, we'll log the OTP for testing[39m
    [31m[1m>[22m[39m[90m 37 |[39m     console[33m.[39mlog([32m'OTP email would be sent 
to:'[39m[33m,[39m email)[33m;[39m
     [90m    |[39m             [31m[1m^[22m[39m
     [90m 38 |[39m     console[33m.[39mlog([32m'OTP:'[39m[33m,[39m otp)[33m;[39m
     [90m 39 |[39m     console[33m.[39mlog([32m'Expires at:'[39m[33m,[39m 
expiresAt[33m.[39mtoISOString())[33m;[39m
     [90m 40 |[39m     [0m

      at console.log (node_modules/@jest/console/build/index.js:147:10)
      at sendOTPEmail (app/api/draft/[token]/request-otp/route.ts:37:13)
      at POST (app/api/draft/[token]/request-otp/route.ts:170:29)
      at app/api/draft/[token]/request-otp/__tests__/request-otp.property.test.ts:837:30
      at AsyncProperty.run (node_modules/fast-check/lib/cjs/check/property/AsyncProperty.generic.js:46:28)
      at asyncRunIt (node_modules/fast-check/lib/cjs/check/runner/Runner.js:28:21)
      at Object.<anonymous> (app/api/draft/[token]/request-otp/__tests__/request-otp.property.test.ts:801:7)


  โ—  Cannot log after tests are done. Did you forget to wait for something async in your test?
    Attempted to log "OTP: 782916".

    [0m [90m 36 |[39m     [90m// For now, we'll log the OTP for testing[39m
     [90m 37 |[39m     console[33m.[39mlog([32m'OTP email would be sent to:'[39m[33m,[39m 
email)[33m;[39m
    [31m[1m>[22m[39m[90m 38 |[39m     console[33m.[39mlog([32m'OTP:'[39m[33m,[39m otp)[33m;[39m
     [90m    |[39m             [31m[1m^[22m[39m
     [90m 39 |[39m     console[33m.[39mlog([32m'Expires at:'[39m[33m,[39m 
expiresAt[33m.[39mtoISOString())[33m;[39m
     [90m 40 |[39m     
     [90m 41 |[39m     [90m// In production, this would be:[39m[0m

      at console.log (node_modules/@jest/console/build/index.js:147:10)
      at sendOTPEmail (app/api/draft/[token]/request-otp/route.ts:38:13)
      at POST (app/api/draft/[token]/request-otp/route.ts:170:29)
      at app/api/draft/[token]/request-otp/__tests__/request-otp.property.test.ts:837:30
      at AsyncProperty.run (node_modules/fast-check/lib/cjs/check/property/AsyncProperty.generic.js:46:28)
      at asyncRunIt (node_modules/fast-check/lib/cjs/check/runner/Runner.js:28:21)
      at Object.<anonymous> (app/api/draft/[token]/request-otp/__tests__/request-otp.property.test.ts:801:7)


  โ—  Cannot log after tests are done. Did you forget to wait for something async in your test?
    Attempted to log "Expires at: 2026-03-03T04:08:29.452Z".

    [0m [90m 37 |[39m     console[33m.[39mlog([32m'OTP email would be sent to:'[39m[33m,[39m 
email)[33m;[39m
     [90m 38 |[39m     console[33m.[39mlog([32m'OTP:'[39m[33m,[39m otp)[33m;[39m
    [31m[1m>[22m[39m[90m 39 |[39m     console[33m.[39mlog([32m'Expires at:'[39m[33m,[39m 
expiresAt[33m.[39mtoISOString())[33m;[39m
     [90m    |[39m             [31m[1m^[22m[39m
     [90m 40 |[39m     
     [90m 41 |[39m     [90m// In production, this would be:[39m
     [90m 42 |[39m     [90m// const subject = 'เธฃเธซเธฑเธช OTP 
เธชเธณเธซเธฃเธฑเธเน€เธเนเธฒเธ–เธถเธเนเธเธเธเธญเธฃเนเธกเธเธญเธเธเธธเธ“';[39m[0m

      at console.log (node_modules/@jest/console/build/index.js:147:10)
      at sendOTPEmail (app/api/draft/[token]/request-otp/route.ts:39:13)
      at POST (app/api/draft/[token]/request-otp/route.ts:170:29)
      at app/api/draft/[token]/request-otp/__tests__/request-otp.property.test.ts:837:30
      at AsyncProperty.run (node_modules/fast-check/lib/cjs/check/property/AsyncProperty.generic.js:46:28)
      at asyncRunIt (node_modules/fast-check/lib/cjs/check/runner/Runner.js:28:21)
      at Object.<anonymous> (app/api/draft/[token]/request-otp/__tests__/request-otp.property.test.ts:801:7)


  โ—  Cannot log after tests are done. Did you forget to wait for something async in your test?
    Attempted to log "OTP email would be sent to: prop-test-1772510309461-9b5iw@example.com".

    [0m [90m 35 |[39m     [90m// TODO: Implement actual email sending using nodemailer[39m
     [90m 36 |[39m     [90m// For now, we'll log the OTP for testing[39m
    [31m[1m>[22m[39m[90m 37 |[39m     console[33m.[39mlog([32m'OTP email would be sent 
to:'[39m[33m,[39m email)[33m;[39m
     [90m    |[39m             [31m[1m^[22m[39m
     [90m 38 |[39m     console[33m.[39mlog([32m'OTP:'[39m[33m,[39m otp)[33m;[39m
     [90m 39 |[39m     console[33m.[39mlog([32m'Expires at:'[39m[33m,[39m 
expiresAt[33m.[39mtoISOString())[33m;[39m
     [90m 40 |[39m     [0m

      at console.log (node_modules/@jest/console/build/index.js:147:10)
      at sendOTPEmail (app/api/draft/[token]/request-otp/route.ts:37:13)
      at POST (app/api/draft/[token]/request-otp/route.ts:170:29)
      at app/api/draft/[token]/request-otp/__tests__/request-otp.property.test.ts:837:30
      at AsyncProperty.run (node_modules/fast-check/lib/cjs/check/property/AsyncProperty.generic.js:46:28)
      at asyncRunIt (node_modules/fast-check/lib/cjs/check/runner/Runner.js:28:21)
      at Object.<anonymous> (app/api/draft/[token]/request-otp/__tests__/request-otp.property.test.ts:801:7)


  โ—  Cannot log after tests are done. Did you forget to wait for something async in your test?
    Attempted to log "OTP: 389955".

    [0m [90m 36 |[39m     [90m// For now, we'll log the OTP for testing[39m
     [90m 37 |[39m     console[33m.[39mlog([32m'OTP email would be sent to:'[39m[33m,[39m 
email)[33m;[39m
    [31m[1m>[22m[39m[90m 38 |[39m     console[33m.[39mlog([32m'OTP:'[39m[33m,[39m otp)[33m;[39m
     [90m    |[39m             [31m[1m^[22m[39m
     [90m 39 |[39m     console[33m.[39mlog([32m'Expires at:'[39m[33m,[39m 
expiresAt[33m.[39mtoISOString())[33m;[39m
     [90m 40 |[39m     
     [90m 41 |[39m     [90m// In production, this would be:[39m[0m

      at console.log (node_modules/@jest/console/build/index.js:147:10)
      at sendOTPEmail (app/api/draft/[token]/request-otp/route.ts:38:13)
      at POST (app/api/draft/[token]/request-otp/route.ts:170:29)
      at app/api/draft/[token]/request-otp/__tests__/request-otp.property.test.ts:837:30
      at AsyncProperty.run (node_modules/fast-check/lib/cjs/check/property/AsyncProperty.generic.js:46:28)
      at asyncRunIt (node_modules/fast-check/lib/cjs/check/runner/Runner.js:28:21)
      at Object.<anonymous> (app/api/draft/[token]/request-otp/__tests__/request-otp.property.test.ts:801:7)


  โ—  Cannot log after tests are done. Did you forget to wait for something async in your test?
    Attempted to log "Expires at: 2026-03-03T04:08:29.521Z".

    [0m [90m 37 |[39m     console[33m.[39mlog([32m'OTP email would be sent to:'[39m[33m,[39m 
email)[33m;[39m
     [90m 38 |[39m     console[33m.[39mlog([32m'OTP:'[39m[33m,[39m otp)[33m;[39m
    [31m[1m>[22m[39m[90m 39 |[39m     console[33m.[39mlog([32m'Expires at:'[39m[33m,[39m 
expiresAt[33m.[39mtoISOString())[33m;[39m
     [90m    |[39m             [31m[1m^[22m[39m
     [90m 40 |[39m     
     [90m 41 |[39m     [90m// In production, this would be:[39m
     [90m 42 |[39m     [90m// const subject = 'เธฃเธซเธฑเธช OTP 
เธชเธณเธซเธฃเธฑเธเน€เธเนเธฒเธ–เธถเธเนเธเธเธเธญเธฃเนเธกเธเธญเธเธเธธเธ“';[39m[0m

      at console.log (node_modules/@jest/console/build/index.js:147:10)
      at sendOTPEmail (app/api/draft/[token]/request-otp/route.ts:39:13)
      at POST (app/api/draft/[token]/request-otp/route.ts:170:29)
      at app/api/draft/[token]/request-otp/__tests__/request-otp.property.test.ts:837:30
      at AsyncProperty.run (node_modules/fast-check/lib/cjs/check/property/AsyncProperty.generic.js:46:28)
      at asyncRunIt (node_modules/fast-check/lib/cjs/check/runner/Runner.js:28:21)
      at Object.<anonymous> (app/api/draft/[token]/request-otp/__tests__/request-otp.property.test.ts:801:7)


  โ—  Cannot log after tests are done. Did you forget to wait for something async in your test?
    Attempted to log "OTP email would be sent to: prop-test-1772510309529-w4xv0h@example.com".

    [0m [90m 35 |[39m     [90m// TODO: Implement actual email sending using nodemailer[39m
     [90m 36 |[39m     [90m// For now, we'll log the OTP for testing[39m
    [31m[1m>[22m[39m[90m 37 |[39m     console[33m.[39mlog([32m'OTP email would be sent 
to:'[39m[33m,[39m email)[33m;[39m
     [90m    |[39m             [31m[1m^[22m[39m
     [90m 38 |[39m     console[33m.[39mlog([32m'OTP:'[39m[33m,[39m otp)[33m;[39m
     [90m 39 |[39m     console[33m.[39mlog([32m'Expires at:'[39m[33m,[39m 
expiresAt[33m.[39mtoISOString())[33m;[39m
     [90m 40 |[39m     [0m

      at console.log (node_modules/@jest/console/build/index.js:147:10)
      at sendOTPEmail (app/api/draft/[token]/request-otp/route.ts:37:13)
      at POST (app/api/draft/[token]/request-otp/route.ts:170:29)
      at app/api/draft/[token]/request-otp/__tests__/request-otp.property.test.ts:837:30
      at AsyncProperty.run (node_modules/fast-check/lib/cjs/check/property/AsyncProperty.generic.js:46:28)
      at asyncRunIt (node_modules/fast-check/lib/cjs/check/runner/Runner.js:28:21)
      at Object.<anonymous> (app/api/draft/[token]/request-otp/__tests__/request-otp.property.test.ts:801:7)


  โ—  Cannot log after tests are done. Did you forget to wait for something async in your test?
    Attempted to log "OTP: 574063".

    [0m [90m 36 |[39m     [90m// For now, we'll log the OTP for testing[39m
     [90m 37 |[39m     console[33m.[39mlog([32m'OTP email would be sent to:'[39m[33m,[39m 
email)[33m;[39m
    [31m[1m>[22m[39m[90m 38 |[39m     console[33m.[39mlog([32m'OTP:'[39m[33m,[39m otp)[33m;[39m
     [90m    |[39m             [31m[1m^[22m[39m
     [90m 39 |[39m     console[33m.[39mlog([32m'Expires at:'[39m[33m,[39m 
expiresAt[33m.[39mtoISOString())[33m;[39m
     [90m 40 |[39m     
     [90m 41 |[39m     [90m// In production, this would be:[39m[0m

      at console.log (node_modules/@jest/console/build/index.js:147:10)
      at sendOTPEmail (app/api/draft/[token]/request-otp/route.ts:38:13)
      at POST (app/api/draft/[token]/request-otp/route.ts:170:29)
      at app/api/draft/[token]/request-otp/__tests__/request-otp.property.test.ts:837:30
      at AsyncProperty.run (node_modules/fast-check/lib/cjs/check/property/AsyncProperty.generic.js:46:28)
      at asyncRunIt (node_modules/fast-check/lib/cjs/check/runner/Runner.js:28:21)
      at Object.<anonymous> (app/api/draft/[token]/request-otp/__tests__/request-otp.property.test.ts:801:7)


  โ—  Cannot log after tests are done. Did you forget to wait for something async in your test?
    Attempted to log "Expires at: 2026-03-03T04:08:29.587Z".

    [0m [90m 37 |[39m     console[33m.[39mlog([32m'OTP email would be sent to:'[39m[33m,[39m 
email)[33m;[39m
     [90m 38 |[39m     console[33m.[39mlog([32m'OTP:'[39m[33m,[39m otp)[33m;[39m
    [31m[1m>[22m[39m[90m 39 |[39m     console[33m.[39mlog([32m'Expires at:'[39m[33m,[39m 
expiresAt[33m.[39mtoISOString())[33m;[39m
     [90m    |[39m             [31m[1m^[22m[39m
     [90m 40 |[39m     
     [90m 41 |[39m     [90m// In production, this would be:[39m
     [90m 42 |[39m     [90m// const subject = 'เธฃเธซเธฑเธช OTP 
เธชเธณเธซเธฃเธฑเธเน€เธเนเธฒเธ–เธถเธเนเธเธเธเธญเธฃเนเธกเธเธญเธเธเธธเธ“';[39m[0m

      at console.log (node_modules/@jest/console/build/index.js:147:10)
      at sendOTPEmail (app/api/draft/[token]/request-otp/route.ts:39:13)
      at POST (app/api/draft/[token]/request-otp/route.ts:170:29)
      at app/api/draft/[token]/request-otp/__tests__/request-otp.property.test.ts:837:30
      at AsyncProperty.run (node_modules/fast-check/lib/cjs/check/property/AsyncProperty.generic.js:46:28)
      at asyncRunIt (node_modules/fast-check/lib/cjs/check/runner/Runner.js:28:21)
      at Object.<anonymous> (app/api/draft/[token]/request-otp/__tests__/request-otp.property.test.ts:801:7)


  โ—  Cannot log after tests are done. Did you forget to wait for something async in your test?
    Attempted to log "OTP email would be sent to: prop-test-1772510309595-al9c5h@example.com".

    [0m [90m 35 |[39m     [90m// TODO: Implement actual email sending using nodemailer[39m
     [90m 36 |[39m     [90m// For now, we'll log the OTP for testing[39m
    [31m[1m>[22m[39m[90m 37 |[39m     console[33m.[39mlog([32m'OTP email would be sent 
to:'[39m[33m,[39m email)[33m;[39m
     [90m    |[39m             [31m[1m^[22m[39m
     [90m 38 |[39m     console[33m.[39mlog([32m'OTP:'[39m[33m,[39m otp)[33m;[39m
     [90m 39 |[39m     console[33m.[39mlog([32m'Expires at:'[39m[33m,[39m 
expiresAt[33m.[39mtoISOString())[33m;[39m
     [90m 40 |[39m     [0m

      at console.log (node_modules/@jest/console/build/index.js:147:10)
      at sendOTPEmail (app/api/draft/[token]/request-otp/route.ts:37:13)
      at POST (app/api/draft/[token]/request-otp/route.ts:170:29)
      at app/api/draft/[token]/request-otp/__tests__/request-otp.property.test.ts:837:30
      at AsyncProperty.run (node_modules/fast-check/lib/cjs/check/property/AsyncProperty.generic.js:46:28)
      at asyncRunIt (node_modules/fast-check/lib/cjs/check/runner/Runner.js:28:21)
      at Object.<anonymous> (app/api/draft/[token]/request-otp/__tests__/request-otp.property.test.ts:801:7)


  โ—  Cannot log after tests are done. Did you forget to wait for something async in your test?
    Attempted to log "OTP: 822787".

    [0m [90m 36 |[39m     [90m// For now, we'll log the OTP for testing[39m
     [90m 37 |[39m     console[33m.[39mlog([32m'OTP email would be sent to:'[39m[33m,[39m 
email)[33m;[39m
    [31m[1m>[22m[39m[90m 38 |[39m     console[33m.[39mlog([32m'OTP:'[39m[33m,[39m otp)[33m;[39m
     [90m    |[39m             [31m[1m^[22m[39m
     [90m 39 |[39m     console[33m.[39mlog([32m'Expires at:'[39m[33m,[39m 
expiresAt[33m.[39mtoISOString())[33m;[39m
     [90m 40 |[39m     
     [90m 41 |[39m     [90m// In production, this would be:[39m[0m

      at console.log (node_modules/@jest/console/build/index.js:147:10)
      at sendOTPEmail (app/api/draft/[token]/request-otp/route.ts:38:13)
      at POST (app/api/draft/[token]/request-otp/route.ts:170:29)
      at app/api/draft/[token]/request-otp/__tests__/request-otp.property.test.ts:837:30
      at AsyncProperty.run (node_modules/fast-check/lib/cjs/check/property/AsyncProperty.generic.js:46:28)
      at asyncRunIt (node_modules/fast-check/lib/cjs/check/runner/Runner.js:28:21)
      at Object.<anonymous> (app/api/draft/[token]/request-otp/__tests__/request-otp.property.test.ts:801:7)


  โ—  Cannot log after tests are done. Did you forget to wait for something async in your test?
    Attempted to log "Expires at: 2026-03-03T04:08:29.651Z".

    [0m [90m 37 |[39m     console[33m.[39mlog([32m'OTP email would be sent to:'[39m[33m,[39m 
email)[33m;[39m
     [90m 38 |[39m     console[33m.[39mlog([32m'OTP:'[39m[33m,[39m otp)[33m;[39m
    [31m[1m>[22m[39m[90m 39 |[39m     console[33m.[39mlog([32m'Expires at:'[39m[33m,[39m 
expiresAt[33m.[39mtoISOString())[33m;[39m
     [90m    |[39m             [31m[1m^[22m[39m
     [90m 40 |[39m     
     [90m 41 |[39m     [90m// In production, this would be:[39m
     [90m 42 |[39m     [90m// const subject = 'เธฃเธซเธฑเธช OTP 
เธชเธณเธซเธฃเธฑเธเน€เธเนเธฒเธ–เธถเธเนเธเธเธเธญเธฃเนเธกเธเธญเธเธเธธเธ“';[39m[0m

      at console.log (node_modules/@jest/console/build/index.js:147:10)
      at sendOTPEmail (app/api/draft/[token]/request-otp/route.ts:39:13)
      at POST (app/api/draft/[token]/request-otp/route.ts:170:29)
      at app/api/draft/[token]/request-otp/__tests__/request-otp.property.test.ts:837:30
      at AsyncProperty.run (node_modules/fast-check/lib/cjs/check/property/AsyncProperty.generic.js:46:28)
      at asyncRunIt (node_modules/fast-check/lib/cjs/check/runner/Runner.js:28:21)
      at Object.<anonymous> (app/api/draft/[token]/request-otp/__tests__/request-otp.property.test.ts:801:7)


  โ—  Cannot log after tests are done. Did you forget to wait for something async in your test?
    Attempted to log "OTP email would be sent to: prop-test-1772510309659-fep6i@example.com".

    [0m [90m 35 |[39m     [90m// TODO: Implement actual email sending using nodemailer[39m
     [90m 36 |[39m     [90m// For now, we'll log the OTP for testing[39m
    [31m[1m>[22m[39m[90m 37 |[39m     console[33m.[39mlog([32m'OTP email would be sent 
to:'[39m[33m,[39m email)[33m;[39m
     [90m    |[39m             [31m[1m^[22m[39m
     [90m 38 |[39m     console[33m.[39mlog([32m'OTP:'[39m[33m,[39m otp)[33m;[39m
     [90m 39 |[39m     console[33m.[39mlog([32m'Expires at:'[39m[33m,[39m 
expiresAt[33m.[39mtoISOString())[33m;[39m
     [90m 40 |[39m     [0m

      at console.log (node_modules/@jest/console/build/index.js:147:10)
      at sendOTPEmail (app/api/draft/[token]/request-otp/route.ts:37:13)
      at POST (app/api/draft/[token]/request-otp/route.ts:170:29)
      at app/api/draft/[token]/request-otp/__tests__/request-otp.property.test.ts:837:30
      at AsyncProperty.run (node_modules/fast-check/lib/cjs/check/property/AsyncProperty.generic.js:46:28)
      at asyncRunIt (node_modules/fast-check/lib/cjs/check/runner/Runner.js:28:21)
      at Object.<anonymous> (app/api/draft/[token]/request-otp/__tests__/request-otp.property.test.ts:801:7)


  โ—  Cannot log after tests are done. Did you forget to wait for something async in your test?
    Attempted to log "OTP: 759101".

    [0m [90m 36 |[39m     [90m// For now, we'll log the OTP for testing[39m
     [90m 37 |[39m     console[33m.[39mlog([32m'OTP email would be sent to:'[39m[33m,[39m 
email)[33m;[39m
    [31m[1m>[22m[39m[90m 38 |[39m     console[33m.[39mlog([32m'OTP:'[39m[33m,[39m otp)[33m;[39m
     [90m    |[39m             [31m[1m^[22m[39m
     [90m 39 |[39m     console[33m.[39mlog([32m'Expires at:'[39m[33m,[39m 
expiresAt[33m.[39mtoISOString())[33m;[39m
     [90m 40 |[39m     
     [90m 41 |[39m     [90m// In production, this would be:[39m[0m

      at console.log (node_modules/@jest/console/build/index.js:147:10)
      at sendOTPEmail (app/api/draft/[token]/request-otp/route.ts:38:13)
      at POST (app/api/draft/[token]/request-otp/route.ts:170:29)
      at app/api/draft/[token]/request-otp/__tests__/request-otp.property.test.ts:837:30
      at AsyncProperty.run (node_modules/fast-check/lib/cjs/check/property/AsyncProperty.generic.js:46:28)
      at asyncRunIt (node_modules/fast-check/lib/cjs/check/runner/Runner.js:28:21)
      at Object.<anonymous> (app/api/draft/[token]/request-otp/__tests__/request-otp.property.test.ts:801:7)


  โ—  Cannot log after tests are done. Did you forget to wait for something async in your test?
    Attempted to log "Expires at: 2026-03-03T04:08:29.715Z".

    [0m [90m 37 |[39m     console[33m.[39mlog([32m'OTP email would be sent to:'[39m[33m,[39m 
email)[33m;[39m
     [90m 38 |[39m     console[33m.[39mlog([32m'OTP:'[39m[33m,[39m otp)[33m;[39m
    [31m[1m>[22m[39m[90m 39 |[39m     console[33m.[39mlog([32m'Expires at:'[39m[33m,[39m 
expiresAt[33m.[39mtoISOString())[33m;[39m
     [90m    |[39m             [31m[1m^[22m[39m
     [90m 40 |[39m     
     [90m 41 |[39m     [90m// In production, this would be:[39m
     [90m 42 |[39m     [90m// const subject = 'เธฃเธซเธฑเธช OTP 
เธชเธณเธซเธฃเธฑเธเน€เธเนเธฒเธ–เธถเธเนเธเธเธเธญเธฃเนเธกเธเธญเธเธเธธเธ“';[39m[0m

      at console.log (node_modules/@jest/console/build/index.js:147:10)
      at sendOTPEmail (app/api/draft/[token]/request-otp/route.ts:39:13)
      at POST (app/api/draft/[token]/request-otp/route.ts:170:29)
      at app/api/draft/[token]/request-otp/__tests__/request-otp.property.test.ts:837:30
      at AsyncProperty.run (node_modules/fast-check/lib/cjs/check/property/AsyncProperty.generic.js:46:28)
      at asyncRunIt (node_modules/fast-check/lib/cjs/check/runner/Runner.js:28:21)
      at Object.<anonymous> (app/api/draft/[token]/request-otp/__tests__/request-otp.property.test.ts:801:7)


  โ—  Cannot log after tests are done. Did you forget to wait for something async in your test?
    Attempted to log "OTP email would be sent to: prop-test-1772510309723-291gdp@example.com".

    [0m [90m 35 |[39m     [90m// TODO: Implement actual email sending using nodemailer[39m
     [90m 36 |[39m     [90m// For now, we'll log the OTP for testing[39m
    [31m[1m>[22m[39m[90m 37 |[39m     console[33m.[39mlog([32m'OTP email would be sent 
to:'[39m[33m,[39m email)[33m;[39m
     [90m    |[39m             [31m[1m^[22m[39m
     [90m 38 |[39m     console[33m.[39mlog([32m'OTP:'[39m[33m,[39m otp)[33m;[39m
     [90m 39 |[39m     console[33m.[39mlog([32m'Expires at:'[39m[33m,[39m 
expiresAt[33m.[39mtoISOString())[33m;[39m
     [90m 40 |[39m     [0m

      at console.log (node_modules/@jest/console/build/index.js:147:10)
      at sendOTPEmail (app/api/draft/[token]/request-otp/route.ts:37:13)
      at POST (app/api/draft/[token]/request-otp/route.ts:170:29)
      at app/api/draft/[token]/request-otp/__tests__/request-otp.property.test.ts:837:30
      at AsyncProperty.run (node_modules/fast-check/lib/cjs/check/property/AsyncProperty.generic.js:46:28)
      at asyncRunIt (node_modules/fast-check/lib/cjs/check/runner/Runner.js:28:21)
      at Object.<anonymous> (app/api/draft/[token]/request-otp/__tests__/request-otp.property.test.ts:801:7)


  โ—  Cannot log after tests are done. Did you forget to wait for something async in your test?
    Attempted to log "OTP: 850180".

    [0m [90m 36 |[39m     [90m// For now, we'll log the OTP for testing[39m
     [90m 37 |[39m     console[33m.[39mlog([32m'OTP email would be sent to:'[39m[33m,[39m 
email)[33m;[39m
    [31m[1m>[22m[39m[90m 38 |[39m     console[33m.[39mlog([32m'OTP:'[39m[33m,[39m otp)[33m;[39m
     [90m    |[39m             [31m[1m^[22m[39m
     [90m 39 |[39m     console[33m.[39mlog([32m'Expires at:'[39m[33m,[39m 
expiresAt[33m.[39mtoISOString())[33m;[39m
     [90m 40 |[39m     
     [90m 41 |[39m     [90m// In production, this would be:[39m[0m

      at console.log (node_modules/@jest/console/build/index.js:147:10)
      at sendOTPEmail (app/api/draft/[token]/request-otp/route.ts:38:13)
      at POST (app/api/draft/[token]/request-otp/route.ts:170:29)
      at app/api/draft/[token]/request-otp/__tests__/request-otp.property.test.ts:837:30
      at AsyncProperty.run (node_modules/fast-check/lib/cjs/check/property/AsyncProperty.generic.js:46:28)
      at asyncRunIt (node_modules/fast-check/lib/cjs/check/runner/Runner.js:28:21)
      at Object.<anonymous> (app/api/draft/[token]/request-otp/__tests__/request-otp.property.test.ts:801:7)


  โ—  Cannot log after tests are done. Did you forget to wait for something async in your test?
    Attempted to log "Expires at: 2026-03-03T04:08:29.778Z".

    [0m [90m 37 |[39m     console[33m.[39mlog([32m'OTP email would be sent to:'[39m[33m,[39m 
email)[33m;[39m
     [90m 38 |[39m     console[33m.[39mlog([32m'OTP:'[39m[33m,[39m otp)[33m;[39m
    [31m[1m>[22m[39m[90m 39 |[39m     console[33m.[39mlog([32m'Expires at:'[39m[33m,[39m 
expiresAt[33m.[39mtoISOString())[33m;[39m
     [90m    |[39m             [31m[1m^[22m[39m
     [90m 40 |[39m     
     [90m 41 |[39m     [90m// In production, this would be:[39m
     [90m 42 |[39m     [90m// const subject = 'เธฃเธซเธฑเธช OTP 
เธชเธณเธซเธฃเธฑเธเน€เธเนเธฒเธ–เธถเธเนเธเธเธเธญเธฃเนเธกเธเธญเธเธเธธเธ“';[39m[0m

      at console.log (node_modules/@jest/console/build/index.js:147:10)
      at sendOTPEmail (app/api/draft/[token]/request-otp/route.ts:39:13)
      at POST (app/api/draft/[token]/request-otp/route.ts:170:29)
      at app/api/draft/[token]/request-otp/__tests__/request-otp.property.test.ts:837:30
      at AsyncProperty.run (node_modules/fast-check/lib/cjs/check/property/AsyncProperty.generic.js:46:28)
      at asyncRunIt (node_modules/fast-check/lib/cjs/check/runner/Runner.js:28:21)
      at Object.<anonymous> (app/api/draft/[token]/request-otp/__tests__/request-otp.property.test.ts:801:7)


  โ—  Cannot log after tests are done. Did you forget to wait for something async in your test?
    Attempted to log "OTP email would be sent to: prop-test-1772510309787-9xoc4r@example.com".

    [0m [90m 35 |[39m     [90m// TODO: Implement actual email sending using nodemailer[39m
     [90m 36 |[39m     [90m// For now, we'll log the OTP for testing[39m
    [31m[1m>[22m[39m[90m 37 |[39m     console[33m.[39mlog([32m'OTP email would be sent 
to:'[39m[33m,[39m email)[33m;[39m
     [90m    |[39m             [31m[1m^[22m[39m
     [90m 38 |[39m     console[33m.[39mlog([32m'OTP:'[39m[33m,[39m otp)[33m;[39m
     [90m 39 |[39m     console[33m.[39mlog([32m'Expires at:'[39m[33m,[39m 
expiresAt[33m.[39mtoISOString())[33m;[39m
     [90m 40 |[39m     [0m

      at console.log (node_modules/@jest/console/build/index.js:147:10)
      at sendOTPEmail (app/api/draft/[token]/request-otp/route.ts:37:13)
      at POST (app/api/draft/[token]/request-otp/route.ts:170:29)
      at app/api/draft/[token]/request-otp/__tests__/request-otp.property.test.ts:837:30
      at AsyncProperty.run (node_modules/fast-check/lib/cjs/check/property/AsyncProperty.generic.js:46:28)
      at asyncRunIt (node_modules/fast-check/lib/cjs/check/runner/Runner.js:28:21)
      at Object.<anonymous> (app/api/draft/[token]/request-otp/__tests__/request-otp.property.test.ts:801:7)


  โ—  Cannot log after tests are done. Did you forget to wait for something async in your test?
    Attempted to log "OTP: 661614".

    [0m [90m 36 |[39m     [90m// For now, we'll log the OTP for testing[39m
     [90m 37 |[39m     console[33m.[39mlog([32m'OTP email would be sent to:'[39m[33m,[39m 
email)[33m;[39m
    [31m[1m>[22m[39m[90m 38 |[39m     console[33m.[39mlog([32m'OTP:'[39m[33m,[39m otp)[33m;[39m
     [90m    |[39m             [31m[1m^[22m[39m
     [90m 39 |[39m     console[33m.[39mlog([32m'Expires at:'[39m[33m,[39m 
expiresAt[33m.[39mtoISOString())[33m;[39m
     [90m 40 |[39m     
     [90m 41 |[39m     [90m// In production, this would be:[39m[0m

      at console.log (node_modules/@jest/console/build/index.js:147:10)
      at sendOTPEmail (app/api/draft/[token]/request-otp/route.ts:38:13)
      at POST (app/api/draft/[token]/request-otp/route.ts:170:29)
      at app/api/draft/[token]/request-otp/__tests__/request-otp.property.test.ts:837:30
      at AsyncProperty.run (node_modules/fast-check/lib/cjs/check/property/AsyncProperty.generic.js:46:28)
      at asyncRunIt (node_modules/fast-check/lib/cjs/check/runner/Runner.js:28:21)
      at Object.<anonymous> (app/api/draft/[token]/request-otp/__tests__/request-otp.property.test.ts:801:7)


  โ—  Cannot log after tests are done. Did you forget to wait for something async in your test?
    Attempted to log "Expires at: 2026-03-03T04:08:29.842Z".

    [0m [90m 37 |[39m     console[33m.[39mlog([32m'OTP email would be sent to:'[39m[33m,[39m 
email)[33m;[39m
     [90m 38 |[39m     console[33m.[39mlog([32m'OTP:'[39m[33m,[39m otp)[33m;[39m
    [31m[1m>[22m[39m[90m 39 |[39m     console[33m.[39mlog([32m'Expires at:'[39m[33m,[39m 
expiresAt[33m.[39mtoISOString())[33m;[39m
     [90m    |[39m             [31m[1m^[22m[39m
     [90m 40 |[39m     
     [90m 41 |[39m     [90m// In production, this would be:[39m
     [90m 42 |[39m     [90m// const subject = 'เธฃเธซเธฑเธช OTP 
เธชเธณเธซเธฃเธฑเธเน€เธเนเธฒเธ–เธถเธเนเธเธเธเธญเธฃเนเธกเธเธญเธเธเธธเธ“';[39m[0m

      at console.log (node_modules/@jest/console/build/index.js:147:10)
      at sendOTPEmail (app/api/draft/[token]/request-otp/route.ts:39:13)
      at POST (app/api/draft/[token]/request-otp/route.ts:170:29)
      at app/api/draft/[token]/request-otp/__tests__/request-otp.property.test.ts:837:30
      at AsyncProperty.run (node_modules/fast-check/lib/cjs/check/property/AsyncProperty.generic.js:46:28)
      at asyncRunIt (node_modules/fast-check/lib/cjs/check/runner/Runner.js:28:21)
      at Object.<anonymous> (app/api/draft/[token]/request-otp/__tests__/request-otp.property.test.ts:801:7)


  โ—  Cannot log after tests are done. Did you forget to wait for something async in your test?
    Attempted to log "OTP email would be sent to: prop-test-1772510309848-09wln@example.com".

    [0m [90m 35 |[39m     [90m// TODO: Implement actual email sending using nodemailer[39m
     [90m 36 |[39m     [90m// For now, we'll log the OTP for testing[39m
    [31m[1m>[22m[39m[90m 37 |[39m     console[33m.[39mlog([32m'OTP email would be sent 
to:'[39m[33m,[39m email)[33m;[39m
     [90m    |[39m             [31m[1m^[22m[39m
     [90m 38 |[39m     console[33m.[39mlog([32m'OTP:'[39m[33m,[39m otp)[33m;[39m
     [90m 39 |[39m     console[33m.[39mlog([32m'Expires at:'[39m[33m,[39m 
expiresAt[33m.[39mtoISOString())[33m;[39m
     [90m 40 |[39m     [0m

      at console.log (node_modules/@jest/console/build/index.js:147:10)
      at sendOTPEmail (app/api/draft/[token]/request-otp/route.ts:37:13)
      at POST (app/api/draft/[token]/request-otp/route.ts:170:29)
      at app/api/draft/[token]/request-otp/__tests__/request-otp.property.test.ts:837:30
      at AsyncProperty.run (node_modules/fast-check/lib/cjs/check/property/AsyncProperty.generic.js:46:28)
      at asyncRunIt (node_modules/fast-check/lib/cjs/check/runner/Runner.js:28:21)
      at Object.<anonymous> (app/api/draft/[token]/request-otp/__tests__/request-otp.property.test.ts:801:7)


  โ—  Cannot log after tests are done. Did you forget to wait for something async in your test?
    Attempted to log "OTP: 299151".

    [0m [90m 36 |[39m     [90m// For now, we'll log the OTP for testing[39m
     [90m 37 |[39m     console[33m.[39mlog([32m'OTP email would be sent to:'[39m[33m,[39m 
email)[33m;[39m
    [31m[1m>[22m[39m[90m 38 |[39m     console[33m.[39mlog([32m'OTP:'[39m[33m,[39m otp)[33m;[39m
     [90m    |[39m             [31m[1m^[22m[39m
     [90m 39 |[39m     console[33m.[39mlog([32m'Expires at:'[39m[33m,[39m 
expiresAt[33m.[39mtoISOString())[33m;[39m
     [90m 40 |[39m     
     [90m 41 |[39m     [90m// In production, this would be:[39m[0m

      at console.log (node_modules/@jest/console/build/index.js:147:10)
      at sendOTPEmail (app/api/draft/[token]/request-otp/route.ts:38:13)
      at POST (app/api/draft/[token]/request-otp/route.ts:170:29)
      at app/api/draft/[token]/request-otp/__tests__/request-otp.property.test.ts:837:30
      at AsyncProperty.run (node_modules/fast-check/lib/cjs/check/property/AsyncProperty.generic.js:46:28)
      at asyncRunIt (node_modules/fast-check/lib/cjs/check/runner/Runner.js:28:21)
      at Object.<anonymous> (app/api/draft/[token]/request-otp/__tests__/request-otp.property.test.ts:801:7)


  โ—  Cannot log after tests are done. Did you forget to wait for something async in your test?
    Attempted to log "Expires at: 2026-03-03T04:08:29.902Z".

    [0m [90m 37 |[39m     console[33m.[39mlog([32m'OTP email would be sent to:'[39m[33m,[39m 
email)[33m;[39m
     [90m 38 |[39m     console[33m.[39mlog([32m'OTP:'[39m[33m,[39m otp)[33m;[39m
    [31m[1m>[22m[39m[90m 39 |[39m     console[33m.[39mlog([32m'Expires at:'[39m[33m,[39m 
expiresAt[33m.[39mtoISOString())[33m;[39m
     [90m    |[39m             [31m[1m^[22m[39m
     [90m 40 |[39m     
     [90m 41 |[39m     [90m// In production, this would be:[39m
     [90m 42 |[39m     [90m// const subject = 'เธฃเธซเธฑเธช OTP 
เธชเธณเธซเธฃเธฑเธเน€เธเนเธฒเธ–เธถเธเนเธเธเธเธญเธฃเนเธกเธเธญเธเธเธธเธ“';[39m[0m

      at console.log (node_modules/@jest/console/build/index.js:147:10)
      at sendOTPEmail (app/api/draft/[token]/request-otp/route.ts:39:13)
      at POST (app/api/draft/[token]/request-otp/route.ts:170:29)
      at app/api/draft/[token]/request-otp/__tests__/request-otp.property.test.ts:837:30
      at AsyncProperty.run (node_modules/fast-check/lib/cjs/check/property/AsyncProperty.generic.js:46:28)
      at asyncRunIt (node_modules/fast-check/lib/cjs/check/runner/Runner.js:28:21)
      at Object.<anonymous> (app/api/draft/[token]/request-otp/__tests__/request-otp.property.test.ts:801:7)


  โ—  Cannot log after tests are done. Did you forget to wait for something async in your test?
    Attempted to log "OTP email would be sent to: prop-test-1772510309911-8jz6a@example.com".

    [0m [90m 35 |[39m     [90m// TODO: Implement actual email sending using nodemailer[39m
     [90m 36 |[39m     [90m// For now, we'll log the OTP for testing[39m
    [31m[1m>[22m[39m[90m 37 |[39m     console[33m.[39mlog([32m'OTP email would be sent 
to:'[39m[33m,[39m email)[33m;[39m
     [90m    |[39m             [31m[1m^[22m[39m
     [90m 38 |[39m     console[33m.[39mlog([32m'OTP:'[39m[33m,[39m otp)[33m;[39m
     [90m 39 |[39m     console[33m.[39mlog([32m'Expires at:'[39m[33m,[39m 
expiresAt[33m.[39mtoISOString())[33m;[39m
     [90m 40 |[39m     [0m

      at console.log (node_modules/@jest/console/build/index.js:147:10)
      at sendOTPEmail (app/api/draft/[token]/request-otp/route.ts:37:13)
      at POST (app/api/draft/[token]/request-otp/route.ts:170:29)
      at app/api/draft/[token]/request-otp/__tests__/request-otp.property.test.ts:837:30
      at AsyncProperty.run (node_modules/fast-check/lib/cjs/check/property/AsyncProperty.generic.js:46:28)
      at asyncRunIt (node_modules/fast-check/lib/cjs/check/runner/Runner.js:28:21)
      at Object.<anonymous> (app/api/draft/[token]/request-otp/__tests__/request-otp.property.test.ts:801:7)


  โ—  Cannot log after tests are done. Did you forget to wait for something async in your test?
    Attempted to log "OTP: 902199".

    [0m [90m 36 |[39m     [90m// For now, we'll log the OTP for testing[39m
     [90m 37 |[39m     console[33m.[39mlog([32m'OTP email would be sent to:'[39m[33m,[39m 
email)[33m;[39m
    [31m[1m>[22m[39m[90m 38 |[39m     console[33m.[39mlog([32m'OTP:'[39m[33m,[39m otp)[33m;[39m
     [90m    |[39m             [31m[1m^[22m[39m
     [90m 39 |[39m     console[33m.[39mlog([32m'Expires at:'[39m[33m,[39m 
expiresAt[33m.[39mtoISOString())[33m;[39m
     [90m 40 |[39m     
     [90m 41 |[39m     [90m// In production, this would be:[39m[0m

      at console.log (node_modules/@jest/console/build/index.js:147:10)
      at sendOTPEmail (app/api/draft/[token]/request-otp/route.ts:38:13)
      at POST (app/api/draft/[token]/request-otp/route.ts:170:29)
      at app/api/draft/[token]/request-otp/__tests__/request-otp.property.test.ts:837:30
      at AsyncProperty.run (node_modules/fast-check/lib/cjs/check/property/AsyncProperty.generic.js:46:28)
      at asyncRunIt (node_modules/fast-check/lib/cjs/check/runner/Runner.js:28:21)
      at Object.<anonymous> (app/api/draft/[token]/request-otp/__tests__/request-otp.property.test.ts:801:7)


  โ—  Cannot log after tests are done. Did you forget to wait for something async in your test?
    Attempted to log "Expires at: 2026-03-03T04:08:29.981Z".

    [0m [90m 37 |[39m     console[33m.[39mlog([32m'OTP email would be sent to:'[39m[33m,[39m 
email)[33m;[39m
     [90m 38 |[39m     console[33m.[39mlog([32m'OTP:'[39m[33m,[39m otp)[33m;[39m
    [31m[1m>[22m[39m[90m 39 |[39m     console[33m.[39mlog([32m'Expires at:'[39m[33m,[39m 
expiresAt[33m.[39mtoISOString())[33m;[39m
     [90m    |[39m             [31m[1m^[22m[39m
     [90m 40 |[39m     
     [90m 41 |[39m     [90m// In production, this would be:[39m
     [90m 42 |[39m     [90m// const subject = 'เธฃเธซเธฑเธช OTP 
เธชเธณเธซเธฃเธฑเธเน€เธเนเธฒเธ–เธถเธเนเธเธเธเธญเธฃเนเธกเธเธญเธเธเธธเธ“';[39m[0m

      at console.log (node_modules/@jest/console/build/index.js:147:10)
      at sendOTPEmail (app/api/draft/[token]/request-otp/route.ts:39:13)
      at POST (app/api/draft/[token]/request-otp/route.ts:170:29)
      at app/api/draft/[token]/request-otp/__tests__/request-otp.property.test.ts:837:30
      at AsyncProperty.run (node_modules/fast-check/lib/cjs/check/property/AsyncProperty.generic.js:46:28)
      at asyncRunIt (node_modules/fast-check/lib/cjs/check/runner/Runner.js:28:21)
      at Object.<anonymous> (app/api/draft/[token]/request-otp/__tests__/request-otp.property.test.ts:801:7)


  โ—  Cannot log after tests are done. Did you forget to wait for something async in your test?
    Attempted to log "OTP email would be sent to: prop-test-1772510309995-eduf4@example.com".

    [0m [90m 35 |[39m     [90m// TODO: Implement actual email sending using nodemailer[39m
     [90m 36 |[39m     [90m// For now, we'll log the OTP for testing[39m
    [31m[1m>[22m[39m[90m 37 |[39m     console[33m.[39mlog([32m'OTP email would be sent 
to:'[39m[33m,[39m email)[33m;[39m
     [90m    |[39m             [31m[1m^[22m[39m
     [90m 38 |[39m     console[33m.[39mlog([32m'OTP:'[39m[33m,[39m otp)[33m;[39m
     [90m 39 |[39m     console[33m.[39mlog([32m'Expires at:'[39m[33m,[39m 
expiresAt[33m.[39mtoISOString())[33m;[39m
     [90m 40 |[39m     [0m

      at console.log (node_modules/@jest/console/build/index.js:147:10)
      at sendOTPEmail (app/api/draft/[token]/request-otp/route.ts:37:13)
      at POST (app/api/draft/[token]/request-otp/route.ts:170:29)
      at app/api/draft/[token]/request-otp/__tests__/request-otp.property.test.ts:837:30
      at AsyncProperty.run (node_modules/fast-check/lib/cjs/check/property/AsyncProperty.generic.js:46:28)
      at asyncRunIt (node_modules/fast-check/lib/cjs/check/runner/Runner.js:28:21)
      at Object.<anonymous> (app/api/draft/[token]/request-otp/__tests__/request-otp.property.test.ts:801:7)


  โ—  Cannot log after tests are done. Did you forget to wait for something async in your test?
    Attempted to log "OTP: 569609".

    [0m [90m 36 |[39m     [90m// For now, we'll log the OTP for testing[39m
     [90m 37 |[39m     console[33m.[39mlog([32m'OTP email would be sent to:'[39m[33m,[39m 
email)[33m;[39m
    [31m[1m>[22m[39m[90m 38 |[39m     console[33m.[39mlog([32m'OTP:'[39m[33m,[39m otp)[33m;[39m
     [90m    |[39m             [31m[1m^[22m[39m
     [90m 39 |[39m     console[33m.[39mlog([32m'Expires at:'[39m[33m,[39m 
expiresAt[33m.[39mtoISOString())[33m;[39m
     [90m 40 |[39m     
     [90m 41 |[39m     [90m// In production, this would be:[39m[0m

      at console.log (node_modules/@jest/console/build/index.js:147:10)
      at sendOTPEmail (app/api/draft/[token]/request-otp/route.ts:38:13)
      at POST (app/api/draft/[token]/request-otp/route.ts:170:29)
      at app/api/draft/[token]/request-otp/__tests__/request-otp.property.test.ts:837:30
      at AsyncProperty.run (node_modules/fast-check/lib/cjs/check/property/AsyncProperty.generic.js:46:28)
      at asyncRunIt (node_modules/fast-check/lib/cjs/check/runner/Runner.js:28:21)
      at Object.<anonymous> (app/api/draft/[token]/request-otp/__tests__/request-otp.property.test.ts:801:7)


  โ—  Cannot log after tests are done. Did you forget to wait for something async in your test?
    Attempted to log "Expires at: 2026-03-03T04:08:30.058Z".

    [0m [90m 37 |[39m     console[33m.[39mlog([32m'OTP email would be sent to:'[39m[33m,[39m 
email)[33m;[39m
     [90m 38 |[39m     console[33m.[39mlog([32m'OTP:'[39m[33m,[39m otp)[33m;[39m
    [31m[1m>[22m[39m[90m 39 |[39m     console[33m.[39mlog([32m'Expires at:'[39m[33m,[39m 
expiresAt[33m.[39mtoISOString())[33m;[39m
     [90m    |[39m             [31m[1m^[22m[39m
     [90m 40 |[39m     
     [90m 41 |[39m     [90m// In production, this would be:[39m
     [90m 42 |[39m     [90m// const subject = 'เธฃเธซเธฑเธช OTP 
เธชเธณเธซเธฃเธฑเธเน€เธเนเธฒเธ–เธถเธเนเธเธเธเธญเธฃเนเธกเธเธญเธเธเธธเธ“';[39m[0m

      at console.log (node_modules/@jest/console/build/index.js:147:10)
      at sendOTPEmail (app/api/draft/[token]/request-otp/route.ts:39:13)
      at POST (app/api/draft/[token]/request-otp/route.ts:170:29)
      at app/api/draft/[token]/request-otp/__tests__/request-otp.property.test.ts:837:30
      at AsyncProperty.run (node_modules/fast-check/lib/cjs/check/property/AsyncProperty.generic.js:46:28)
      at asyncRunIt (node_modules/fast-check/lib/cjs/check/runner/Runner.js:28:21)
      at Object.<anonymous> (app/api/draft/[token]/request-otp/__tests__/request-otp.property.test.ts:801:7)


  โ—  Cannot log after tests are done. Did you forget to wait for something async in your test?
    Attempted to log "OTP email would be sent to: prop-test-1772510310064-3gc9wg@example.com".

    [0m [90m 35 |[39m     [90m// TODO: Implement actual email sending using nodemailer[39m
     [90m 36 |[39m     [90m// For now, we'll log the OTP for testing[39m
    [31m[1m>[22m[39m[90m 37 |[39m     console[33m.[39mlog([32m'OTP email would be sent 
to:'[39m[33m,[39m email)[33m;[39m
     [90m    |[39m             [31m[1m^[22m[39m
     [90m 38 |[39m     console[33m.[39mlog([32m'OTP:'[39m[33m,[39m otp)[33m;[39m
     [90m 39 |[39m     console[33m.[39mlog([32m'Expires at:'[39m[33m,[39m 
expiresAt[33m.[39mtoISOString())[33m;[39m
     [90m 40 |[39m     [0m

      at console.log (node_modules/@jest/console/build/index.js:147:10)
      at sendOTPEmail (app/api/draft/[token]/request-otp/route.ts:37:13)
      at POST (app/api/draft/[token]/request-otp/route.ts:170:29)
      at app/api/draft/[token]/request-otp/__tests__/request-otp.property.test.ts:837:30
      at AsyncProperty.run (node_modules/fast-check/lib/cjs/check/property/AsyncProperty.generic.js:46:28)
      at asyncRunIt (node_modules/fast-check/lib/cjs/check/runner/Runner.js:28:21)
      at Object.<anonymous> (app/api/draft/[token]/request-otp/__tests__/request-otp.property.test.ts:801:7)


  โ—  Cannot log after tests are done. Did you forget to wait for something async in your test?
    Attempted to log "OTP: 723983".

    [0m [90m 36 |[39m     [90m// For now, we'll log the OTP for testing[39m
     [90m 37 |[39m     console[33m.[39mlog([32m'OTP email would be sent to:'[39m[33m,[39m 
email)[33m;[39m
    [31m[1m>[22m[39m[90m 38 |[39m     console[33m.[39mlog([32m'OTP:'[39m[33m,[39m otp)[33m;[39m
     [90m    |[39m             [31m[1m^[22m[39m
     [90m 39 |[39m     console[33m.[39mlog([32m'Expires at:'[39m[33m,[39m 
expiresAt[33m.[39mtoISOString())[33m;[39m
     [90m 40 |[39m     
     [90m 41 |[39m     [90m// In production, this would be:[39m[0m

      at console.log (node_modules/@jest/console/build/index.js:147:10)
      at sendOTPEmail (app/api/draft/[token]/request-otp/route.ts:38:13)
      at POST (app/api/draft/[token]/request-otp/route.ts:170:29)
      at app/api/draft/[token]/request-otp/__tests__/request-otp.property.test.ts:837:30
      at AsyncProperty.run (node_modules/fast-check/lib/cjs/check/property/AsyncProperty.generic.js:46:28)
      at asyncRunIt (node_modules/fast-check/lib/cjs/check/runner/Runner.js:28:21)
      at Object.<anonymous> (app/api/draft/[token]/request-otp/__tests__/request-otp.property.test.ts:801:7)


  โ—  Cannot log after tests are done. Did you forget to wait for something async in your test?
    Attempted to log "Expires at: 2026-03-03T04:08:30.120Z".

    [0m [90m 37 |[39m     console[33m.[39mlog([32m'OTP email would be sent to:'[39m[33m,[39m 
email)[33m;[39m
     [90m 38 |[39m     console[33m.[39mlog([32m'OTP:'[39m[33m,[39m otp)[33m;[39m
    [31m[1m>[22m[39m[90m 39 |[39m     console[33m.[39mlog([32m'Expires at:'[39m[33m,[39m 
expiresAt[33m.[39mtoISOString())[33m;[39m
     [90m    |[39m             [31m[1m^[22m[39m
     [90m 40 |[39m     
     [90m 41 |[39m     [90m// In production, this would be:[39m
     [90m 42 |[39m     [90m// const subject = 'เธฃเธซเธฑเธช OTP 
เธชเธณเธซเธฃเธฑเธเน€เธเนเธฒเธ–เธถเธเนเธเธเธเธญเธฃเนเธกเธเธญเธเธเธธเธ“';[39m[0m

      at console.log (node_modules/@jest/console/build/index.js:147:10)
      at sendOTPEmail (app/api/draft/[token]/request-otp/route.ts:39:13)
      at POST (app/api/draft/[token]/request-otp/route.ts:170:29)
      at app/api/draft/[token]/request-otp/__tests__/request-otp.property.test.ts:837:30
      at AsyncProperty.run (node_modules/fast-check/lib/cjs/check/property/AsyncProperty.generic.js:46:28)
      at asyncRunIt (node_modules/fast-check/lib/cjs/check/runner/Runner.js:28:21)
      at Object.<anonymous> (app/api/draft/[token]/request-otp/__tests__/request-otp.property.test.ts:801:7)


  โ—  Cannot log after tests are done. Did you forget to wait for something async in your test?
    Attempted to log "OTP email would be sent to: prop-test-1772510310128-htgrjt@example.com".

    [0m [90m 35 |[39m     [90m// TODO: Implement actual email sending using nodemailer[39m
     [90m 36 |[39m     [90m// For now, we'll log the OTP for testing[39m
    [31m[1m>[22m[39m[90m 37 |[39m     console[33m.[39mlog([32m'OTP email would be sent 
to:'[39m[33m,[39m email)[33m;[39m
     [90m    |[39m             [31m[1m^[22m[39m
     [90m 38 |[39m     console[33m.[39mlog([32m'OTP:'[39m[33m,[39m otp)[33m;[39m
     [90m 39 |[39m     console[33m.[39mlog([32m'Expires at:'[39m[33m,[39m 
expiresAt[33m.[39mtoISOString())[33m;[39m
     [90m 40 |[39m     [0m

      at console.log (node_modules/@jest/console/build/index.js:147:10)
      at sendOTPEmail (app/api/draft/[token]/request-otp/route.ts:37:13)
      at POST (app/api/draft/[token]/request-otp/route.ts:170:29)
      at app/api/draft/[token]/request-otp/__tests__/request-otp.property.test.ts:837:30
      at AsyncProperty.run (node_modules/fast-check/lib/cjs/check/property/AsyncProperty.generic.js:46:28)
      at asyncRunIt (node_modules/fast-check/lib/cjs/check/runner/Runner.js:28:21)
      at Object.<anonymous> (app/api/draft/[token]/request-otp/__tests__/request-otp.property.test.ts:801:7)


  โ—  Cannot log after tests are done. Did you forget to wait for something async in your test?
    Attempted to log "OTP: 708831".

    [0m [90m 36 |[39m     [90m// For now, we'll log the OTP for testing[39m
     [90m 37 |[39m     console[33m.[39mlog([32m'OTP email would be sent to:'[39m[33m,[39m 
email)[33m;[39m
    [31m[1m>[22m[39m[90m 38 |[39m     console[33m.[39mlog([32m'OTP:'[39m[33m,[39m otp)[33m;[39m
     [90m    |[39m             [31m[1m^[22m[39m
     [90m 39 |[39m     console[33m.[39mlog([32m'Expires at:'[39m[33m,[39m 
expiresAt[33m.[39mtoISOString())[33m;[39m
     [90m 40 |[39m     
     [90m 41 |[39m     [90m// In production, this would be:[39m[0m

      at console.log (node_modules/@jest/console/build/index.js:147:10)
      at sendOTPEmail (app/api/draft/[token]/request-otp/route.ts:38:13)
      at POST (app/api/draft/[token]/request-otp/route.ts:170:29)
      at app/api/draft/[token]/request-otp/__tests__/request-otp.property.test.ts:837:30
      at AsyncProperty.run (node_modules/fast-check/lib/cjs/check/property/AsyncProperty.generic.js:46:28)
      at asyncRunIt (node_modules/fast-check/lib/cjs/check/runner/Runner.js:28:21)
      at Object.<anonymous> (app/api/draft/[token]/request-otp/__tests__/request-otp.property.test.ts:801:7)


  โ—  Cannot log after tests are done. Did you forget to wait for something async in your test?
    Attempted to log "Expires at: 2026-03-03T04:08:30.184Z".

    [0m [90m 37 |[39m     console[33m.[39mlog([32m'OTP email would be sent to:'[39m[33m,[39m 
email)[33m;[39m
     [90m 38 |[39m     console[33m.[39mlog([32m'OTP:'[39m[33m,[39m otp)[33m;[39m
    [31m[1m>[22m[39m[90m 39 |[39m     console[33m.[39mlog([32m'Expires at:'[39m[33m,[39m 
expiresAt[33m.[39mtoISOString())[33m;[39m
     [90m    |[39m             [31m[1m^[22m[39m
     [90m 40 |[39m     
     [90m 41 |[39m     [90m// In production, this would be:[39m
     [90m 42 |[39m     [90m// const subject = 'เธฃเธซเธฑเธช OTP 
เธชเธณเธซเธฃเธฑเธเน€เธเนเธฒเธ–เธถเธเนเธเธเธเธญเธฃเนเธกเธเธญเธเธเธธเธ“';[39m[0m

      at console.log (node_modules/@jest/console/build/index.js:147:10)
      at sendOTPEmail (app/api/draft/[token]/request-otp/route.ts:39:13)
      at POST (app/api/draft/[token]/request-otp/route.ts:170:29)
      at app/api/draft/[token]/request-otp/__tests__/request-otp.property.test.ts:837:30
      at AsyncProperty.run (node_modules/fast-check/lib/cjs/check/property/AsyncProperty.generic.js:46:28)
      at asyncRunIt (node_modules/fast-check/lib/cjs/check/runner/Runner.js:28:21)
      at Object.<anonymous> (app/api/draft/[token]/request-otp/__tests__/request-otp.property.test.ts:801:7)


  โ—  Cannot log after tests are done. Did you forget to wait for something async in your test?
    Attempted to log "OTP email would be sent to: prop-test-1772510310193-j0k748@example.com".

    [0m [90m 35 |[39m     [90m// TODO: Implement actual email sending using nodemailer[39m
     [90m 36 |[39m     [90m// For now, we'll log the OTP for testing[39m
    [31m[1m>[22m[39m[90m 37 |[39m     console[33m.[39mlog([32m'OTP email would be sent 
to:'[39m[33m,[39m email)[33m;[39m
     [90m    |[39m             [31m[1m^[22m[39m
     [90m 38 |[39m     console[33m.[39mlog([32m'OTP:'[39m[33m,[39m otp)[33m;[39m
     [90m 39 |[39m     console[33m.[39mlog([32m'Expires at:'[39m[33m,[39m 
expiresAt[33m.[39mtoISOString())[33m;[39m
     [90m 40 |[39m     [0m

      at console.log (node_modules/@jest/console/build/index.js:147:10)
      at sendOTPEmail (app/api/draft/[token]/request-otp/route.ts:37:13)
      at POST (app/api/draft/[token]/request-otp/route.ts:170:29)
      at app/api/draft/[token]/request-otp/__tests__/request-otp.property.test.ts:837:30
      at AsyncProperty.run (node_modules/fast-check/lib/cjs/check/property/AsyncProperty.generic.js:46:28)
      at asyncRunIt (node_modules/fast-check/lib/cjs/check/runner/Runner.js:28:21)
      at Object.<anonymous> (app/api/draft/[token]/request-otp/__tests__/request-otp.property.test.ts:801:7)


  โ—  Cannot log after tests are done. Did you forget to wait for something async in your test?
    Attempted to log "OTP: 643432".

    [0m [90m 36 |[39m     [90m// For now, we'll log the OTP for testing[39m
     [90m 37 |[39m     console[33m.[39mlog([32m'OTP email would be sent to:'[39m[33m,[39m 
email)[33m;[39m
    [31m[1m>[22m[39m[90m 38 |[39m     console[33m.[39mlog([32m'OTP:'[39m[33m,[39m otp)[33m;[39m
     [90m    |[39m             [31m[1m^[22m[39m
     [90m 39 |[39m     console[33m.[39mlog([32m'Expires at:'[39m[33m,[39m 
expiresAt[33m.[39mtoISOString())[33m;[39m
     [90m 40 |[39m     
     [90m 41 |[39m     [90m// In production, this would be:[39m[0m

      at console.log (node_modules/@jest/console/build/index.js:147:10)
      at sendOTPEmail (app/api/draft/[token]/request-otp/route.ts:38:13)
      at POST (app/api/draft/[token]/request-otp/route.ts:170:29)
      at app/api/draft/[token]/request-otp/__tests__/request-otp.property.test.ts:837:30
      at AsyncProperty.run (node_modules/fast-check/lib/cjs/check/property/AsyncProperty.generic.js:46:28)
      at asyncRunIt (node_modules/fast-check/lib/cjs/check/runner/Runner.js:28:21)
      at Object.<anonymous> (app/api/draft/[token]/request-otp/__tests__/request-otp.property.test.ts:801:7)


  โ—  Cannot log after tests are done. Did you forget to wait for something async in your test?
    Attempted to log "Expires at: 2026-03-03T04:08:30.247Z".

    [0m [90m 37 |[39m     console[33m.[39mlog([32m'OTP email would be sent to:'[39m[33m,[39m 
email)[33m;[39m
     [90m 38 |[39m     console[33m.[39mlog([32m'OTP:'[39m[33m,[39m otp)[33m;[39m
    [31m[1m>[22m[39m[90m 39 |[39m     console[33m.[39mlog([32m'Expires at:'[39m[33m,[39m 
expiresAt[33m.[39mtoISOString())[33m;[39m
     [90m    |[39m             [31m[1m^[22m[39m
     [90m 40 |[39m     
     [90m 41 |[39m     [90m// In production, this would be:[39m
     [90m 42 |[39m     [90m// const subject = 'เธฃเธซเธฑเธช OTP 
เธชเธณเธซเธฃเธฑเธเน€เธเนเธฒเธ–เธถเธเนเธเธเธเธญเธฃเนเธกเธเธญเธเธเธธเธ“';[39m[0m

      at console.log (node_modules/@jest/console/build/index.js:147:10)
      at sendOTPEmail (app/api/draft/[token]/request-otp/route.ts:39:13)
      at POST (app/api/draft/[token]/request-otp/route.ts:170:29)
      at app/api/draft/[token]/request-otp/__tests__/request-otp.property.test.ts:837:30
      at AsyncProperty.run (node_modules/fast-check/lib/cjs/check/property/AsyncProperty.generic.js:46:28)
      at asyncRunIt (node_modules/fast-check/lib/cjs/check/runner/Runner.js:28:21)
      at Object.<anonymous> (app/api/draft/[token]/request-otp/__tests__/request-otp.property.test.ts:801:7)


  โ—  Cannot log after tests are done. Did you forget to wait for something async in your test?
    Attempted to log "OTP email would be sent to: prop-test-1772510310256-gboqr@example.com".

    [0m [90m 35 |[39m     [90m// TODO: Implement actual email sending using nodemailer[39m
     [90m 36 |[39m     [90m// For now, we'll log the OTP for testing[39m
    [31m[1m>[22m[39m[90m 37 |[39m     console[33m.[39mlog([32m'OTP email would be sent 
to:'[39m[33m,[39m email)[33m;[39m
     [90m    |[39m             [31m[1m^[22m[39m
     [90m 38 |[39m     console[33m.[39mlog([32m'OTP:'[39m[33m,[39m otp)[33m;[39m
     [90m 39 |[39m     console[33m.[39mlog([32m'Expires at:'[39m[33m,[39m 
expiresAt[33m.[39mtoISOString())[33m;[39m
     [90m 40 |[39m     [0m

      at console.log (node_modules/@jest/console/build/index.js:147:10)
      at sendOTPEmail (app/api/draft/[token]/request-otp/route.ts:37:13)
      at POST (app/api/draft/[token]/request-otp/route.ts:170:29)
      at app/api/draft/[token]/request-otp/__tests__/request-otp.property.test.ts:837:30
      at AsyncProperty.run (node_modules/fast-check/lib/cjs/check/property/AsyncProperty.generic.js:46:28)
      at asyncRunIt (node_modules/fast-check/lib/cjs/check/runner/Runner.js:28:21)
      at Object.<anonymous> (app/api/draft/[token]/request-otp/__tests__/request-otp.property.test.ts:801:7)


  โ—  Cannot log after tests are done. Did you forget to wait for something async in your test?
    Attempted to log "OTP: 696530".

    [0m [90m 36 |[39m     [90m// For now, we'll log the OTP for testing[39m
     [90m 37 |[39m     console[33m.[39mlog([32m'OTP email would be sent to:'[39m[33m,[39m 
email)[33m;[39m
    [31m[1m>[22m[39m[90m 38 |[39m     console[33m.[39mlog([32m'OTP:'[39m[33m,[39m otp)[33m;[39m
     [90m    |[39m             [31m[1m^[22m[39m
     [90m 39 |[39m     console[33m.[39mlog([32m'Expires at:'[39m[33m,[39m 
expiresAt[33m.[39mtoISOString())[33m;[39m
     [90m 40 |[39m     
     [90m 41 |[39m     [90m// In production, this would be:[39m[0m

      at console.log (node_modules/@jest/console/build/index.js:147:10)
      at sendOTPEmail (app/api/draft/[token]/request-otp/route.ts:38:13)
      at POST (app/api/draft/[token]/request-otp/route.ts:170:29)
      at app/api/draft/[token]/request-otp/__tests__/request-otp.property.test.ts:837:30
      at AsyncProperty.run (node_modules/fast-check/lib/cjs/check/property/AsyncProperty.generic.js:46:28)
      at asyncRunIt (node_modules/fast-check/lib/cjs/check/runner/Runner.js:28:21)
      at Object.<anonymous> (app/api/draft/[token]/request-otp/__tests__/request-otp.property.test.ts:801:7)


  โ—  Cannot log after tests are done. Did you forget to wait for something async in your test?
    Attempted to log "Expires at: 2026-03-03T04:08:30.309Z".

    [0m [90m 37 |[39m     console[33m.[39mlog([32m'OTP email would be sent to:'[39m[33m,[39m 
email)[33m;[39m
     [90m 38 |[39m     console[33m.[39mlog([32m'OTP:'[39m[33m,[39m otp)[33m;[39m
    [31m[1m>[22m[39m[90m 39 |[39m     console[33m.[39mlog([32m'Expires at:'[39m[33m,[39m 
expiresAt[33m.[39mtoISOString())[33m;[39m
     [90m    |[39m             [31m[1m^[22m[39m
     [90m 40 |[39m     
     [90m 41 |[39m     [90m// In production, this would be:[39m
     [90m 42 |[39m     [90m// const subject = 'เธฃเธซเธฑเธช OTP 
เธชเธณเธซเธฃเธฑเธเน€เธเนเธฒเธ–เธถเธเนเธเธเธเธญเธฃเนเธกเธเธญเธเธเธธเธ“';[39m[0m

      at console.log (node_modules/@jest/console/build/index.js:147:10)
      at sendOTPEmail (app/api/draft/[token]/request-otp/route.ts:39:13)
      at POST (app/api/draft/[token]/request-otp/route.ts:170:29)
      at app/api/draft/[token]/request-otp/__tests__/request-otp.property.test.ts:837:30
      at AsyncProperty.run (node_modules/fast-check/lib/cjs/check/property/AsyncProperty.generic.js:46:28)
      at asyncRunIt (node_modules/fast-check/lib/cjs/check/runner/Runner.js:28:21)
      at Object.<anonymous> (app/api/draft/[token]/request-otp/__tests__/request-otp.property.test.ts:801:7)


  โ—  Cannot log after tests are done. Did you forget to wait for something async in your test?
    Attempted to log "OTP email would be sent to: prop-test-1772510310317-3z6lz@example.com".

    [0m [90m 35 |[39m     [90m// TODO: Implement actual email sending using nodemailer[39m
     [90m 36 |[39m     [90m// For now, we'll log the OTP for testing[39m
    [31m[1m>[22m[39m[90m 37 |[39m     console[33m.[39mlog([32m'OTP email would be sent 
to:'[39m[33m,[39m email)[33m;[39m
     [90m    |[39m             [31m[1m^[22m[39m
     [90m 38 |[39m     console[33m.[39mlog([32m'OTP:'[39m[33m,[39m otp)[33m;[39m
     [90m 39 |[39m     console[33m.[39mlog([32m'Expires at:'[39m[33m,[39m 
expiresAt[33m.[39mtoISOString())[33m;[39m
     [90m 40 |[39m     [0m

      at console.log (node_modules/@jest/console/build/index.js:147:10)
      at sendOTPEmail (app/api/draft/[token]/request-otp/route.ts:37:13)
      at POST (app/api/draft/[token]/request-otp/route.ts:170:29)
      at app/api/draft/[token]/request-otp/__tests__/request-otp.property.test.ts:837:30
      at AsyncProperty.run (node_modules/fast-check/lib/cjs/check/property/AsyncProperty.generic.js:46:28)
      at asyncRunIt (node_modules/fast-check/lib/cjs/check/runner/Runner.js:28:21)
      at Object.<anonymous> (app/api/draft/[token]/request-otp/__tests__/request-otp.property.test.ts:801:7)


  โ—  Cannot log after tests are done. Did you forget to wait for something async in your test?
    Attempted to log "OTP: 338892".

    [0m [90m 36 |[39m     [90m// For now, we'll log the OTP for testing[39m
     [90m 37 |[39m     console[33m.[39mlog([32m'OTP email would be sent to:'[39m[33m,[39m 
email)[33m;[39m
    [31m[1m>[22m[39m[90m 38 |[39m     console[33m.[39mlog([32m'OTP:'[39m[33m,[39m otp)[33m;[39m
     [90m    |[39m             [31m[1m^[22m[39m
     [90m 39 |[39m     console[33m.[39mlog([32m'Expires at:'[39m[33m,[39m 
expiresAt[33m.[39mtoISOString())[33m;[39m
     [90m 40 |[39m     
     [90m 41 |[39m     [90m// In production, this would be:[39m[0m

      at console.log (node_modules/@jest/console/build/index.js:147:10)
      at sendOTPEmail (app/api/draft/[token]/request-otp/route.ts:38:13)
      at POST (app/api/draft/[token]/request-otp/route.ts:170:29)
      at app/api/draft/[token]/request-otp/__tests__/request-otp.property.test.ts:837:30
      at AsyncProperty.run (node_modules/fast-check/lib/cjs/check/property/AsyncProperty.generic.js:46:28)
      at asyncRunIt (node_modules/fast-check/lib/cjs/check/runner/Runner.js:28:21)
      at Object.<anonymous> (app/api/draft/[token]/request-otp/__tests__/request-otp.property.test.ts:801:7)


  โ—  Cannot log after tests are done. Did you forget to wait for something async in your test?
    Attempted to log "Expires at: 2026-03-03T04:08:30.373Z".

    [0m [90m 37 |[39m     console[33m.[39mlog([32m'OTP email would be sent to:'[39m[33m,[39m 
email)[33m;[39m
     [90m 38 |[39m     console[33m.[39mlog([32m'OTP:'[39m[33m,[39m otp)[33m;[39m
    [31m[1m>[22m[39m[90m 39 |[39m     console[33m.[39mlog([32m'Expires at:'[39m[33m,[39m 
expiresAt[33m.[39mtoISOString())[33m;[39m
     [90m    |[39m             [31m[1m^[22m[39m
     [90m 40 |[39m     
     [90m 41 |[39m     [90m// In production, this would be:[39m
     [90m 42 |[39m     [90m// const subject = 'เธฃเธซเธฑเธช OTP 
เธชเธณเธซเธฃเธฑเธเน€เธเนเธฒเธ–เธถเธเนเธเธเธเธญเธฃเนเธกเธเธญเธเธเธธเธ“';[39m[0m

      at console.log (node_modules/@jest/console/build/index.js:147:10)
      at sendOTPEmail (app/api/draft/[token]/request-otp/route.ts:39:13)
      at POST (app/api/draft/[token]/request-otp/route.ts:170:29)
      at app/api/draft/[token]/request-otp/__tests__/request-otp.property.test.ts:837:30
      at AsyncProperty.run (node_modules/fast-check/lib/cjs/check/property/AsyncProperty.generic.js:46:28)
      at asyncRunIt (node_modules/fast-check/lib/cjs/check/runner/Runner.js:28:21)
      at Object.<anonymous> (app/api/draft/[token]/request-otp/__tests__/request-otp.property.test.ts:801:7)


  โ—  Cannot log after tests are done. Did you forget to wait for something async in your test?
    Attempted to log "OTP email would be sent to: prop-test-1772510310379-rodb1e@example.com".

    [0m [90m 35 |[39m     [90m// TODO: Implement actual email sending using nodemailer[39m
     [90m 36 |[39m     [90m// For now, we'll log the OTP for testing[39m
    [31m[1m>[22m[39m[90m 37 |[39m     console[33m.[39mlog([32m'OTP email would be sent 
to:'[39m[33m,[39m email)[33m;[39m
     [90m    |[39m             [31m[1m^[22m[39m
     [90m 38 |[39m     console[33m.[39mlog([32m'OTP:'[39m[33m,[39m otp)[33m;[39m
     [90m 39 |[39m     console[33m.[39mlog([32m'Expires at:'[39m[33m,[39m 
expiresAt[33m.[39mtoISOString())[33m;[39m
     [90m 40 |[39m     [0m

      at console.log (node_modules/@jest/console/build/index.js:147:10)
      at sendOTPEmail (app/api/draft/[token]/request-otp/route.ts:37:13)
      at POST (app/api/draft/[token]/request-otp/route.ts:170:29)
      at app/api/draft/[token]/request-otp/__tests__/request-otp.property.test.ts:837:30
      at AsyncProperty.run (node_modules/fast-check/lib/cjs/check/property/AsyncProperty.generic.js:46:28)
      at asyncRunIt (node_modules/fast-check/lib/cjs/check/runner/Runner.js:28:21)
      at Object.<anonymous> (app/api/draft/[token]/request-otp/__tests__/request-otp.property.test.ts:801:7)


  โ—  Cannot log after tests are done. Did you forget to wait for something async in your test?
    Attempted to log "OTP: 124090".

    [0m [90m 36 |[39m     [90m// For now, we'll log the OTP for testing[39m
     [90m 37 |[39m     console[33m.[39mlog([32m'OTP email would be sent to:'[39m[33m,[39m 
email)[33m;[39m
    [31m[1m>[22m[39m[90m 38 |[39m     console[33m.[39mlog([32m'OTP:'[39m[33m,[39m otp)[33m;[39m
     [90m    |[39m             [31m[1m^[22m[39m
     [90m 39 |[39m     console[33m.[39mlog([32m'Expires at:'[39m[33m,[39m 
expiresAt[33m.[39mtoISOString())[33m;[39m
     [90m 40 |[39m     
     [90m 41 |[39m     [90m// In production, this would be:[39m[0m

      at console.log (node_modules/@jest/console/build/index.js:147:10)
      at sendOTPEmail (app/api/draft/[token]/request-otp/route.ts:38:13)
      at POST (app/api/draft/[token]/request-otp/route.ts:170:29)
      at app/api/draft/[token]/request-otp/__tests__/request-otp.property.test.ts:837:30
      at AsyncProperty.run (node_modules/fast-check/lib/cjs/check/property/AsyncProperty.generic.js:46:28)
      at asyncRunIt (node_modules/fast-check/lib/cjs/check/runner/Runner.js:28:21)
      at Object.<anonymous> (app/api/draft/[token]/request-otp/__tests__/request-otp.property.test.ts:801:7)


  โ—  Cannot log after tests are done. Did you forget to wait for something async in your test?
    Attempted to log "Expires at: 2026-03-03T04:08:30.434Z".

    [0m [90m 37 |[39m     console[33m.[39mlog([32m'OTP email would be sent to:'[39m[33m,[39m 
email)[33m;[39m
     [90m 38 |[39m     console[33m.[39mlog([32m'OTP:'[39m[33m,[39m otp)[33m;[39m
    [31m[1m>[22m[39m[90m 39 |[39m     console[33m.[39mlog([32m'Expires at:'[39m[33m,[39m 
expiresAt[33m.[39mtoISOString())[33m;[39m
     [90m    |[39m             [31m[1m^[22m[39m
     [90m 40 |[39m     
     [90m 41 |[39m     [90m// In production, this would be:[39m
     [90m 42 |[39m     [90m// const subject = 'เธฃเธซเธฑเธช OTP 
เธชเธณเธซเธฃเธฑเธเน€เธเนเธฒเธ–เธถเธเนเธเธเธเธญเธฃเนเธกเธเธญเธเธเธธเธ“';[39m[0m

      at console.log (node_modules/@jest/console/build/index.js:147:10)
      at sendOTPEmail (app/api/draft/[token]/request-otp/route.ts:39:13)
      at POST (app/api/draft/[token]/request-otp/route.ts:170:29)
      at app/api/draft/[token]/request-otp/__tests__/request-otp.property.test.ts:837:30
      at AsyncProperty.run (node_modules/fast-check/lib/cjs/check/property/AsyncProperty.generic.js:46:28)
      at asyncRunIt (node_modules/fast-check/lib/cjs/check/runner/Runner.js:28:21)
      at Object.<anonymous> (app/api/draft/[token]/request-otp/__tests__/request-otp.property.test.ts:801:7)


  โ—  Cannot log after tests are done. Did you forget to wait for something async in your test?
    Attempted to log "OTP email would be sent to: prop-test-1772510310441-rww1al@example.com".

    [0m [90m 35 |[39m     [90m// TODO: Implement actual email sending using nodemailer[39m
     [90m 36 |[39m     [90m// For now, we'll log the OTP for testing[39m
    [31m[1m>[22m[39m[90m 37 |[39m     console[33m.[39mlog([32m'OTP email would be sent 
to:'[39m[33m,[39m email)[33m;[39m
     [90m    |[39m             [31m[1m^[22m[39m
     [90m 38 |[39m     console[33m.[39mlog([32m'OTP:'[39m[33m,[39m otp)[33m;[39m
     [90m 39 |[39m     console[33m.[39mlog([32m'Expires at:'[39m[33m,[39m 
expiresAt[33m.[39mtoISOString())[33m;[39m
     [90m 40 |[39m     [0m

      at console.log (node_modules/@jest/console/build/index.js:147:10)
      at sendOTPEmail (app/api/draft/[token]/request-otp/route.ts:37:13)
      at POST (app/api/draft/[token]/request-otp/route.ts:170:29)
      at app/api/draft/[token]/request-otp/__tests__/request-otp.property.test.ts:837:30
      at AsyncProperty.run (node_modules/fast-check/lib/cjs/check/property/AsyncProperty.generic.js:46:28)
      at asyncRunIt (node_modules/fast-check/lib/cjs/check/runner/Runner.js:28:21)
      at Object.<anonymous> (app/api/draft/[token]/request-otp/__tests__/request-otp.property.test.ts:801:7)


  โ—  Cannot log after tests are done. Did you forget to wait for something async in your test?
    Attempted to log "OTP: 845214".

    [0m [90m 36 |[39m     [90m// For now, we'll log the OTP for testing[39m
     [90m 37 |[39m     console[33m.[39mlog([32m'OTP email would be sent to:'[39m[33m,[39m 
email)[33m;[39m
    [31m[1m>[22m[39m[90m 38 |[39m     console[33m.[39mlog([32m'OTP:'[39m[33m,[39m otp)[33m;[39m
     [90m    |[39m             [31m[1m^[22m[39m
     [90m 39 |[39m     console[33m.[39mlog([32m'Expires at:'[39m[33m,[39m 
expiresAt[33m.[39mtoISOString())[33m;[39m
     [90m 40 |[39m     
     [90m 41 |[39m     [90m// In production, this would be:[39m[0m

      at console.log (node_modules/@jest/console/build/index.js:147:10)
      at sendOTPEmail (app/api/draft/[token]/request-otp/route.ts:38:13)
      at POST (app/api/draft/[token]/request-otp/route.ts:170:29)
      at app/api/draft/[token]/request-otp/__tests__/request-otp.property.test.ts:837:30
      at AsyncProperty.run (node_modules/fast-check/lib/cjs/check/property/AsyncProperty.generic.js:46:28)
      at asyncRunIt (node_modules/fast-check/lib/cjs/check/runner/Runner.js:28:21)
      at Object.<anonymous> (app/api/draft/[token]/request-otp/__tests__/request-otp.property.test.ts:801:7)


  โ—  Cannot log after tests are done. Did you forget to wait for something async in your test?
    Attempted to log "Expires at: 2026-03-03T04:08:30.496Z".

    [0m [90m 37 |[39m     console[33m.[39mlog([32m'OTP email would be sent to:'[39m[33m,[39m 
email)[33m;[39m
     [90m 38 |[39m     console[33m.[39mlog([32m'OTP:'[39m[33m,[39m otp)[33m;[39m
    [31m[1m>[22m[39m[90m 39 |[39m     console[33m.[39mlog([32m'Expires at:'[39m[33m,[39m 
expiresAt[33m.[39mtoISOString())[33m;[39m
     [90m    |[39m             [31m[1m^[22m[39m
     [90m 40 |[39m     
     [90m 41 |[39m     [90m// In production, this would be:[39m
     [90m 42 |[39m     [90m// const subject = 'เธฃเธซเธฑเธช OTP 
เธชเธณเธซเธฃเธฑเธเน€เธเนเธฒเธ–เธถเธเนเธเธเธเธญเธฃเนเธกเธเธญเธเธเธธเธ“';[39m[0m

      at console.log (node_modules/@jest/console/build/index.js:147:10)
      at sendOTPEmail (app/api/draft/[token]/request-otp/route.ts:39:13)
      at POST (app/api/draft/[token]/request-otp/route.ts:170:29)
      at app/api/draft/[token]/request-otp/__tests__/request-otp.property.test.ts:837:30
      at AsyncProperty.run (node_modules/fast-check/lib/cjs/check/property/AsyncProperty.generic.js:46:28)
      at asyncRunIt (node_modules/fast-check/lib/cjs/check/runner/Runner.js:28:21)
      at Object.<anonymous> (app/api/draft/[token]/request-otp/__tests__/request-otp.property.test.ts:801:7)


  โ—  Cannot log after tests are done. Did you forget to wait for something async in your test?
    Attempted to log "OTP email would be sent to: prop-test-1772510310505-sbhgrc@example.com".

    [0m [90m 35 |[39m     [90m// TODO: Implement actual email sending using nodemailer[39m
     [90m 36 |[39m     [90m// For now, we'll log the OTP for testing[39m
    [31m[1m>[22m[39m[90m 37 |[39m     console[33m.[39mlog([32m'OTP email would be sent 
to:'[39m[33m,[39m email)[33m;[39m
     [90m    |[39m             [31m[1m^[22m[39m
     [90m 38 |[39m     console[33m.[39mlog([32m'OTP:'[39m[33m,[39m otp)[33m;[39m
     [90m 39 |[39m     console[33m.[39mlog([32m'Expires at:'[39m[33m,[39m 
expiresAt[33m.[39mtoISOString())[33m;[39m
     [90m 40 |[39m     [0m

      at console.log (node_modules/@jest/console/build/index.js:147:10)
      at sendOTPEmail (app/api/draft/[token]/request-otp/route.ts:37:13)
      at POST (app/api/draft/[token]/request-otp/route.ts:170:29)
      at app/api/draft/[token]/request-otp/__tests__/request-otp.property.test.ts:837:30
      at AsyncProperty.run (node_modules/fast-check/lib/cjs/check/property/AsyncProperty.generic.js:46:28)
      at asyncRunIt (node_modules/fast-check/lib/cjs/check/runner/Runner.js:28:21)
      at Object.<anonymous> (app/api/draft/[token]/request-otp/__tests__/request-otp.property.test.ts:801:7)


  โ—  Cannot log after tests are done. Did you forget to wait for something async in your test?
    Attempted to log "OTP: 706753".

    [0m [90m 36 |[39m     [90m// For now, we'll log the OTP for testing[39m
     [90m 37 |[39m     console[33m.[39mlog([32m'OTP email would be sent to:'[39m[33m,[39m 
email)[33m;[39m
    [31m[1m>[22m[39m[90m 38 |[39m     console[33m.[39mlog([32m'OTP:'[39m[33m,[39m otp)[33m;[39m
     [90m    |[39m             [31m[1m^[22m[39m
     [90m 39 |[39m     console[33m.[39mlog([32m'Expires at:'[39m[33m,[39m 
expiresAt[33m.[39mtoISOString())[33m;[39m
     [90m 40 |[39m     
     [90m 41 |[39m     [90m// In production, this would be:[39m[0m

      at console.log (node_modules/@jest/console/build/index.js:147:10)
      at sendOTPEmail (app/api/draft/[token]/request-otp/route.ts:38:13)
      at POST (app/api/draft/[token]/request-otp/route.ts:170:29)
      at app/api/draft/[token]/request-otp/__tests__/request-otp.property.test.ts:837:30
      at AsyncProperty.run (node_modules/fast-check/lib/cjs/check/property/AsyncProperty.generic.js:46:28)
      at asyncRunIt (node_modules/fast-check/lib/cjs/check/runner/Runner.js:28:21)
      at Object.<anonymous> (app/api/draft/[token]/request-otp/__tests__/request-otp.property.test.ts:801:7)


  โ—  Cannot log after tests are done. Did you forget to wait for something async in your test?
    Attempted to log "Expires at: 2026-03-03T04:08:30.561Z".

    [0m [90m 37 |[39m     console[33m.[39mlog([32m'OTP email would be sent to:'[39m[33m,[39m 
email)[33m;[39m
     [90m 38 |[39m     console[33m.[39mlog([32m'OTP:'[39m[33m,[39m otp)[33m;[39m
    [31m[1m>[22m[39m[90m 39 |[39m     console[33m.[39mlog([32m'Expires at:'[39m[33m,[39m 
expiresAt[33m.[39mtoISOString())[33m;[39m
     [90m    |[39m             [31m[1m^[22m[39m
     [90m 40 |[39m     
     [90m 41 |[39m     [90m// In production, this would be:[39m
     [90m 42 |[39m     [90m// const subject = 'เธฃเธซเธฑเธช OTP 
เธชเธณเธซเธฃเธฑเธเน€เธเนเธฒเธ–เธถเธเนเธเธเธเธญเธฃเนเธกเธเธญเธเธเธธเธ“';[39m[0m

      at console.log (node_modules/@jest/console/build/index.js:147:10)
      at sendOTPEmail (app/api/draft/[token]/request-otp/route.ts:39:13)
      at POST (app/api/draft/[token]/request-otp/route.ts:170:29)
      at app/api/draft/[token]/request-otp/__tests__/request-otp.property.test.ts:837:30
      at AsyncProperty.run (node_modules/fast-check/lib/cjs/check/property/AsyncProperty.generic.js:46:28)
      at asyncRunIt (node_modules/fast-check/lib/cjs/check/runner/Runner.js:28:21)
      at Object.<anonymous> (app/api/draft/[token]/request-otp/__tests__/request-otp.property.test.ts:801:7)


  โ—  Cannot log after tests are done. Did you forget to wait for something async in your test?
    Attempted to log "OTP email would be sent to: prop-test-1772510310568-y8zkoy@example.com".

    [0m [90m 35 |[39m     [90m// TODO: Implement actual email sending using nodemailer[39m
     [90m 36 |[39m     [90m// For now, we'll log the OTP for testing[39m
    [31m[1m>[22m[39m[90m 37 |[39m     console[33m.[39mlog([32m'OTP email would be sent 
to:'[39m[33m,[39m email)[33m;[39m
     [90m    |[39m             [31m[1m^[22m[39m
     [90m 38 |[39m     console[33m.[39mlog([32m'OTP:'[39m[33m,[39m otp)[33m;[39m
     [90m 39 |[39m     console[33m.[39mlog([32m'Expires at:'[39m[33m,[39m 
expiresAt[33m.[39mtoISOString())[33m;[39m
     [90m 40 |[39m     [0m

      at console.log (node_modules/@jest/console/build/index.js:147:10)
      at sendOTPEmail (app/api/draft/[token]/request-otp/route.ts:37:13)
      at POST (app/api/draft/[token]/request-otp/route.ts:170:29)
      at app/api/draft/[token]/request-otp/__tests__/request-otp.property.test.ts:837:30
      at AsyncProperty.run (node_modules/fast-check/lib/cjs/check/property/AsyncProperty.generic.js:46:28)
      at asyncRunIt (node_modules/fast-check/lib/cjs/check/runner/Runner.js:28:21)
      at Object.<anonymous> (app/api/draft/[token]/request-otp/__tests__/request-otp.property.test.ts:801:7)


  โ—  Cannot log after tests are done. Did you forget to wait for something async in your test?
    Attempted to log "OTP: 196205".

    [0m [90m 36 |[39m     [90m// For now, we'll log the OTP for testing[39m
     [90m 37 |[39m     console[33m.[39mlog([32m'OTP email would be sent to:'[39m[33m,[39m 
email)[33m;[39m
    [31m[1m>[22m[39m[90m 38 |[39m     console[33m.[39mlog([32m'OTP:'[39m[33m,[39m otp)[33m;[39m
     [90m    |[39m             [31m[1m^[22m[39m
     [90m 39 |[39m     console[33m.[39mlog([32m'Expires at:'[39m[33m,[39m 
expiresAt[33m.[39mtoISOString())[33m;[39m
     [90m 40 |[39m     
     [90m 41 |[39m     [90m// In production, this would be:[39m[0m

      at console.log (node_modules/@jest/console/build/index.js:147:10)
      at sendOTPEmail (app/api/draft/[token]/request-otp/route.ts:38:13)
      at POST (app/api/draft/[token]/request-otp/route.ts:170:29)
      at app/api/draft/[token]/request-otp/__tests__/request-otp.property.test.ts:837:30
      at AsyncProperty.run (node_modules/fast-check/lib/cjs/check/property/AsyncProperty.generic.js:46:28)
      at asyncRunIt (node_modules/fast-check/lib/cjs/check/runner/Runner.js:28:21)
      at Object.<anonymous> (app/api/draft/[token]/request-otp/__tests__/request-otp.property.test.ts:801:7)


  โ—  Cannot log after tests are done. Did you forget to wait for something async in your test?
    Attempted to log "Expires at: 2026-03-03T04:08:30.624Z".

    [0m [90m 37 |[39m     console[33m.[39mlog([32m'OTP email would be sent to:'[39m[33m,[39m 
email)[33m;[39m
     [90m 38 |[39m     console[33m.[39mlog([32m'OTP:'[39m[33m,[39m otp)[33m;[39m
    [31m[1m>[22m[39m[90m 39 |[39m     console[33m.[39mlog([32m'Expires at:'[39m[33m,[39m 
expiresAt[33m.[39mtoISOString())[33m;[39m
     [90m    |[39m             [31m[1m^[22m[39m
     [90m 40 |[39m     
     [90m 41 |[39m     [90m// In production, this would be:[39m
     [90m 42 |[39m     [90m// const subject = 'เธฃเธซเธฑเธช OTP 
เธชเธณเธซเธฃเธฑเธเน€เธเนเธฒเธ–เธถเธเนเธเธเธเธญเธฃเนเธกเธเธญเธเธเธธเธ“';[39m[0m

      at console.log (node_modules/@jest/console/build/index.js:147:10)
      at sendOTPEmail (app/api/draft/[token]/request-otp/route.ts:39:13)
      at POST (app/api/draft/[token]/request-otp/route.ts:170:29)
      at app/api/draft/[token]/request-otp/__tests__/request-otp.property.test.ts:837:30
      at AsyncProperty.run (node_modules/fast-check/lib/cjs/check/property/AsyncProperty.generic.js:46:28)
      at asyncRunIt (node_modules/fast-check/lib/cjs/check/runner/Runner.js:28:21)
      at Object.<anonymous> (app/api/draft/[token]/request-otp/__tests__/request-otp.property.test.ts:801:7)


  โ—  Cannot log after tests are done. Did you forget to wait for something async in your test?
    Attempted to log "OTP email would be sent to: prop-test-1772510310630-y5z1dh@example.com".

    [0m [90m 35 |[39m     [90m// TODO: Implement actual email sending using nodemailer[39m
     [90m 36 |[39m     [90m// For now, we'll log the OTP for testing[39m
    [31m[1m>[22m[39m[90m 37 |[39m     console[33m.[39mlog([32m'OTP email would be sent 
to:'[39m[33m,[39m email)[33m;[39m
     [90m    |[39m             [31m[1m^[22m[39m
     [90m 38 |[39m     console[33m.[39mlog([32m'OTP:'[39m[33m,[39m otp)[33m;[39m
     [90m 39 |[39m     console[33m.[39mlog([32m'Expires at:'[39m[33m,[39m 
expiresAt[33m.[39mtoISOString())[33m;[39m
     [90m 40 |[39m     [0m

      at console.log (node_modules/@jest/console/build/index.js:147:10)
      at sendOTPEmail (app/api/draft/[token]/request-otp/route.ts:37:13)
      at POST (app/api/draft/[token]/request-otp/route.ts:170:29)
      at app/api/draft/[token]/request-otp/__tests__/request-otp.property.test.ts:837:30
      at AsyncProperty.run (node_modules/fast-check/lib/cjs/check/property/AsyncProperty.generic.js:46:28)
      at asyncRunIt (node_modules/fast-check/lib/cjs/check/runner/Runner.js:28:21)
      at Object.<anonymous> (app/api/draft/[token]/request-otp/__tests__/request-otp.property.test.ts:801:7)


  โ—  Cannot log after tests are done. Did you forget to wait for something async in your test?
    Attempted to log "OTP: 785704".

    [0m [90m 36 |[39m     [90m// For now, we'll log the OTP for testing[39m
     [90m 37 |[39m     console[33m.[39mlog([32m'OTP email would be sent to:'[39m[33m,[39m 
email)[33m;[39m
    [31m[1m>[22m[39m[90m 38 |[39m     console[33m.[39mlog([32m'OTP:'[39m[33m,[39m otp)[33m;[39m
     [90m    |[39m             [31m[1m^[22m[39m
     [90m 39 |[39m     console[33m.[39mlog([32m'Expires at:'[39m[33m,[39m 
expiresAt[33m.[39mtoISOString())[33m;[39m
     [90m 40 |[39m     
     [90m 41 |[39m     [90m// In production, this would be:[39m[0m

      at console.log (node_modules/@jest/console/build/index.js:147:10)
      at sendOTPEmail (app/api/draft/[token]/request-otp/route.ts:38:13)
      at POST (app/api/draft/[token]/request-otp/route.ts:170:29)
      at app/api/draft/[token]/request-otp/__tests__/request-otp.property.test.ts:837:30
      at AsyncProperty.run (node_modules/fast-check/lib/cjs/check/property/AsyncProperty.generic.js:46:28)
      at asyncRunIt (node_modules/fast-check/lib/cjs/check/runner/Runner.js:28:21)
      at Object.<anonymous> (app/api/draft/[token]/request-otp/__tests__/request-otp.property.test.ts:801:7)


  โ—  Cannot log after tests are done. Did you forget to wait for something async in your test?
    Attempted to log "Expires at: 2026-03-03T04:08:30.685Z".

    [0m [90m 37 |[39m     console[33m.[39mlog([32m'OTP email would be sent to:'[39m[33m,[39m 
email)[33m;[39m
     [90m 38 |[39m     console[33m.[39mlog([32m'OTP:'[39m[33m,[39m otp)[33m;[39m
    [31m[1m>[22m[39m[90m 39 |[39m     console[33m.[39mlog([32m'Expires at:'[39m[33m,[39m 
expiresAt[33m.[39mtoISOString())[33m;[39m
     [90m    |[39m             [31m[1m^[22m[39m
     [90m 40 |[39m     
     [90m 41 |[39m     [90m// In production, this would be:[39m
     [90m 42 |[39m     [90m// const subject = 'เธฃเธซเธฑเธช OTP 
เธชเธณเธซเธฃเธฑเธเน€เธเนเธฒเธ–เธถเธเนเธเธเธเธญเธฃเนเธกเธเธญเธเธเธธเธ“';[39m[0m

      at console.log (node_modules/@jest/console/build/index.js:147:10)
      at sendOTPEmail (app/api/draft/[token]/request-otp/route.ts:39:13)
      at POST (app/api/draft/[token]/request-otp/route.ts:170:29)
      at app/api/draft/[token]/request-otp/__tests__/request-otp.property.test.ts:837:30
      at AsyncProperty.run (node_modules/fast-check/lib/cjs/check/property/AsyncProperty.generic.js:46:28)
      at asyncRunIt (node_modules/fast-check/lib/cjs/check/runner/Runner.js:28:21)
      at Object.<anonymous> (app/api/draft/[token]/request-otp/__tests__/request-otp.property.test.ts:801:7)


  โ—  Cannot log after tests are done. Did you forget to wait for something async in your test?
    Attempted to log "OTP email would be sent to: prop-test-1772510310691-jb75po@example.com".

    [0m [90m 35 |[39m     [90m// TODO: Implement actual email sending using nodemailer[39m
     [90m 36 |[39m     [90m// For now, we'll log the OTP for testing[39m
    [31m[1m>[22m[39m[90m 37 |[39m     console[33m.[39mlog([32m'OTP email would be sent 
to:'[39m[33m,[39m email)[33m;[39m
     [90m    |[39m             [31m[1m^[22m[39m
     [90m 38 |[39m     console[33m.[39mlog([32m'OTP:'[39m[33m,[39m otp)[33m;[39m
     [90m 39 |[39m     console[33m.[39mlog([32m'Expires at:'[39m[33m,[39m 
expiresAt[33m.[39mtoISOString())[33m;[39m
     [90m 40 |[39m     [0m

      at console.log (node_modules/@jest/console/build/index.js:147:10)
      at sendOTPEmail (app/api/draft/[token]/request-otp/route.ts:37:13)
      at POST (app/api/draft/[token]/request-otp/route.ts:170:29)
      at app/api/draft/[token]/request-otp/__tests__/request-otp.property.test.ts:837:30
      at AsyncProperty.run (node_modules/fast-check/lib/cjs/check/property/AsyncProperty.generic.js:46:28)
      at asyncRunIt (node_modules/fast-check/lib/cjs/check/runner/Runner.js:28:21)
      at Object.<anonymous> (app/api/draft/[token]/request-otp/__tests__/request-otp.property.test.ts:801:7)


  โ—  Cannot log after tests are done. Did you forget to wait for something async in your test?
    Attempted to log "OTP: 517151".

    [0m [90m 36 |[39m     [90m// For now, we'll log the OTP for testing[39m
     [90m 37 |[39m     console[33m.[39mlog([32m'OTP email would be sent to:'[39m[33m,[39m 
email)[33m;[39m
    [31m[1m>[22m[39m[90m 38 |[39m     console[33m.[39mlog([32m'OTP:'[39m[33m,[39m otp)[33m;[39m
     [90m    |[39m             [31m[1m^[22m[39m
     [90m 39 |[39m     console[33m.[39mlog([32m'Expires at:'[39m[33m,[39m 
expiresAt[33m.[39mtoISOString())[33m;[39m
     [90m 40 |[39m     
     [90m 41 |[39m     [90m// In production, this would be:[39m[0m

      at console.log (node_modules/@jest/console/build/index.js:147:10)
      at sendOTPEmail (app/api/draft/[token]/request-otp/route.ts:38:13)
      at POST (app/api/draft/[token]/request-otp/route.ts:170:29)
      at app/api/draft/[token]/request-otp/__tests__/request-otp.property.test.ts:837:30
      at AsyncProperty.run (node_modules/fast-check/lib/cjs/check/property/AsyncProperty.generic.js:46:28)
      at asyncRunIt (node_modules/fast-check/lib/cjs/check/runner/Runner.js:28:21)
      at Object.<anonymous> (app/api/draft/[token]/request-otp/__tests__/request-otp.property.test.ts:801:7)


  โ—  Cannot log after tests are done. Did you forget to wait for something async in your test?
    Attempted to log "Expires at: 2026-03-03T04:08:30.748Z".

    [0m [90m 37 |[39m     console[33m.[39mlog([32m'OTP email would be sent to:'[39m[33m,[39m 
email)[33m;[39m
     [90m 38 |[39m     console[33m.[39mlog([32m'OTP:'[39m[33m,[39m otp)[33m;[39m
    [31m[1m>[22m[39m[90m 39 |[39m     console[33m.[39mlog([32m'Expires at:'[39m[33m,[39m 
expiresAt[33m.[39mtoISOString())[33m;[39m
     [90m    |[39m             [31m[1m^[22m[39m
     [90m 40 |[39m     
     [90m 41 |[39m     [90m// In production, this would be:[39m
     [90m 42 |[39m     [90m// const subject = 'เธฃเธซเธฑเธช OTP 
เธชเธณเธซเธฃเธฑเธเน€เธเนเธฒเธ–เธถเธเนเธเธเธเธญเธฃเนเธกเธเธญเธเธเธธเธ“';[39m[0m

      at console.log (node_modules/@jest/console/build/index.js:147:10)
      at sendOTPEmail (app/api/draft/[token]/request-otp/route.ts:39:13)
      at POST (app/api/draft/[token]/request-otp/route.ts:170:29)
      at app/api/draft/[token]/request-otp/__tests__/request-otp.property.test.ts:837:30
      at AsyncProperty.run (node_modules/fast-check/lib/cjs/check/property/AsyncProperty.generic.js:46:28)
      at asyncRunIt (node_modules/fast-check/lib/cjs/check/runner/Runner.js:28:21)
      at Object.<anonymous> (app/api/draft/[token]/request-otp/__tests__/request-otp.property.test.ts:801:7)


  โ—  Cannot log after tests are done. Did you forget to wait for something async in your test?
    Attempted to log "OTP email would be sent to: prop-test-1772510310758-44kx8k@example.com".

    [0m [90m 35 |[39m     [90m// TODO: Implement actual email sending using nodemailer[39m
     [90m 36 |[39m     [90m// For now, we'll log the OTP for testing[39m
    [31m[1m>[22m[39m[90m 37 |[39m     console[33m.[39mlog([32m'OTP email would be sent 
to:'[39m[33m,[39m email)[33m;[39m
     [90m    |[39m             [31m[1m^[22m[39m
     [90m 38 |[39m     console[33m.[39mlog([32m'OTP:'[39m[33m,[39m otp)[33m;[39m
     [90m 39 |[39m     console[33m.[39mlog([32m'Expires at:'[39m[33m,[39m 
expiresAt[33m.[39mtoISOString())[33m;[39m
     [90m 40 |[39m     [0m

      at console.log (node_modules/@jest/console/build/index.js:147:10)
      at sendOTPEmail (app/api/draft/[token]/request-otp/route.ts:37:13)
      at POST (app/api/draft/[token]/request-otp/route.ts:170:29)
      at app/api/draft/[token]/request-otp/__tests__/request-otp.property.test.ts:837:30
      at AsyncProperty.run (node_modules/fast-check/lib/cjs/check/property/AsyncProperty.generic.js:46:28)
      at asyncRunIt (node_modules/fast-check/lib/cjs/check/runner/Runner.js:28:21)
      at Object.<anonymous> (app/api/draft/[token]/request-otp/__tests__/request-otp.property.test.ts:801:7)


  โ—  Cannot log after tests are done. Did you forget to wait for something async in your test?
    Attempted to log "OTP: 709832".

    [0m [90m 36 |[39m     [90m// For now, we'll log the OTP for testing[39m
     [90m 37 |[39m     console[33m.[39mlog([32m'OTP email would be sent to:'[39m[33m,[39m 
email)[33m;[39m
    [31m[1m>[22m[39m[90m 38 |[39m     console[33m.[39mlog([32m'OTP:'[39m[33m,[39m otp)[33m;[39m
     [90m    |[39m             [31m[1m^[22m[39m
     [90m 39 |[39m     console[33m.[39mlog([32m'Expires at:'[39m[33m,[39m 
expiresAt[33m.[39mtoISOString())[33m;[39m
     [90m 40 |[39m     
     [90m 41 |[39m     [90m// In production, this would be:[39m[0m

      at console.log (node_modules/@jest/console/build/index.js:147:10)
      at sendOTPEmail (app/api/draft/[token]/request-otp/route.ts:38:13)
      at POST (app/api/draft/[token]/request-otp/route.ts:170:29)
      at app/api/draft/[token]/request-otp/__tests__/request-otp.property.test.ts:837:30
      at AsyncProperty.run (node_modules/fast-check/lib/cjs/check/property/AsyncProperty.generic.js:46:28)
      at asyncRunIt (node_modules/fast-check/lib/cjs/check/runner/Runner.js:28:21)
      at Object.<anonymous> (app/api/draft/[token]/request-otp/__tests__/request-otp.property.test.ts:801:7)


  โ—  Cannot log after tests are done. Did you forget to wait for something async in your test?
    Attempted to log "Expires at: 2026-03-03T04:08:30.812Z".

    [0m [90m 37 |[39m     console[33m.[39mlog([32m'OTP email would be sent to:'[39m[33m,[39m 
email)[33m;[39m
     [90m 38 |[39m     console[33m.[39mlog([32m'OTP:'[39m[33m,[39m otp)[33m;[39m
    [31m[1m>[22m[39m[90m 39 |[39m     console[33m.[39mlog([32m'Expires at:'[39m[33m,[39m 
expiresAt[33m.[39mtoISOString())[33m;[39m
     [90m    |[39m             [31m[1m^[22m[39m
     [90m 40 |[39m     
     [90m 41 |[39m     [90m// In production, this would be:[39m
     [90m 42 |[39m     [90m// const subject = 'เธฃเธซเธฑเธช OTP 
เธชเธณเธซเธฃเธฑเธเน€เธเนเธฒเธ–เธถเธเนเธเธเธเธญเธฃเนเธกเธเธญเธเธเธธเธ“';[39m[0m

      at console.log (node_modules/@jest/console/build/index.js:147:10)
      at sendOTPEmail (app/api/draft/[token]/request-otp/route.ts:39:13)
      at POST (app/api/draft/[token]/request-otp/route.ts:170:29)
      at app/api/draft/[token]/request-otp/__tests__/request-otp.property.test.ts:837:30
      at AsyncProperty.run (node_modules/fast-check/lib/cjs/check/property/AsyncProperty.generic.js:46:28)
      at asyncRunIt (node_modules/fast-check/lib/cjs/check/runner/Runner.js:28:21)
      at Object.<anonymous> (app/api/draft/[token]/request-otp/__tests__/request-otp.property.test.ts:801:7)


  โ—  Cannot log after tests are done. Did you forget to wait for something async in your test?
    Attempted to log "OTP email would be sent to: prop-test-1772510310821-oo8tw@example.com".

    [0m [90m 35 |[39m     [90m// TODO: Implement actual email sending using nodemailer[39m
     [90m 36 |[39m     [90m// For now, we'll log the OTP for testing[39m
    [31m[1m>[22m[39m[90m 37 |[39m     console[33m.[39mlog([32m'OTP email would be sent 
to:'[39m[33m,[39m email)[33m;[39m
     [90m    |[39m             [31m[1m^[22m[39m
     [90m 38 |[39m     console[33m.[39mlog([32m'OTP:'[39m[33m,[39m otp)[33m;[39m
     [90m 39 |[39m     console[33m.[39mlog([32m'Expires at:'[39m[33m,[39m 
expiresAt[33m.[39mtoISOString())[33m;[39m
     [90m 40 |[39m     [0m

      at console.log (node_modules/@jest/console/build/index.js:147:10)
      at sendOTPEmail (app/api/draft/[token]/request-otp/route.ts:37:13)
      at POST (app/api/draft/[token]/request-otp/route.ts:170:29)
      at app/api/draft/[token]/request-otp/__tests__/request-otp.property.test.ts:837:30
      at AsyncProperty.run (node_modules/fast-check/lib/cjs/check/property/AsyncProperty.generic.js:46:28)
      at asyncRunIt (node_modules/fast-check/lib/cjs/check/runner/Runner.js:28:21)
      at Object.<anonymous> (app/api/draft/[token]/request-otp/__tests__/request-otp.property.test.ts:801:7)


  โ—  Cannot log after tests are done. Did you forget to wait for something async in your test?
    Attempted to log "OTP: 850709".

    [0m [90m 36 |[39m     [90m// For now, we'll log the OTP for testing[39m
     [90m 37 |[39m     console[33m.[39mlog([32m'OTP email would be sent to:'[39m[33m,[39m 
email)[33m;[39m
    [31m[1m>[22m[39m[90m 38 |[39m     console[33m.[39mlog([32m'OTP:'[39m[33m,[39m otp)[33m;[39m
     [90m    |[39m             [31m[1m^[22m[39m
     [90m 39 |[39m     console[33m.[39mlog([32m'Expires at:'[39m[33m,[39m 
expiresAt[33m.[39mtoISOString())[33m;[39m
     [90m 40 |[39m     
     [90m 41 |[39m     [90m// In production, this would be:[39m[0m

      at console.log (node_modules/@jest/console/build/index.js:147:10)
      at sendOTPEmail (app/api/draft/[token]/request-otp/route.ts:38:13)
      at POST (app/api/draft/[token]/request-otp/route.ts:170:29)
      at app/api/draft/[token]/request-otp/__tests__/request-otp.property.test.ts:837:30
      at AsyncProperty.run (node_modules/fast-check/lib/cjs/check/property/AsyncProperty.generic.js:46:28)
      at asyncRunIt (node_modules/fast-check/lib/cjs/check/runner/Runner.js:28:21)
      at Object.<anonymous> (app/api/draft/[token]/request-otp/__tests__/request-otp.property.test.ts:801:7)


  โ—  Cannot log after tests are done. Did you forget to wait for something async in your test?
    Attempted to log "Expires at: 2026-03-03T04:08:30.875Z".

    [0m [90m 37 |[39m     console[33m.[39mlog([32m'OTP email would be sent to:'[39m[33m,[39m 
email)[33m;[39m
     [90m 38 |[39m     console[33m.[39mlog([32m'OTP:'[39m[33m,[39m otp)[33m;[39m
    [31m[1m>[22m[39m[90m 39 |[39m     console[33m.[39mlog([32m'Expires at:'[39m[33m,[39m 
expiresAt[33m.[39mtoISOString())[33m;[39m
     [90m    |[39m             [31m[1m^[22m[39m
     [90m 40 |[39m     
     [90m 41 |[39m     [90m// In production, this would be:[39m
     [90m 42 |[39m     [90m// const subject = 'เธฃเธซเธฑเธช OTP 
เธชเธณเธซเธฃเธฑเธเน€เธเนเธฒเธ–เธถเธเนเธเธเธเธญเธฃเนเธกเธเธญเธเธเธธเธ“';[39m[0m

      at console.log (node_modules/@jest/console/build/index.js:147:10)
      at sendOTPEmail (app/api/draft/[token]/request-otp/route.ts:39:13)
      at POST (app/api/draft/[token]/request-otp/route.ts:170:29)
      at app/api/draft/[token]/request-otp/__tests__/request-otp.property.test.ts:837:30
      at AsyncProperty.run (node_modules/fast-check/lib/cjs/check/property/AsyncProperty.generic.js:46:28)
      at asyncRunIt (node_modules/fast-check/lib/cjs/check/runner/Runner.js:28:21)
      at Object.<anonymous> (app/api/draft/[token]/request-otp/__tests__/request-otp.property.test.ts:801:7)


  โ—  Cannot log after tests are done. Did you forget to wait for something async in your test?
    Attempted to log "OTP email would be sent to: prop-test-1772510310882-2dxnc5@example.com".

    [0m [90m 35 |[39m     [90m// TODO: Implement actual email sending using nodemailer[39m
     [90m 36 |[39m     [90m// For now, we'll log the OTP for testing[39m
    [31m[1m>[22m[39m[90m 37 |[39m     console[33m.[39mlog([32m'OTP email would be sent 
to:'[39m[33m,[39m email)[33m;[39m
     [90m    |[39m             [31m[1m^[22m[39m
     [90m 38 |[39m     console[33m.[39mlog([32m'OTP:'[39m[33m,[39m otp)[33m;[39m
     [90m 39 |[39m     console[33m.[39mlog([32m'Expires at:'[39m[33m,[39m 
expiresAt[33m.[39mtoISOString())[33m;[39m
     [90m 40 |[39m     [0m

      at console.log (node_modules/@jest/console/build/index.js:147:10)
      at sendOTPEmail (app/api/draft/[token]/request-otp/route.ts:37:13)
      at POST (app/api/draft/[token]/request-otp/route.ts:170:29)
      at app/api/draft/[token]/request-otp/__tests__/request-otp.property.test.ts:837:30
      at AsyncProperty.run (node_modules/fast-check/lib/cjs/check/property/AsyncProperty.generic.js:46:28)
      at asyncRunIt (node_modules/fast-check/lib/cjs/check/runner/Runner.js:28:21)
      at Object.<anonymous> (app/api/draft/[token]/request-otp/__tests__/request-otp.property.test.ts:801:7)


  โ—  Cannot log after tests are done. Did you forget to wait for something async in your test?
    Attempted to log "OTP: 210011".

    [0m [90m 36 |[39m     [90m// For now, we'll log the OTP for testing[39m
     [90m 37 |[39m     console[33m.[39mlog([32m'OTP email would be sent to:'[39m[33m,[39m 
email)[33m;[39m
    [31m[1m>[22m[39m[90m 38 |[39m     console[33m.[39mlog([32m'OTP:'[39m[33m,[39m otp)[33m;[39m
     [90m    |[39m             [31m[1m^[22m[39m
     [90m 39 |[39m     console[33m.[39mlog([32m'Expires at:'[39m[33m,[39m 
expiresAt[33m.[39mtoISOString())[33m;[39m
     [90m 40 |[39m     
     [90m 41 |[39m     [90m// In production, this would be:[39m[0m

      at console.log (node_modules/@jest/console/build/index.js:147:10)
      at sendOTPEmail (app/api/draft/[token]/request-otp/route.ts:38:13)
      at POST (app/api/draft/[token]/request-otp/route.ts:170:29)
      at app/api/draft/[token]/request-otp/__tests__/request-otp.property.test.ts:837:30
      at AsyncProperty.run (node_modules/fast-check/lib/cjs/check/property/AsyncProperty.generic.js:46:28)
      at asyncRunIt (node_modules/fast-check/lib/cjs/check/runner/Runner.js:28:21)
      at Object.<anonymous> (app/api/draft/[token]/request-otp/__tests__/request-otp.property.test.ts:801:7)


  โ—  Cannot log after tests are done. Did you forget to wait for something async in your test?
    Attempted to log "Expires at: 2026-03-03T04:08:30.937Z".

    [0m [90m 37 |[39m     console[33m.[39mlog([32m'OTP email would be sent to:'[39m[33m,[39m 
email)[33m;[39m
     [90m 38 |[39m     console[33m.[39mlog([32m'OTP:'[39m[33m,[39m otp)[33m;[39m
    [31m[1m>[22m[39m[90m 39 |[39m     console[33m.[39mlog([32m'Expires at:'[39m[33m,[39m 
expiresAt[33m.[39mtoISOString())[33m;[39m
     [90m    |[39m             [31m[1m^[22m[39m
     [90m 40 |[39m     
     [90m 41 |[39m     [90m// In production, this would be:[39m
     [90m 42 |[39m     [90m// const subject = 'เธฃเธซเธฑเธช OTP 
เธชเธณเธซเธฃเธฑเธเน€เธเนเธฒเธ–เธถเธเนเธเธเธเธญเธฃเนเธกเธเธญเธเธเธธเธ“';[39m[0m

      at console.log (node_modules/@jest/console/build/index.js:147:10)
      at sendOTPEmail (app/api/draft/[token]/request-otp/route.ts:39:13)
      at POST (app/api/draft/[token]/request-otp/route.ts:170:29)
      at app/api/draft/[token]/request-otp/__tests__/request-otp.property.test.ts:837:30
      at AsyncProperty.run (node_modules/fast-check/lib/cjs/check/property/AsyncProperty.generic.js:46:28)
      at asyncRunIt (node_modules/fast-check/lib/cjs/check/runner/Runner.js:28:21)
      at Object.<anonymous> (app/api/draft/[token]/request-otp/__tests__/request-otp.property.test.ts:801:7)


  โ—  Cannot log after tests are done. Did you forget to wait for something async in your test?
    Attempted to log "OTP email would be sent to: prop-test-1772510310942-3tnes@example.com".

    [0m [90m 35 |[39m     [90m// TODO: Implement actual email sending using nodemailer[39m
     [90m 36 |[39m     [90m// For now, we'll log the OTP for testing[39m
    [31m[1m>[22m[39m[90m 37 |[39m     console[33m.[39mlog([32m'OTP email would be sent 
to:'[39m[33m,[39m email)[33m;[39m
     [90m    |[39m             [31m[1m^[22m[39m
     [90m 38 |[39m     console[33m.[39mlog([32m'OTP:'[39m[33m,[39m otp)[33m;[39m
     [90m 39 |[39m     console[33m.[39mlog([32m'Expires at:'[39m[33m,[39m 
expiresAt[33m.[39mtoISOString())[33m;[39m
     [90m 40 |[39m     [0m

      at console.log (node_modules/@jest/console/build/index.js:147:10)
      at sendOTPEmail (app/api/draft/[token]/request-otp/route.ts:37:13)
      at POST (app/api/draft/[token]/request-otp/route.ts:170:29)
      at app/api/draft/[token]/request-otp/__tests__/request-otp.property.test.ts:837:30
      at AsyncProperty.run (node_modules/fast-check/lib/cjs/check/property/AsyncProperty.generic.js:46:28)
      at asyncRunIt (node_modules/fast-check/lib/cjs/check/runner/Runner.js:28:21)
      at Object.<anonymous> (app/api/draft/[token]/request-otp/__tests__/request-otp.property.test.ts:801:7)


  โ—  Cannot log after tests are done. Did you forget to wait for something async in your test?
    Attempted to log "OTP: 305268".

    [0m [90m 36 |[39m     [90m// For now, we'll log the OTP for testing[39m
     [90m 37 |[39m     console[33m.[39mlog([32m'OTP email would be sent to:'[39m[33m,[39m 
email)[33m;[39m
    [31m[1m>[22m[39m[90m 38 |[39m     console[33m.[39mlog([32m'OTP:'[39m[33m,[39m otp)[33m;[39m
     [90m    |[39m             [31m[1m^[22m[39m
     [90m 39 |[39m     console[33m.[39mlog([32m'Expires at:'[39m[33m,[39m 
expiresAt[33m.[39mtoISOString())[33m;[39m
     [90m 40 |[39m     
     [90m 41 |[39m     [90m// In production, this would be:[39m[0m

      at console.log (node_modules/@jest/console/build/index.js:147:10)
      at sendOTPEmail (app/api/draft/[token]/request-otp/route.ts:38:13)
      at POST (app/api/draft/[token]/request-otp/route.ts:170:29)
      at app/api/draft/[token]/request-otp/__tests__/request-otp.property.test.ts:837:30
      at AsyncProperty.run (node_modules/fast-check/lib/cjs/check/property/AsyncProperty.generic.js:46:28)
      at asyncRunIt (node_modules/fast-check/lib/cjs/check/runner/Runner.js:28:21)
      at Object.<anonymous> (app/api/draft/[token]/request-otp/__tests__/request-otp.property.test.ts:801:7)


  โ—  Cannot log after tests are done. Did you forget to wait for something async in your test?
    Attempted to log "Expires at: 2026-03-03T04:08:30.997Z".

    [0m [90m 37 |[39m     console[33m.[39mlog([32m'OTP email would be sent to:'[39m[33m,[39m 
email)[33m;[39m
     [90m 38 |[39m     console[33m.[39mlog([32m'OTP:'[39m[33m,[39m otp)[33m;[39m
    [31m[1m>[22m[39m[90m 39 |[39m     console[33m.[39mlog([32m'Expires at:'[39m[33m,[39m 
expiresAt[33m.[39mtoISOString())[33m;[39m
     [90m    |[39m             [31m[1m^[22m[39m
     [90m 40 |[39m     
     [90m 41 |[39m     [90m// In production, this would be:[39m
     [90m 42 |[39m     [90m// const subject = 'เธฃเธซเธฑเธช OTP 
เธชเธณเธซเธฃเธฑเธเน€เธเนเธฒเธ–เธถเธเนเธเธเธเธญเธฃเนเธกเธเธญเธเธเธธเธ“';[39m[0m

      at console.log (node_modules/@jest/console/build/index.js:147:10)
      at sendOTPEmail (app/api/draft/[token]/request-otp/route.ts:39:13)
      at POST (app/api/draft/[token]/request-otp/route.ts:170:29)
      at app/api/draft/[token]/request-otp/__tests__/request-otp.property.test.ts:837:30
      at AsyncProperty.run (node_modules/fast-check/lib/cjs/check/property/AsyncProperty.generic.js:46:28)
      at asyncRunIt (node_modules/fast-check/lib/cjs/check/runner/Runner.js:28:21)
      at Object.<anonymous> (app/api/draft/[token]/request-otp/__tests__/request-otp.property.test.ts:801:7)


  โ—  Cannot log after tests are done. Did you forget to wait for something async in your test?
    Attempted to log "OTP email would be sent to: prop-test-1772510311007-y6ba4@example.com".

    [0m [90m 35 |[39m     [90m// TODO: Implement actual email sending using nodemailer[39m
     [90m 36 |[39m     [90m// For now, we'll log the OTP for testing[39m
    [31m[1m>[22m[39m[90m 37 |[39m     console[33m.[39mlog([32m'OTP email would be sent 
to:'[39m[33m,[39m email)[33m;[39m
     [90m    |[39m             [31m[1m^[22m[39m
     [90m 38 |[39m     console[33m.[39mlog([32m'OTP:'[39m[33m,[39m otp)[33m;[39m
     [90m 39 |[39m     console[33m.[39mlog([32m'Expires at:'[39m[33m,[39m 
expiresAt[33m.[39mtoISOString())[33m;[39m
     [90m 40 |[39m     [0m

      at console.log (node_modules/@jest/console/build/index.js:147:10)
      at sendOTPEmail (app/api/draft/[token]/request-otp/route.ts:37:13)
      at POST (app/api/draft/[token]/request-otp/route.ts:170:29)
      at app/api/draft/[token]/request-otp/__tests__/request-otp.property.test.ts:837:30
      at AsyncProperty.run (node_modules/fast-check/lib/cjs/check/property/AsyncProperty.generic.js:46:28)
      at asyncRunIt (node_modules/fast-check/lib/cjs/check/runner/Runner.js:28:21)
      at Object.<anonymous> (app/api/draft/[token]/request-otp/__tests__/request-otp.property.test.ts:801:7)


  โ—  Cannot log after tests are done. Did you forget to wait for something async in your test?
    Attempted to log "OTP: 786024".

    [0m [90m 36 |[39m     [90m// For now, we'll log the OTP for testing[39m
     [90m 37 |[39m     console[33m.[39mlog([32m'OTP email would be sent to:'[39m[33m,[39m 
email)[33m;[39m
    [31m[1m>[22m[39m[90m 38 |[39m     console[33m.[39mlog([32m'OTP:'[39m[33m,[39m otp)[33m;[39m
     [90m    |[39m             [31m[1m^[22m[39m
     [90m 39 |[39m     console[33m.[39mlog([32m'Expires at:'[39m[33m,[39m 
expiresAt[33m.[39mtoISOString())[33m;[39m
     [90m 40 |[39m     
     [90m 41 |[39m     [90m// In production, this would be:[39m[0m

      at console.log (node_modules/@jest/console/build/index.js:147:10)
      at sendOTPEmail (app/api/draft/[token]/request-otp/route.ts:38:13)
      at POST (app/api/draft/[token]/request-otp/route.ts:170:29)
      at app/api/draft/[token]/request-otp/__tests__/request-otp.property.test.ts:837:30
      at AsyncProperty.run (node_modules/fast-check/lib/cjs/check/property/AsyncProperty.generic.js:46:28)
      at asyncRunIt (node_modules/fast-check/lib/cjs/check/runner/Runner.js:28:21)
      at Object.<anonymous> (app/api/draft/[token]/request-otp/__tests__/request-otp.property.test.ts:801:7)


  โ—  Cannot log after tests are done. Did you forget to wait for something async in your test?
    Attempted to log "Expires at: 2026-03-03T04:08:31.062Z".

    [0m [90m 37 |[39m     console[33m.[39mlog([32m'OTP email would be sent to:'[39m[33m,[39m 
email)[33m;[39m
     [90m 38 |[39m     console[33m.[39mlog([32m'OTP:'[39m[33m,[39m otp)[33m;[39m
    [31m[1m>[22m[39m[90m 39 |[39m     console[33m.[39mlog([32m'Expires at:'[39m[33m,[39m 
expiresAt[33m.[39mtoISOString())[33m;[39m
     [90m    |[39m             [31m[1m^[22m[39m
     [90m 40 |[39m     
     [90m 41 |[39m     [90m// In production, this would be:[39m
     [90m 42 |[39m     [90m// const subject = 'เธฃเธซเธฑเธช OTP 
เธชเธณเธซเธฃเธฑเธเน€เธเนเธฒเธ–เธถเธเนเธเธเธเธญเธฃเนเธกเธเธญเธเธเธธเธ“';[39m[0m

      at console.log (node_modules/@jest/console/build/index.js:147:10)
      at sendOTPEmail (app/api/draft/[token]/request-otp/route.ts:39:13)
      at POST (app/api/draft/[token]/request-otp/route.ts:170:29)
      at app/api/draft/[token]/request-otp/__tests__/request-otp.property.test.ts:837:30
      at AsyncProperty.run (node_modules/fast-check/lib/cjs/check/property/AsyncProperty.generic.js:46:28)
      at asyncRunIt (node_modules/fast-check/lib/cjs/check/runner/Runner.js:28:21)
      at Object.<anonymous> (app/api/draft/[token]/request-otp/__tests__/request-otp.property.test.ts:801:7)


  โ—  Cannot log after tests are done. Did you forget to wait for something async in your test?
    Attempted to log "OTP email would be sent to: prop-test-1772510311070-534g1f@example.com".

    [0m [90m 35 |[39m     [90m// TODO: Implement actual email sending using nodemailer[39m
     [90m 36 |[39m     [90m// For now, we'll log the OTP for testing[39m
    [31m[1m>[22m[39m[90m 37 |[39m     console[33m.[39mlog([32m'OTP email would be sent 
to:'[39m[33m,[39m email)[33m;[39m
     [90m    |[39m             [31m[1m^[22m[39m
     [90m 38 |[39m     console[33m.[39mlog([32m'OTP:'[39m[33m,[39m otp)[33m;[39m
     [90m 39 |[39m     console[33m.[39mlog([32m'Expires at:'[39m[33m,[39m 
expiresAt[33m.[39mtoISOString())[33m;[39m
     [90m 40 |[39m     [0m

      at console.log (node_modules/@jest/console/build/index.js:147:10)
      at sendOTPEmail (app/api/draft/[token]/request-otp/route.ts:37:13)
      at POST (app/api/draft/[token]/request-otp/route.ts:170:29)
      at app/api/draft/[token]/request-otp/__tests__/request-otp.property.test.ts:837:30
      at AsyncProperty.run (node_modules/fast-check/lib/cjs/check/property/AsyncProperty.generic.js:46:28)
      at asyncRunIt (node_modules/fast-check/lib/cjs/check/runner/Runner.js:28:21)
      at Object.<anonymous> (app/api/draft/[token]/request-otp/__tests__/request-otp.property.test.ts:801:7)


  โ—  Cannot log after tests are done. Did you forget to wait for something async in your test?
    Attempted to log "OTP: 368260".

    [0m [90m 36 |[39m     [90m// For now, we'll log the OTP for testing[39m
     [90m 37 |[39m     console[33m.[39mlog([32m'OTP email would be sent to:'[39m[33m,[39m 
email)[33m;[39m
    [31m[1m>[22m[39m[90m 38 |[39m     console[33m.[39mlog([32m'OTP:'[39m[33m,[39m otp)[33m;[39m
     [90m    |[39m             [31m[1m^[22m[39m
     [90m 39 |[39m     console[33m.[39mlog([32m'Expires at:'[39m[33m,[39m 
expiresAt[33m.[39mtoISOString())[33m;[39m
     [90m 40 |[39m     
     [90m 41 |[39m     [90m// In production, this would be:[39m[0m

      at console.log (node_modules/@jest/console/build/index.js:147:10)
      at sendOTPEmail (app/api/draft/[token]/request-otp/route.ts:38:13)
      at POST (app/api/draft/[token]/request-otp/route.ts:170:29)
      at app/api/draft/[token]/request-otp/__tests__/request-otp.property.test.ts:837:30
      at AsyncProperty.run (node_modules/fast-check/lib/cjs/check/property/AsyncProperty.generic.js:46:28)
      at asyncRunIt (node_modules/fast-check/lib/cjs/check/runner/Runner.js:28:21)
      at Object.<anonymous> (app/api/draft/[token]/request-otp/__tests__/request-otp.property.test.ts:801:7)


  โ—  Cannot log after tests are done. Did you forget to wait for something async in your test?
    Attempted to log "Expires at: 2026-03-03T04:08:31.125Z".

    [0m [90m 37 |[39m     console[33m.[39mlog([32m'OTP email would be sent to:'[39m[33m,[39m 
email)[33m;[39m
     [90m 38 |[39m     console[33m.[39mlog([32m'OTP:'[39m[33m,[39m otp)[33m;[39m
    [31m[1m>[22m[39m[90m 39 |[39m     console[33m.[39mlog([32m'Expires at:'[39m[33m,[39m 
expiresAt[33m.[39mtoISOString())[33m;[39m
     [90m    |[39m             [31m[1m^[22m[39m
     [90m 40 |[39m     
     [90m 41 |[39m     [90m// In production, this would be:[39m
     [90m 42 |[39m     [90m// const subject = 'เธฃเธซเธฑเธช OTP 
เธชเธณเธซเธฃเธฑเธเน€เธเนเธฒเธ–เธถเธเนเธเธเธเธญเธฃเนเธกเธเธญเธเธเธธเธ“';[39m[0m

      at console.log (node_modules/@jest/console/build/index.js:147:10)
      at sendOTPEmail (app/api/draft/[token]/request-otp/route.ts:39:13)
      at POST (app/api/draft/[token]/request-otp/route.ts:170:29)
      at app/api/draft/[token]/request-otp/__tests__/request-otp.property.test.ts:837:30
      at AsyncProperty.run (node_modules/fast-check/lib/cjs/check/property/AsyncProperty.generic.js:46:28)
      at asyncRunIt (node_modules/fast-check/lib/cjs/check/runner/Runner.js:28:21)
      at Object.<anonymous> (app/api/draft/[token]/request-otp/__tests__/request-otp.property.test.ts:801:7)


  โ—  Cannot log after tests are done. Did you forget to wait for something async in your test?
    Attempted to log "OTP email would be sent to: prop-test-1772510311132-6u7awl@example.com".

    [0m [90m 35 |[39m     [90m// TODO: Implement actual email sending using nodemailer[39m
     [90m 36 |[39m     [90m// For now, we'll log the OTP for testing[39m
    [31m[1m>[22m[39m[90m 37 |[39m     console[33m.[39mlog([32m'OTP email would be sent 
to:'[39m[33m,[39m email)[33m;[39m
     [90m    |[39m             [31m[1m^[22m[39m
     [90m 38 |[39m     console[33m.[39mlog([32m'OTP:'[39m[33m,[39m otp)[33m;[39m
     [90m 39 |[39m     console[33m.[39mlog([32m'Expires at:'[39m[33m,[39m 
expiresAt[33m.[39mtoISOString())[33m;[39m
     [90m 40 |[39m     [0m

      at console.log (node_modules/@jest/console/build/index.js:147:10)
      at sendOTPEmail (app/api/draft/[token]/request-otp/route.ts:37:13)
      at POST (app/api/draft/[token]/request-otp/route.ts:170:29)
      at app/api/draft/[token]/request-otp/__tests__/request-otp.property.test.ts:837:30
      at AsyncProperty.run (node_modules/fast-check/lib/cjs/check/property/AsyncProperty.generic.js:46:28)
      at asyncRunIt (node_modules/fast-check/lib/cjs/check/runner/Runner.js:28:21)
      at Object.<anonymous> (app/api/draft/[token]/request-otp/__tests__/request-otp.property.test.ts:801:7)


  โ—  Cannot log after tests are done. Did you forget to wait for something async in your test?
    Attempted to log "OTP: 151058".

    [0m [90m 36 |[39m     [90m// For now, we'll log the OTP for testing[39m
     [90m 37 |[39m     console[33m.[39mlog([32m'OTP email would be sent to:'[39m[33m,[39m 
email)[33m;[39m
    [31m[1m>[22m[39m[90m 38 |[39m     console[33m.[39mlog([32m'OTP:'[39m[33m,[39m otp)[33m;[39m
     [90m    |[39m             [31m[1m^[22m[39m
     [90m 39 |[39m     console[33m.[39mlog([32m'Expires at:'[39m[33m,[39m 
expiresAt[33m.[39mtoISOString())[33m;[39m
     [90m 40 |[39m     
     [90m 41 |[39m     [90m// In production, this would be:[39m[0m

      at console.log (node_modules/@jest/console/build/index.js:147:10)
      at sendOTPEmail (app/api/draft/[token]/request-otp/route.ts:38:13)
      at POST (app/api/draft/[token]/request-otp/route.ts:170:29)
      at app/api/draft/[token]/request-otp/__tests__/request-otp.property.test.ts:837:30
      at AsyncProperty.run (node_modules/fast-check/lib/cjs/check/property/AsyncProperty.generic.js:46:28)
      at asyncRunIt (node_modules/fast-check/lib/cjs/check/runner/Runner.js:28:21)
      at Object.<anonymous> (app/api/draft/[token]/request-otp/__tests__/request-otp.property.test.ts:801:7)


  โ—  Cannot log after tests are done. Did you forget to wait for something async in your test?
    Attempted to log "Expires at: 2026-03-03T04:08:31.187Z".

    [0m [90m 37 |[39m     console[33m.[39mlog([32m'OTP email would be sent to:'[39m[33m,[39m 
email)[33m;[39m
     [90m 38 |[39m     console[33m.[39mlog([32m'OTP:'[39m[33m,[39m otp)[33m;[39m
    [31m[1m>[22m[39m[90m 39 |[39m     console[33m.[39mlog([32m'Expires at:'[39m[33m,[39m 
expiresAt[33m.[39mtoISOString())[33m;[39m
     [90m    |[39m             [31m[1m^[22m[39m
     [90m 40 |[39m     
     [90m 41 |[39m     [90m// In production, this would be:[39m
     [90m 42 |[39m     [90m// const subject = 'เธฃเธซเธฑเธช OTP 
เธชเธณเธซเธฃเธฑเธเน€เธเนเธฒเธ–เธถเธเนเธเธเธเธญเธฃเนเธกเธเธญเธเธเธธเธ“';[39m[0m

      at console.log (node_modules/@jest/console/build/index.js:147:10)
      at sendOTPEmail (app/api/draft/[token]/request-otp/route.ts:39:13)
      at POST (app/api/draft/[token]/request-otp/route.ts:170:29)
      at app/api/draft/[token]/request-otp/__tests__/request-otp.property.test.ts:837:30
      at AsyncProperty.run (node_modules/fast-check/lib/cjs/check/property/AsyncProperty.generic.js:46:28)
      at asyncRunIt (node_modules/fast-check/lib/cjs/check/runner/Runner.js:28:21)
      at Object.<anonymous> (app/api/draft/[token]/request-otp/__tests__/request-otp.property.test.ts:801:7)


  โ—  Cannot log after tests are done. Did you forget to wait for something async in your test?
    Attempted to log "OTP email would be sent to: prop-test-1772510311194-x4i3io@example.com".

    [0m [90m 35 |[39m     [90m// TODO: Implement actual email sending using nodemailer[39m
     [90m 36 |[39m     [90m// For now, we'll log the OTP for testing[39m
    [31m[1m>[22m[39m[90m 37 |[39m     console[33m.[39mlog([32m'OTP email would be sent 
to:'[39m[33m,[39m email)[33m;[39m
     [90m    |[39m             [31m[1m^[22m[39m
     [90m 38 |[39m     console[33m.[39mlog([32m'OTP:'[39m[33m,[39m otp)[33m;[39m
     [90m 39 |[39m     console[33m.[39mlog([32m'Expires at:'[39m[33m,[39m 
expiresAt[33m.[39mtoISOString())[33m;[39m
     [90m 40 |[39m     [0m

      at console.log (node_modules/@jest/console/build/index.js:147:10)
      at sendOTPEmail (app/api/draft/[token]/request-otp/route.ts:37:13)
      at POST (app/api/draft/[token]/request-otp/route.ts:170:29)
      at app/api/draft/[token]/request-otp/__tests__/request-otp.property.test.ts:837:30
      at AsyncProperty.run (node_modules/fast-check/lib/cjs/check/property/AsyncProperty.generic.js:46:28)
      at asyncRunIt (node_modules/fast-check/lib/cjs/check/runner/Runner.js:28:21)
      at Object.<anonymous> (app/api/draft/[token]/request-otp/__tests__/request-otp.property.test.ts:801:7)


  โ—  Cannot log after tests are done. Did you forget to wait for something async in your test?
    Attempted to log "OTP: 492020".

    [0m [90m 36 |[39m     [90m// For now, we'll log the OTP for testing[39m
     [90m 37 |[39m     console[33m.[39mlog([32m'OTP email would be sent to:'[39m[33m,[39m 
email)[33m;[39m
    [31m[1m>[22m[39m[90m 38 |[39m     console[33m.[39mlog([32m'OTP:'[39m[33m,[39m otp)[33m;[39m
     [90m    |[39m             [31m[1m^[22m[39m
     [90m 39 |[39m     console[33m.[39mlog([32m'Expires at:'[39m[33m,[39m 
expiresAt[33m.[39mtoISOString())[33m;[39m
     [90m 40 |[39m     
     [90m 41 |[39m     [90m// In production, this would be:[39m[0m

      at console.log (node_modules/@jest/console/build/index.js:147:10)
      at sendOTPEmail (app/api/draft/[token]/request-otp/route.ts:38:13)
      at POST (app/api/draft/[token]/request-otp/route.ts:170:29)
      at app/api/draft/[token]/request-otp/__tests__/request-otp.property.test.ts:837:30
      at AsyncProperty.run (node_modules/fast-check/lib/cjs/check/property/AsyncProperty.generic.js:46:28)
      at asyncRunIt (node_modules/fast-check/lib/cjs/check/runner/Runner.js:28:21)
      at Object.<anonymous> (app/api/draft/[token]/request-otp/__tests__/request-otp.property.test.ts:801:7)


  โ—  Cannot log after tests are done. Did you forget to wait for something async in your test?
    Attempted to log "Expires at: 2026-03-03T04:08:31.251Z".

    [0m [90m 37 |[39m     console[33m.[39mlog([32m'OTP email would be sent to:'[39m[33m,[39m 
email)[33m;[39m
     [90m 38 |[39m     console[33m.[39mlog([32m'OTP:'[39m[33m,[39m otp)[33m;[39m
    [31m[1m>[22m[39m[90m 39 |[39m     console[33m.[39mlog([32m'Expires at:'[39m[33m,[39m 
expiresAt[33m.[39mtoISOString())[33m;[39m
     [90m    |[39m             [31m[1m^[22m[39m
     [90m 40 |[39m     
     [90m 41 |[39m     [90m// In production, this would be:[39m
     [90m 42 |[39m     [90m// const subject = 'เธฃเธซเธฑเธช OTP 
เธชเธณเธซเธฃเธฑเธเน€เธเนเธฒเธ–เธถเธเนเธเธเธเธญเธฃเนเธกเธเธญเธเธเธธเธ“';[39m[0m

      at console.log (node_modules/@jest/console/build/index.js:147:10)
      at sendOTPEmail (app/api/draft/[token]/request-otp/route.ts:39:13)
      at POST (app/api/draft/[token]/request-otp/route.ts:170:29)
      at app/api/draft/[token]/request-otp/__tests__/request-otp.property.test.ts:837:30
      at AsyncProperty.run (node_modules/fast-check/lib/cjs/check/property/AsyncProperty.generic.js:46:28)
      at asyncRunIt (node_modules/fast-check/lib/cjs/check/runner/Runner.js:28:21)
      at Object.<anonymous> (app/api/draft/[token]/request-otp/__tests__/request-otp.property.test.ts:801:7)


  โ—  Cannot log after tests are done. Did you forget to wait for something async in your test?
    Attempted to log "OTP email would be sent to: prop-test-1772510311260-poxwqp@example.com".

    [0m [90m 35 |[39m     [90m// TODO: Implement actual email sending using nodemailer[39m
     [90m 36 |[39m     [90m// For now, we'll log the OTP for testing[39m
    [31m[1m>[22m[39m[90m 37 |[39m     console[33m.[39mlog([32m'OTP email would be sent 
to:'[39m[33m,[39m email)[33m;[39m
     [90m    |[39m             [31m[1m^[22m[39m
     [90m 38 |[39m     console[33m.[39mlog([32m'OTP:'[39m[33m,[39m otp)[33m;[39m
     [90m 39 |[39m     console[33m.[39mlog([32m'Expires at:'[39m[33m,[39m 
expiresAt[33m.[39mtoISOString())[33m;[39m
     [90m 40 |[39m     [0m

      at console.log (node_modules/@jest/console/build/index.js:147:10)
      at sendOTPEmail (app/api/draft/[token]/request-otp/route.ts:37:13)
      at POST (app/api/draft/[token]/request-otp/route.ts:170:29)
      at app/api/draft/[token]/request-otp/__tests__/request-otp.property.test.ts:837:30
      at AsyncProperty.run (node_modules/fast-check/lib/cjs/check/property/AsyncProperty.generic.js:46:28)
      at asyncRunIt (node_modules/fast-check/lib/cjs/check/runner/Runner.js:28:21)
      at Object.<anonymous> (app/api/draft/[token]/request-otp/__tests__/request-otp.property.test.ts:801:7)


  โ—  Cannot log after tests are done. Did you forget to wait for something async in your test?
    Attempted to log "OTP: 967106".

    [0m [90m 36 |[39m     [90m// For now, we'll log the OTP for testing[39m
     [90m 37 |[39m     console[33m.[39mlog([32m'OTP email would be sent to:'[39m[33m,[39m 
email)[33m;[39m
    [31m[1m>[22m[39m[90m 38 |[39m     console[33m.[39mlog([32m'OTP:'[39m[33m,[39m otp)[33m;[39m
     [90m    |[39m             [31m[1m^[22m[39m
     [90m 39 |[39m     console[33m.[39mlog([32m'Expires at:'[39m[33m,[39m 
expiresAt[33m.[39mtoISOString())[33m;[39m
     [90m 40 |[39m     
     [90m 41 |[39m     [90m// In production, this would be:[39m[0m

      at console.log (node_modules/@jest/console/build/index.js:147:10)
      at sendOTPEmail (app/api/draft/[token]/request-otp/route.ts:38:13)
      at POST (app/api/draft/[token]/request-otp/route.ts:170:29)
      at app/api/draft/[token]/request-otp/__tests__/request-otp.property.test.ts:837:30
      at AsyncProperty.run (node_modules/fast-check/lib/cjs/check/property/AsyncProperty.generic.js:46:28)
      at asyncRunIt (node_modules/fast-check/lib/cjs/check/runner/Runner.js:28:21)
      at Object.<anonymous> (app/api/draft/[token]/request-otp/__tests__/request-otp.property.test.ts:801:7)


  โ—  Cannot log after tests are done. Did you forget to wait for something async in your test?
    Attempted to log "Expires at: 2026-03-03T04:08:31.316Z".

    [0m [90m 37 |[39m     console[33m.[39mlog([32m'OTP email would be sent to:'[39m[33m,[39m 
email)[33m;[39m
     [90m 38 |[39m     console[33m.[39mlog([32m'OTP:'[39m[33m,[39m otp)[33m;[39m
    [31m[1m>[22m[39m[90m 39 |[39m     console[33m.[39mlog([32m'Expires at:'[39m[33m,[39m 
expiresAt[33m.[39mtoISOString())[33m;[39m
     [90m    |[39m             [31m[1m^[22m[39m
     [90m 40 |[39m     
     [90m 41 |[39m     [90m// In production, this would be:[39m
     [90m 42 |[39m     [90m// const subject = 'เธฃเธซเธฑเธช OTP 
เธชเธณเธซเธฃเธฑเธเน€เธเนเธฒเธ–เธถเธเนเธเธเธเธญเธฃเนเธกเธเธญเธเธเธธเธ“';[39m[0m

      at console.log (node_modules/@jest/console/build/index.js:147:10)
      at sendOTPEmail (app/api/draft/[token]/request-otp/route.ts:39:13)
      at POST (app/api/draft/[token]/request-otp/route.ts:170:29)
      at app/api/draft/[token]/request-otp/__tests__/request-otp.property.test.ts:837:30
      at AsyncProperty.run (node_modules/fast-check/lib/cjs/check/property/AsyncProperty.generic.js:46:28)
      at asyncRunIt (node_modules/fast-check/lib/cjs/check/runner/Runner.js:28:21)
      at Object.<anonymous> (app/api/draft/[token]/request-otp/__tests__/request-otp.property.test.ts:801:7)


  โ—  Cannot log after tests are done. Did you forget to wait for something async in your test?
    Attempted to log "OTP email would be sent to: prop-test-1772510311324-ubbsnp@example.com".

    [0m [90m 35 |[39m     [90m// TODO: Implement actual email sending using nodemailer[39m
     [90m 36 |[39m     [90m// For now, we'll log the OTP for testing[39m
    [31m[1m>[22m[39m[90m 37 |[39m     console[33m.[39mlog([32m'OTP email would be sent 
to:'[39m[33m,[39m email)[33m;[39m
     [90m    |[39m             [31m[1m^[22m[39m
     [90m 38 |[39m     console[33m.[39mlog([32m'OTP:'[39m[33m,[39m otp)[33m;[39m
     [90m 39 |[39m     console[33m.[39mlog([32m'Expires at:'[39m[33m,[39m 
expiresAt[33m.[39mtoISOString())[33m;[39m
     [90m 40 |[39m     [0m

      at console.log (node_modules/@jest/console/build/index.js:147:10)
      at sendOTPEmail (app/api/draft/[token]/request-otp/route.ts:37:13)
      at POST (app/api/draft/[token]/request-otp/route.ts:170:29)
      at app/api/draft/[token]/request-otp/__tests__/request-otp.property.test.ts:837:30
      at AsyncProperty.run (node_modules/fast-check/lib/cjs/check/property/AsyncProperty.generic.js:46:28)
      at asyncRunIt (node_modules/fast-check/lib/cjs/check/runner/Runner.js:28:21)
      at Object.<anonymous> (app/api/draft/[token]/request-otp/__tests__/request-otp.property.test.ts:801:7)


  โ—  Cannot log after tests are done. Did you forget to wait for something async in your test?
    Attempted to log "OTP: 374516".

    [0m [90m 36 |[39m     [90m// For now, we'll log the OTP for testing[39m
     [90m 37 |[39m     console[33m.[39mlog([32m'OTP email would be sent to:'[39m[33m,[39m 
email)[33m;[39m
    [31m[1m>[22m[39m[90m 38 |[39m     console[33m.[39mlog([32m'OTP:'[39m[33m,[39m otp)[33m;[39m
     [90m    |[39m             [31m[1m^[22m[39m
     [90m 39 |[39m     console[33m.[39mlog([32m'Expires at:'[39m[33m,[39m 
expiresAt[33m.[39mtoISOString())[33m;[39m
     [90m 40 |[39m     
     [90m 41 |[39m     [90m// In production, this would be:[39m[0m

      at console.log (node_modules/@jest/console/build/index.js:147:10)
      at sendOTPEmail (app/api/draft/[token]/request-otp/route.ts:38:13)
      at POST (app/api/draft/[token]/request-otp/route.ts:170:29)
      at app/api/draft/[token]/request-otp/__tests__/request-otp.property.test.ts:837:30
      at AsyncProperty.run (node_modules/fast-check/lib/cjs/check/property/AsyncProperty.generic.js:46:28)
      at asyncRunIt (node_modules/fast-check/lib/cjs/check/runner/Runner.js:28:21)
      at Object.<anonymous> (app/api/draft/[token]/request-otp/__tests__/request-otp.property.test.ts:801:7)


  โ—  Cannot log after tests are done. Did you forget to wait for something async in your test?
    Attempted to log "Expires at: 2026-03-03T04:08:31.379Z".

    [0m [90m 37 |[39m     console[33m.[39mlog([32m'OTP email would be sent to:'[39m[33m,[39m 
email)[33m;[39m
     [90m 38 |[39m     console[33m.[39mlog([32m'OTP:'[39m[33m,[39m otp)[33m;[39m
    [31m[1m>[22m[39m[90m 39 |[39m     console[33m.[39mlog([32m'Expires at:'[39m[33m,[39m 
expiresAt[33m.[39mtoISOString())[33m;[39m
     [90m    |[39m             [31m[1m^[22m[39m
     [90m 40 |[39m     
     [90m 41 |[39m     [90m// In production, this would be:[39m
     [90m 42 |[39m     [90m// const subject = 'เธฃเธซเธฑเธช OTP 
เธชเธณเธซเธฃเธฑเธเน€เธเนเธฒเธ–เธถเธเนเธเธเธเธญเธฃเนเธกเธเธญเธเธเธธเธ“';[39m[0m

      at console.log (node_modules/@jest/console/build/index.js:147:10)
      at sendOTPEmail (app/api/draft/[token]/request-otp/route.ts:39:13)
      at POST (app/api/draft/[token]/request-otp/route.ts:170:29)
      at app/api/draft/[token]/request-otp/__tests__/request-otp.property.test.ts:837:30
      at AsyncProperty.run (node_modules/fast-check/lib/cjs/check/property/AsyncProperty.generic.js:46:28)
      at asyncRunIt (node_modules/fast-check/lib/cjs/check/runner/Runner.js:28:21)
      at Object.<anonymous> (app/api/draft/[token]/request-otp/__tests__/request-otp.property.test.ts:801:7)


  โ—  Cannot log after tests are done. Did you forget to wait for something async in your test?
    Attempted to log "OTP email would be sent to: prop-test-1772510311388-l342o@example.com".

    [0m [90m 35 |[39m     [90m// TODO: Implement actual email sending using nodemailer[39m
     [90m 36 |[39m     [90m// For now, we'll log the OTP for testing[39m
    [31m[1m>[22m[39m[90m 37 |[39m     console[33m.[39mlog([32m'OTP email would be sent 
to:'[39m[33m,[39m email)[33m;[39m
     [90m    |[39m             [31m[1m^[22m[39m
     [90m 38 |[39m     console[33m.[39mlog([32m'OTP:'[39m[33m,[39m otp)[33m;[39m
     [90m 39 |[39m     console[33m.[39mlog([32m'Expires at:'[39m[33m,[39m 
expiresAt[33m.[39mtoISOString())[33m;[39m
     [90m 40 |[39m     [0m

      at console.log (node_modules/@jest/console/build/index.js:147:10)
      at sendOTPEmail (app/api/draft/[token]/request-otp/route.ts:37:13)
      at POST (app/api/draft/[token]/request-otp/route.ts:170:29)
      at app/api/draft/[token]/request-otp/__tests__/request-otp.property.test.ts:837:30
      at AsyncProperty.run (node_modules/fast-check/lib/cjs/check/property/AsyncProperty.generic.js:46:28)
      at asyncRunIt (node_modules/fast-check/lib/cjs/check/runner/Runner.js:28:21)
      at Object.<anonymous> (app/api/draft/[token]/request-otp/__tests__/request-otp.property.test.ts:801:7)


  โ—  Cannot log after tests are done. Did you forget to wait for something async in your test?
    Attempted to log "OTP: 848446".

    [0m [90m 36 |[39m     [90m// For now, we'll log the OTP for testing[39m
     [90m 37 |[39m     console[33m.[39mlog([32m'OTP email would be sent to:'[39m[33m,[39m 
email)[33m;[39m
    [31m[1m>[22m[39m[90m 38 |[39m     console[33m.[39mlog([32m'OTP:'[39m[33m,[39m otp)[33m;[39m
     [90m    |[39m             [31m[1m^[22m[39m
     [90m 39 |[39m     console[33m.[39mlog([32m'Expires at:'[39m[33m,[39m 
expiresAt[33m.[39mtoISOString())[33m;[39m
     [90m 40 |[39m     
     [90m 41 |[39m     [90m// In production, this would be:[39m[0m

      at console.log (node_modules/@jest/console/build/index.js:147:10)
      at sendOTPEmail (app/api/draft/[token]/request-otp/route.ts:38:13)
      at POST (app/api/draft/[token]/request-otp/route.ts:170:29)
      at app/api/draft/[token]/request-otp/__tests__/request-otp.property.test.ts:837:30
      at AsyncProperty.run (node_modules/fast-check/lib/cjs/check/property/AsyncProperty.generic.js:46:28)
      at asyncRunIt (node_modules/fast-check/lib/cjs/check/runner/Runner.js:28:21)
      at Object.<anonymous> (app/api/draft/[token]/request-otp/__tests__/request-otp.property.test.ts:801:7)


  โ—  Cannot log after tests are done. Did you forget to wait for something async in your test?
    Attempted to log "Expires at: 2026-03-03T04:08:31.444Z".

    [0m [90m 37 |[39m     console[33m.[39mlog([32m'OTP email would be sent to:'[39m[33m,[39m 
email)[33m;[39m
     [90m 38 |[39m     console[33m.[39mlog([32m'OTP:'[39m[33m,[39m otp)[33m;[39m
    [31m[1m>[22m[39m[90m 39 |[39m     console[33m.[39mlog([32m'Expires at:'[39m[33m,[39m 
expiresAt[33m.[39mtoISOString())[33m;[39m
     [90m    |[39m             [31m[1m^[22m[39m
     [90m 40 |[39m     
     [90m 41 |[39m     [90m// In production, this would be:[39m
     [90m 42 |[39m     [90m// const subject = 'เธฃเธซเธฑเธช OTP 
เธชเธณเธซเธฃเธฑเธเน€เธเนเธฒเธ–เธถเธเนเธเธเธเธญเธฃเนเธกเธเธญเธเธเธธเธ“';[39m[0m

      at console.log (node_modules/@jest/console/build/index.js:147:10)
      at sendOTPEmail (app/api/draft/[token]/request-otp/route.ts:39:13)
      at POST (app/api/draft/[token]/request-otp/route.ts:170:29)
      at app/api/draft/[token]/request-otp/__tests__/request-otp.property.test.ts:837:30
      at AsyncProperty.run (node_modules/fast-check/lib/cjs/check/property/AsyncProperty.generic.js:46:28)
      at asyncRunIt (node_modules/fast-check/lib/cjs/check/runner/Runner.js:28:21)
      at Object.<anonymous> (app/api/draft/[token]/request-otp/__tests__/request-otp.property.test.ts:801:7)


  โ—  Cannot log after tests are done. Did you forget to wait for something async in your test?
    Attempted to log "OTP email would be sent to: prop-test-1772510311452-24wl7@example.com".

    [0m [90m 35 |[39m     [90m// TODO: Implement actual email sending using nodemailer[39m
     [90m 36 |[39m     [90m// For now, we'll log the OTP for testing[39m
    [31m[1m>[22m[39m[90m 37 |[39m     console[33m.[39mlog([32m'OTP email would be sent 
to:'[39m[33m,[39m email)[33m;[39m
     [90m    |[39m             [31m[1m^[22m[39m
     [90m 38 |[39m     console[33m.[39mlog([32m'OTP:'[39m[33m,[39m otp)[33m;[39m
     [90m 39 |[39m     console[33m.[39mlog([32m'Expires at:'[39m[33m,[39m 
expiresAt[33m.[39mtoISOString())[33m;[39m
     [90m 40 |[39m     [0m

      at console.log (node_modules/@jest/console/build/index.js:147:10)
      at sendOTPEmail (app/api/draft/[token]/request-otp/route.ts:37:13)
      at POST (app/api/draft/[token]/request-otp/route.ts:170:29)
      at app/api/draft/[token]/request-otp/__tests__/request-otp.property.test.ts:837:30
      at AsyncProperty.run (node_modules/fast-check/lib/cjs/check/property/AsyncProperty.generic.js:46:28)
      at asyncRunIt (node_modules/fast-check/lib/cjs/check/runner/Runner.js:28:21)
      at Object.<anonymous> (app/api/draft/[token]/request-otp/__tests__/request-otp.property.test.ts:801:7)


  โ—  Cannot log after tests are done. Did you forget to wait for something async in your test?
    Attempted to log "OTP: 312266".

    [0m [90m 36 |[39m     [90m// For now, we'll log the OTP for testing[39m
     [90m 37 |[39m     console[33m.[39mlog([32m'OTP email would be sent to:'[39m[33m,[39m 
email)[33m;[39m
    [31m[1m>[22m[39m[90m 38 |[39m     console[33m.[39mlog([32m'OTP:'[39m[33m,[39m otp)[33m;[39m
     [90m    |[39m             [31m[1m^[22m[39m
     [90m 39 |[39m     console[33m.[39mlog([32m'Expires at:'[39m[33m,[39m 
expiresAt[33m.[39mtoISOString())[33m;[39m
     [90m 40 |[39m     
     [90m 41 |[39m     [90m// In production, this would be:[39m[0m

      at console.log (node_modules/@jest/console/build/index.js:147:10)
      at sendOTPEmail (app/api/draft/[token]/request-otp/route.ts:38:13)
      at POST (app/api/draft/[token]/request-otp/route.ts:170:29)
      at app/api/draft/[token]/request-otp/__tests__/request-otp.property.test.ts:837:30
      at AsyncProperty.run (node_modules/fast-check/lib/cjs/check/property/AsyncProperty.generic.js:46:28)
      at asyncRunIt (node_modules/fast-check/lib/cjs/check/runner/Runner.js:28:21)
      at Object.<anonymous> (app/api/draft/[token]/request-otp/__tests__/request-otp.property.test.ts:801:7)


  โ—  Cannot log after tests are done. Did you forget to wait for something async in your test?
    Attempted to log "Expires at: 2026-03-03T04:08:31.509Z".

    [0m [90m 37 |[39m     console[33m.[39mlog([32m'OTP email would be sent to:'[39m[33m,[39m 
email)[33m;[39m
     [90m 38 |[39m     console[33m.[39mlog([32m'OTP:'[39m[33m,[39m otp)[33m;[39m
    [31m[1m>[22m[39m[90m 39 |[39m     console[33m.[39mlog([32m'Expires at:'[39m[33m,[39m 
expiresAt[33m.[39mtoISOString())[33m;[39m
     [90m    |[39m             [31m[1m^[22m[39m
     [90m 40 |[39m     
     [90m 41 |[39m     [90m// In production, this would be:[39m
     [90m 42 |[39m     [90m// const subject = 'เธฃเธซเธฑเธช OTP 
เธชเธณเธซเธฃเธฑเธเน€เธเนเธฒเธ–เธถเธเนเธเธเธเธญเธฃเนเธกเธเธญเธเธเธธเธ“';[39m[0m

      at console.log (node_modules/@jest/console/build/index.js:147:10)
      at sendOTPEmail (app/api/draft/[token]/request-otp/route.ts:39:13)
      at POST (app/api/draft/[token]/request-otp/route.ts:170:29)
      at app/api/draft/[token]/request-otp/__tests__/request-otp.property.test.ts:837:30
      at AsyncProperty.run (node_modules/fast-check/lib/cjs/check/property/AsyncProperty.generic.js:46:28)
      at asyncRunIt (node_modules/fast-check/lib/cjs/check/runner/Runner.js:28:21)
      at Object.<anonymous> (app/api/draft/[token]/request-otp/__tests__/request-otp.property.test.ts:801:7)


  โ—  Cannot log after tests are done. Did you forget to wait for something async in your test?
    Attempted to log "OTP email would be sent to: prop-test-1772510311515-6vuc1r@example.com".

    [0m [90m 35 |[39m     [90m// TODO: Implement actual email sending using nodemailer[39m
     [90m 36 |[39m     [90m// For now, we'll log the OTP for testing[39m
    [31m[1m>[22m[39m[90m 37 |[39m     console[33m.[39mlog([32m'OTP email would be sent 
to:'[39m[33m,[39m email)[33m;[39m
     [90m    |[39m             [31m[1m^[22m[39m
     [90m 38 |[39m     console[33m.[39mlog([32m'OTP:'[39m[33m,[39m otp)[33m;[39m
     [90m 39 |[39m     console[33m.[39mlog([32m'Expires at:'[39m[33m,[39m 
expiresAt[33m.[39mtoISOString())[33m;[39m
     [90m 40 |[39m     [0m

      at console.log (node_modules/@jest/console/build/index.js:147:10)
      at sendOTPEmail (app/api/draft/[token]/request-otp/route.ts:37:13)
      at POST (app/api/draft/[token]/request-otp/route.ts:170:29)
      at app/api/draft/[token]/request-otp/__tests__/request-otp.property.test.ts:837:30
      at AsyncProperty.run (node_modules/fast-check/lib/cjs/check/property/AsyncProperty.generic.js:46:28)
      at asyncRunIt (node_modules/fast-check/lib/cjs/check/runner/Runner.js:28:21)
      at Object.<anonymous> (app/api/draft/[token]/request-otp/__tests__/request-otp.property.test.ts:801:7)


  โ—  Cannot log after tests are done. Did you forget to wait for something async in your test?
    Attempted to log "OTP: 984436".

    [0m [90m 36 |[39m     [90m// For now, we'll log the OTP for testing[39m
     [90m 37 |[39m     console[33m.[39mlog([32m'OTP email would be sent to:'[39m[33m,[39m 
email)[33m;[39m
    [31m[1m>[22m[39m[90m 38 |[39m     console[33m.[39mlog([32m'OTP:'[39m[33m,[39m otp)[33m;[39m
     [90m    |[39m             [31m[1m^[22m[39m
     [90m 39 |[39m     console[33m.[39mlog([32m'Expires at:'[39m[33m,[39m 
expiresAt[33m.[39mtoISOString())[33m;[39m
     [90m 40 |[39m     
     [90m 41 |[39m     [90m// In production, this would be:[39m[0m

      at console.log (node_modules/@jest/console/build/index.js:147:10)
      at sendOTPEmail (app/api/draft/[token]/request-otp/route.ts:38:13)
      at POST (app/api/draft/[token]/request-otp/route.ts:170:29)
      at app/api/draft/[token]/request-otp/__tests__/request-otp.property.test.ts:837:30
      at AsyncProperty.run (node_modules/fast-check/lib/cjs/check/property/AsyncProperty.generic.js:46:28)
      at asyncRunIt (node_modules/fast-check/lib/cjs/check/runner/Runner.js:28:21)
      at Object.<anonymous> (app/api/draft/[token]/request-otp/__tests__/request-otp.property.test.ts:801:7)


  โ—  Cannot log after tests are done. Did you forget to wait for something async in your test?
    Attempted to log "Expires at: 2026-03-03T04:08:31.569Z".

    [0m [90m 37 |[39m     console[33m.[39mlog([32m'OTP email would be sent to:'[39m[33m,[39m 
email)[33m;[39m
     [90m 38 |[39m     console[33m.[39mlog([32m'OTP:'[39m[33m,[39m otp)[33m;[39m
    [31m[1m>[22m[39m[90m 39 |[39m     console[33m.[39mlog([32m'Expires at:'[39m[33m,[39m 
expiresAt[33m.[39mtoISOString())[33m;[39m
     [90m    |[39m             [31m[1m^[22m[39m
     [90m 40 |[39m     
     [90m 41 |[39m     [90m// In production, this would be:[39m
     [90m 42 |[39m     [90m// const subject = 'เธฃเธซเธฑเธช OTP 
เธชเธณเธซเธฃเธฑเธเน€เธเนเธฒเธ–เธถเธเนเธเธเธเธญเธฃเนเธกเธเธญเธเธเธธเธ“';[39m[0m

      at console.log (node_modules/@jest/console/build/index.js:147:10)
      at sendOTPEmail (app/api/draft/[token]/request-otp/route.ts:39:13)
      at POST (app/api/draft/[token]/request-otp/route.ts:170:29)
      at app/api/draft/[token]/request-otp/__tests__/request-otp.property.test.ts:837:30
      at AsyncProperty.run (node_modules/fast-check/lib/cjs/check/property/AsyncProperty.generic.js:46:28)
      at asyncRunIt (node_modules/fast-check/lib/cjs/check/runner/Runner.js:28:21)
      at Object.<anonymous> (app/api/draft/[token]/request-otp/__tests__/request-otp.property.test.ts:801:7)


  โ—  Cannot log after tests are done. Did you forget to wait for something async in your test?
    Attempted to log "OTP email would be sent to: prop-test-1772510311577-1to0e6@example.com".

    [0m [90m 35 |[39m     [90m// TODO: Implement actual email sending using nodemailer[39m
     [90m 36 |[39m     [90m// For now, we'll log the OTP for testing[39m
    [31m[1m>[22m[39m[90m 37 |[39m     console[33m.[39mlog([32m'OTP email would be sent 
to:'[39m[33m,[39m email)[33m;[39m
     [90m    |[39m             [31m[1m^[22m[39m
     [90m 38 |[39m     console[33m.[39mlog([32m'OTP:'[39m[33m,[39m otp)[33m;[39m
     [90m 39 |[39m     console[33m.[39mlog([32m'Expires at:'[39m[33m,[39m 
expiresAt[33m.[39mtoISOString())[33m;[39m
     [90m 40 |[39m     [0m

      at console.log (node_modules/@jest/console/build/index.js:147:10)
      at sendOTPEmail (app/api/draft/[token]/request-otp/route.ts:37:13)
      at POST (app/api/draft/[token]/request-otp/route.ts:170:29)
      at app/api/draft/[token]/request-otp/__tests__/request-otp.property.test.ts:837:30
      at AsyncProperty.run (node_modules/fast-check/lib/cjs/check/property/AsyncProperty.generic.js:46:28)
      at asyncRunIt (node_modules/fast-check/lib/cjs/check/runner/Runner.js:28:21)
      at Object.<anonymous> (app/api/draft/[token]/request-otp/__tests__/request-otp.property.test.ts:801:7)


  โ—  Cannot log after tests are done. Did you forget to wait for something async in your test?
    Attempted to log "OTP: 069161".

    [0m [90m 36 |[39m     [90m// For now, we'll log the OTP for testing[39m
     [90m 37 |[39m     console[33m.[39mlog([32m'OTP email would be sent to:'[39m[33m,[39m 
email)[33m;[39m
    [31m[1m>[22m[39m[90m 38 |[39m     console[33m.[39mlog([32m'OTP:'[39m[33m,[39m otp)[33m;[39m
     [90m    |[39m             [31m[1m^[22m[39m
     [90m 39 |[39m     console[33m.[39mlog([32m'Expires at:'[39m[33m,[39m 
expiresAt[33m.[39mtoISOString())[33m;[39m
     [90m 40 |[39m     
     [90m 41 |[39m     [90m// In production, this would be:[39m[0m

      at console.log (node_modules/@jest/console/build/index.js:147:10)
      at sendOTPEmail (app/api/draft/[token]/request-otp/route.ts:38:13)
      at POST (app/api/draft/[token]/request-otp/route.ts:170:29)
      at app/api/draft/[token]/request-otp/__tests__/request-otp.property.test.ts:837:30
      at AsyncProperty.run (node_modules/fast-check/lib/cjs/check/property/AsyncProperty.generic.js:46:28)
      at asyncRunIt (node_modules/fast-check/lib/cjs/check/runner/Runner.js:28:21)
      at Object.<anonymous> (app/api/draft/[token]/request-otp/__tests__/request-otp.property.test.ts:801:7)


  โ—  Cannot log after tests are done. Did you forget to wait for something async in your test?
    Attempted to log "Expires at: 2026-03-03T04:08:31.632Z".

    [0m [90m 37 |[39m     console[33m.[39mlog([32m'OTP email would be sent to:'[39m[33m,[39m 
email)[33m;[39m
     [90m 38 |[39m     console[33m.[39mlog([32m'OTP:'[39m[33m,[39m otp)[33m;[39m
    [31m[1m>[22m[39m[90m 39 |[39m     console[33m.[39mlog([32m'Expires at:'[39m[33m,[39m 
expiresAt[33m.[39mtoISOString())[33m;[39m
     [90m    |[39m             [31m[1m^[22m[39m
     [90m 40 |[39m     
     [90m 41 |[39m     [90m// In production, this would be:[39m
     [90m 42 |[39m     [90m// const subject = 'เธฃเธซเธฑเธช OTP 
เธชเธณเธซเธฃเธฑเธเน€เธเนเธฒเธ–เธถเธเนเธเธเธเธญเธฃเนเธกเธเธญเธเธเธธเธ“';[39m[0m

      at console.log (node_modules/@jest/console/build/index.js:147:10)
      at sendOTPEmail (app/api/draft/[token]/request-otp/route.ts:39:13)
      at POST (app/api/draft/[token]/request-otp/route.ts:170:29)
      at app/api/draft/[token]/request-otp/__tests__/request-otp.property.test.ts:837:30
      at AsyncProperty.run (node_modules/fast-check/lib/cjs/check/property/AsyncProperty.generic.js:46:28)
      at asyncRunIt (node_modules/fast-check/lib/cjs/check/runner/Runner.js:28:21)
      at Object.<anonymous> (app/api/draft/[token]/request-otp/__tests__/request-otp.property.test.ts:801:7)


  โ—  Cannot log after tests are done. Did you forget to wait for something async in your test?
    Attempted to log "OTP email would be sent to: prop-test-1772510311640-pwpu0e@example.com".

    [0m [90m 35 |[39m     [90m// TODO: Implement actual email sending using nodemailer[39m
     [90m 36 |[39m     [90m// For now, we'll log the OTP for testing[39m
    [31m[1m>[22m[39m[90m 37 |[39m     console[33m.[39mlog([32m'OTP email would be sent 
to:'[39m[33m,[39m email)[33m;[39m
     [90m    |[39m             [31m[1m^[22m[39m
     [90m 38 |[39m     console[33m.[39mlog([32m'OTP:'[39m[33m,[39m otp)[33m;[39m
     [90m 39 |[39m     console[33m.[39mlog([32m'Expires at:'[39m[33m,[39m 
expiresAt[33m.[39mtoISOString())[33m;[39m
     [90m 40 |[39m     [0m

      at console.log (node_modules/@jest/console/build/index.js:147:10)
      at sendOTPEmail (app/api/draft/[token]/request-otp/route.ts:37:13)
      at POST (app/api/draft/[token]/request-otp/route.ts:170:29)
      at app/api/draft/[token]/request-otp/__tests__/request-otp.property.test.ts:837:30
      at AsyncProperty.run (node_modules/fast-check/lib/cjs/check/property/AsyncProperty.generic.js:46:28)
      at asyncRunIt (node_modules/fast-check/lib/cjs/check/runner/Runner.js:28:21)
      at Object.<anonymous> (app/api/draft/[token]/request-otp/__tests__/request-otp.property.test.ts:801:7)


  โ—  Cannot log after tests are done. Did you forget to wait for something async in your test?
    Attempted to log "OTP: 816498".

    [0m [90m 36 |[39m     [90m// For now, we'll log the OTP for testing[39m
     [90m 37 |[39m     console[33m.[39mlog([32m'OTP email would be sent to:'[39m[33m,[39m 
email)[33m;[39m
    [31m[1m>[22m[39m[90m 38 |[39m     console[33m.[39mlog([32m'OTP:'[39m[33m,[39m otp)[33m;[39m
     [90m    |[39m             [31m[1m^[22m[39m
     [90m 39 |[39m     console[33m.[39mlog([32m'Expires at:'[39m[33m,[39m 
expiresAt[33m.[39mtoISOString())[33m;[39m
     [90m 40 |[39m     
     [90m 41 |[39m     [90m// In production, this would be:[39m[0m

      at console.log (node_modules/@jest/console/build/index.js:147:10)
      at sendOTPEmail (app/api/draft/[token]/request-otp/route.ts:38:13)
      at POST (app/api/draft/[token]/request-otp/route.ts:170:29)
      at app/api/draft/[token]/request-otp/__tests__/request-otp.property.test.ts:837:30
      at AsyncProperty.run (node_modules/fast-check/lib/cjs/check/property/AsyncProperty.generic.js:46:28)
      at asyncRunIt (node_modules/fast-check/lib/cjs/check/runner/Runner.js:28:21)
      at Object.<anonymous> (app/api/draft/[token]/request-otp/__tests__/request-otp.property.test.ts:801:7)


  โ—  Cannot log after tests are done. Did you forget to wait for something async in your test?
    Attempted to log "Expires at: 2026-03-03T04:08:31.696Z".

    [0m [90m 37 |[39m     console[33m.[39mlog([32m'OTP email would be sent to:'[39m[33m,[39m 
email)[33m;[39m
     [90m 38 |[39m     console[33m.[39mlog([32m'OTP:'[39m[33m,[39m otp)[33m;[39m
    [31m[1m>[22m[39m[90m 39 |[39m     console[33m.[39mlog([32m'Expires at:'[39m[33m,[39m 
expiresAt[33m.[39mtoISOString())[33m;[39m
     [90m    |[39m             [31m[1m^[22m[39m
     [90m 40 |[39m     
     [90m 41 |[39m     [90m// In production, this would be:[39m
     [90m 42 |[39m     [90m// const subject = 'เธฃเธซเธฑเธช OTP 
เธชเธณเธซเธฃเธฑเธเน€เธเนเธฒเธ–เธถเธเนเธเธเธเธญเธฃเนเธกเธเธญเธเธเธธเธ“';[39m[0m

      at console.log (node_modules/@jest/console/build/index.js:147:10)
      at sendOTPEmail (app/api/draft/[token]/request-otp/route.ts:39:13)
      at POST (app/api/draft/[token]/request-otp/route.ts:170:29)
      at app/api/draft/[token]/request-otp/__tests__/request-otp.property.test.ts:837:30
      at AsyncProperty.run (node_modules/fast-check/lib/cjs/check/property/AsyncProperty.generic.js:46:28)
      at asyncRunIt (node_modules/fast-check/lib/cjs/check/runner/Runner.js:28:21)
      at Object.<anonymous> (app/api/draft/[token]/request-otp/__tests__/request-otp.property.test.ts:801:7)


  โ—  Cannot log after tests are done. Did you forget to wait for something async in your test?
    Attempted to log "OTP email would be sent to: prop-test-1772510311706-4n1ebe@example.com".

    [0m [90m 35 |[39m     [90m// TODO: Implement actual email sending using nodemailer[39m
     [90m 36 |[39m     [90m// For now, we'll log the OTP for testing[39m
    [31m[1m>[22m[39m[90m 37 |[39m     console[33m.[39mlog([32m'OTP email would be sent 
to:'[39m[33m,[39m email)[33m;[39m
     [90m    |[39m             [31m[1m^[22m[39m
     [90m 38 |[39m     console[33m.[39mlog([32m'OTP:'[39m[33m,[39m otp)[33m;[39m
     [90m 39 |[39m     console[33m.[39mlog([32m'Expires at:'[39m[33m,[39m 
expiresAt[33m.[39mtoISOString())[33m;[39m
     [90m 40 |[39m     [0m

      at console.log (node_modules/@jest/console/build/index.js:147:10)
      at sendOTPEmail (app/api/draft/[token]/request-otp/route.ts:37:13)
      at POST (app/api/draft/[token]/request-otp/route.ts:170:29)
      at app/api/draft/[token]/request-otp/__tests__/request-otp.property.test.ts:837:30
      at AsyncProperty.run (node_modules/fast-check/lib/cjs/check/property/AsyncProperty.generic.js:46:28)
      at asyncRunIt (node_modules/fast-check/lib/cjs/check/runner/Runner.js:28:21)
      at Object.<anonymous> (app/api/draft/[token]/request-otp/__tests__/request-otp.property.test.ts:801:7)


  โ—  Cannot log after tests are done. Did you forget to wait for something async in your test?
    Attempted to log "OTP: 105745".

    [0m [90m 36 |[39m     [90m// For now, we'll log the OTP for testing[39m
     [90m 37 |[39m     console[33m.[39mlog([32m'OTP email would be sent to:'[39m[33m,[39m 
email)[33m;[39m
    [31m[1m>[22m[39m[90m 38 |[39m     console[33m.[39mlog([32m'OTP:'[39m[33m,[39m otp)[33m;[39m
     [90m    |[39m             [31m[1m^[22m[39m
     [90m 39 |[39m     console[33m.[39mlog([32m'Expires at:'[39m[33m,[39m 
expiresAt[33m.[39mtoISOString())[33m;[39m
     [90m 40 |[39m     
     [90m 41 |[39m     [90m// In production, this would be:[39m[0m

      at console.log (node_modules/@jest/console/build/index.js:147:10)
      at sendOTPEmail (app/api/draft/[token]/request-otp/route.ts:38:13)
      at POST (app/api/draft/[token]/request-otp/route.ts:170:29)
      at app/api/draft/[token]/request-otp/__tests__/request-otp.property.test.ts:837:30
      at AsyncProperty.run (node_modules/fast-check/lib/cjs/check/property/AsyncProperty.generic.js:46:28)
      at asyncRunIt (node_modules/fast-check/lib/cjs/check/runner/Runner.js:28:21)
      at Object.<anonymous> (app/api/draft/[token]/request-otp/__tests__/request-otp.property.test.ts:801:7)


  โ—  Cannot log after tests are done. Did you forget to wait for something async in your test?
    Attempted to log "Expires at: 2026-03-03T04:08:31.762Z".

    [0m [90m 37 |[39m     console[33m.[39mlog([32m'OTP email would be sent to:'[39m[33m,[39m 
email)[33m;[39m
     [90m 38 |[39m     console[33m.[39mlog([32m'OTP:'[39m[33m,[39m otp)[33m;[39m
    [31m[1m>[22m[39m[90m 39 |[39m     console[33m.[39mlog([32m'Expires at:'[39m[33m,[39m 
expiresAt[33m.[39mtoISOString())[33m;[39m
     [90m    |[39m             [31m[1m^[22m[39m
     [90m 40 |[39m     
     [90m 41 |[39m     [90m// In production, this would be:[39m
     [90m 42 |[39m     [90m// const subject = 'เธฃเธซเธฑเธช OTP 
เธชเธณเธซเธฃเธฑเธเน€เธเนเธฒเธ–เธถเธเนเธเธเธเธญเธฃเนเธกเธเธญเธเธเธธเธ“';[39m[0m

      at console.log (node_modules/@jest/console/build/index.js:147:10)
      at sendOTPEmail (app/api/draft/[token]/request-otp/route.ts:39:13)
      at POST (app/api/draft/[token]/request-otp/route.ts:170:29)
      at app/api/draft/[token]/request-otp/__tests__/request-otp.property.test.ts:837:30
      at AsyncProperty.run (node_modules/fast-check/lib/cjs/check/property/AsyncProperty.generic.js:46:28)
      at asyncRunIt (node_modules/fast-check/lib/cjs/check/runner/Runner.js:28:21)
      at Object.<anonymous> (app/api/draft/[token]/request-otp/__tests__/request-otp.property.test.ts:801:7)


  โ—  Cannot log after tests are done. Did you forget to wait for something async in your test?
    Attempted to log "OTP email would be sent to: prop-test-1772510311771-djx3o@example.com".

    [0m [90m 35 |[39m     [90m// TODO: Implement actual email sending using nodemailer[39m
     [90m 36 |[39m     [90m// For now, we'll log the OTP for testing[39m
    [31m[1m>[22m[39m[90m 37 |[39m     console[33m.[39mlog([32m'OTP email would be sent 
to:'[39m[33m,[39m email)[33m;[39m
     [90m    |[39m             [31m[1m^[22m[39m
     [90m 38 |[39m     console[33m.[39mlog([32m'OTP:'[39m[33m,[39m otp)[33m;[39m
     [90m 39 |[39m     console[33m.[39mlog([32m'Expires at:'[39m[33m,[39m 
expiresAt[33m.[39mtoISOString())[33m;[39m
     [90m 40 |[39m     [0m

      at console.log (node_modules/@jest/console/build/index.js:147:10)
      at sendOTPEmail (app/api/draft/[token]/request-otp/route.ts:37:13)
      at POST (app/api/draft/[token]/request-otp/route.ts:170:29)
      at app/api/draft/[token]/request-otp/__tests__/request-otp.property.test.ts:837:30
      at AsyncProperty.run (node_modules/fast-check/lib/cjs/check/property/AsyncProperty.generic.js:46:28)
      at asyncRunIt (node_modules/fast-check/lib/cjs/check/runner/Runner.js:28:21)
      at Object.<anonymous> (app/api/draft/[token]/request-otp/__tests__/request-otp.property.test.ts:801:7)


  โ—  Cannot log after tests are done. Did you forget to wait for something async in your test?
    Attempted to log "OTP: 104739".

    [0m [90m 36 |[39m     [90m// For now, we'll log the OTP for testing[39m
     [90m 37 |[39m     console[33m.[39mlog([32m'OTP email would be sent to:'[39m[33m,[39m 
email)[33m;[39m
    [31m[1m>[22m[39m[90m 38 |[39m     console[33m.[39mlog([32m'OTP:'[39m[33m,[39m otp)[33m;[39m
     [90m    |[39m             [31m[1m^[22m[39m
     [90m 39 |[39m     console[33m.[39mlog([32m'Expires at:'[39m[33m,[39m 
expiresAt[33m.[39mtoISOString())[33m;[39m
     [90m 40 |[39m     
     [90m 41 |[39m     [90m// In production, this would be:[39m[0m

      at console.log (node_modules/@jest/console/build/index.js:147:10)
      at sendOTPEmail (app/api/draft/[token]/request-otp/route.ts:38:13)
      at POST (app/api/draft/[token]/request-otp/route.ts:170:29)
      at app/api/draft/[token]/request-otp/__tests__/request-otp.property.test.ts:837:30
      at AsyncProperty.run (node_modules/fast-check/lib/cjs/check/property/AsyncProperty.generic.js:46:28)
      at asyncRunIt (node_modules/fast-check/lib/cjs/check/runner/Runner.js:28:21)
      at Object.<anonymous> (app/api/draft/[token]/request-otp/__tests__/request-otp.property.test.ts:801:7)


  โ—  Cannot log after tests are done. Did you forget to wait for something async in your test?
    Attempted to log "Expires at: 2026-03-03T04:08:31.826Z".

    [0m [90m 37 |[39m     console[33m.[39mlog([32m'OTP email would be sent to:'[39m[33m,[39m 
email)[33m;[39m
     [90m 38 |[39m     console[33m.[39mlog([32m'OTP:'[39m[33m,[39m otp)[33m;[39m
    [31m[1m>[22m[39m[90m 39 |[39m     console[33m.[39mlog([32m'Expires at:'[39m[33m,[39m 
expiresAt[33m.[39mtoISOString())[33m;[39m
     [90m    |[39m             [31m[1m^[22m[39m
     [90m 40 |[39m     
     [90m 41 |[39m     [90m// In production, this would be:[39m
     [90m 42 |[39m     [90m// const subject = 'เธฃเธซเธฑเธช OTP 
เธชเธณเธซเธฃเธฑเธเน€เธเนเธฒเธ–เธถเธเนเธเธเธเธญเธฃเนเธกเธเธญเธเธเธธเธ“';[39m[0m

      at console.log (node_modules/@jest/console/build/index.js:147:10)
      at sendOTPEmail (app/api/draft/[token]/request-otp/route.ts:39:13)
      at POST (app/api/draft/[token]/request-otp/route.ts:170:29)
      at app/api/draft/[token]/request-otp/__tests__/request-otp.property.test.ts:837:30
      at AsyncProperty.run (node_modules/fast-check/lib/cjs/check/property/AsyncProperty.generic.js:46:28)
      at asyncRunIt (node_modules/fast-check/lib/cjs/check/runner/Runner.js:28:21)
      at Object.<anonymous> (app/api/draft/[token]/request-otp/__tests__/request-otp.property.test.ts:801:7)


  โ—  Cannot log after tests are done. Did you forget to wait for something async in your test?
    Attempted to log "OTP email would be sent to: prop-test-1772510311834-78cg6@example.com".

    [0m [90m 35 |[39m     [90m// TODO: Implement actual email sending using nodemailer[39m
     [90m 36 |[39m     [90m// For now, we'll log the OTP for testing[39m
    [31m[1m>[22m[39m[90m 37 |[39m     console[33m.[39mlog([32m'OTP email would be sent 
to:'[39m[33m,[39m email)[33m;[39m
     [90m    |[39m             [31m[1m^[22m[39m
     [90m 38 |[39m     console[33m.[39mlog([32m'OTP:'[39m[33m,[39m otp)[33m;[39m
     [90m 39 |[39m     console[33m.[39mlog([32m'Expires at:'[39m[33m,[39m 
expiresAt[33m.[39mtoISOString())[33m;[39m
     [90m 40 |[39m     [0m

      at console.log (node_modules/@jest/console/build/index.js:147:10)
      at sendOTPEmail (app/api/draft/[token]/request-otp/route.ts:37:13)
      at POST (app/api/draft/[token]/request-otp/route.ts:170:29)
      at app/api/draft/[token]/request-otp/__tests__/request-otp.property.test.ts:837:30
      at AsyncProperty.run (node_modules/fast-check/lib/cjs/check/property/AsyncProperty.generic.js:46:28)
      at asyncRunIt (node_modules/fast-check/lib/cjs/check/runner/Runner.js:28:21)
      at Object.<anonymous> (app/api/draft/[token]/request-otp/__tests__/request-otp.property.test.ts:801:7)


  โ—  Cannot log after tests are done. Did you forget to wait for something async in your test?
    Attempted to log "OTP: 675316".

    [0m [90m 36 |[39m     [90m// For now, we'll log the OTP for testing[39m
     [90m 37 |[39m     console[33m.[39mlog([32m'OTP email would be sent to:'[39m[33m,[39m 
email)[33m;[39m
    [31m[1m>[22m[39m[90m 38 |[39m     console[33m.[39mlog([32m'OTP:'[39m[33m,[39m otp)[33m;[39m
     [90m    |[39m             [31m[1m^[22m[39m
     [90m 39 |[39m     console[33m.[39mlog([32m'Expires at:'[39m[33m,[39m 
expiresAt[33m.[39mtoISOString())[33m;[39m
     [90m 40 |[39m     
     [90m 41 |[39m     [90m// In production, this would be:[39m[0m

      at console.log (node_modules/@jest/console/build/index.js:147:10)
      at sendOTPEmail (app/api/draft/[token]/request-otp/route.ts:38:13)
      at POST (app/api/draft/[token]/request-otp/route.ts:170:29)
      at app/api/draft/[token]/request-otp/__tests__/request-otp.property.test.ts:837:30
      at AsyncProperty.run (node_modules/fast-check/lib/cjs/check/property/AsyncProperty.generic.js:46:28)
      at asyncRunIt (node_modules/fast-check/lib/cjs/check/runner/Runner.js:28:21)
      at Object.<anonymous> (app/api/draft/[token]/request-otp/__tests__/request-otp.property.test.ts:801:7)


  โ—  Cannot log after tests are done. Did you forget to wait for something async in your test?
    Attempted to log "Expires at: 2026-03-03T04:08:31.891Z".

    [0m [90m 37 |[39m     console[33m.[39mlog([32m'OTP email would be sent to:'[39m[33m,[39m 
email)[33m;[39m
     [90m 38 |[39m     console[33m.[39mlog([32m'OTP:'[39m[33m,[39m otp)[33m;[39m
    [31m[1m>[22m[39m[90m 39 |[39m     console[33m.[39mlog([32m'Expires at:'[39m[33m,[39m 
expiresAt[33m.[39mtoISOString())[33m;[39m
     [90m    |[39m             [31m[1m^[22m[39m
     [90m 40 |[39m     
     [90m 41 |[39m     [90m// In production, this would be:[39m
     [90m 42 |[39m     [90m// const subject = 'เธฃเธซเธฑเธช OTP 
เธชเธณเธซเธฃเธฑเธเน€เธเนเธฒเธ–เธถเธเนเธเธเธเธญเธฃเนเธกเธเธญเธเธเธธเธ“';[39m[0m

      at console.log (node_modules/@jest/console/build/index.js:147:10)
      at sendOTPEmail (app/api/draft/[token]/request-otp/route.ts:39:13)
      at POST (app/api/draft/[token]/request-otp/route.ts:170:29)
      at app/api/draft/[token]/request-otp/__tests__/request-otp.property.test.ts:837:30
      at AsyncProperty.run (node_modules/fast-check/lib/cjs/check/property/AsyncProperty.generic.js:46:28)
      at asyncRunIt (node_modules/fast-check/lib/cjs/check/runner/Runner.js:28:21)
      at Object.<anonymous> (app/api/draft/[token]/request-otp/__tests__/request-otp.property.test.ts:801:7)


  โ—  Cannot log after tests are done. Did you forget to wait for something async in your test?
    Attempted to log "OTP email would be sent to: prop-test-1772510311898-8tv67q@example.com".

    [0m [90m 35 |[39m     [90m// TODO: Implement actual email sending using nodemailer[39m
     [90m 36 |[39m     [90m// For now, we'll log the OTP for testing[39m
    [31m[1m>[22m[39m[90m 37 |[39m     console[33m.[39mlog([32m'OTP email would be sent 
to:'[39m[33m,[39m email)[33m;[39m
     [90m    |[39m             [31m[1m^[22m[39m
     [90m 38 |[39m     console[33m.[39mlog([32m'OTP:'[39m[33m,[39m otp)[33m;[39m
     [90m 39 |[39m     console[33m.[39mlog([32m'Expires at:'[39m[33m,[39m 
expiresAt[33m.[39mtoISOString())[33m;[39m
     [90m 40 |[39m     [0m

      at console.log (node_modules/@jest/console/build/index.js:147:10)
      at sendOTPEmail (app/api/draft/[token]/request-otp/route.ts:37:13)
      at POST (app/api/draft/[token]/request-otp/route.ts:170:29)
      at app/api/draft/[token]/request-otp/__tests__/request-otp.property.test.ts:837:30
      at AsyncProperty.run (node_modules/fast-check/lib/cjs/check/property/AsyncProperty.generic.js:46:28)
      at asyncRunIt (node_modules/fast-check/lib/cjs/check/runner/Runner.js:28:21)
      at Object.<anonymous> (app/api/draft/[token]/request-otp/__tests__/request-otp.property.test.ts:801:7)


  โ—  Cannot log after tests are done. Did you forget to wait for something async in your test?
    Attempted to log "OTP: 921672".

    [0m [90m 36 |[39m     [90m// For now, we'll log the OTP for testing[39m
     [90m 37 |[39m     console[33m.[39mlog([32m'OTP email would be sent to:'[39m[33m,[39m 
email)[33m;[39m
    [31m[1m>[22m[39m[90m 38 |[39m     console[33m.[39mlog([32m'OTP:'[39m[33m,[39m otp)[33m;[39m
     [90m    |[39m             [31m[1m^[22m[39m
     [90m 39 |[39m     console[33m.[39mlog([32m'Expires at:'[39m[33m,[39m 
expiresAt[33m.[39mtoISOString())[33m;[39m
     [90m 40 |[39m     
     [90m 41 |[39m     [90m// In production, this would be:[39m[0m

      at console.log (node_modules/@jest/console/build/index.js:147:10)
      at sendOTPEmail (app/api/draft/[token]/request-otp/route.ts:38:13)
      at POST (app/api/draft/[token]/request-otp/route.ts:170:29)
      at app/api/draft/[token]/request-otp/__tests__/request-otp.property.test.ts:837:30
      at AsyncProperty.run (node_modules/fast-check/lib/cjs/check/property/AsyncProperty.generic.js:46:28)
      at asyncRunIt (node_modules/fast-check/lib/cjs/check/runner/Runner.js:28:21)
      at Object.<anonymous> (app/api/draft/[token]/request-otp/__tests__/request-otp.property.test.ts:801:7)


  โ—  Cannot log after tests are done. Did you forget to wait for something async in your test?
    Attempted to log "Expires at: 2026-03-03T04:08:31.952Z".

    [0m [90m 37 |[39m     console[33m.[39mlog([32m'OTP email would be sent to:'[39m[33m,[39m 
email)[33m;[39m
     [90m 38 |[39m     console[33m.[39mlog([32m'OTP:'[39m[33m,[39m otp)[33m;[39m
    [31m[1m>[22m[39m[90m 39 |[39m     console[33m.[39mlog([32m'Expires at:'[39m[33m,[39m 
expiresAt[33m.[39mtoISOString())[33m;[39m
     [90m    |[39m             [31m[1m^[22m[39m
     [90m 40 |[39m     
     [90m 41 |[39m     [90m// In production, this would be:[39m
     [90m 42 |[39m     [90m// const subject = 'เธฃเธซเธฑเธช OTP 
เธชเธณเธซเธฃเธฑเธเน€เธเนเธฒเธ–เธถเธเนเธเธเธเธญเธฃเนเธกเธเธญเธเธเธธเธ“';[39m[0m

      at console.log (node_modules/@jest/console/build/index.js:147:10)
      at sendOTPEmail (app/api/draft/[token]/request-otp/route.ts:39:13)
      at POST (app/api/draft/[token]/request-otp/route.ts:170:29)
      at app/api/draft/[token]/request-otp/__tests__/request-otp.property.test.ts:837:30
      at AsyncProperty.run (node_modules/fast-check/lib/cjs/check/property/AsyncProperty.generic.js:46:28)
      at asyncRunIt (node_modules/fast-check/lib/cjs/check/runner/Runner.js:28:21)
      at Object.<anonymous> (app/api/draft/[token]/request-otp/__tests__/request-otp.property.test.ts:801:7)


  โ—  Cannot log after tests are done. Did you forget to wait for something async in your test?
    Attempted to log "OTP email would be sent to: prop-test-1772510311960-01efii@example.com".

    [0m [90m 35 |[39m     [90m// TODO: Implement actual email sending using nodemailer[39m
     [90m 36 |[39m     [90m// For now, we'll log the OTP for testing[39m
    [31m[1m>[22m[39m[90m 37 |[39m     console[33m.[39mlog([32m'OTP email would be sent 
to:'[39m[33m,[39m email)[33m;[39m
     [90m    |[39m             [31m[1m^[22m[39m
     [90m 38 |[39m     console[33m.[39mlog([32m'OTP:'[39m[33m,[39m otp)[33m;[39m
     [90m 39 |[39m     console[33m.[39mlog([32m'Expires at:'[39m[33m,[39m 
expiresAt[33m.[39mtoISOString())[33m;[39m
     [90m 40 |[39m     [0m

      at console.log (node_modules/@jest/console/build/index.js:147:10)
      at sendOTPEmail (app/api/draft/[token]/request-otp/route.ts:37:13)
      at POST (app/api/draft/[token]/request-otp/route.ts:170:29)
      at app/api/draft/[token]/request-otp/__tests__/request-otp.property.test.ts:837:30
      at AsyncProperty.run (node_modules/fast-check/lib/cjs/check/property/AsyncProperty.generic.js:46:28)
      at asyncRunIt (node_modules/fast-check/lib/cjs/check/runner/Runner.js:28:21)
      at Object.<anonymous> (app/api/draft/[token]/request-otp/__tests__/request-otp.property.test.ts:801:7)


  โ—  Cannot log after tests are done. Did you forget to wait for something async in your test?
    Attempted to log "OTP: 648958".

    [0m [90m 36 |[39m     [90m// For now, we'll log the OTP for testing[39m
     [90m 37 |[39m     console[33m.[39mlog([32m'OTP email would be sent to:'[39m[33m,[39m 
email)[33m;[39m
    [31m[1m>[22m[39m[90m 38 |[39m     console[33m.[39mlog([32m'OTP:'[39m[33m,[39m otp)[33m;[39m
     [90m    |[39m             [31m[1m^[22m[39m
     [90m 39 |[39m     console[33m.[39mlog([32m'Expires at:'[39m[33m,[39m 
expiresAt[33m.[39mtoISOString())[33m;[39m
     [90m 40 |[39m     
     [90m 41 |[39m     [90m// In production, this would be:[39m[0m

      at console.log (node_modules/@jest/console/build/index.js:147:10)
      at sendOTPEmail (app/api/draft/[token]/request-otp/route.ts:38:13)
      at POST (app/api/draft/[token]/request-otp/route.ts:170:29)
      at app/api/draft/[token]/request-otp/__tests__/request-otp.property.test.ts:837:30
      at AsyncProperty.run (node_modules/fast-check/lib/cjs/check/property/AsyncProperty.generic.js:46:28)
      at asyncRunIt (node_modules/fast-check/lib/cjs/check/runner/Runner.js:28:21)
      at Object.<anonymous> (app/api/draft/[token]/request-otp/__tests__/request-otp.property.test.ts:801:7)


  โ—  Cannot log after tests are done. Did you forget to wait for something async in your test?
    Attempted to log "Expires at: 2026-03-03T04:08:32.015Z".

    [0m [90m 37 |[39m     console[33m.[39mlog([32m'OTP email would be sent to:'[39m[33m,[39m 
email)[33m;[39m
     [90m 38 |[39m     console[33m.[39mlog([32m'OTP:'[39m[33m,[39m otp)[33m;[39m
    [31m[1m>[22m[39m[90m 39 |[39m     console[33m.[39mlog([32m'Expires at:'[39m[33m,[39m 
expiresAt[33m.[39mtoISOString())[33m;[39m
     [90m    |[39m             [31m[1m^[22m[39m
     [90m 40 |[39m     
     [90m 41 |[39m     [90m// In production, this would be:[39m
     [90m 42 |[39m     [90m// const subject = 'เธฃเธซเธฑเธช OTP 
เธชเธณเธซเธฃเธฑเธเน€เธเนเธฒเธ–เธถเธเนเธเธเธเธญเธฃเนเธกเธเธญเธเธเธธเธ“';[39m[0m

      at console.log (node_modules/@jest/console/build/index.js:147:10)
      at sendOTPEmail (app/api/draft/[token]/request-otp/route.ts:39:13)
      at POST (app/api/draft/[token]/request-otp/route.ts:170:29)
      at app/api/draft/[token]/request-otp/__tests__/request-otp.property.test.ts:837:30
      at AsyncProperty.run (node_modules/fast-check/lib/cjs/check/property/AsyncProperty.generic.js:46:28)
      at asyncRunIt (node_modules/fast-check/lib/cjs/check/runner/Runner.js:28:21)
      at Object.<anonymous> (app/api/draft/[token]/request-otp/__tests__/request-otp.property.test.ts:801:7)


  โ—  Cannot log after tests are done. Did you forget to wait for something async in your test?
    Attempted to log "OTP email would be sent to: prop-test-1772510312027-l28ee@example.com".

    [0m [90m 35 |[39m     [90m// TODO: Implement actual email sending using nodemailer[39m
     [90m 36 |[39m     [90m// For now, we'll log the OTP for testing[39m
    [31m[1m>[22m[39m[90m 37 |[39m     console[33m.[39mlog([32m'OTP email would be sent 
to:'[39m[33m,[39m email)[33m;[39m
     [90m    |[39m             [31m[1m^[22m[39m
     [90m 38 |[39m     console[33m.[39mlog([32m'OTP:'[39m[33m,[39m otp)[33m;[39m
     [90m 39 |[39m     console[33m.[39mlog([32m'Expires at:'[39m[33m,[39m 
expiresAt[33m.[39mtoISOString())[33m;[39m
     [90m 40 |[39m     [0m

      at console.log (node_modules/@jest/console/build/index.js:147:10)
      at sendOTPEmail (app/api/draft/[token]/request-otp/route.ts:37:13)
      at POST (app/api/draft/[token]/request-otp/route.ts:170:29)
      at app/api/draft/[token]/request-otp/__tests__/request-otp.property.test.ts:837:30
      at AsyncProperty.run (node_modules/fast-check/lib/cjs/check/property/AsyncProperty.generic.js:46:28)
      at asyncRunIt (node_modules/fast-check/lib/cjs/check/runner/Runner.js:28:21)
      at Object.<anonymous> (app/api/draft/[token]/request-otp/__tests__/request-otp.property.test.ts:801:7)


  โ—  Cannot log after tests are done. Did you forget to wait for something async in your test?
    Attempted to log "OTP: 148096".

    [0m [90m 36 |[39m     [90m// For now, we'll log the OTP for testing[39m
     [90m 37 |[39m     console[33m.[39mlog([32m'OTP email would be sent to:'[39m[33m,[39m 
email)[33m;[39m
    [31m[1m>[22m[39m[90m 38 |[39m     console[33m.[39mlog([32m'OTP:'[39m[33m,[39m otp)[33m;[39m
     [90m    |[39m             [31m[1m^[22m[39m
     [90m 39 |[39m     console[33m.[39mlog([32m'Expires at:'[39m[33m,[39m 
expiresAt[33m.[39mtoISOString())[33m;[39m
     [90m 40 |[39m     
     [90m 41 |[39m     [90m// In production, this would be:[39m[0m

      at console.log (node_modules/@jest/console/build/index.js:147:10)
      at sendOTPEmail (app/api/draft/[token]/request-otp/route.ts:38:13)
      at POST (app/api/draft/[token]/request-otp/route.ts:170:29)
      at app/api/draft/[token]/request-otp/__tests__/request-otp.property.test.ts:837:30
      at AsyncProperty.run (node_modules/fast-check/lib/cjs/check/property/AsyncProperty.generic.js:46:28)
      at asyncRunIt (node_modules/fast-check/lib/cjs/check/runner/Runner.js:28:21)
      at Object.<anonymous> (app/api/draft/[token]/request-otp/__tests__/request-otp.property.test.ts:801:7)


  โ—  Cannot log after tests are done. Did you forget to wait for something async in your test?
    Attempted to log "Expires at: 2026-03-03T04:08:32.082Z".

    [0m [90m 37 |[39m     console[33m.[39mlog([32m'OTP email would be sent to:'[39m[33m,[39m 
email)[33m;[39m
     [90m 38 |[39m     console[33m.[39mlog([32m'OTP:'[39m[33m,[39m otp)[33m;[39m
    [31m[1m>[22m[39m[90m 39 |[39m     console[33m.[39mlog([32m'Expires at:'[39m[33m,[39m 
expiresAt[33m.[39mtoISOString())[33m;[39m
     [90m    |[39m             [31m[1m^[22m[39m
     [90m 40 |[39m     
     [90m 41 |[39m     [90m// In production, this would be:[39m
     [90m 42 |[39m     [90m// const subject = 'เธฃเธซเธฑเธช OTP 
เธชเธณเธซเธฃเธฑเธเน€เธเนเธฒเธ–เธถเธเนเธเธเธเธญเธฃเนเธกเธเธญเธเธเธธเธ“';[39m[0m

      at console.log (node_modules/@jest/console/build/index.js:147:10)
      at sendOTPEmail (app/api/draft/[token]/request-otp/route.ts:39:13)
      at POST (app/api/draft/[token]/request-otp/route.ts:170:29)
      at app/api/draft/[token]/request-otp/__tests__/request-otp.property.test.ts:837:30
      at AsyncProperty.run (node_modules/fast-check/lib/cjs/check/property/AsyncProperty.generic.js:46:28)
      at asyncRunIt (node_modules/fast-check/lib/cjs/check/runner/Runner.js:28:21)
      at Object.<anonymous> (app/api/draft/[token]/request-otp/__tests__/request-otp.property.test.ts:801:7)


  โ—  Cannot log after tests are done. Did you forget to wait for something async in your test?
    Attempted to log "OTP email would be sent to: prop-test-1772510312090-w6svwa@example.com".

    [0m [90m 35 |[39m     [90m// TODO: Implement actual email sending using nodemailer[39m
     [90m 36 |[39m     [90m// For now, we'll log the OTP for testing[39m
    [31m[1m>[22m[39m[90m 37 |[39m     console[33m.[39mlog([32m'OTP email would be sent 
to:'[39m[33m,[39m email)[33m;[39m
     [90m    |[39m             [31m[1m^[22m[39m
     [90m 38 |[39m     console[33m.[39mlog([32m'OTP:'[39m[33m,[39m otp)[33m;[39m
     [90m 39 |[39m     console[33m.[39mlog([32m'Expires at:'[39m[33m,[39m 
expiresAt[33m.[39mtoISOString())[33m;[39m
     [90m 40 |[39m     [0m

      at console.log (node_modules/@jest/console/build/index.js:147:10)
      at sendOTPEmail (app/api/draft/[token]/request-otp/route.ts:37:13)
      at POST (app/api/draft/[token]/request-otp/route.ts:170:29)
      at app/api/draft/[token]/request-otp/__tests__/request-otp.property.test.ts:837:30
      at AsyncProperty.run (node_modules/fast-check/lib/cjs/check/property/AsyncProperty.generic.js:46:28)
      at asyncRunIt (node_modules/fast-check/lib/cjs/check/runner/Runner.js:28:21)
      at Object.<anonymous> (app/api/draft/[token]/request-otp/__tests__/request-otp.property.test.ts:801:7)


  โ—  Cannot log after tests are done. Did you forget to wait for something async in your test?
    Attempted to log "OTP: 337296".

    [0m [90m 36 |[39m     [90m// For now, we'll log the OTP for testing[39m
     [90m 37 |[39m     console[33m.[39mlog([32m'OTP email would be sent to:'[39m[33m,[39m 
email)[33m;[39m
    [31m[1m>[22m[39m[90m 38 |[39m     console[33m.[39mlog([32m'OTP:'[39m[33m,[39m otp)[33m;[39m
     [90m    |[39m             [31m[1m^[22m[39m
     [90m 39 |[39m     console[33m.[39mlog([32m'Expires at:'[39m[33m,[39m 
expiresAt[33m.[39mtoISOString())[33m;[39m
     [90m 40 |[39m     
     [90m 41 |[39m     [90m// In production, this would be:[39m[0m

      at console.log (node_modules/@jest/console/build/index.js:147:10)
      at sendOTPEmail (app/api/draft/[token]/request-otp/route.ts:38:13)
      at POST (app/api/draft/[token]/request-otp/route.ts:170:29)
      at app/api/draft/[token]/request-otp/__tests__/request-otp.property.test.ts:837:30
      at AsyncProperty.run (node_modules/fast-check/lib/cjs/check/property/AsyncProperty.generic.js:46:28)
      at asyncRunIt (node_modules/fast-check/lib/cjs/check/runner/Runner.js:28:21)
      at Object.<anonymous> (app/api/draft/[token]/request-otp/__tests__/request-otp.property.test.ts:801:7)


  โ—  Cannot log after tests are done. Did you forget to wait for something async in your test?
    Attempted to log "Expires at: 2026-03-03T04:08:32.145Z".

    [0m [90m 37 |[39m     console[33m.[39mlog([32m'OTP email would be sent to:'[39m[33m,[39m 
email)[33m;[39m
     [90m 38 |[39m     console[33m.[39mlog([32m'OTP:'[39m[33m,[39m otp)[33m;[39m
    [31m[1m>[22m[39m[90m 39 |[39m     console[33m.[39mlog([32m'Expires at:'[39m[33m,[39m 
expiresAt[33m.[39mtoISOString())[33m;[39m
     [90m    |[39m             [31m[1m^[22m[39m
     [90m 40 |[39m     
     [90m 41 |[39m     [90m// In production, this would be:[39m
     [90m 42 |[39m     [90m// const subject = 'เธฃเธซเธฑเธช OTP 
เธชเธณเธซเธฃเธฑเธเน€เธเนเธฒเธ–เธถเธเนเธเธเธเธญเธฃเนเธกเธเธญเธเธเธธเธ“';[39m[0m

      at console.log (node_modules/@jest/console/build/index.js:147:10)
      at sendOTPEmail (app/api/draft/[token]/request-otp/route.ts:39:13)
      at POST (app/api/draft/[token]/request-otp/route.ts:170:29)
      at app/api/draft/[token]/request-otp/__tests__/request-otp.property.test.ts:837:30
      at AsyncProperty.run (node_modules/fast-check/lib/cjs/check/property/AsyncProperty.generic.js:46:28)
      at asyncRunIt (node_modules/fast-check/lib/cjs/check/runner/Runner.js:28:21)
      at Object.<anonymous> (app/api/draft/[token]/request-otp/__tests__/request-otp.property.test.ts:801:7)


  โ—  Cannot log after tests are done. Did you forget to wait for something async in your test?
    Attempted to log "OTP email would be sent to: prop-test-1772510312155-dai7d5@example.com".

    [0m [90m 35 |[39m     [90m// TODO: Implement actual email sending using nodemailer[39m
     [90m 36 |[39m     [90m// For now, we'll log the OTP for testing[39m
    [31m[1m>[22m[39m[90m 37 |[39m     console[33m.[39mlog([32m'OTP email would be sent 
to:'[39m[33m,[39m email)[33m;[39m
     [90m    |[39m             [31m[1m^[22m[39m
     [90m 38 |[39m     console[33m.[39mlog([32m'OTP:'[39m[33m,[39m otp)[33m;[39m
     [90m 39 |[39m     console[33m.[39mlog([32m'Expires at:'[39m[33m,[39m 
expiresAt[33m.[39mtoISOString())[33m;[39m
     [90m 40 |[39m     [0m

      at console.log (node_modules/@jest/console/build/index.js:147:10)
      at sendOTPEmail (app/api/draft/[token]/request-otp/route.ts:37:13)
      at POST (app/api/draft/[token]/request-otp/route.ts:170:29)
      at app/api/draft/[token]/request-otp/__tests__/request-otp.property.test.ts:837:30
      at AsyncProperty.run (node_modules/fast-check/lib/cjs/check/property/AsyncProperty.generic.js:46:28)
      at asyncRunIt (node_modules/fast-check/lib/cjs/check/runner/Runner.js:28:21)
      at Object.<anonymous> (app/api/draft/[token]/request-otp/__tests__/request-otp.property.test.ts:801:7)


  โ—  Cannot log after tests are done. Did you forget to wait for something async in your test?
    Attempted to log "OTP: 300989".

    [0m [90m 36 |[39m     [90m// For now, we'll log the OTP for testing[39m
     [90m 37 |[39m     console[33m.[39mlog([32m'OTP email would be sent to:'[39m[33m,[39m 
email)[33m;[39m
    [31m[1m>[22m[39m[90m 38 |[39m     console[33m.[39mlog([32m'OTP:'[39m[33m,[39m otp)[33m;[39m
     [90m    |[39m             [31m[1m^[22m[39m
     [90m 39 |[39m     console[33m.[39mlog([32m'Expires at:'[39m[33m,[39m 
expiresAt[33m.[39mtoISOString())[33m;[39m
     [90m 40 |[39m     
     [90m 41 |[39m     [90m// In production, this would be:[39m[0m

      at console.log (node_modules/@jest/console/build/index.js:147:10)
      at sendOTPEmail (app/api/draft/[token]/request-otp/route.ts:38:13)
      at POST (app/api/draft/[token]/request-otp/route.ts:170:29)
      at app/api/draft/[token]/request-otp/__tests__/request-otp.property.test.ts:837:30
      at AsyncProperty.run (node_modules/fast-check/lib/cjs/check/property/AsyncProperty.generic.js:46:28)
      at asyncRunIt (node_modules/fast-check/lib/cjs/check/runner/Runner.js:28:21)
      at Object.<anonymous> (app/api/draft/[token]/request-otp/__tests__/request-otp.property.test.ts:801:7)


  โ—  Cannot log after tests are done. Did you forget to wait for something async in your test?
    Attempted to log "Expires at: 2026-03-03T04:08:32.209Z".

    [0m [90m 37 |[39m     console[33m.[39mlog([32m'OTP email would be sent to:'[39m[33m,[39m 
email)[33m;[39m
     [90m 38 |[39m     console[33m.[39mlog([32m'OTP:'[39m[33m,[39m otp)[33m;[39m
    [31m[1m>[22m[39m[90m 39 |[39m     console[33m.[39mlog([32m'Expires at:'[39m[33m,[39m 
expiresAt[33m.[39mtoISOString())[33m;[39m
     [90m    |[39m             [31m[1m^[22m[39m
     [90m 40 |[39m     
     [90m 41 |[39m     [90m// In production, this would be:[39m
     [90m 42 |[39m     [90m// const subject = 'เธฃเธซเธฑเธช OTP 
เธชเธณเธซเธฃเธฑเธเน€เธเนเธฒเธ–เธถเธเนเธเธเธเธญเธฃเนเธกเธเธญเธเธเธธเธ“';[39m[0m

      at console.log (node_modules/@jest/console/build/index.js:147:10)
      at sendOTPEmail (app/api/draft/[token]/request-otp/route.ts:39:13)
      at POST (app/api/draft/[token]/request-otp/route.ts:170:29)
      at app/api/draft/[token]/request-otp/__tests__/request-otp.property.test.ts:837:30
      at AsyncProperty.run (node_modules/fast-check/lib/cjs/check/property/AsyncProperty.generic.js:46:28)
      at asyncRunIt (node_modules/fast-check/lib/cjs/check/runner/Runner.js:28:21)
      at Object.<anonymous> (app/api/draft/[token]/request-otp/__tests__/request-otp.property.test.ts:801:7)


  โ—  Cannot log after tests are done. Did you forget to wait for something async in your test?
    Attempted to log "OTP email would be sent to: prop-test-1772510312217-3o71ct@example.com".

    [0m [90m 35 |[39m     [90m// TODO: Implement actual email sending using nodemailer[39m
     [90m 36 |[39m     [90m// For now, we'll log the OTP for testing[39m
    [31m[1m>[22m[39m[90m 37 |[39m     console[33m.[39mlog([32m'OTP email would be sent 
to:'[39m[33m,[39m email)[33m;[39m
     [90m    |[39m             [31m[1m^[22m[39m
     [90m 38 |[39m     console[33m.[39mlog([32m'OTP:'[39m[33m,[39m otp)[33m;[39m
     [90m 39 |[39m     console[33m.[39mlog([32m'Expires at:'[39m[33m,[39m 
expiresAt[33m.[39mtoISOString())[33m;[39m
     [90m 40 |[39m     [0m

      at console.log (node_modules/@jest/console/build/index.js:147:10)
      at sendOTPEmail (app/api/draft/[token]/request-otp/route.ts:37:13)
      at POST (app/api/draft/[token]/request-otp/route.ts:170:29)
      at app/api/draft/[token]/request-otp/__tests__/request-otp.property.test.ts:837:30
      at AsyncProperty.run (node_modules/fast-check/lib/cjs/check/property/AsyncProperty.generic.js:46:28)
      at asyncRunIt (node_modules/fast-check/lib/cjs/check/runner/Runner.js:28:21)
      at Object.<anonymous> (app/api/draft/[token]/request-otp/__tests__/request-otp.property.test.ts:801:7)


  โ—  Cannot log after tests are done. Did you forget to wait for something async in your test?
    Attempted to log "OTP: 295589".

    [0m [90m 36 |[39m     [90m// For now, we'll log the OTP for testing[39m
     [90m 37 |[39m     console[33m.[39mlog([32m'OTP email would be sent to:'[39m[33m,[39m 
email)[33m;[39m
    [31m[1m>[22m[39m[90m 38 |[39m     console[33m.[39mlog([32m'OTP:'[39m[33m,[39m otp)[33m;[39m
     [90m    |[39m             [31m[1m^[22m[39m
     [90m 39 |[39m     console[33m.[39mlog([32m'Expires at:'[39m[33m,[39m 
expiresAt[33m.[39mtoISOString())[33m;[39m
     [90m 40 |[39m     
     [90m 41 |[39m     [90m// In production, this would be:[39m[0m

      at console.log (node_modules/@jest/console/build/index.js:147:10)
      at sendOTPEmail (app/api/draft/[token]/request-otp/route.ts:38:13)
      at POST (app/api/draft/[token]/request-otp/route.ts:170:29)
      at app/api/draft/[token]/request-otp/__tests__/request-otp.property.test.ts:837:30
      at AsyncProperty.run (node_modules/fast-check/lib/cjs/check/property/AsyncProperty.generic.js:46:28)
      at asyncRunIt (node_modules/fast-check/lib/cjs/check/runner/Runner.js:28:21)
      at Object.<anonymous> (app/api/draft/[token]/request-otp/__tests__/request-otp.property.test.ts:801:7)


  โ—  Cannot log after tests are done. Did you forget to wait for something async in your test?
    Attempted to log "Expires at: 2026-03-03T04:08:32.273Z".

    [0m [90m 37 |[39m     console[33m.[39mlog([32m'OTP email would be sent to:'[39m[33m,[39m 
email)[33m;[39m
     [90m 38 |[39m     console[33m.[39mlog([32m'OTP:'[39m[33m,[39m otp)[33m;[39m
    [31m[1m>[22m[39m[90m 39 |[39m     console[33m.[39mlog([32m'Expires at:'[39m[33m,[39m 
expiresAt[33m.[39mtoISOString())[33m;[39m
     [90m    |[39m             [31m[1m^[22m[39m
     [90m 40 |[39m     
     [90m 41 |[39m     [90m// In production, this would be:[39m
     [90m 42 |[39m     [90m// const subject = 'เธฃเธซเธฑเธช OTP 
เธชเธณเธซเธฃเธฑเธเน€เธเนเธฒเธ–เธถเธเนเธเธเธเธญเธฃเนเธกเธเธญเธเธเธธเธ“';[39m[0m

      at console.log (node_modules/@jest/console/build/index.js:147:10)
      at sendOTPEmail (app/api/draft/[token]/request-otp/route.ts:39:13)
      at POST (app/api/draft/[token]/request-otp/route.ts:170:29)
      at app/api/draft/[token]/request-otp/__tests__/request-otp.property.test.ts:837:30
      at AsyncProperty.run (node_modules/fast-check/lib/cjs/check/property/AsyncProperty.generic.js:46:28)
      at asyncRunIt (node_modules/fast-check/lib/cjs/check/runner/Runner.js:28:21)
      at Object.<anonymous> (app/api/draft/[token]/request-otp/__tests__/request-otp.property.test.ts:801:7)


  โ—  Cannot log after tests are done. Did you forget to wait for something async in your test?
    Attempted to log "OTP email would be sent to: prop-test-1772510312280-qlf51@example.com".

    [0m [90m 35 |[39m     [90m// TODO: Implement actual email sending using nodemailer[39m
     [90m 36 |[39m     [90m// For now, we'll log the OTP for testing[39m
    [31m[1m>[22m[39m[90m 37 |[39m     console[33m.[39mlog([32m'OTP email would be sent 
to:'[39m[33m,[39m email)[33m;[39m
     [90m    |[39m             [31m[1m^[22m[39m
     [90m 38 |[39m     console[33m.[39mlog([32m'OTP:'[39m[33m,[39m otp)[33m;[39m
     [90m 39 |[39m     console[33m.[39mlog([32m'Expires at:'[39m[33m,[39m 
expiresAt[33m.[39mtoISOString())[33m;[39m
     [90m 40 |[39m     [0m

      at console.log (node_modules/@jest/console/build/index.js:147:10)
      at sendOTPEmail (app/api/draft/[token]/request-otp/route.ts:37:13)
      at POST (app/api/draft/[token]/request-otp/route.ts:170:29)
      at app/api/draft/[token]/request-otp/__tests__/request-otp.property.test.ts:837:30
      at AsyncProperty.run (node_modules/fast-check/lib/cjs/check/property/AsyncProperty.generic.js:46:28)
      at asyncRunIt (node_modules/fast-check/lib/cjs/check/runner/Runner.js:28:21)
      at Object.<anonymous> (app/api/draft/[token]/request-otp/__tests__/request-otp.property.test.ts:801:7)


  โ—  Cannot log after tests are done. Did you forget to wait for something async in your test?
    Attempted to log "OTP: 117146".

    [0m [90m 36 |[39m     [90m// For now, we'll log the OTP for testing[39m
     [90m 37 |[39m     console[33m.[39mlog([32m'OTP email would be sent to:'[39m[33m,[39m 
email)[33m;[39m
    [31m[1m>[22m[39m[90m 38 |[39m     console[33m.[39mlog([32m'OTP:'[39m[33m,[39m otp)[33m;[39m
     [90m    |[39m             [31m[1m^[22m[39m
     [90m 39 |[39m     console[33m.[39mlog([32m'Expires at:'[39m[33m,[39m 
expiresAt[33m.[39mtoISOString())[33m;[39m
     [90m 40 |[39m     
     [90m 41 |[39m     [90m// In production, this would be:[39m[0m

      at console.log (node_modules/@jest/console/build/index.js:147:10)
      at sendOTPEmail (app/api/draft/[token]/request-otp/route.ts:38:13)
      at POST (app/api/draft/[token]/request-otp/route.ts:170:29)
      at app/api/draft/[token]/request-otp/__tests__/request-otp.property.test.ts:837:30
      at AsyncProperty.run (node_modules/fast-check/lib/cjs/check/property/AsyncProperty.generic.js:46:28)
      at asyncRunIt (node_modules/fast-check/lib/cjs/check/runner/Runner.js:28:21)
      at Object.<anonymous> (app/api/draft/[token]/request-otp/__tests__/request-otp.property.test.ts:801:7)


  โ—  Cannot log after tests are done. Did you forget to wait for something async in your test?
    Attempted to log "Expires at: 2026-03-03T04:08:32.334Z".

    [0m [90m 37 |[39m     console[33m.[39mlog([32m'OTP email would be sent to:'[39m[33m,[39m 
email)[33m;[39m
     [90m 38 |[39m     console[33m.[39mlog([32m'OTP:'[39m[33m,[39m otp)[33m;[39m
    [31m[1m>[22m[39m[90m 39 |[39m     console[33m.[39mlog([32m'Expires at:'[39m[33m,[39m 
expiresAt[33m.[39mtoISOString())[33m;[39m
     [90m    |[39m             [31m[1m^[22m[39m
     [90m 40 |[39m     
     [90m 41 |[39m     [90m// In production, this would be:[39m
     [90m 42 |[39m     [90m// const subject = 'เธฃเธซเธฑเธช OTP 
เธชเธณเธซเธฃเธฑเธเน€เธเนเธฒเธ–เธถเธเนเธเธเธเธญเธฃเนเธกเธเธญเธเธเธธเธ“';[39m[0m

      at console.log (node_modules/@jest/console/build/index.js:147:10)
      at sendOTPEmail (app/api/draft/[token]/request-otp/route.ts:39:13)
      at POST (app/api/draft/[token]/request-otp/route.ts:170:29)
      at app/api/draft/[token]/request-otp/__tests__/request-otp.property.test.ts:837:30
      at AsyncProperty.run (node_modules/fast-check/lib/cjs/check/property/AsyncProperty.generic.js:46:28)
      at asyncRunIt (node_modules/fast-check/lib/cjs/check/runner/Runner.js:28:21)
      at Object.<anonymous> (app/api/draft/[token]/request-otp/__tests__/request-otp.property.test.ts:801:7)


  โ—  Cannot log after tests are done. Did you forget to wait for something async in your test?
    Attempted to log "OTP email would be sent to: prop-test-1772510312342-08qjo6@example.com".

    [0m [90m 35 |[39m     [90m// TODO: Implement actual email sending using nodemailer[39m
     [90m 36 |[39m     [90m// For now, we'll log the OTP for testing[39m
    [31m[1m>[22m[39m[90m 37 |[39m     console[33m.[39mlog([32m'OTP email would be sent 
to:'[39m[33m,[39m email)[33m;[39m
     [90m    |[39m             [31m[1m^[22m[39m
     [90m 38 |[39m     console[33m.[39mlog([32m'OTP:'[39m[33m,[39m otp)[33m;[39m
     [90m 39 |[39m     console[33m.[39mlog([32m'Expires at:'[39m[33m,[39m 
expiresAt[33m.[39mtoISOString())[33m;[39m
     [90m 40 |[39m     [0m

      at console.log (node_modules/@jest/console/build/index.js:147:10)
      at sendOTPEmail (app/api/draft/[token]/request-otp/route.ts:37:13)
      at POST (app/api/draft/[token]/request-otp/route.ts:170:29)
      at app/api/draft/[token]/request-otp/__tests__/request-otp.property.test.ts:837:30
      at AsyncProperty.run (node_modules/fast-check/lib/cjs/check/property/AsyncProperty.generic.js:46:28)
      at asyncRunIt (node_modules/fast-check/lib/cjs/check/runner/Runner.js:28:21)
      at Object.<anonymous> (app/api/draft/[token]/request-otp/__tests__/request-otp.property.test.ts:801:7)


  โ—  Cannot log after tests are done. Did you forget to wait for something async in your test?
    Attempted to log "OTP: 940539".

    [0m [90m 36 |[39m     [90m// For now, we'll log the OTP for testing[39m
     [90m 37 |[39m     console[33m.[39mlog([32m'OTP email would be sent to:'[39m[33m,[39m 
email)[33m;[39m
    [31m[1m>[22m[39m[90m 38 |[39m     console[33m.[39mlog([32m'OTP:'[39m[33m,[39m otp)[33m;[39m
     [90m    |[39m             [31m[1m^[22m[39m
     [90m 39 |[39m     console[33m.[39mlog([32m'Expires at:'[39m[33m,[39m 
expiresAt[33m.[39mtoISOString())[33m;[39m
     [90m 40 |[39m     
     [90m 41 |[39m     [90m// In production, this would be:[39m[0m

      at console.log (node_modules/@jest/console/build/index.js:147:10)
      at sendOTPEmail (app/api/draft/[token]/request-otp/route.ts:38:13)
      at POST (app/api/draft/[token]/request-otp/route.ts:170:29)
      at app/api/draft/[token]/request-otp/__tests__/request-otp.property.test.ts:837:30
      at AsyncProperty.run (node_modules/fast-check/lib/cjs/check/property/AsyncProperty.generic.js:46:28)
      at asyncRunIt (node_modules/fast-check/lib/cjs/check/runner/Runner.js:28:21)
      at Object.<anonymous> (app/api/draft/[token]/request-otp/__tests__/request-otp.property.test.ts:801:7)


  โ—  Cannot log after tests are done. Did you forget to wait for something async in your test?
    Attempted to log "Expires at: 2026-03-03T04:08:32.397Z".

    [0m [90m 37 |[39m     console[33m.[39mlog([32m'OTP email would be sent to:'[39m[33m,[39m 
email)[33m;[39m
     [90m 38 |[39m     console[33m.[39mlog([32m'OTP:'[39m[33m,[39m otp)[33m;[39m
    [31m[1m>[22m[39m[90m 39 |[39m     console[33m.[39mlog([32m'Expires at:'[39m[33m,[39m 
expiresAt[33m.[39mtoISOString())[33m;[39m
     [90m    |[39m             [31m[1m^[22m[39m
     [90m 40 |[39m     
     [90m 41 |[39m     [90m// In production, this would be:[39m
     [90m 42 |[39m     [90m// const subject = 'เธฃเธซเธฑเธช OTP 
เธชเธณเธซเธฃเธฑเธเน€เธเนเธฒเธ–เธถเธเนเธเธเธเธญเธฃเนเธกเธเธญเธเธเธธเธ“';[39m[0m

      at console.log (node_modules/@jest/console/build/index.js:147:10)
      at sendOTPEmail (app/api/draft/[token]/request-otp/route.ts:39:13)
      at POST (app/api/draft/[token]/request-otp/route.ts:170:29)
      at app/api/draft/[token]/request-otp/__tests__/request-otp.property.test.ts:837:30
      at AsyncProperty.run (node_modules/fast-check/lib/cjs/check/property/AsyncProperty.generic.js:46:28)
      at asyncRunIt (node_modules/fast-check/lib/cjs/check/runner/Runner.js:28:21)
      at Object.<anonymous> (app/api/draft/[token]/request-otp/__tests__/request-otp.property.test.ts:801:7)


  โ—  Cannot log after tests are done. Did you forget to wait for something async in your test?
    Attempted to log "OTP email would be sent to: prop-test-1772510312405-50gjfr@example.com".

    [0m [90m 35 |[39m     [90m// TODO: Implement actual email sending using nodemailer[39m
     [90m 36 |[39m     [90m// For now, we'll log the OTP for testing[39m
    [31m[1m>[22m[39m[90m 37 |[39m     console[33m.[39mlog([32m'OTP email would be sent 
to:'[39m[33m,[39m email)[33m;[39m
     [90m    |[39m             [31m[1m^[22m[39m
     [90m 38 |[39m     console[33m.[39mlog([32m'OTP:'[39m[33m,[39m otp)[33m;[39m
     [90m 39 |[39m     console[33m.[39mlog([32m'Expires at:'[39m[33m,[39m 
expiresAt[33m.[39mtoISOString())[33m;[39m
     [90m 40 |[39m     [0m

      at console.log (node_modules/@jest/console/build/index.js:147:10)
      at sendOTPEmail (app/api/draft/[token]/request-otp/route.ts:37:13)
      at POST (app/api/draft/[token]/request-otp/route.ts:170:29)
      at app/api/draft/[token]/request-otp/__tests__/request-otp.property.test.ts:837:30
      at AsyncProperty.run (node_modules/fast-check/lib/cjs/check/property/AsyncProperty.generic.js:46:28)
      at asyncRunIt (node_modules/fast-check/lib/cjs/check/runner/Runner.js:28:21)
      at Object.<anonymous> (app/api/draft/[token]/request-otp/__tests__/request-otp.property.test.ts:801:7)


  โ—  Cannot log after tests are done. Did you forget to wait for something async in your test?
    Attempted to log "OTP: 651895".

    [0m [90m 36 |[39m     [90m// For now, we'll log the OTP for testing[39m
     [90m 37 |[39m     console[33m.[39mlog([32m'OTP email would be sent to:'[39m[33m,[39m 
email)[33m;[39m
    [31m[1m>[22m[39m[90m 38 |[39m     console[33m.[39mlog([32m'OTP:'[39m[33m,[39m otp)[33m;[39m
     [90m    |[39m             [31m[1m^[22m[39m
     [90m 39 |[39m     console[33m.[39mlog([32m'Expires at:'[39m[33m,[39m 
expiresAt[33m.[39mtoISOString())[33m;[39m
     [90m 40 |[39m     
     [90m 41 |[39m     [90m// In production, this would be:[39m[0m

      at console.log (node_modules/@jest/console/build/index.js:147:10)
      at sendOTPEmail (app/api/draft/[token]/request-otp/route.ts:38:13)
      at POST (app/api/draft/[token]/request-otp/route.ts:170:29)
      at app/api/draft/[token]/request-otp/__tests__/request-otp.property.test.ts:837:30
      at AsyncProperty.run (node_modules/fast-check/lib/cjs/check/property/AsyncProperty.generic.js:46:28)
      at asyncRunIt (node_modules/fast-check/lib/cjs/check/runner/Runner.js:28:21)
      at Object.<anonymous> (app/api/draft/[token]/request-otp/__tests__/request-otp.property.test.ts:801:7)


  โ—  Cannot log after tests are done. Did you forget to wait for something async in your test?
    Attempted to log "Expires at: 2026-03-03T04:08:32.459Z".

    [0m [90m 37 |[39m     console[33m.[39mlog([32m'OTP email would be sent to:'[39m[33m,[39m 
email)[33m;[39m
     [90m 38 |[39m     console[33m.[39mlog([32m'OTP:'[39m[33m,[39m otp)[33m;[39m
    [31m[1m>[22m[39m[90m 39 |[39m     console[33m.[39mlog([32m'Expires at:'[39m[33m,[39m 
expiresAt[33m.[39mtoISOString())[33m;[39m
     [90m    |[39m             [31m[1m^[22m[39m
     [90m 40 |[39m     
     [90m 41 |[39m     [90m// In production, this would be:[39m
     [90m 42 |[39m     [90m// const subject = 'เธฃเธซเธฑเธช OTP 
เธชเธณเธซเธฃเธฑเธเน€เธเนเธฒเธ–เธถเธเนเธเธเธเธญเธฃเนเธกเธเธญเธเธเธธเธ“';[39m[0m

      at console.log (node_modules/@jest/console/build/index.js:147:10)
      at sendOTPEmail (app/api/draft/[token]/request-otp/route.ts:39:13)
      at POST (app/api/draft/[token]/request-otp/route.ts:170:29)
      at app/api/draft/[token]/request-otp/__tests__/request-otp.property.test.ts:837:30
      at AsyncProperty.run (node_modules/fast-check/lib/cjs/check/property/AsyncProperty.generic.js:46:28)
      at asyncRunIt (node_modules/fast-check/lib/cjs/check/runner/Runner.js:28:21)
      at Object.<anonymous> (app/api/draft/[token]/request-otp/__tests__/request-otp.property.test.ts:801:7)


  โ—  Cannot log after tests are done. Did you forget to wait for something async in your test?
    Attempted to log "OTP email would be sent to: prop-test-1772510312467-cgt4u@example.com".

    [0m [90m 35 |[39m     [90m// TODO: Implement actual email sending using nodemailer[39m
     [90m 36 |[39m     [90m// For now, we'll log the OTP for testing[39m
    [31m[1m>[22m[39m[90m 37 |[39m     console[33m.[39mlog([32m'OTP email would be sent 
to:'[39m[33m,[39m email)[33m;[39m
     [90m    |[39m             [31m[1m^[22m[39m
     [90m 38 |[39m     console[33m.[39mlog([32m'OTP:'[39m[33m,[39m otp)[33m;[39m
     [90m 39 |[39m     console[33m.[39mlog([32m'Expires at:'[39m[33m,[39m 
expiresAt[33m.[39mtoISOString())[33m;[39m
     [90m 40 |[39m     [0m

      at console.log (node_modules/@jest/console/build/index.js:147:10)
      at sendOTPEmail (app/api/draft/[token]/request-otp/route.ts:37:13)
      at POST (app/api/draft/[token]/request-otp/route.ts:170:29)
      at app/api/draft/[token]/request-otp/__tests__/request-otp.property.test.ts:837:30
      at AsyncProperty.run (node_modules/fast-check/lib/cjs/check/property/AsyncProperty.generic.js:46:28)
      at asyncRunIt (node_modules/fast-check/lib/cjs/check/runner/Runner.js:28:21)
      at Object.<anonymous> (app/api/draft/[token]/request-otp/__tests__/request-otp.property.test.ts:801:7)


  โ—  Cannot log after tests are done. Did you forget to wait for something async in your test?
    Attempted to log "OTP: 819279".

    [0m [90m 36 |[39m     [90m// For now, we'll log the OTP for testing[39m
     [90m 37 |[39m     console[33m.[39mlog([32m'OTP email would be sent to:'[39m[33m,[39m 
email)[33m;[39m
    [31m[1m>[22m[39m[90m 38 |[39m     console[33m.[39mlog([32m'OTP:'[39m[33m,[39m otp)[33m;[39m
     [90m    |[39m             [31m[1m^[22m[39m
     [90m 39 |[39m     console[33m.[39mlog([32m'Expires at:'[39m[33m,[39m 
expiresAt[33m.[39mtoISOString())[33m;[39m
     [90m 40 |[39m     
     [90m 41 |[39m     [90m// In production, this would be:[39m[0m

      at console.log (node_modules/@jest/console/build/index.js:147:10)
      at sendOTPEmail (app/api/draft/[token]/request-otp/route.ts:38:13)
      at POST (app/api/draft/[token]/request-otp/route.ts:170:29)
      at app/api/draft/[token]/request-otp/__tests__/request-otp.property.test.ts:837:30
      at AsyncProperty.run (node_modules/fast-check/lib/cjs/check/property/AsyncProperty.generic.js:46:28)
      at asyncRunIt (node_modules/fast-check/lib/cjs/check/runner/Runner.js:28:21)
      at Object.<anonymous> (app/api/draft/[token]/request-otp/__tests__/request-otp.property.test.ts:801:7)


  โ—  Cannot log after tests are done. Did you forget to wait for something async in your test?
    Attempted to log "Expires at: 2026-03-03T04:08:32.523Z".

    [0m [90m 37 |[39m     console[33m.[39mlog([32m'OTP email would be sent to:'[39m[33m,[39m 
email)[33m;[39m
     [90m 38 |[39m     console[33m.[39mlog([32m'OTP:'[39m[33m,[39m otp)[33m;[39m
    [31m[1m>[22m[39m[90m 39 |[39m     console[33m.[39mlog([32m'Expires at:'[39m[33m,[39m 
expiresAt[33m.[39mtoISOString())[33m;[39m
     [90m    |[39m             [31m[1m^[22m[39m
     [90m 40 |[39m     
     [90m 41 |[39m     [90m// In production, this would be:[39m
     [90m 42 |[39m     [90m// const subject = 'เธฃเธซเธฑเธช OTP 
เธชเธณเธซเธฃเธฑเธเน€เธเนเธฒเธ–เธถเธเนเธเธเธเธญเธฃเนเธกเธเธญเธเธเธธเธ“';[39m[0m

      at console.log (node_modules/@jest/console/build/index.js:147:10)
      at sendOTPEmail (app/api/draft/[token]/request-otp/route.ts:39:13)
      at POST (app/api/draft/[token]/request-otp/route.ts:170:29)
      at app/api/draft/[token]/request-otp/__tests__/request-otp.property.test.ts:837:30
      at AsyncProperty.run (node_modules/fast-check/lib/cjs/check/property/AsyncProperty.generic.js:46:28)
      at asyncRunIt (node_modules/fast-check/lib/cjs/check/runner/Runner.js:28:21)
      at Object.<anonymous> (app/api/draft/[token]/request-otp/__tests__/request-otp.property.test.ts:801:7)


  โ—  Cannot log after tests are done. Did you forget to wait for something async in your test?
    Attempted to log "OTP email would be sent to: prop-test-1772510312530-spbsgv@example.com".

    [0m [90m 35 |[39m     [90m// TODO: Implement actual email sending using nodemailer[39m
     [90m 36 |[39m     [90m// For now, we'll log the OTP for testing[39m
    [31m[1m>[22m[39m[90m 37 |[39m     console[33m.[39mlog([32m'OTP email would be sent 
to:'[39m[33m,[39m email)[33m;[39m
     [90m    |[39m             [31m[1m^[22m[39m
     [90m 38 |[39m     console[33m.[39mlog([32m'OTP:'[39m[33m,[39m otp)[33m;[39m
     [90m 39 |[39m     console[33m.[39mlog([32m'Expires at:'[39m[33m,[39m 
expiresAt[33m.[39mtoISOString())[33m;[39m
     [90m 40 |[39m     [0m

      at console.log (node_modules/@jest/console/build/index.js:147:10)
      at sendOTPEmail (app/api/draft/[token]/request-otp/route.ts:37:13)
      at POST (app/api/draft/[token]/request-otp/route.ts:170:29)
      at app/api/draft/[token]/request-otp/__tests__/request-otp.property.test.ts:837:30
      at AsyncProperty.run (node_modules/fast-check/lib/cjs/check/property/AsyncProperty.generic.js:46:28)
      at asyncRunIt (node_modules/fast-check/lib/cjs/check/runner/Runner.js:28:21)
      at Object.<anonymous> (app/api/draft/[token]/request-otp/__tests__/request-otp.property.test.ts:801:7)


  โ—  Cannot log after tests are done. Did you forget to wait for something async in your test?
    Attempted to log "OTP: 460376".

    [0m [90m 36 |[39m     [90m// For now, we'll log the OTP for testing[39m
     [90m 37 |[39m     console[33m.[39mlog([32m'OTP email would be sent to:'[39m[33m,[39m 
email)[33m;[39m
    [31m[1m>[22m[39m[90m 38 |[39m     console[33m.[39mlog([32m'OTP:'[39m[33m,[39m otp)[33m;[39m
     [90m    |[39m             [31m[1m^[22m[39m
     [90m 39 |[39m     console[33m.[39mlog([32m'Expires at:'[39m[33m,[39m 
expiresAt[33m.[39mtoISOString())[33m;[39m
     [90m 40 |[39m     
     [90m 41 |[39m     [90m// In production, this would be:[39m[0m

      at console.log (node_modules/@jest/console/build/index.js:147:10)
      at sendOTPEmail (app/api/draft/[token]/request-otp/route.ts:38:13)
      at POST (app/api/draft/[token]/request-otp/route.ts:170:29)
      at app/api/draft/[token]/request-otp/__tests__/request-otp.property.test.ts:837:30
      at AsyncProperty.run (node_modules/fast-check/lib/cjs/check/property/AsyncProperty.generic.js:46:28)
      at asyncRunIt (node_modules/fast-check/lib/cjs/check/runner/Runner.js:28:21)
      at Object.<anonymous> (app/api/draft/[token]/request-otp/__tests__/request-otp.property.test.ts:801:7)


  โ—  Cannot log after tests are done. Did you forget to wait for something async in your test?
    Attempted to log "Expires at: 2026-03-03T04:08:32.588Z".

    [0m [90m 37 |[39m     console[33m.[39mlog([32m'OTP email would be sent to:'[39m[33m,[39m 
email)[33m;[39m
     [90m 38 |[39m     console[33m.[39mlog([32m'OTP:'[39m[33m,[39m otp)[33m;[39m
    [31m[1m>[22m[39m[90m 39 |[39m     console[33m.[39mlog([32m'Expires at:'[39m[33m,[39m 
expiresAt[33m.[39mtoISOString())[33m;[39m
     [90m    |[39m             [31m[1m^[22m[39m
     [90m 40 |[39m     
     [90m 41 |[39m     [90m// In production, this would be:[39m
     [90m 42 |[39m     [90m// const subject = 'เธฃเธซเธฑเธช OTP 
เธชเธณเธซเธฃเธฑเธเน€เธเนเธฒเธ–เธถเธเนเธเธเธเธญเธฃเนเธกเธเธญเธเธเธธเธ“';[39m[0m

      at console.log (node_modules/@jest/console/build/index.js:147:10)
      at sendOTPEmail (app/api/draft/[token]/request-otp/route.ts:39:13)
      at POST (app/api/draft/[token]/request-otp/route.ts:170:29)
      at app/api/draft/[token]/request-otp/__tests__/request-otp.property.test.ts:837:30
      at AsyncProperty.run (node_modules/fast-check/lib/cjs/check/property/AsyncProperty.generic.js:46:28)
      at asyncRunIt (node_modules/fast-check/lib/cjs/check/runner/Runner.js:28:21)
      at Object.<anonymous> (app/api/draft/[token]/request-otp/__tests__/request-otp.property.test.ts:801:7)


  โ—  Cannot log after tests are done. Did you forget to wait for something async in your test?
    Attempted to log "OTP email would be sent to: prop-test-1772510312594-jus3cq@example.com".

    [0m [90m 35 |[39m     [90m// TODO: Implement actual email sending using nodemailer[39m
     [90m 36 |[39m     [90m// For now, we'll log the OTP for testing[39m
    [31m[1m>[22m[39m[90m 37 |[39m     console[33m.[39mlog([32m'OTP email would be sent 
to:'[39m[33m,[39m email)[33m;[39m
     [90m    |[39m             [31m[1m^[22m[39m
     [90m 38 |[39m     console[33m.[39mlog([32m'OTP:'[39m[33m,[39m otp)[33m;[39m
     [90m 39 |[39m     console[33m.[39mlog([32m'Expires at:'[39m[33m,[39m 
expiresAt[33m.[39mtoISOString())[33m;[39m
     [90m 40 |[39m     [0m

      at console.log (node_modules/@jest/console/build/index.js:147:10)
      at sendOTPEmail (app/api/draft/[token]/request-otp/route.ts:37:13)
      at POST (app/api/draft/[token]/request-otp/route.ts:170:29)
      at app/api/draft/[token]/request-otp/__tests__/request-otp.property.test.ts:837:30
      at AsyncProperty.run (node_modules/fast-check/lib/cjs/check/property/AsyncProperty.generic.js:46:28)
      at asyncRunIt (node_modules/fast-check/lib/cjs/check/runner/Runner.js:28:21)
      at Object.<anonymous> (app/api/draft/[token]/request-otp/__tests__/request-otp.property.test.ts:801:7)


  โ—  Cannot log after tests are done. Did you forget to wait for something async in your test?
    Attempted to log "OTP: 785550".

    [0m [90m 36 |[39m     [90m// For now, we'll log the OTP for testing[39m
     [90m 37 |[39m     console[33m.[39mlog([32m'OTP email would be sent to:'[39m[33m,[39m 
email)[33m;[39m
    [31m[1m>[22m[39m[90m 38 |[39m     console[33m.[39mlog([32m'OTP:'[39m[33m,[39m otp)[33m;[39m
     [90m    |[39m             [31m[1m^[22m[39m
     [90m 39 |[39m     console[33m.[39mlog([32m'Expires at:'[39m[33m,[39m 
expiresAt[33m.[39mtoISOString())[33m;[39m
     [90m 40 |[39m     
     [90m 41 |[39m     [90m// In production, this would be:[39m[0m

      at console.log (node_modules/@jest/console/build/index.js:147:10)
      at sendOTPEmail (app/api/draft/[token]/request-otp/route.ts:38:13)
      at POST (app/api/draft/[token]/request-otp/route.ts:170:29)
      at app/api/draft/[token]/request-otp/__tests__/request-otp.property.test.ts:837:30
      at AsyncProperty.run (node_modules/fast-check/lib/cjs/check/property/AsyncProperty.generic.js:46:28)
      at asyncRunIt (node_modules/fast-check/lib/cjs/check/runner/Runner.js:28:21)
      at Object.<anonymous> (app/api/draft/[token]/request-otp/__tests__/request-otp.property.test.ts:801:7)


  โ—  Cannot log after tests are done. Did you forget to wait for something async in your test?
    Attempted to log "Expires at: 2026-03-03T04:08:32.648Z".

    [0m [90m 37 |[39m     console[33m.[39mlog([32m'OTP email would be sent to:'[39m[33m,[39m 
email)[33m;[39m
     [90m 38 |[39m     console[33m.[39mlog([32m'OTP:'[39m[33m,[39m otp)[33m;[39m
    [31m[1m>[22m[39m[90m 39 |[39m     console[33m.[39mlog([32m'Expires at:'[39m[33m,[39m 
expiresAt[33m.[39mtoISOString())[33m;[39m
     [90m    |[39m             [31m[1m^[22m[39m
     [90m 40 |[39m     
     [90m 41 |[39m     [90m// In production, this would be:[39m
     [90m 42 |[39m     [90m// const subject = 'เธฃเธซเธฑเธช OTP 
เธชเธณเธซเธฃเธฑเธเน€เธเนเธฒเธ–เธถเธเนเธเธเธเธญเธฃเนเธกเธเธญเธเธเธธเธ“';[39m[0m

      at console.log (node_modules/@jest/console/build/index.js:147:10)
      at sendOTPEmail (app/api/draft/[token]/request-otp/route.ts:39:13)
      at POST (app/api/draft/[token]/request-otp/route.ts:170:29)
      at app/api/draft/[token]/request-otp/__tests__/request-otp.property.test.ts:837:30
      at AsyncProperty.run (node_modules/fast-check/lib/cjs/check/property/AsyncProperty.generic.js:46:28)
      at asyncRunIt (node_modules/fast-check/lib/cjs/check/runner/Runner.js:28:21)
      at Object.<anonymous> (app/api/draft/[token]/request-otp/__tests__/request-otp.property.test.ts:801:7)


  โ—  Cannot log after tests are done. Did you forget to wait for something async in your test?
    Attempted to log "OTP email would be sent to: prop-test-1772510312655-kq3b7@example.com".

    [0m [90m 35 |[39m     [90m// TODO: Implement actual email sending using nodemailer[39m
     [90m 36 |[39m     [90m// For now, we'll log the OTP for testing[39m
    [31m[1m>[22m[39m[90m 37 |[39m     console[33m.[39mlog([32m'OTP email would be sent 
to:'[39m[33m,[39m email)[33m;[39m
     [90m    |[39m             [31m[1m^[22m[39m
     [90m 38 |[39m     console[33m.[39mlog([32m'OTP:'[39m[33m,[39m otp)[33m;[39m
     [90m 39 |[39m     console[33m.[39mlog([32m'Expires at:'[39m[33m,[39m 
expiresAt[33m.[39mtoISOString())[33m;[39m
     [90m 40 |[39m     [0m

      at console.log (node_modules/@jest/console/build/index.js:147:10)
      at sendOTPEmail (app/api/draft/[token]/request-otp/route.ts:37:13)
      at POST (app/api/draft/[token]/request-otp/route.ts:170:29)
      at app/api/draft/[token]/request-otp/__tests__/request-otp.property.test.ts:837:30
      at AsyncProperty.run (node_modules/fast-check/lib/cjs/check/property/AsyncProperty.generic.js:46:28)
      at asyncRunIt (node_modules/fast-check/lib/cjs/check/runner/Runner.js:28:21)
      at Object.<anonymous> (app/api/draft/[token]/request-otp/__tests__/request-otp.property.test.ts:801:7)


  โ—  Cannot log after tests are done. Did you forget to wait for something async in your test?
    Attempted to log "OTP: 385084".

    [0m [90m 36 |[39m     [90m// For now, we'll log the OTP for testing[39m
     [90m 37 |[39m     console[33m.[39mlog([32m'OTP email would be sent to:'[39m[33m,[39m 
email)[33m;[39m
    [31m[1m>[22m[39m[90m 38 |[39m     console[33m.[39mlog([32m'OTP:'[39m[33m,[39m otp)[33m;[39m
     [90m    |[39m             [31m[1m^[22m[39m
     [90m 39 |[39m     console[33m.[39mlog([32m'Expires at:'[39m[33m,[39m 
expiresAt[33m.[39mtoISOString())[33m;[39m
     [90m 40 |[39m     
     [90m 41 |[39m     [90m// In production, this would be:[39m[0m

      at console.log (node_modules/@jest/console/build/index.js:147:10)
      at sendOTPEmail (app/api/draft/[token]/request-otp/route.ts:38:13)
      at POST (app/api/draft/[token]/request-otp/route.ts:170:29)
      at app/api/draft/[token]/request-otp/__tests__/request-otp.property.test.ts:837:30
      at AsyncProperty.run (node_modules/fast-check/lib/cjs/check/property/AsyncProperty.generic.js:46:28)
      at asyncRunIt (node_modules/fast-check/lib/cjs/check/runner/Runner.js:28:21)
      at Object.<anonymous> (app/api/draft/[token]/request-otp/__tests__/request-otp.property.test.ts:801:7)


  โ—  Cannot log after tests are done. Did you forget to wait for something async in your test?
    Attempted to log "Expires at: 2026-03-03T04:08:32.710Z".

    [0m [90m 37 |[39m     console[33m.[39mlog([32m'OTP email would be sent to:'[39m[33m,[39m 
email)[33m;[39m
     [90m 38 |[39m     console[33m.[39mlog([32m'OTP:'[39m[33m,[39m otp)[33m;[39m
    [31m[1m>[22m[39m[90m 39 |[39m     console[33m.[39mlog([32m'Expires at:'[39m[33m,[39m 
expiresAt[33m.[39mtoISOString())[33m;[39m
     [90m    |[39m             [31m[1m^[22m[39m
     [90m 40 |[39m     
     [90m 41 |[39m     [90m// In production, this would be:[39m
     [90m 42 |[39m     [90m// const subject = 'เธฃเธซเธฑเธช OTP 
เธชเธณเธซเธฃเธฑเธเน€เธเนเธฒเธ–เธถเธเนเธเธเธเธญเธฃเนเธกเธเธญเธเธเธธเธ“';[39m[0m

      at console.log (node_modules/@jest/console/build/index.js:147:10)
      at sendOTPEmail (app/api/draft/[token]/request-otp/route.ts:39:13)
      at POST (app/api/draft/[token]/request-otp/route.ts:170:29)
      at app/api/draft/[token]/request-otp/__tests__/request-otp.property.test.ts:837:30
      at AsyncProperty.run (node_modules/fast-check/lib/cjs/check/property/AsyncProperty.generic.js:46:28)
      at asyncRunIt (node_modules/fast-check/lib/cjs/check/runner/Runner.js:28:21)
      at Object.<anonymous> (app/api/draft/[token]/request-otp/__tests__/request-otp.property.test.ts:801:7)


  โ—  Cannot log after tests are done. Did you forget to wait for something async in your test?
    Attempted to log "OTP email would be sent to: prop-test-1772510312717-km5p4k@example.com".

    [0m [90m 35 |[39m     [90m// TODO: Implement actual email sending using nodemailer[39m
     [90m 36 |[39m     [90m// For now, we'll log the OTP for testing[39m
    [31m[1m>[22m[39m[90m 37 |[39m     console[33m.[39mlog([32m'OTP email would be sent 
to:'[39m[33m,[39m email)[33m;[39m
     [90m    |[39m             [31m[1m^[22m[39m
     [90m 38 |[39m     console[33m.[39mlog([32m'OTP:'[39m[33m,[39m otp)[33m;[39m
     [90m 39 |[39m     console[33m.[39mlog([32m'Expires at:'[39m[33m,[39m 
expiresAt[33m.[39mtoISOString())[33m;[39m
     [90m 40 |[39m     [0m

      at console.log (node_modules/@jest/console/build/index.js:147:10)
      at sendOTPEmail (app/api/draft/[token]/request-otp/route.ts:37:13)
      at POST (app/api/draft/[token]/request-otp/route.ts:170:29)
      at app/api/draft/[token]/request-otp/__tests__/request-otp.property.test.ts:837:30
      at AsyncProperty.run (node_modules/fast-check/lib/cjs/check/property/AsyncProperty.generic.js:46:28)
      at asyncRunIt (node_modules/fast-check/lib/cjs/check/runner/Runner.js:28:21)
      at Object.<anonymous> (app/api/draft/[token]/request-otp/__tests__/request-otp.property.test.ts:801:7)


  โ—  Cannot log after tests are done. Did you forget to wait for something async in your test?
    Attempted to log "OTP: 699657".

    [0m [90m 36 |[39m     [90m// For now, we'll log the OTP for testing[39m
     [90m 37 |[39m     console[33m.[39mlog([32m'OTP email would be sent to:'[39m[33m,[39m 
email)[33m;[39m
    [31m[1m>[22m[39m[90m 38 |[39m     console[33m.[39mlog([32m'OTP:'[39m[33m,[39m otp)[33m;[39m
     [90m    |[39m             [31m[1m^[22m[39m
     [90m 39 |[39m     console[33m.[39mlog([32m'Expires at:'[39m[33m,[39m 
expiresAt[33m.[39mtoISOString())[33m;[39m
     [90m 40 |[39m     
     [90m 41 |[39m     [90m// In production, this would be:[39m[0m

      at console.log (node_modules/@jest/console/build/index.js:147:10)
      at sendOTPEmail (app/api/draft/[token]/request-otp/route.ts:38:13)
      at POST (app/api/draft/[token]/request-otp/route.ts:170:29)
      at app/api/draft/[token]/request-otp/__tests__/request-otp.property.test.ts:837:30
      at AsyncProperty.run (node_modules/fast-check/lib/cjs/check/property/AsyncProperty.generic.js:46:28)
      at asyncRunIt (node_modules/fast-check/lib/cjs/check/runner/Runner.js:28:21)
      at Object.<anonymous> (app/api/draft/[token]/request-otp/__tests__/request-otp.property.test.ts:801:7)


  โ—  Cannot log after tests are done. Did you forget to wait for something async in your test?
    Attempted to log "Expires at: 2026-03-03T04:08:32.773Z".

    [0m [90m 37 |[39m     console[33m.[39mlog([32m'OTP email would be sent to:'[39m[33m,[39m 
email)[33m;[39m
     [90m 38 |[39m     console[33m.[39mlog([32m'OTP:'[39m[33m,[39m otp)[33m;[39m
    [31m[1m>[22m[39m[90m 39 |[39m     console[33m.[39mlog([32m'Expires at:'[39m[33m,[39m 
expiresAt[33m.[39mtoISOString())[33m;[39m
     [90m    |[39m             [31m[1m^[22m[39m
     [90m 40 |[39m     
     [90m 41 |[39m     [90m// In production, this would be:[39m
     [90m 42 |[39m     [90m// const subject = 'เธฃเธซเธฑเธช OTP 
เธชเธณเธซเธฃเธฑเธเน€เธเนเธฒเธ–เธถเธเนเธเธเธเธญเธฃเนเธกเธเธญเธเธเธธเธ“';[39m[0m

      at console.log (node_modules/@jest/console/build/index.js:147:10)
      at sendOTPEmail (app/api/draft/[token]/request-otp/route.ts:39:13)
      at POST (app/api/draft/[token]/request-otp/route.ts:170:29)
      at app/api/draft/[token]/request-otp/__tests__/request-otp.property.test.ts:837:30
      at AsyncProperty.run (node_modules/fast-check/lib/cjs/check/property/AsyncProperty.generic.js:46:28)
      at asyncRunIt (node_modules/fast-check/lib/cjs/check/runner/Runner.js:28:21)
      at Object.<anonymous> (app/api/draft/[token]/request-otp/__tests__/request-otp.property.test.ts:801:7)


  โ—  Cannot log after tests are done. Did you forget to wait for something async in your test?
    Attempted to log "OTP email would be sent to: prop-test-1772510312778-1kly4@example.com".

    [0m [90m 35 |[39m     [90m// TODO: Implement actual email sending using nodemailer[39m
     [90m 36 |[39m     [90m// For now, we'll log the OTP for testing[39m
    [31m[1m>[22m[39m[90m 37 |[39m     console[33m.[39mlog([32m'OTP email would be sent 
to:'[39m[33m,[39m email)[33m;[39m
     [90m    |[39m             [31m[1m^[22m[39m
     [90m 38 |[39m     console[33m.[39mlog([32m'OTP:'[39m[33m,[39m otp)[33m;[39m
     [90m 39 |[39m     console[33m.[39mlog([32m'Expires at:'[39m[33m,[39m 
expiresAt[33m.[39mtoISOString())[33m;[39m
     [90m 40 |[39m     [0m

      at console.log (node_modules/@jest/console/build/index.js:147:10)
      at sendOTPEmail (app/api/draft/[token]/request-otp/route.ts:37:13)
      at POST (app/api/draft/[token]/request-otp/route.ts:170:29)
      at app/api/draft/[token]/request-otp/__tests__/request-otp.property.test.ts:837:30
      at AsyncProperty.run (node_modules/fast-check/lib/cjs/check/property/AsyncProperty.generic.js:46:28)
      at asyncRunIt (node_modules/fast-check/lib/cjs/check/runner/Runner.js:28:21)
      at Object.<anonymous> (app/api/draft/[token]/request-otp/__tests__/request-otp.property.test.ts:801:7)


  โ—  Cannot log after tests are done. Did you forget to wait for something async in your test?
    Attempted to log "OTP: 050237".

    [0m [90m 36 |[39m     [90m// For now, we'll log the OTP for testing[39m
     [90m 37 |[39m     console[33m.[39mlog([32m'OTP email would be sent to:'[39m[33m,[39m 
email)[33m;[39m
    [31m[1m>[22m[39m[90m 38 |[39m     console[33m.[39mlog([32m'OTP:'[39m[33m,[39m otp)[33m;[39m
     [90m    |[39m             [31m[1m^[22m[39m
     [90m 39 |[39m     console[33m.[39mlog([32m'Expires at:'[39m[33m,[39m 
expiresAt[33m.[39mtoISOString())[33m;[39m
     [90m 40 |[39m     
     [90m 41 |[39m     [90m// In production, this would be:[39m[0m

      at console.log (node_modules/@jest/console/build/index.js:147:10)
      at sendOTPEmail (app/api/draft/[token]/request-otp/route.ts:38:13)
      at POST (app/api/draft/[token]/request-otp/route.ts:170:29)
      at app/api/draft/[token]/request-otp/__tests__/request-otp.property.test.ts:837:30
      at AsyncProperty.run (node_modules/fast-check/lib/cjs/check/property/AsyncProperty.generic.js:46:28)
      at asyncRunIt (node_modules/fast-check/lib/cjs/check/runner/Runner.js:28:21)
      at Object.<anonymous> (app/api/draft/[token]/request-otp/__tests__/request-otp.property.test.ts:801:7)


  โ—  Cannot log after tests are done. Did you forget to wait for something async in your test?
    Attempted to log "Expires at: 2026-03-03T04:08:32.836Z".

    [0m [90m 37 |[39m     console[33m.[39mlog([32m'OTP email would be sent to:'[39m[33m,[39m 
email)[33m;[39m
     [90m 38 |[39m     console[33m.[39mlog([32m'OTP:'[39m[33m,[39m otp)[33m;[39m
    [31m[1m>[22m[39m[90m 39 |[39m     console[33m.[39mlog([32m'Expires at:'[39m[33m,[39m 
expiresAt[33m.[39mtoISOString())[33m;[39m
     [90m    |[39m             [31m[1m^[22m[39m
     [90m 40 |[39m     
     [90m 41 |[39m     [90m// In production, this would be:[39m
     [90m 42 |[39m     [90m// const subject = 'เธฃเธซเธฑเธช OTP 
เธชเธณเธซเธฃเธฑเธเน€เธเนเธฒเธ–เธถเธเนเธเธเธเธญเธฃเนเธกเธเธญเธเธเธธเธ“';[39m[0m

      at console.log (node_modules/@jest/console/build/index.js:147:10)
      at sendOTPEmail (app/api/draft/[token]/request-otp/route.ts:39:13)
      at POST (app/api/draft/[token]/request-otp/route.ts:170:29)
      at app/api/draft/[token]/request-otp/__tests__/request-otp.property.test.ts:837:30
      at AsyncProperty.run (node_modules/fast-check/lib/cjs/check/property/AsyncProperty.generic.js:46:28)
      at asyncRunIt (node_modules/fast-check/lib/cjs/check/runner/Runner.js:28:21)
      at Object.<anonymous> (app/api/draft/[token]/request-otp/__tests__/request-otp.property.test.ts:801:7)


  โ—  Cannot log after tests are done. Did you forget to wait for something async in your test?
    Attempted to log "OTP email would be sent to: prop-test-1772510312843-3ky8q@example.com".

    [0m [90m 35 |[39m     [90m// TODO: Implement actual email sending using nodemailer[39m
     [90m 36 |[39m     [90m// For now, we'll log the OTP for testing[39m
    [31m[1m>[22m[39m[90m 37 |[39m     console[33m.[39mlog([32m'OTP email would be sent 
to:'[39m[33m,[39m email)[33m;[39m
     [90m    |[39m             [31m[1m^[22m[39m
     [90m 38 |[39m     console[33m.[39mlog([32m'OTP:'[39m[33m,[39m otp)[33m;[39m
     [90m 39 |[39m     console[33m.[39mlog([32m'Expires at:'[39m[33m,[39m 
expiresAt[33m.[39mtoISOString())[33m;[39m
     [90m 40 |[39m     [0m

      at console.log (node_modules/@jest/console/build/index.js:147:10)
      at sendOTPEmail (app/api/draft/[token]/request-otp/route.ts:37:13)
      at POST (app/api/draft/[token]/request-otp/route.ts:170:29)
      at app/api/draft/[token]/request-otp/__tests__/request-otp.property.test.ts:837:30
      at AsyncProperty.run (node_modules/fast-check/lib/cjs/check/property/AsyncProperty.generic.js:46:28)
      at asyncRunIt (node_modules/fast-check/lib/cjs/check/runner/Runner.js:28:21)
      at Object.<anonymous> (app/api/draft/[token]/request-otp/__tests__/request-otp.property.test.ts:801:7)


  โ—  Cannot log after tests are done. Did you forget to wait for something async in your test?
    Attempted to log "OTP: 926483".

    [0m [90m 36 |[39m     [90m// For now, we'll log the OTP for testing[39m
     [90m 37 |[39m     console[33m.[39mlog([32m'OTP email would be sent to:'[39m[33m,[39m 
email)[33m;[39m
    [31m[1m>[22m[39m[90m 38 |[39m     console[33m.[39mlog([32m'OTP:'[39m[33m,[39m otp)[33m;[39m
     [90m    |[39m             [31m[1m^[22m[39m
     [90m 39 |[39m     console[33m.[39mlog([32m'Expires at:'[39m[33m,[39m 
expiresAt[33m.[39mtoISOString())[33m;[39m
     [90m 40 |[39m     
     [90m 41 |[39m     [90m// In production, this would be:[39m[0m

      at console.log (node_modules/@jest/console/build/index.js:147:10)
      at sendOTPEmail (app/api/draft/[token]/request-otp/route.ts:38:13)
      at POST (app/api/draft/[token]/request-otp/route.ts:170:29)
      at app/api/draft/[token]/request-otp/__tests__/request-otp.property.test.ts:837:30
      at AsyncProperty.run (node_modules/fast-check/lib/cjs/check/property/AsyncProperty.generic.js:46:28)
      at asyncRunIt (node_modules/fast-check/lib/cjs/check/runner/Runner.js:28:21)
      at Object.<anonymous> (app/api/draft/[token]/request-otp/__tests__/request-otp.property.test.ts:801:7)


  โ—  Cannot log after tests are done. Did you forget to wait for something async in your test?
    Attempted to log "Expires at: 2026-03-03T04:08:32.898Z".

    [0m [90m 37 |[39m     console[33m.[39mlog([32m'OTP email would be sent to:'[39m[33m,[39m 
email)[33m;[39m
     [90m 38 |[39m     console[33m.[39mlog([32m'OTP:'[39m[33m,[39m otp)[33m;[39m
    [31m[1m>[22m[39m[90m 39 |[39m     console[33m.[39mlog([32m'Expires at:'[39m[33m,[39m 
expiresAt[33m.[39mtoISOString())[33m;[39m
     [90m    |[39m             [31m[1m^[22m[39m
     [90m 40 |[39m     
     [90m 41 |[39m     [90m// In production, this would be:[39m
     [90m 42 |[39m     [90m// const subject = 'เธฃเธซเธฑเธช OTP 
เธชเธณเธซเธฃเธฑเธเน€เธเนเธฒเธ–เธถเธเนเธเธเธเธญเธฃเนเธกเธเธญเธเธเธธเธ“';[39m[0m

      at console.log (node_modules/@jest/console/build/index.js:147:10)
      at sendOTPEmail (app/api/draft/[token]/request-otp/route.ts:39:13)
      at POST (app/api/draft/[token]/request-otp/route.ts:170:29)
      at app/api/draft/[token]/request-otp/__tests__/request-otp.property.test.ts:837:30
      at AsyncProperty.run (node_modules/fast-check/lib/cjs/check/property/AsyncProperty.generic.js:46:28)
      at asyncRunIt (node_modules/fast-check/lib/cjs/check/runner/Runner.js:28:21)
      at Object.<anonymous> (app/api/draft/[token]/request-otp/__tests__/request-otp.property.test.ts:801:7)


  โ—  Cannot log after tests are done. Did you forget to wait for something async in your test?
    Attempted to log "OTP email would be sent to: prop-test-1772510312907-6f9u0f@example.com".

    [0m [90m 35 |[39m     [90m// TODO: Implement actual email sending using nodemailer[39m
     [90m 36 |[39m     [90m// For now, we'll log the OTP for testing[39m
    [31m[1m>[22m[39m[90m 37 |[39m     console[33m.[39mlog([32m'OTP email would be sent 
to:'[39m[33m,[39m email)[33m;[39m
     [90m    |[39m             [31m[1m^[22m[39m
     [90m 38 |[39m     console[33m.[39mlog([32m'OTP:'[39m[33m,[39m otp)[33m;[39m
     [90m 39 |[39m     console[33m.[39mlog([32m'Expires at:'[39m[33m,[39m 
expiresAt[33m.[39mtoISOString())[33m;[39m
     [90m 40 |[39m     [0m

      at console.log (node_modules/@jest/console/build/index.js:147:10)
      at sendOTPEmail (app/api/draft/[token]/request-otp/route.ts:37:13)
      at POST (app/api/draft/[token]/request-otp/route.ts:170:29)
      at app/api/draft/[token]/request-otp/__tests__/request-otp.property.test.ts:837:30
      at AsyncProperty.run (node_modules/fast-check/lib/cjs/check/property/AsyncProperty.generic.js:46:28)
      at asyncRunIt (node_modules/fast-check/lib/cjs/check/runner/Runner.js:28:21)
      at Object.<anonymous> (app/api/draft/[token]/request-otp/__tests__/request-otp.property.test.ts:801:7)


  โ—  Cannot log after tests are done. Did you forget to wait for something async in your test?
    Attempted to log "OTP: 287970".

    [0m [90m 36 |[39m     [90m// For now, we'll log the OTP for testing[39m
     [90m 37 |[39m     console[33m.[39mlog([32m'OTP email would be sent to:'[39m[33m,[39m 
email)[33m;[39m
    [31m[1m>[22m[39m[90m 38 |[39m     console[33m.[39mlog([32m'OTP:'[39m[33m,[39m otp)[33m;[39m
     [90m    |[39m             [31m[1m^[22m[39m
     [90m 39 |[39m     console[33m.[39mlog([32m'Expires at:'[39m[33m,[39m 
expiresAt[33m.[39mtoISOString())[33m;[39m
     [90m 40 |[39m     
     [90m 41 |[39m     [90m// In production, this would be:[39m[0m

      at console.log (node_modules/@jest/console/build/index.js:147:10)
      at sendOTPEmail (app/api/draft/[token]/request-otp/route.ts:38:13)
      at POST (app/api/draft/[token]/request-otp/route.ts:170:29)
      at app/api/draft/[token]/request-otp/__tests__/request-otp.property.test.ts:837:30
      at AsyncProperty.run (node_modules/fast-check/lib/cjs/check/property/AsyncProperty.generic.js:46:28)
      at asyncRunIt (node_modules/fast-check/lib/cjs/check/runner/Runner.js:28:21)
      at Object.<anonymous> (app/api/draft/[token]/request-otp/__tests__/request-otp.property.test.ts:801:7)


  โ—  Cannot log after tests are done. Did you forget to wait for something async in your test?
    Attempted to log "Expires at: 2026-03-03T04:08:32.962Z".

    [0m [90m 37 |[39m     console[33m.[39mlog([32m'OTP email would be sent to:'[39m[33m,[39m 
email)[33m;[39m
     [90m 38 |[39m     console[33m.[39mlog([32m'OTP:'[39m[33m,[39m otp)[33m;[39m
    [31m[1m>[22m[39m[90m 39 |[39m     console[33m.[39mlog([32m'Expires at:'[39m[33m,[39m 
expiresAt[33m.[39mtoISOString())[33m;[39m
     [90m    |[39m             [31m[1m^[22m[39m
     [90m 40 |[39m     
     [90m 41 |[39m     [90m// In production, this would be:[39m
     [90m 42 |[39m     [90m// const subject = 'เธฃเธซเธฑเธช OTP 
เธชเธณเธซเธฃเธฑเธเน€เธเนเธฒเธ–เธถเธเนเธเธเธเธญเธฃเนเธกเธเธญเธเธเธธเธ“';[39m[0m

      at console.log (node_modules/@jest/console/build/index.js:147:10)
      at sendOTPEmail (app/api/draft/[token]/request-otp/route.ts:39:13)
      at POST (app/api/draft/[token]/request-otp/route.ts:170:29)
      at app/api/draft/[token]/request-otp/__tests__/request-otp.property.test.ts:837:30
      at AsyncProperty.run (node_modules/fast-check/lib/cjs/check/property/AsyncProperty.generic.js:46:28)
      at asyncRunIt (node_modules/fast-check/lib/cjs/check/runner/Runner.js:28:21)
      at Object.<anonymous> (app/api/draft/[token]/request-otp/__tests__/request-otp.property.test.ts:801:7)


  โ—  Cannot log after tests are done. Did you forget to wait for something async in your test?
    Attempted to log "OTP email would be sent to: prop-test-1772510312970-4jrxb@example.com".

    [0m [90m 35 |[39m     [90m// TODO: Implement actual email sending using nodemailer[39m
     [90m 36 |[39m     [90m// For now, we'll log the OTP for testing[39m
    [31m[1m>[22m[39m[90m 37 |[39m     console[33m.[39mlog([32m'OTP email would be sent 
to:'[39m[33m,[39m email)[33m;[39m
     [90m    |[39m             [31m[1m^[22m[39m
     [90m 38 |[39m     console[33m.[39mlog([32m'OTP:'[39m[33m,[39m otp)[33m;[39m
     [90m 39 |[39m     console[33m.[39mlog([32m'Expires at:'[39m[33m,[39m 
expiresAt[33m.[39mtoISOString())[33m;[39m
     [90m 40 |[39m     [0m

      at console.log (node_modules/@jest/console/build/index.js:147:10)
      at sendOTPEmail (app/api/draft/[token]/request-otp/route.ts:37:13)
      at POST (app/api/draft/[token]/request-otp/route.ts:170:29)
      at app/api/draft/[token]/request-otp/__tests__/request-otp.property.test.ts:837:30
      at AsyncProperty.run (node_modules/fast-check/lib/cjs/check/property/AsyncProperty.generic.js:46:28)
      at asyncRunIt (node_modules/fast-check/lib/cjs/check/runner/Runner.js:28:21)
      at Object.<anonymous> (app/api/draft/[token]/request-otp/__tests__/request-otp.property.test.ts:801:7)


  โ—  Cannot log after tests are done. Did you forget to wait for something async in your test?
    Attempted to log "OTP: 913731".

    [0m [90m 36 |[39m     [90m// For now, we'll log the OTP for testing[39m
     [90m 37 |[39m     console[33m.[39mlog([32m'OTP email would be sent to:'[39m[33m,[39m 
email)[33m;[39m
    [31m[1m>[22m[39m[90m 38 |[39m     console[33m.[39mlog([32m'OTP:'[39m[33m,[39m otp)[33m;[39m
     [90m    |[39m             [31m[1m^[22m[39m
     [90m 39 |[39m     console[33m.[39mlog([32m'Expires at:'[39m[33m,[39m 
expiresAt[33m.[39mtoISOString())[33m;[39m
     [90m 40 |[39m     
     [90m 41 |[39m     [90m// In production, this would be:[39m[0m

      at console.log (node_modules/@jest/console/build/index.js:147:10)
      at sendOTPEmail (app/api/draft/[token]/request-otp/route.ts:38:13)
      at POST (app/api/draft/[token]/request-otp/route.ts:170:29)
      at app/api/draft/[token]/request-otp/__tests__/request-otp.property.test.ts:837:30
      at AsyncProperty.run (node_modules/fast-check/lib/cjs/check/property/AsyncProperty.generic.js:46:28)
      at asyncRunIt (node_modules/fast-check/lib/cjs/check/runner/Runner.js:28:21)
      at Object.<anonymous> (app/api/draft/[token]/request-otp/__tests__/request-otp.property.test.ts:801:7)


  โ—  Cannot log after tests are done. Did you forget to wait for something async in your test?
    Attempted to log "Expires at: 2026-03-03T04:08:33.025Z".

    [0m [90m 37 |[39m     console[33m.[39mlog([32m'OTP email would be sent to:'[39m[33m,[39m 
email)[33m;[39m
     [90m 38 |[39m     console[33m.[39mlog([32m'OTP:'[39m[33m,[39m otp)[33m;[39m
    [31m[1m>[22m[39m[90m 39 |[39m     console[33m.[39mlog([32m'Expires at:'[39m[33m,[39m 
expiresAt[33m.[39mtoISOString())[33m;[39m
     [90m    |[39m             [31m[1m^[22m[39m
     [90m 40 |[39m     
     [90m 41 |[39m     [90m// In production, this would be:[39m
     [90m 42 |[39m     [90m// const subject = 'เธฃเธซเธฑเธช OTP 
เธชเธณเธซเธฃเธฑเธเน€เธเนเธฒเธ–เธถเธเนเธเธเธเธญเธฃเนเธกเธเธญเธเธเธธเธ“';[39m[0m

      at console.log (node_modules/@jest/console/build/index.js:147:10)
      at sendOTPEmail (app/api/draft/[token]/request-otp/route.ts:39:13)
      at POST (app/api/draft/[token]/request-otp/route.ts:170:29)
      at app/api/draft/[token]/request-otp/__tests__/request-otp.property.test.ts:837:30
      at AsyncProperty.run (node_modules/fast-check/lib/cjs/check/property/AsyncProperty.generic.js:46:28)
      at asyncRunIt (node_modules/fast-check/lib/cjs/check/runner/Runner.js:28:21)
      at Object.<anonymous> (app/api/draft/[token]/request-otp/__tests__/request-otp.property.test.ts:801:7)


  โ—  Cannot log after tests are done. Did you forget to wait for something async in your test?
    Attempted to log "OTP email would be sent to: prop-test-1772510313033-8smflt@example.com".

    [0m [90m 35 |[39m     [90m// TODO: Implement actual email sending using nodemailer[39m
     [90m 36 |[39m     [90m// For now, we'll log the OTP for testing[39m
    [31m[1m>[22m[39m[90m 37 |[39m     console[33m.[39mlog([32m'OTP email would be sent 
to:'[39m[33m,[39m email)[33m;[39m
     [90m    |[39m             [31m[1m^[22m[39m
     [90m 38 |[39m     console[33m.[39mlog([32m'OTP:'[39m[33m,[39m otp)[33m;[39m
     [90m 39 |[39m     console[33m.[39mlog([32m'Expires at:'[39m[33m,[39m 
expiresAt[33m.[39mtoISOString())[33m;[39m
     [90m 40 |[39m     [0m

      at console.log (node_modules/@jest/console/build/index.js:147:10)
      at sendOTPEmail (app/api/draft/[token]/request-otp/route.ts:37:13)
      at POST (app/api/draft/[token]/request-otp/route.ts:170:29)
      at app/api/draft/[token]/request-otp/__tests__/request-otp.property.test.ts:837:30
      at AsyncProperty.run (node_modules/fast-check/lib/cjs/check/property/AsyncProperty.generic.js:46:28)
      at asyncRunIt (node_modules/fast-check/lib/cjs/check/runner/Runner.js:28:21)
      at Object.<anonymous> (app/api/draft/[token]/request-otp/__tests__/request-otp.property.test.ts:801:7)


  โ—  Cannot log after tests are done. Did you forget to wait for something async in your test?
    Attempted to log "OTP: 834820".

    [0m [90m 36 |[39m     [90m// For now, we'll log the OTP for testing[39m
     [90m 37 |[39m     console[33m.[39mlog([32m'OTP email would be sent to:'[39m[33m,[39m 
email)[33m;[39m
    [31m[1m>[22m[39m[90m 38 |[39m     console[33m.[39mlog([32m'OTP:'[39m[33m,[39m otp)[33m;[39m
     [90m    |[39m             [31m[1m^[22m[39m
     [90m 39 |[39m     console[33m.[39mlog([32m'Expires at:'[39m[33m,[39m 
expiresAt[33m.[39mtoISOString())[33m;[39m
     [90m 40 |[39m     
     [90m 41 |[39m     [90m// In production, this would be:[39m[0m

      at console.log (node_modules/@jest/console/build/index.js:147:10)
      at sendOTPEmail (app/api/draft/[token]/request-otp/route.ts:38:13)
      at POST (app/api/draft/[token]/request-otp/route.ts:170:29)
      at app/api/draft/[token]/request-otp/__tests__/request-otp.property.test.ts:837:30
      at AsyncProperty.run (node_modules/fast-check/lib/cjs/check/property/AsyncProperty.generic.js:46:28)
      at asyncRunIt (node_modules/fast-check/lib/cjs/check/runner/Runner.js:28:21)
      at Object.<anonymous> (app/api/draft/[token]/request-otp/__tests__/request-otp.property.test.ts:801:7)


  โ—  Cannot log after tests are done. Did you forget to wait for something async in your test?
    Attempted to log "Expires at: 2026-03-03T04:08:33.089Z".

    [0m [90m 37 |[39m     console[33m.[39mlog([32m'OTP email would be sent to:'[39m[33m,[39m 
email)[33m;[39m
     [90m 38 |[39m     console[33m.[39mlog([32m'OTP:'[39m[33m,[39m otp)[33m;[39m
    [31m[1m>[22m[39m[90m 39 |[39m     console[33m.[39mlog([32m'Expires at:'[39m[33m,[39m 
expiresAt[33m.[39mtoISOString())[33m;[39m
     [90m    |[39m             [31m[1m^[22m[39m
     [90m 40 |[39m     
     [90m 41 |[39m     [90m// In production, this would be:[39m
     [90m 42 |[39m     [90m// const subject = 'เธฃเธซเธฑเธช OTP 
เธชเธณเธซเธฃเธฑเธเน€เธเนเธฒเธ–เธถเธเนเธเธเธเธญเธฃเนเธกเธเธญเธเธเธธเธ“';[39m[0m

      at console.log (node_modules/@jest/console/build/index.js:147:10)
      at sendOTPEmail (app/api/draft/[token]/request-otp/route.ts:39:13)
      at POST (app/api/draft/[token]/request-otp/route.ts:170:29)
      at app/api/draft/[token]/request-otp/__tests__/request-otp.property.test.ts:837:30
      at AsyncProperty.run (node_modules/fast-check/lib/cjs/check/property/AsyncProperty.generic.js:46:28)
      at asyncRunIt (node_modules/fast-check/lib/cjs/check/runner/Runner.js:28:21)
      at Object.<anonymous> (app/api/draft/[token]/request-otp/__tests__/request-otp.property.test.ts:801:7)


  โ—  Cannot log after tests are done. Did you forget to wait for something async in your test?
    Attempted to log "OTP email would be sent to: prop-test-1772510313097-9iaz5h@example.com".

    [0m [90m 35 |[39m     [90m// TODO: Implement actual email sending using nodemailer[39m
     [90m 36 |[39m     [90m// For now, we'll log the OTP for testing[39m
    [31m[1m>[22m[39m[90m 37 |[39m     console[33m.[39mlog([32m'OTP email would be sent 
to:'[39m[33m,[39m email)[33m;[39m
     [90m    |[39m             [31m[1m^[22m[39m
     [90m 38 |[39m     console[33m.[39mlog([32m'OTP:'[39m[33m,[39m otp)[33m;[39m
     [90m 39 |[39m     console[33m.[39mlog([32m'Expires at:'[39m[33m,[39m 
expiresAt[33m.[39mtoISOString())[33m;[39m
     [90m 40 |[39m     [0m

      at console.log (node_modules/@jest/console/build/index.js:147:10)
      at sendOTPEmail (app/api/draft/[token]/request-otp/route.ts:37:13)
      at POST (app/api/draft/[token]/request-otp/route.ts:170:29)
      at app/api/draft/[token]/request-otp/__tests__/request-otp.property.test.ts:837:30
      at AsyncProperty.run (node_modules/fast-check/lib/cjs/check/property/AsyncProperty.generic.js:46:28)
      at asyncRunIt (node_modules/fast-check/lib/cjs/check/runner/Runner.js:28:21)
      at Object.<anonymous> (app/api/draft/[token]/request-otp/__tests__/request-otp.property.test.ts:801:7)


  โ—  Cannot log after tests are done. Did you forget to wait for something async in your test?
    Attempted to log "OTP: 588462".

    [0m [90m 36 |[39m     [90m// For now, we'll log the OTP for testing[39m
     [90m 37 |[39m     console[33m.[39mlog([32m'OTP email would be sent to:'[39m[33m,[39m 
email)[33m;[39m
    [31m[1m>[22m[39m[90m 38 |[39m     console[33m.[39mlog([32m'OTP:'[39m[33m,[39m otp)[33m;[39m
     [90m    |[39m             [31m[1m^[22m[39m
     [90m 39 |[39m     console[33m.[39mlog([32m'Expires at:'[39m[33m,[39m 
expiresAt[33m.[39mtoISOString())[33m;[39m
     [90m 40 |[39m     
     [90m 41 |[39m     [90m// In production, this would be:[39m[0m

      at console.log (node_modules/@jest/console/build/index.js:147:10)
      at sendOTPEmail (app/api/draft/[token]/request-otp/route.ts:38:13)
      at POST (app/api/draft/[token]/request-otp/route.ts:170:29)
      at app/api/draft/[token]/request-otp/__tests__/request-otp.property.test.ts:837:30
      at AsyncProperty.run (node_modules/fast-check/lib/cjs/check/property/AsyncProperty.generic.js:46:28)
      at asyncRunIt (node_modules/fast-check/lib/cjs/check/runner/Runner.js:28:21)
      at Object.<anonymous> (app/api/draft/[token]/request-otp/__tests__/request-otp.property.test.ts:801:7)


  โ—  Cannot log after tests are done. Did you forget to wait for something async in your test?
    Attempted to log "Expires at: 2026-03-03T04:08:33.156Z".

    [0m [90m 37 |[39m     console[33m.[39mlog([32m'OTP email would be sent to:'[39m[33m,[39m 
email)[33m;[39m
     [90m 38 |[39m     console[33m.[39mlog([32m'OTP:'[39m[33m,[39m otp)[33m;[39m
    [31m[1m>[22m[39m[90m 39 |[39m     console[33m.[39mlog([32m'Expires at:'[39m[33m,[39m 
expiresAt[33m.[39mtoISOString())[33m;[39m
     [90m    |[39m             [31m[1m^[22m[39m
     [90m 40 |[39m     
     [90m 41 |[39m     [90m// In production, this would be:[39m
     [90m 42 |[39m     [90m// const subject = 'เธฃเธซเธฑเธช OTP 
เธชเธณเธซเธฃเธฑเธเน€เธเนเธฒเธ–เธถเธเนเธเธเธเธญเธฃเนเธกเธเธญเธเธเธธเธ“';[39m[0m

      at console.log (node_modules/@jest/console/build/index.js:147:10)
      at sendOTPEmail (app/api/draft/[token]/request-otp/route.ts:39:13)
      at POST (app/api/draft/[token]/request-otp/route.ts:170:29)
      at app/api/draft/[token]/request-otp/__tests__/request-otp.property.test.ts:837:30
      at AsyncProperty.run (node_modules/fast-check/lib/cjs/check/property/AsyncProperty.generic.js:46:28)
      at asyncRunIt (node_modules/fast-check/lib/cjs/check/runner/Runner.js:28:21)
      at Object.<anonymous> (app/api/draft/[token]/request-otp/__tests__/request-otp.property.test.ts:801:7)


  โ—  Cannot log after tests are done. Did you forget to wait for something async in your test?
    Attempted to log "OTP email would be sent to: prop-test-1772510313162-0xv37f@example.com".

    [0m [90m 35 |[39m     [90m// TODO: Implement actual email sending using nodemailer[39m
     [90m 36 |[39m     [90m// For now, we'll log the OTP for testing[39m
    [31m[1m>[22m[39m[90m 37 |[39m     console[33m.[39mlog([32m'OTP email would be sent 
to:'[39m[33m,[39m email)[33m;[39m
     [90m    |[39m             [31m[1m^[22m[39m
     [90m 38 |[39m     console[33m.[39mlog([32m'OTP:'[39m[33m,[39m otp)[33m;[39m
     [90m 39 |[39m     console[33m.[39mlog([32m'Expires at:'[39m[33m,[39m 
expiresAt[33m.[39mtoISOString())[33m;[39m
     [90m 40 |[39m     [0m

      at console.log (node_modules/@jest/console/build/index.js:147:10)
      at sendOTPEmail (app/api/draft/[token]/request-otp/route.ts:37:13)
      at POST (app/api/draft/[token]/request-otp/route.ts:170:29)
      at app/api/draft/[token]/request-otp/__tests__/request-otp.property.test.ts:837:30
      at AsyncProperty.run (node_modules/fast-check/lib/cjs/check/property/AsyncProperty.generic.js:46:28)
      at asyncRunIt (node_modules/fast-check/lib/cjs/check/runner/Runner.js:28:21)
      at Object.<anonymous> (app/api/draft/[token]/request-otp/__tests__/request-otp.property.test.ts:801:7)


  โ—  Cannot log after tests are done. Did you forget to wait for something async in your test?
    Attempted to log "OTP: 220494".

    [0m [90m 36 |[39m     [90m// For now, we'll log the OTP for testing[39m
     [90m 37 |[39m     console[33m.[39mlog([32m'OTP email would be sent to:'[39m[33m,[39m 
email)[33m;[39m
    [31m[1m>[22m[39m[90m 38 |[39m     console[33m.[39mlog([32m'OTP:'[39m[33m,[39m otp)[33m;[39m
     [90m    |[39m             [31m[1m^[22m[39m
     [90m 39 |[39m     console[33m.[39mlog([32m'Expires at:'[39m[33m,[39m 
expiresAt[33m.[39mtoISOString())[33m;[39m
     [90m 40 |[39m     
     [90m 41 |[39m     [90m// In production, this would be:[39m[0m

      at console.log (node_modules/@jest/console/build/index.js:147:10)
      at sendOTPEmail (app/api/draft/[token]/request-otp/route.ts:38:13)
      at POST (app/api/draft/[token]/request-otp/route.ts:170:29)
      at app/api/draft/[token]/request-otp/__tests__/request-otp.property.test.ts:837:30
      at AsyncProperty.run (node_modules/fast-check/lib/cjs/check/property/AsyncProperty.generic.js:46:28)
      at asyncRunIt (node_modules/fast-check/lib/cjs/check/runner/Runner.js:28:21)
      at Object.<anonymous> (app/api/draft/[token]/request-otp/__tests__/request-otp.property.test.ts:801:7)


  โ—  Cannot log after tests are done. Did you forget to wait for something async in your test?
    Attempted to log "Expires at: 2026-03-03T04:08:33.217Z".

    [0m [90m 37 |[39m     console[33m.[39mlog([32m'OTP email would be sent to:'[39m[33m,[39m 
email)[33m;[39m
     [90m 38 |[39m     console[33m.[39mlog([32m'OTP:'[39m[33m,[39m otp)[33m;[39m
    [31m[1m>[22m[39m[90m 39 |[39m     console[33m.[39mlog([32m'Expires at:'[39m[33m,[39m 
expiresAt[33m.[39mtoISOString())[33m;[39m
     [90m    |[39m             [31m[1m^[22m[39m
     [90m 40 |[39m     
     [90m 41 |[39m     [90m// In production, this would be:[39m
     [90m 42 |[39m     [90m// const subject = 'เธฃเธซเธฑเธช OTP 
เธชเธณเธซเธฃเธฑเธเน€เธเนเธฒเธ–เธถเธเนเธเธเธเธญเธฃเนเธกเธเธญเธเธเธธเธ“';[39m[0m

      at console.log (node_modules/@jest/console/build/index.js:147:10)
      at sendOTPEmail (app/api/draft/[token]/request-otp/route.ts:39:13)
      at POST (app/api/draft/[token]/request-otp/route.ts:170:29)
      at app/api/draft/[token]/request-otp/__tests__/request-otp.property.test.ts:837:30
      at AsyncProperty.run (node_modules/fast-check/lib/cjs/check/property/AsyncProperty.generic.js:46:28)
      at asyncRunIt (node_modules/fast-check/lib/cjs/check/runner/Runner.js:28:21)
      at Object.<anonymous> (app/api/draft/[token]/request-otp/__tests__/request-otp.property.test.ts:801:7)


  โ—  Cannot log after tests are done. Did you forget to wait for something async in your test?
    Attempted to log "OTP email would be sent to: prop-test-1772510313225-jaegp9@example.com".

    [0m [90m 35 |[39m     [90m// TODO: Implement actual email sending using nodemailer[39m
     [90m 36 |[39m     [90m// For now, we'll log the OTP for testing[39m
    [31m[1m>[22m[39m[90m 37 |[39m     console[33m.[39mlog([32m'OTP email would be sent 
to:'[39m[33m,[39m email)[33m;[39m
     [90m    |[39m             [31m[1m^[22m[39m
     [90m 38 |[39m     console[33m.[39mlog([32m'OTP:'[39m[33m,[39m otp)[33m;[39m
     [90m 39 |[39m     console[33m.[39mlog([32m'Expires at:'[39m[33m,[39m 
expiresAt[33m.[39mtoISOString())[33m;[39m
     [90m 40 |[39m     [0m

      at console.log (node_modules/@jest/console/build/index.js:147:10)
      at sendOTPEmail (app/api/draft/[token]/request-otp/route.ts:37:13)
      at POST (app/api/draft/[token]/request-otp/route.ts:170:29)
      at app/api/draft/[token]/request-otp/__tests__/request-otp.property.test.ts:837:30
      at AsyncProperty.run (node_modules/fast-check/lib/cjs/check/property/AsyncProperty.generic.js:46:28)
      at asyncRunIt (node_modules/fast-check/lib/cjs/check/runner/Runner.js:28:21)
      at Object.<anonymous> (app/api/draft/[token]/request-otp/__tests__/request-otp.property.test.ts:801:7)


  โ—  Cannot log after tests are done. Did you forget to wait for something async in your test?
    Attempted to log "OTP: 042257".

    [0m [90m 36 |[39m     [90m// For now, we'll log the OTP for testing[39m
     [90m 37 |[39m     console[33m.[39mlog([32m'OTP email would be sent to:'[39m[33m,[39m 
email)[33m;[39m
    [31m[1m>[22m[39m[90m 38 |[39m     console[33m.[39mlog([32m'OTP:'[39m[33m,[39m otp)[33m;[39m
     [90m    |[39m             [31m[1m^[22m[39m
     [90m 39 |[39m     console[33m.[39mlog([32m'Expires at:'[39m[33m,[39m 
expiresAt[33m.[39mtoISOString())[33m;[39m
     [90m 40 |[39m     
     [90m 41 |[39m     [90m// In production, this would be:[39m[0m

      at console.log (node_modules/@jest/console/build/index.js:147:10)
      at sendOTPEmail (app/api/draft/[token]/request-otp/route.ts:38:13)
      at POST (app/api/draft/[token]/request-otp/route.ts:170:29)
      at app/api/draft/[token]/request-otp/__tests__/request-otp.property.test.ts:837:30
      at AsyncProperty.run (node_modules/fast-check/lib/cjs/check/property/AsyncProperty.generic.js:46:28)
      at asyncRunIt (node_modules/fast-check/lib/cjs/check/runner/Runner.js:28:21)
      at Object.<anonymous> (app/api/draft/[token]/request-otp/__tests__/request-otp.property.test.ts:801:7)


  โ—  Cannot log after tests are done. Did you forget to wait for something async in your test?
    Attempted to log "Expires at: 2026-03-03T04:08:33.280Z".

    [0m [90m 37 |[39m     console[33m.[39mlog([32m'OTP email would be sent to:'[39m[33m,[39m 
email)[33m;[39m
     [90m 38 |[39m     console[33m.[39mlog([32m'OTP:'[39m[33m,[39m otp)[33m;[39m
    [31m[1m>[22m[39m[90m 39 |[39m     console[33m.[39mlog([32m'Expires at:'[39m[33m,[39m 
expiresAt[33m.[39mtoISOString())[33m;[39m
     [90m    |[39m             [31m[1m^[22m[39m
     [90m 40 |[39m     
     [90m 41 |[39m     [90m// In production, this would be:[39m
     [90m 42 |[39m     [90m// const subject = 'เธฃเธซเธฑเธช OTP 
เธชเธณเธซเธฃเธฑเธเน€เธเนเธฒเธ–เธถเธเนเธเธเธเธญเธฃเนเธกเธเธญเธเธเธธเธ“';[39m[0m

      at console.log (node_modules/@jest/console/build/index.js:147:10)
      at sendOTPEmail (app/api/draft/[token]/request-otp/route.ts:39:13)
      at POST (app/api/draft/[token]/request-otp/route.ts:170:29)
      at app/api/draft/[token]/request-otp/__tests__/request-otp.property.test.ts:837:30
      at AsyncProperty.run (node_modules/fast-check/lib/cjs/check/property/AsyncProperty.generic.js:46:28)
      at asyncRunIt (node_modules/fast-check/lib/cjs/check/runner/Runner.js:28:21)
      at Object.<anonymous> (app/api/draft/[token]/request-otp/__tests__/request-otp.property.test.ts:801:7)


  โ—  Cannot log after tests are done. Did you forget to wait for something async in your test?
    Attempted to log "OTP email would be sent to: prop-test-1772510313288-tb9n1g@example.com".

    [0m [90m 35 |[39m     [90m// TODO: Implement actual email sending using nodemailer[39m
     [90m 36 |[39m     [90m// For now, we'll log the OTP for testing[39m
    [31m[1m>[22m[39m[90m 37 |[39m     console[33m.[39mlog([32m'OTP email would be sent 
to:'[39m[33m,[39m email)[33m;[39m
     [90m    |[39m             [31m[1m^[22m[39m
     [90m 38 |[39m     console[33m.[39mlog([32m'OTP:'[39m[33m,[39m otp)[33m;[39m
     [90m 39 |[39m     console[33m.[39mlog([32m'Expires at:'[39m[33m,[39m 
expiresAt[33m.[39mtoISOString())[33m;[39m
     [90m 40 |[39m     [0m

      at console.log (node_modules/@jest/console/build/index.js:147:10)
      at sendOTPEmail (app/api/draft/[token]/request-otp/route.ts:37:13)
      at POST (app/api/draft/[token]/request-otp/route.ts:170:29)
      at app/api/draft/[token]/request-otp/__tests__/request-otp.property.test.ts:837:30
      at AsyncProperty.run (node_modules/fast-check/lib/cjs/check/property/AsyncProperty.generic.js:46:28)
      at asyncRunIt (node_modules/fast-check/lib/cjs/check/runner/Runner.js:28:21)
      at Object.<anonymous> (app/api/draft/[token]/request-otp/__tests__/request-otp.property.test.ts:801:7)


  โ—  Cannot log after tests are done. Did you forget to wait for something async in your test?
    Attempted to log "OTP: 545202".

    [0m [90m 36 |[39m     [90m// For now, we'll log the OTP for testing[39m
     [90m 37 |[39m     console[33m.[39mlog([32m'OTP email would be sent to:'[39m[33m,[39m 
email)[33m;[39m
    [31m[1m>[22m[39m[90m 38 |[39m     console[33m.[39mlog([32m'OTP:'[39m[33m,[39m otp)[33m;[39m
     [90m    |[39m             [31m[1m^[22m[39m
     [90m 39 |[39m     console[33m.[39mlog([32m'Expires at:'[39m[33m,[39m 
expiresAt[33m.[39mtoISOString())[33m;[39m
     [90m 40 |[39m     
     [90m 41 |[39m     [90m// In production, this would be:[39m[0m

      at console.log (node_modules/@jest/console/build/index.js:147:10)
      at sendOTPEmail (app/api/draft/[token]/request-otp/route.ts:38:13)
      at POST (app/api/draft/[token]/request-otp/route.ts:170:29)
      at app/api/draft/[token]/request-otp/__tests__/request-otp.property.test.ts:837:30
      at AsyncProperty.run (node_modules/fast-check/lib/cjs/check/property/AsyncProperty.generic.js:46:28)
      at asyncRunIt (node_modules/fast-check/lib/cjs/check/runner/Runner.js:28:21)
      at Object.<anonymous> (app/api/draft/[token]/request-otp/__tests__/request-otp.property.test.ts:801:7)


  โ—  Cannot log after tests are done. Did you forget to wait for something async in your test?
    Attempted to log "Expires at: 2026-03-03T04:08:33.343Z".

    [0m [90m 37 |[39m     console[33m.[39mlog([32m'OTP email would be sent to:'[39m[33m,[39m 
email)[33m;[39m
     [90m 38 |[39m     console[33m.[39mlog([32m'OTP:'[39m[33m,[39m otp)[33m;[39m
    [31m[1m>[22m[39m[90m 39 |[39m     console[33m.[39mlog([32m'Expires at:'[39m[33m,[39m 
expiresAt[33m.[39mtoISOString())[33m;[39m
     [90m    |[39m             [31m[1m^[22m[39m
     [90m 40 |[39m     
     [90m 41 |[39m     [90m// In production, this would be:[39m
     [90m 42 |[39m     [90m// const subject = 'เธฃเธซเธฑเธช OTP 
เธชเธณเธซเธฃเธฑเธเน€เธเนเธฒเธ–เธถเธเนเธเธเธเธญเธฃเนเธกเธเธญเธเธเธธเธ“';[39m[0m

      at console.log (node_modules/@jest/console/build/index.js:147:10)
      at sendOTPEmail (app/api/draft/[token]/request-otp/route.ts:39:13)
      at POST (app/api/draft/[token]/request-otp/route.ts:170:29)
      at app/api/draft/[token]/request-otp/__tests__/request-otp.property.test.ts:837:30
      at AsyncProperty.run (node_modules/fast-check/lib/cjs/check/property/AsyncProperty.generic.js:46:28)
      at asyncRunIt (node_modules/fast-check/lib/cjs/check/runner/Runner.js:28:21)
      at Object.<anonymous> (app/api/draft/[token]/request-otp/__tests__/request-otp.property.test.ts:801:7)


  โ—  Cannot log after tests are done. Did you forget to wait for something async in your test?
    Attempted to log "OTP email would be sent to: prop-test-1772510313350-1t7gv@example.com".

    [0m [90m 35 |[39m     [90m// TODO: Implement actual email sending using nodemailer[39m
     [90m 36 |[39m     [90m// For now, we'll log the OTP for testing[39m
    [31m[1m>[22m[39m[90m 37 |[39m     console[33m.[39mlog([32m'OTP email would be sent 
to:'[39m[33m,[39m email)[33m;[39m
     [90m    |[39m             [31m[1m^[22m[39m
     [90m 38 |[39m     console[33m.[39mlog([32m'OTP:'[39m[33m,[39m otp)[33m;[39m
     [90m 39 |[39m     console[33m.[39mlog([32m'Expires at:'[39m[33m,[39m 
expiresAt[33m.[39mtoISOString())[33m;[39m
     [90m 40 |[39m     [0m

      at console.log (node_modules/@jest/console/build/index.js:147:10)
      at sendOTPEmail (app/api/draft/[token]/request-otp/route.ts:37:13)
      at POST (app/api/draft/[token]/request-otp/route.ts:170:29)
      at app/api/draft/[token]/request-otp/__tests__/request-otp.property.test.ts:837:30
      at AsyncProperty.run (node_modules/fast-check/lib/cjs/check/property/AsyncProperty.generic.js:46:28)
      at asyncRunIt (node_modules/fast-check/lib/cjs/check/runner/Runner.js:28:21)
      at Object.<anonymous> (app/api/draft/[token]/request-otp/__tests__/request-otp.property.test.ts:801:7)


  โ—  Cannot log after tests are done. Did you forget to wait for something async in your test?
    Attempted to log "OTP: 711050".

    [0m [90m 36 |[39m     [90m// For now, we'll log the OTP for testing[39m
     [90m 37 |[39m     console[33m.[39mlog([32m'OTP email would be sent to:'[39m[33m,[39m 
email)[33m;[39m
    [31m[1m>[22m[39m[90m 38 |[39m     console[33m.[39mlog([32m'OTP:'[39m[33m,[39m otp)[33m;[39m
     [90m    |[39m             [31m[1m^[22m[39m
     [90m 39 |[39m     console[33m.[39mlog([32m'Expires at:'[39m[33m,[39m 
expiresAt[33m.[39mtoISOString())[33m;[39m
     [90m 40 |[39m     
     [90m 41 |[39m     [90m// In production, this would be:[39m[0m

      at console.log (node_modules/@jest/console/build/index.js:147:10)
      at sendOTPEmail (app/api/draft/[token]/request-otp/route.ts:38:13)
      at POST (app/api/draft/[token]/request-otp/route.ts:170:29)
      at app/api/draft/[token]/request-otp/__tests__/request-otp.property.test.ts:837:30
      at AsyncProperty.run (node_modules/fast-check/lib/cjs/check/property/AsyncProperty.generic.js:46:28)
      at asyncRunIt (node_modules/fast-check/lib/cjs/check/runner/Runner.js:28:21)
      at Object.<anonymous> (app/api/draft/[token]/request-otp/__tests__/request-otp.property.test.ts:801:7)


  โ—  Cannot log after tests are done. Did you forget to wait for something async in your test?
    Attempted to log "Expires at: 2026-03-03T04:08:33.405Z".

    [0m [90m 37 |[39m     console[33m.[39mlog([32m'OTP email would be sent to:'[39m[33m,[39m 
email)[33m;[39m
     [90m 38 |[39m     console[33m.[39mlog([32m'OTP:'[39m[33m,[39m otp)[33m;[39m
    [31m[1m>[22m[39m[90m 39 |[39m     console[33m.[39mlog([32m'Expires at:'[39m[33m,[39m 
expiresAt[33m.[39mtoISOString())[33m;[39m
     [90m    |[39m             [31m[1m^[22m[39m
     [90m 40 |[39m     
     [90m 41 |[39m     [90m// In production, this would be:[39m
     [90m 42 |[39m     [90m// const subject = 'เธฃเธซเธฑเธช OTP 
เธชเธณเธซเธฃเธฑเธเน€เธเนเธฒเธ–เธถเธเนเธเธเธเธญเธฃเนเธกเธเธญเธเธเธธเธ“';[39m[0m

      at console.log (node_modules/@jest/console/build/index.js:147:10)
      at sendOTPEmail (app/api/draft/[token]/request-otp/route.ts:39:13)
      at POST (app/api/draft/[token]/request-otp/route.ts:170:29)
      at app/api/draft/[token]/request-otp/__tests__/request-otp.property.test.ts:837:30
      at AsyncProperty.run (node_modules/fast-check/lib/cjs/check/property/AsyncProperty.generic.js:46:28)
      at asyncRunIt (node_modules/fast-check/lib/cjs/check/runner/Runner.js:28:21)
      at Object.<anonymous> (app/api/draft/[token]/request-otp/__tests__/request-otp.property.test.ts:801:7)


  โ—  Cannot log after tests are done. Did you forget to wait for something async in your test?
    Attempted to log "OTP email would be sent to: prop-test-1772510313412-hs7h8@example.com".

    [0m [90m 35 |[39m     [90m// TODO: Implement actual email sending using nodemailer[39m
     [90m 36 |[39m     [90m// For now, we'll log the OTP for testing[39m
    [31m[1m>[22m[39m[90m 37 |[39m     console[33m.[39mlog([32m'OTP email would be sent 
to:'[39m[33m,[39m email)[33m;[39m
     [90m    |[39m             [31m[1m^[22m[39m
     [90m 38 |[39m     console[33m.[39mlog([32m'OTP:'[39m[33m,[39m otp)[33m;[39m
     [90m 39 |[39m     console[33m.[39mlog([32m'Expires at:'[39m[33m,[39m 
expiresAt[33m.[39mtoISOString())[33m;[39m
     [90m 40 |[39m     [0m

      at console.log (node_modules/@jest/console/build/index.js:147:10)
      at sendOTPEmail (app/api/draft/[token]/request-otp/route.ts:37:13)
      at POST (app/api/draft/[token]/request-otp/route.ts:170:29)
      at app/api/draft/[token]/request-otp/__tests__/request-otp.property.test.ts:837:30
      at AsyncProperty.run (node_modules/fast-check/lib/cjs/check/property/AsyncProperty.generic.js:46:28)
      at asyncRunIt (node_modules/fast-check/lib/cjs/check/runner/Runner.js:28:21)
      at Object.<anonymous> (app/api/draft/[token]/request-otp/__tests__/request-otp.property.test.ts:801:7)


  โ—  Cannot log after tests are done. Did you forget to wait for something async in your test?
    Attempted to log "OTP: 710739".

    [0m [90m 36 |[39m     [90m// For now, we'll log the OTP for testing[39m
     [90m 37 |[39m     console[33m.[39mlog([32m'OTP email would be sent to:'[39m[33m,[39m 
email)[33m;[39m
    [31m[1m>[22m[39m[90m 38 |[39m     console[33m.[39mlog([32m'OTP:'[39m[33m,[39m otp)[33m;[39m
     [90m    |[39m             [31m[1m^[22m[39m
     [90m 39 |[39m     console[33m.[39mlog([32m'Expires at:'[39m[33m,[39m 
expiresAt[33m.[39mtoISOString())[33m;[39m
     [90m 40 |[39m     
     [90m 41 |[39m     [90m// In production, this would be:[39m[0m

      at console.log (node_modules/@jest/console/build/index.js:147:10)
      at sendOTPEmail (app/api/draft/[token]/request-otp/route.ts:38:13)
      at POST (app/api/draft/[token]/request-otp/route.ts:170:29)
      at app/api/draft/[token]/request-otp/__tests__/request-otp.property.test.ts:837:30
      at AsyncProperty.run (node_modules/fast-check/lib/cjs/check/property/AsyncProperty.generic.js:46:28)
      at asyncRunIt (node_modules/fast-check/lib/cjs/check/runner/Runner.js:28:21)
      at Object.<anonymous> (app/api/draft/[token]/request-otp/__tests__/request-otp.property.test.ts:801:7)


  โ—  Cannot log after tests are done. Did you forget to wait for something async in your test?
    Attempted to log "Expires at: 2026-03-03T04:08:33.467Z".

    [0m [90m 37 |[39m     console[33m.[39mlog([32m'OTP email would be sent to:'[39m[33m,[39m 
email)[33m;[39m
     [90m 38 |[39m     console[33m.[39mlog([32m'OTP:'[39m[33m,[39m otp)[33m;[39m
    [31m[1m>[22m[39m[90m 39 |[39m     console[33m.[39mlog([32m'Expires at:'[39m[33m,[39m 
expiresAt[33m.[39mtoISOString())[33m;[39m
     [90m    |[39m             [31m[1m^[22m[39m
     [90m 40 |[39m     
     [90m 41 |[39m     [90m// In production, this would be:[39m
     [90m 42 |[39m     [90m// const subject = 'เธฃเธซเธฑเธช OTP 
เธชเธณเธซเธฃเธฑเธเน€เธเนเธฒเธ–เธถเธเนเธเธเธเธญเธฃเนเธกเธเธญเธเธเธธเธ“';[39m[0m

      at console.log (node_modules/@jest/console/build/index.js:147:10)
      at sendOTPEmail (app/api/draft/[token]/request-otp/route.ts:39:13)
      at POST (app/api/draft/[token]/request-otp/route.ts:170:29)
      at app/api/draft/[token]/request-otp/__tests__/request-otp.property.test.ts:837:30
      at AsyncProperty.run (node_modules/fast-check/lib/cjs/check/property/AsyncProperty.generic.js:46:28)
      at asyncRunIt (node_modules/fast-check/lib/cjs/check/runner/Runner.js:28:21)
      at Object.<anonymous> (app/api/draft/[token]/request-otp/__tests__/request-otp.property.test.ts:801:7)


  โ—  Cannot log after tests are done. Did you forget to wait for something async in your test?
    Attempted to log "OTP email would be sent to: prop-test-1772510313475-fk5pq4@example.com".

    [0m [90m 35 |[39m     [90m// TODO: Implement actual email sending using nodemailer[39m
     [90m 36 |[39m     [90m// For now, we'll log the OTP for testing[39m
    [31m[1m>[22m[39m[90m 37 |[39m     console[33m.[39mlog([32m'OTP email would be sent 
to:'[39m[33m,[39m email)[33m;[39m
     [90m    |[39m             [31m[1m^[22m[39m
     [90m 38 |[39m     console[33m.[39mlog([32m'OTP:'[39m[33m,[39m otp)[33m;[39m
     [90m 39 |[39m     console[33m.[39mlog([32m'Expires at:'[39m[33m,[39m 
expiresAt[33m.[39mtoISOString())[33m;[39m
     [90m 40 |[39m     [0m

      at console.log (node_modules/@jest/console/build/index.js:147:10)
      at sendOTPEmail (app/api/draft/[token]/request-otp/route.ts:37:13)
      at POST (app/api/draft/[token]/request-otp/route.ts:170:29)
      at app/api/draft/[token]/request-otp/__tests__/request-otp.property.test.ts:837:30
      at AsyncProperty.run (node_modules/fast-check/lib/cjs/check/property/AsyncProperty.generic.js:46:28)
      at asyncRunIt (node_modules/fast-check/lib/cjs/check/runner/Runner.js:28:21)
      at Object.<anonymous> (app/api/draft/[token]/request-otp/__tests__/request-otp.property.test.ts:801:7)


  โ—  Cannot log after tests are done. Did you forget to wait for something async in your test?
    Attempted to log "OTP: 799236".

    [0m [90m 36 |[39m     [90m// For now, we'll log the OTP for testing[39m
     [90m 37 |[39m     console[33m.[39mlog([32m'OTP email would be sent to:'[39m[33m,[39m 
email)[33m;[39m
    [31m[1m>[22m[39m[90m 38 |[39m     console[33m.[39mlog([32m'OTP:'[39m[33m,[39m otp)[33m;[39m
     [90m    |[39m             [31m[1m^[22m[39m
     [90m 39 |[39m     console[33m.[39mlog([32m'Expires at:'[39m[33m,[39m 
expiresAt[33m.[39mtoISOString())[33m;[39m
     [90m 40 |[39m     
     [90m 41 |[39m     [90m// In production, this would be:[39m[0m

      at console.log (node_modules/@jest/console/build/index.js:147:10)
      at sendOTPEmail (app/api/draft/[token]/request-otp/route.ts:38:13)
      at POST (app/api/draft/[token]/request-otp/route.ts:170:29)
      at app/api/draft/[token]/request-otp/__tests__/request-otp.property.test.ts:837:30
      at AsyncProperty.run (node_modules/fast-check/lib/cjs/check/property/AsyncProperty.generic.js:46:28)
      at asyncRunIt (node_modules/fast-check/lib/cjs/check/runner/Runner.js:28:21)
      at Object.<anonymous> (app/api/draft/[token]/request-otp/__tests__/request-otp.property.test.ts:801:7)


  โ—  Cannot log after tests are done. Did you forget to wait for something async in your test?
    Attempted to log "Expires at: 2026-03-03T04:08:33.535Z".

    [0m [90m 37 |[39m     console[33m.[39mlog([32m'OTP email would be sent to:'[39m[33m,[39m 
email)[33m;[39m
     [90m 38 |[39m     console[33m.[39mlog([32m'OTP:'[39m[33m,[39m otp)[33m;[39m
    [31m[1m>[22m[39m[90m 39 |[39m     console[33m.[39mlog([32m'Expires at:'[39m[33m,[39m 
expiresAt[33m.[39mtoISOString())[33m;[39m
     [90m    |[39m             [31m[1m^[22m[39m
     [90m 40 |[39m     
     [90m 41 |[39m     [90m// In production, this would be:[39m
     [90m 42 |[39m     [90m// const subject = 'เธฃเธซเธฑเธช OTP 
เธชเธณเธซเธฃเธฑเธเน€เธเนเธฒเธ–เธถเธเนเธเธเธเธญเธฃเนเธกเธเธญเธเธเธธเธ“';[39m[0m

      at console.log (node_modules/@jest/console/build/index.js:147:10)
      at sendOTPEmail (app/api/draft/[token]/request-otp/route.ts:39:13)
      at POST (app/api/draft/[token]/request-otp/route.ts:170:29)
      at app/api/draft/[token]/request-otp/__tests__/request-otp.property.test.ts:837:30
      at AsyncProperty.run (node_modules/fast-check/lib/cjs/check/property/AsyncProperty.generic.js:46:28)
      at asyncRunIt (node_modules/fast-check/lib/cjs/check/runner/Runner.js:28:21)
      at Object.<anonymous> (app/api/draft/[token]/request-otp/__tests__/request-otp.property.test.ts:801:7)


  โ—  Cannot log after tests are done. Did you forget to wait for something async in your test?
    Attempted to log "OTP email would be sent to: prop-test-1772510313543-cz75kg@example.com".

    [0m [90m 35 |[39m     [90m// TODO: Implement actual email sending using nodemailer[39m
     [90m 36 |[39m     [90m// For now, we'll log the OTP for testing[39m
    [31m[1m>[22m[39m[90m 37 |[39m     console[33m.[39mlog([32m'OTP email would be sent 
to:'[39m[33m,[39m email)[33m;[39m
     [90m    |[39m             [31m[1m^[22m[39m
     [90m 38 |[39m     console[33m.[39mlog([32m'OTP:'[39m[33m,[39m otp)[33m;[39m
     [90m 39 |[39m     console[33m.[39mlog([32m'Expires at:'[39m[33m,[39m 
expiresAt[33m.[39mtoISOString())[33m;[39m
     [90m 40 |[39m     [0m

      at console.log (node_modules/@jest/console/build/index.js:147:10)
      at sendOTPEmail (app/api/draft/[token]/request-otp/route.ts:37:13)
      at POST (app/api/draft/[token]/request-otp/route.ts:170:29)
      at app/api/draft/[token]/request-otp/__tests__/request-otp.property.test.ts:837:30
      at AsyncProperty.run (node_modules/fast-check/lib/cjs/check/property/AsyncProperty.generic.js:46:28)
      at asyncRunIt (node_modules/fast-check/lib/cjs/check/runner/Runner.js:28:21)
      at Object.<anonymous> (app/api/draft/[token]/request-otp/__tests__/request-otp.property.test.ts:801:7)


  โ—  Cannot log after tests are done. Did you forget to wait for something async in your test?
    Attempted to log "OTP: 623447".

    [0m [90m 36 |[39m     [90m// For now, we'll log the OTP for testing[39m
     [90m 37 |[39m     console[33m.[39mlog([32m'OTP email would be sent to:'[39m[33m,[39m 
email)[33m;[39m
    [31m[1m>[22m[39m[90m 38 |[39m     console[33m.[39mlog([32m'OTP:'[39m[33m,[39m otp)[33m;[39m
     [90m    |[39m             [31m[1m^[22m[39m
     [90m 39 |[39m     console[33m.[39mlog([32m'Expires at:'[39m[33m,[39m 
expiresAt[33m.[39mtoISOString())[33m;[39m
     [90m 40 |[39m     
     [90m 41 |[39m     [90m// In production, this would be:[39m[0m

      at console.log (node_modules/@jest/console/build/index.js:147:10)
      at sendOTPEmail (app/api/draft/[token]/request-otp/route.ts:38:13)
      at POST (app/api/draft/[token]/request-otp/route.ts:170:29)
      at app/api/draft/[token]/request-otp/__tests__/request-otp.property.test.ts:837:30
      at AsyncProperty.run (node_modules/fast-check/lib/cjs/check/property/AsyncProperty.generic.js:46:28)
      at asyncRunIt (node_modules/fast-check/lib/cjs/check/runner/Runner.js:28:21)
      at Object.<anonymous> (app/api/draft/[token]/request-otp/__tests__/request-otp.property.test.ts:801:7)


  โ—  Cannot log after tests are done. Did you forget to wait for something async in your test?
    Attempted to log "Expires at: 2026-03-03T04:08:33.598Z".

    [0m [90m 37 |[39m     console[33m.[39mlog([32m'OTP email would be sent to:'[39m[33m,[39m 
email)[33m;[39m
     [90m 38 |[39m     console[33m.[39mlog([32m'OTP:'[39m[33m,[39m otp)[33m;[39m
    [31m[1m>[22m[39m[90m 39 |[39m     console[33m.[39mlog([32m'Expires at:'[39m[33m,[39m 
expiresAt[33m.[39mtoISOString())[33m;[39m
     [90m    |[39m             [31m[1m^[22m[39m
     [90m 40 |[39m     
     [90m 41 |[39m     [90m// In production, this would be:[39m
     [90m 42 |[39m     [90m// const subject = 'เธฃเธซเธฑเธช OTP 
เธชเธณเธซเธฃเธฑเธเน€เธเนเธฒเธ–เธถเธเนเธเธเธเธญเธฃเนเธกเธเธญเธเธเธธเธ“';[39m[0m

      at console.log (node_modules/@jest/console/build/index.js:147:10)
      at sendOTPEmail (app/api/draft/[token]/request-otp/route.ts:39:13)
      at POST (app/api/draft/[token]/request-otp/route.ts:170:29)
      at app/api/draft/[token]/request-otp/__tests__/request-otp.property.test.ts:837:30
      at AsyncProperty.run (node_modules/fast-check/lib/cjs/check/property/AsyncProperty.generic.js:46:28)
      at asyncRunIt (node_modules/fast-check/lib/cjs/check/runner/Runner.js:28:21)
      at Object.<anonymous> (app/api/draft/[token]/request-otp/__tests__/request-otp.property.test.ts:801:7)


  โ—  Cannot log after tests are done. Did you forget to wait for something async in your test?
    Attempted to log "OTP email would be sent to: prop-test-1772510313608-wvfzs@example.com".

    [0m [90m 35 |[39m     [90m// TODO: Implement actual email sending using nodemailer[39m
     [90m 36 |[39m     [90m// For now, we'll log the OTP for testing[39m
    [31m[1m>[22m[39m[90m 37 |[39m     console[33m.[39mlog([32m'OTP email would be sent 
to:'[39m[33m,[39m email)[33m;[39m
     [90m    |[39m             [31m[1m^[22m[39m
     [90m 38 |[39m     console[33m.[39mlog([32m'OTP:'[39m[33m,[39m otp)[33m;[39m
     [90m 39 |[39m     console[33m.[39mlog([32m'Expires at:'[39m[33m,[39m 
expiresAt[33m.[39mtoISOString())[33m;[39m
     [90m 40 |[39m     [0m

      at console.log (node_modules/@jest/console/build/index.js:147:10)
      at sendOTPEmail (app/api/draft/[token]/request-otp/route.ts:37:13)
      at POST (app/api/draft/[token]/request-otp/route.ts:170:29)
      at app/api/draft/[token]/request-otp/__tests__/request-otp.property.test.ts:837:30
      at AsyncProperty.run (node_modules/fast-check/lib/cjs/check/property/AsyncProperty.generic.js:46:28)
      at asyncRunIt (node_modules/fast-check/lib/cjs/check/runner/Runner.js:28:21)
      at Object.<anonymous> (app/api/draft/[token]/request-otp/__tests__/request-otp.property.test.ts:801:7)


  โ—  Cannot log after tests are done. Did you forget to wait for something async in your test?
    Attempted to log "OTP: 223627".

    [0m [90m 36 |[39m     [90m// For now, we'll log the OTP for testing[39m
     [90m 37 |[39m     console[33m.[39mlog([32m'OTP email would be sent to:'[39m[33m,[39m 
email)[33m;[39m
    [31m[1m>[22m[39m[90m 38 |[39m     console[33m.[39mlog([32m'OTP:'[39m[33m,[39m otp)[33m;[39m
     [90m    |[39m             [31m[1m^[22m[39m
     [90m 39 |[39m     console[33m.[39mlog([32m'Expires at:'[39m[33m,[39m 
expiresAt[33m.[39mtoISOString())[33m;[39m
     [90m 40 |[39m     
     [90m 41 |[39m     [90m// In production, this would be:[39m[0m

      at console.log (node_modules/@jest/console/build/index.js:147:10)
      at sendOTPEmail (app/api/draft/[token]/request-otp/route.ts:38:13)
      at POST (app/api/draft/[token]/request-otp/route.ts:170:29)
      at app/api/draft/[token]/request-otp/__tests__/request-otp.property.test.ts:837:30
      at AsyncProperty.run (node_modules/fast-check/lib/cjs/check/property/AsyncProperty.generic.js:46:28)
      at asyncRunIt (node_modules/fast-check/lib/cjs/check/runner/Runner.js:28:21)
      at Object.<anonymous> (app/api/draft/[token]/request-otp/__tests__/request-otp.property.test.ts:801:7)


  โ—  Cannot log after tests are done. Did you forget to wait for something async in your test?
    Attempted to log "Expires at: 2026-03-03T04:08:33.663Z".

    [0m [90m 37 |[39m     console[33m.[39mlog([32m'OTP email would be sent to:'[39m[33m,[39m 
email)[33m;[39m
     [90m 38 |[39m     console[33m.[39mlog([32m'OTP:'[39m[33m,[39m otp)[33m;[39m
    [31m[1m>[22m[39m[90m 39 |[39m     console[33m.[39mlog([32m'Expires at:'[39m[33m,[39m 
expiresAt[33m.[39mtoISOString())[33m;[39m
     [90m    |[39m             [31m[1m^[22m[39m
     [90m 40 |[39m     
     [90m 41 |[39m     [90m// In production, this would be:[39m
     [90m 42 |[39m     [90m// const subject = 'เธฃเธซเธฑเธช OTP 
เธชเธณเธซเธฃเธฑเธเน€เธเนเธฒเธ–เธถเธเนเธเธเธเธญเธฃเนเธกเธเธญเธเธเธธเธ“';[39m[0m

      at console.log (node_modules/@jest/console/build/index.js:147:10)
      at sendOTPEmail (app/api/draft/[token]/request-otp/route.ts:39:13)
      at POST (app/api/draft/[token]/request-otp/route.ts:170:29)
      at app/api/draft/[token]/request-otp/__tests__/request-otp.property.test.ts:837:30
      at AsyncProperty.run (node_modules/fast-check/lib/cjs/check/property/AsyncProperty.generic.js:46:28)
      at asyncRunIt (node_modules/fast-check/lib/cjs/check/runner/Runner.js:28:21)
      at Object.<anonymous> (app/api/draft/[token]/request-otp/__tests__/request-otp.property.test.ts:801:7)


  โ—  Cannot log after tests are done. Did you forget to wait for something async in your test?
    Attempted to log "OTP email would be sent to: prop-test-1772510313671-s16fep@example.com".

    [0m [90m 35 |[39m     [90m// TODO: Implement actual email sending using nodemailer[39m
     [90m 36 |[39m     [90m// For now, we'll log the OTP for testing[39m
    [31m[1m>[22m[39m[90m 37 |[39m     console[33m.[39mlog([32m'OTP email would be sent 
to:'[39m[33m,[39m email)[33m;[39m
     [90m    |[39m             [31m[1m^[22m[39m
     [90m 38 |[39m     console[33m.[39mlog([32m'OTP:'[39m[33m,[39m otp)[33m;[39m
     [90m 39 |[39m     console[33m.[39mlog([32m'Expires at:'[39m[33m,[39m 
expiresAt[33m.[39mtoISOString())[33m;[39m
     [90m 40 |[39m     [0m

      at console.log (node_modules/@jest/console/build/index.js:147:10)
      at sendOTPEmail (app/api/draft/[token]/request-otp/route.ts:37:13)
      at POST (app/api/draft/[token]/request-otp/route.ts:170:29)
      at app/api/draft/[token]/request-otp/__tests__/request-otp.property.test.ts:837:30
      at AsyncProperty.run (node_modules/fast-check/lib/cjs/check/property/AsyncProperty.generic.js:46:28)
      at asyncRunIt (node_modules/fast-check/lib/cjs/check/runner/Runner.js:28:21)
      at Object.<anonymous> (app/api/draft/[token]/request-otp/__tests__/request-otp.property.test.ts:801:7)


  โ—  Cannot log after tests are done. Did you forget to wait for something async in your test?
    Attempted to log "OTP: 592244".

    [0m [90m 36 |[39m     [90m// For now, we'll log the OTP for testing[39m
     [90m 37 |[39m     console[33m.[39mlog([32m'OTP email would be sent to:'[39m[33m,[39m 
email)[33m;[39m
    [31m[1m>[22m[39m[90m 38 |[39m     console[33m.[39mlog([32m'OTP:'[39m[33m,[39m otp)[33m;[39m
     [90m    |[39m             [31m[1m^[22m[39m
     [90m 39 |[39m     console[33m.[39mlog([32m'Expires at:'[39m[33m,[39m 
expiresAt[33m.[39mtoISOString())[33m;[39m
     [90m 40 |[39m     
     [90m 41 |[39m     [90m// In production, this would be:[39m[0m

      at console.log (node_modules/@jest/console/build/index.js:147:10)
      at sendOTPEmail (app/api/draft/[token]/request-otp/route.ts:38:13)
      at POST (app/api/draft/[token]/request-otp/route.ts:170:29)
      at app/api/draft/[token]/request-otp/__tests__/request-otp.property.test.ts:837:30
      at AsyncProperty.run (node_modules/fast-check/lib/cjs/check/property/AsyncProperty.generic.js:46:28)
      at asyncRunIt (node_modules/fast-check/lib/cjs/check/runner/Runner.js:28:21)
      at Object.<anonymous> (app/api/draft/[token]/request-otp/__tests__/request-otp.property.test.ts:801:7)


  โ—  Cannot log after tests are done. Did you forget to wait for something async in your test?
    Attempted to log "Expires at: 2026-03-03T04:08:33.725Z".

    [0m [90m 37 |[39m     console[33m.[39mlog([32m'OTP email would be sent to:'[39m[33m,[39m 
email)[33m;[39m
     [90m 38 |[39m     console[33m.[39mlog([32m'OTP:'[39m[33m,[39m otp)[33m;[39m
    [31m[1m>[22m[39m[90m 39 |[39m     console[33m.[39mlog([32m'Expires at:'[39m[33m,[39m 
expiresAt[33m.[39mtoISOString())[33m;[39m
     [90m    |[39m             [31m[1m^[22m[39m
     [90m 40 |[39m     
     [90m 41 |[39m     [90m// In production, this would be:[39m
     [90m 42 |[39m     [90m// const subject = 'เธฃเธซเธฑเธช OTP 
เธชเธณเธซเธฃเธฑเธเน€เธเนเธฒเธ–เธถเธเนเธเธเธเธญเธฃเนเธกเธเธญเธเธเธธเธ“';[39m[0m

      at console.log (node_modules/@jest/console/build/index.js:147:10)
      at sendOTPEmail (app/api/draft/[token]/request-otp/route.ts:39:13)
      at POST (app/api/draft/[token]/request-otp/route.ts:170:29)
      at app/api/draft/[token]/request-otp/__tests__/request-otp.property.test.ts:837:30
      at AsyncProperty.run (node_modules/fast-check/lib/cjs/check/property/AsyncProperty.generic.js:46:28)
      at asyncRunIt (node_modules/fast-check/lib/cjs/check/runner/Runner.js:28:21)
      at Object.<anonymous> (app/api/draft/[token]/request-otp/__tests__/request-otp.property.test.ts:801:7)


  โ—  Cannot log after tests are done. Did you forget to wait for something async in your test?
    Attempted to log "OTP email would be sent to: prop-test-1772510313731-jjt0kk@example.com".

    [0m [90m 35 |[39m     [90m// TODO: Implement actual email sending using nodemailer[39m
     [90m 36 |[39m     [90m// For now, we'll log the OTP for testing[39m
    [31m[1m>[22m[39m[90m 37 |[39m     console[33m.[39mlog([32m'OTP email would be sent 
to:'[39m[33m,[39m email)[33m;[39m
     [90m    |[39m             [31m[1m^[22m[39m
     [90m 38 |[39m     console[33m.[39mlog([32m'OTP:'[39m[33m,[39m otp)[33m;[39m
     [90m 39 |[39m     console[33m.[39mlog([32m'Expires at:'[39m[33m,[39m 
expiresAt[33m.[39mtoISOString())[33m;[39m
     [90m 40 |[39m     [0m

      at console.log (node_modules/@jest/console/build/index.js:147:10)
      at sendOTPEmail (app/api/draft/[token]/request-otp/route.ts:37:13)
      at POST (app/api/draft/[token]/request-otp/route.ts:170:29)
      at app/api/draft/[token]/request-otp/__tests__/request-otp.property.test.ts:837:30
      at AsyncProperty.run (node_modules/fast-check/lib/cjs/check/property/AsyncProperty.generic.js:46:28)
      at asyncRunIt (node_modules/fast-check/lib/cjs/check/runner/Runner.js:28:21)
      at Object.<anonymous> (app/api/draft/[token]/request-otp/__tests__/request-otp.property.test.ts:801:7)


  โ—  Cannot log after tests are done. Did you forget to wait for something async in your test?
    Attempted to log "OTP: 389718".

    [0m [90m 36 |[39m     [90m// For now, we'll log the OTP for testing[39m
     [90m 37 |[39m     console[33m.[39mlog([32m'OTP email would be sent to:'[39m[33m,[39m 
email)[33m;[39m
    [31m[1m>[22m[39m[90m 38 |[39m     console[33m.[39mlog([32m'OTP:'[39m[33m,[39m otp)[33m;[39m
     [90m    |[39m             [31m[1m^[22m[39m
     [90m 39 |[39m     console[33m.[39mlog([32m'Expires at:'[39m[33m,[39m 
expiresAt[33m.[39mtoISOString())[33m;[39m
     [90m 40 |[39m     
     [90m 41 |[39m     [90m// In production, this would be:[39m[0m

      at console.log (node_modules/@jest/console/build/index.js:147:10)
      at sendOTPEmail (app/api/draft/[token]/request-otp/route.ts:38:13)
      at POST (app/api/draft/[token]/request-otp/route.ts:170:29)
      at app/api/draft/[token]/request-otp/__tests__/request-otp.property.test.ts:837:30
      at AsyncProperty.run (node_modules/fast-check/lib/cjs/check/property/AsyncProperty.generic.js:46:28)
      at asyncRunIt (node_modules/fast-check/lib/cjs/check/runner/Runner.js:28:21)
      at Object.<anonymous> (app/api/draft/[token]/request-otp/__tests__/request-otp.property.test.ts:801:7)


  โ—  Cannot log after tests are done. Did you forget to wait for something async in your test?
    Attempted to log "Expires at: 2026-03-03T04:08:33.788Z".

    [0m [90m 37 |[39m     console[33m.[39mlog([32m'OTP email would be sent to:'[39m[33m,[39m 
email)[33m;[39m
     [90m 38 |[39m     console[33m.[39mlog([32m'OTP:'[39m[33m,[39m otp)[33m;[39m
    [31m[1m>[22m[39m[90m 39 |[39m     console[33m.[39mlog([32m'Expires at:'[39m[33m,[39m 
expiresAt[33m.[39mtoISOString())[33m;[39m
     [90m    |[39m             [31m[1m^[22m[39m
     [90m 40 |[39m     
     [90m 41 |[39m     [90m// In production, this would be:[39m
     [90m 42 |[39m     [90m// const subject = 'เธฃเธซเธฑเธช OTP 
เธชเธณเธซเธฃเธฑเธเน€เธเนเธฒเธ–เธถเธเนเธเธเธเธญเธฃเนเธกเธเธญเธเธเธธเธ“';[39m[0m

      at console.log (node_modules/@jest/console/build/index.js:147:10)
      at sendOTPEmail (app/api/draft/[token]/request-otp/route.ts:39:13)
      at POST (app/api/draft/[token]/request-otp/route.ts:170:29)
      at app/api/draft/[token]/request-otp/__tests__/request-otp.property.test.ts:837:30
      at AsyncProperty.run (node_modules/fast-check/lib/cjs/check/property/AsyncProperty.generic.js:46:28)
      at asyncRunIt (node_modules/fast-check/lib/cjs/check/runner/Runner.js:28:21)
      at Object.<anonymous> (app/api/draft/[token]/request-otp/__tests__/request-otp.property.test.ts:801:7)

FAIL app/api/draft/[token]/verify-otp/__tests__/verify-otp.property.test.ts (36.28 s)
  โ— Console

    console.log
      [dotenv@17.3.1] injecting env (5) from .env.local -- tip: โ๏ธ  specify custom .env file path with { 
path: '/custom/path/.env' }

      at _log (node_modules/dotenv/lib/main.js:139:11)

    console.log
      ๐” Connecting to MongoDB...

      at connectToDatabase (lib/mongodb.ts:19:13)

    console.log
      ๐“ URI: mongodb://<credentials>@localhost:27017/thai_music_school?authSource=admin

      at connectToDatabase (lib/mongodb.ts:20:13)

    console.log
      โ… MongoDB connected successfully to database: thai_music_school

      at connectToDatabase (lib/mongodb.ts:27:13)

    console.log
      OTP email would be sent to: prop-test-1772510279369-q45b1@example.com

      at sendOTPEmail (app/api/draft/[token]/request-otp/route.ts:37:13)

    console.log
      OTP: 721092

      at sendOTPEmail (app/api/draft/[token]/request-otp/route.ts:38:13)

    console.log
      Expires at: 2026-03-03T04:07:59.504Z

      at sendOTPEmail (app/api/draft/[token]/request-otp/route.ts:39:13)

    console.log
      OTP email would be sent to: prop-test-1772510279634-htne3j@example.com

      at sendOTPEmail (app/api/draft/[token]/request-otp/route.ts:37:13)

    console.log
      OTP: 635511

      at sendOTPEmail (app/api/draft/[token]/request-otp/route.ts:38:13)

    console.log
      Expires at: 2026-03-03T04:07:59.734Z

      at sendOTPEmail (app/api/draft/[token]/request-otp/route.ts:39:13)

    console.log
      OTP email would be sent to: prop-test-1772510279942-djf0ba@example.com

      at sendOTPEmail (app/api/draft/[token]/request-otp/route.ts:37:13)

    console.log
      OTP: 537308

      at sendOTPEmail (app/api/draft/[token]/request-otp/route.ts:38:13)

    console.log
      Expires at: 2026-03-03T04:08:00.074Z

      at sendOTPEmail (app/api/draft/[token]/request-otp/route.ts:39:13)

    console.log
      OTP email would be sent to: prop-test-1772510280284-vxumkd@example.com

      at sendOTPEmail (app/api/draft/[token]/request-otp/route.ts:37:13)

    console.log
      OTP: 896804

      at sendOTPEmail (app/api/draft/[token]/request-otp/route.ts:38:13)

    console.log
      Expires at: 2026-03-03T04:08:00.372Z

      at sendOTPEmail (app/api/draft/[token]/request-otp/route.ts:39:13)

    console.log
      OTP email would be sent to: prop-test-1772510280378-ayj0s@example.com

      at sendOTPEmail (app/api/draft/[token]/request-otp/route.ts:37:13)

    console.log
      OTP: 330816

      at sendOTPEmail (app/api/draft/[token]/request-otp/route.ts:38:13)

    console.log
      Expires at: 2026-03-03T04:08:00.488Z

      at sendOTPEmail (app/api/draft/[token]/request-otp/route.ts:39:13)

    console.log
      OTP email would be sent to: prop-test-1772510280670-zjtvp9@example.com

      at sendOTPEmail (app/api/draft/[token]/request-otp/route.ts:37:13)

    console.log
      OTP: 084725

      at sendOTPEmail (app/api/draft/[token]/request-otp/route.ts:38:13)

    console.log
      Expires at: 2026-03-03T04:08:00.757Z

      at sendOTPEmail (app/api/draft/[token]/request-otp/route.ts:39:13)

    console.log
      OTP email would be sent to: prop-test-1772510280923-5vjq9@example.com

      at sendOTPEmail (app/api/draft/[token]/request-otp/route.ts:37:13)

    console.log
      OTP: 816406

      at sendOTPEmail (app/api/draft/[token]/request-otp/route.ts:38:13)

    console.log
      Expires at: 2026-03-03T04:08:00.999Z

      at sendOTPEmail (app/api/draft/[token]/request-otp/route.ts:39:13)

    console.log
      OTP email would be sent to: prop-test-1772510281148-qky4e@example.com

      at sendOTPEmail (app/api/draft/[token]/request-otp/route.ts:37:13)

    console.log
      OTP: 630851

      at sendOTPEmail (app/api/draft/[token]/request-otp/route.ts:38:13)

    console.log
      Expires at: 2026-03-03T04:08:01.217Z

      at sendOTPEmail (app/api/draft/[token]/request-otp/route.ts:39:13)

    console.log
      OTP email would be sent to: prop-test-1772510281355-fl7l5p@example.com

      at sendOTPEmail (app/api/draft/[token]/request-otp/route.ts:37:13)

    console.log
      OTP: 790075

      at sendOTPEmail (app/api/draft/[token]/request-otp/route.ts:38:13)

    console.log
      Expires at: 2026-03-03T04:08:01.421Z

      at sendOTPEmail (app/api/draft/[token]/request-otp/route.ts:39:13)

    console.log
      OTP email would be sent to: prop-test-1772510281556-nb1dvo@example.com

      at sendOTPEmail (app/api/draft/[token]/request-otp/route.ts:37:13)

    console.log
      OTP: 493246

      at sendOTPEmail (app/api/draft/[token]/request-otp/route.ts:38:13)

    console.log
      Expires at: 2026-03-03T04:08:01.624Z

      at sendOTPEmail (app/api/draft/[token]/request-otp/route.ts:39:13)

    console.log
      OTP email would be sent to: prop-test-1772510281761-bttku@example.com

      at sendOTPEmail (app/api/draft/[token]/request-otp/route.ts:37:13)

    console.log
      OTP: 275615

      at sendOTPEmail (app/api/draft/[token]/request-otp/route.ts:38:13)

    console.log
      Expires at: 2026-03-03T04:08:01.824Z

      at sendOTPEmail (app/api/draft/[token]/request-otp/route.ts:39:13)

    console.log
      OTP email would be sent to: prop-test-1772510281956-d6lxcd@example.com

      at sendOTPEmail (app/api/draft/[token]/request-otp/route.ts:37:13)

    console.log
      OTP: 871855

      at sendOTPEmail (app/api/draft/[token]/request-otp/route.ts:38:13)

    console.log
      Expires at: 2026-03-03T04:08:02.019Z

      at sendOTPEmail (app/api/draft/[token]/request-otp/route.ts:39:13)

    console.log
      OTP email would be sent to: prop-test-1772510282146-q8b0ew@example.com

      at sendOTPEmail (app/api/draft/[token]/request-otp/route.ts:37:13)

    console.log
      OTP: 132301

      at sendOTPEmail (app/api/draft/[token]/request-otp/route.ts:38:13)

    console.log
      Expires at: 2026-03-03T04:08:02.213Z

      at sendOTPEmail (app/api/draft/[token]/request-otp/route.ts:39:13)

    console.log
      OTP email would be sent to: prop-test-1772510282345-6ayip@example.com

      at sendOTPEmail (app/api/draft/[token]/request-otp/route.ts:37:13)

    console.log
      OTP: 178264

      at sendOTPEmail (app/api/draft/[token]/request-otp/route.ts:38:13)

    console.log
      Expires at: 2026-03-03T04:08:02.405Z

      at sendOTPEmail (app/api/draft/[token]/request-otp/route.ts:39:13)

    console.log
      OTP email would be sent to: prop-test-1772510282531-y7lqvg@example.com

      at sendOTPEmail (app/api/draft/[token]/request-otp/route.ts:37:13)

    console.log
      OTP: 469061

      at sendOTPEmail (app/api/draft/[token]/request-otp/route.ts:38:13)

    console.log
      Expires at: 2026-03-03T04:08:02.589Z

      at sendOTPEmail (app/api/draft/[token]/request-otp/route.ts:39:13)

    console.log
      OTP email would be sent to: prop-test-1772510282708-mjgebr@example.com

      at sendOTPEmail (app/api/draft/[token]/request-otp/route.ts:37:13)

    console.log
      OTP: 966865

      at sendOTPEmail (app/api/draft/[token]/request-otp/route.ts:38:13)

    console.log
      Expires at: 2026-03-03T04:08:02.765Z

      at sendOTPEmail (app/api/draft/[token]/request-otp/route.ts:39:13)

    console.log
      OTP email would be sent to: prop-test-1772510282887-fut9p4@example.com

      at sendOTPEmail (app/api/draft/[token]/request-otp/route.ts:37:13)

    console.log
      OTP: 887262

      at sendOTPEmail (app/api/draft/[token]/request-otp/route.ts:38:13)

    console.log
      Expires at: 2026-03-03T04:08:02.949Z

      at sendOTPEmail (app/api/draft/[token]/request-otp/route.ts:39:13)

    console.log
      OTP email would be sent to: prop-test-1772510283073-9diba7@example.com

      at sendOTPEmail (app/api/draft/[token]/request-otp/route.ts:37:13)

    console.log
      OTP: 849095

      at sendOTPEmail (app/api/draft/[token]/request-otp/route.ts:38:13)

    console.log
      Expires at: 2026-03-03T04:08:03.138Z

      at sendOTPEmail (app/api/draft/[token]/request-otp/route.ts:39:13)

    console.log
      OTP email would be sent to: prop-test-1772510283274-7godi@example.com

      at sendOTPEmail (app/api/draft/[token]/request-otp/route.ts:37:13)

    console.log
      OTP: 221616

      at sendOTPEmail (app/api/draft/[token]/request-otp/route.ts:38:13)

    console.log
      Expires at: 2026-03-03T04:08:03.337Z

      at sendOTPEmail (app/api/draft/[token]/request-otp/route.ts:39:13)

    console.log
      OTP email would be sent to: prop-test-1772510283474-jsoej@example.com

      at sendOTPEmail (app/api/draft/[token]/request-otp/route.ts:37:13)

    console.log
      OTP: 874669

      at sendOTPEmail (app/api/draft/[token]/request-otp/route.ts:38:13)

    console.log
      Expires at: 2026-03-03T04:08:03.536Z

      at sendOTPEmail (app/api/draft/[token]/request-otp/route.ts:39:13)

    console.log
      OTP email would be sent to: prop-test-1772510283667-zh7a2@example.com

      at sendOTPEmail (app/api/draft/[token]/request-otp/route.ts:37:13)

    console.log
      OTP: 249784

      at sendOTPEmail (app/api/draft/[token]/request-otp/route.ts:38:13)

    console.log
      Expires at: 2026-03-03T04:08:03.729Z

      at sendOTPEmail (app/api/draft/[token]/request-otp/route.ts:39:13)

    console.log
      OTP email would be sent to: prop-test-1772510283854-d7f5xb@example.com

      at sendOTPEmail (app/api/draft/[token]/request-otp/route.ts:37:13)

    console.log
      OTP: 536484

      at sendOTPEmail (app/api/draft/[token]/request-otp/route.ts:38:13)

    console.log
      Expires at: 2026-03-03T04:08:03.913Z

      at sendOTPEmail (app/api/draft/[token]/request-otp/route.ts:39:13)

    console.log
      OTP email would be sent to: prop-test-1772510284037-yiv9b@example.com

      at sendOTPEmail (app/api/draft/[token]/request-otp/route.ts:37:13)

    console.log
      OTP: 088370

      at sendOTPEmail (app/api/draft/[token]/request-otp/route.ts:38:13)

    console.log
      Expires at: 2026-03-03T04:08:04.104Z

      at sendOTPEmail (app/api/draft/[token]/request-otp/route.ts:39:13)

    console.log
      OTP email would be sent to: prop-test-1772510284234-5o17zs@example.com

      at sendOTPEmail (app/api/draft/[token]/request-otp/route.ts:37:13)

    console.log
      OTP: 518144

      at sendOTPEmail (app/api/draft/[token]/request-otp/route.ts:38:13)

    console.log
      Expires at: 2026-03-03T04:08:04.300Z

      at sendOTPEmail (app/api/draft/[token]/request-otp/route.ts:39:13)

    console.log
      OTP email would be sent to: prop-test-1772510284433-5k3ik@example.com

      at sendOTPEmail (app/api/draft/[token]/request-otp/route.ts:37:13)

    console.log
      OTP: 090808

      at sendOTPEmail (app/api/draft/[token]/request-otp/route.ts:38:13)

    console.log
      Expires at: 2026-03-03T04:08:04.513Z

      at sendOTPEmail (app/api/draft/[token]/request-otp/route.ts:39:13)

    console.log
      OTP email would be sent to: prop-test-1772510284515-0c8a2l@example.com

      at sendOTPEmail (app/api/draft/[token]/request-otp/route.ts:37:13)

    console.log
      OTP: 909020

      at sendOTPEmail (app/api/draft/[token]/request-otp/route.ts:38:13)

    console.log
      Expires at: 2026-03-03T04:08:04.582Z

      at sendOTPEmail (app/api/draft/[token]/request-otp/route.ts:39:13)

    console.log
      OTP email would be sent to: prop-test-1772510284518-f1njl@example.com

      at sendOTPEmail (app/api/draft/[token]/request-otp/route.ts:37:13)

    console.log
      OTP: 169350

      at sendOTPEmail (app/api/draft/[token]/request-otp/route.ts:38:13)

    console.log
      Expires at: 2026-03-03T04:08:04.644Z

      at sendOTPEmail (app/api/draft/[token]/request-otp/route.ts:39:13)

    console.log
      OTP email would be sent to: prop-test-1772510284878-5ius4l@example.com

      at sendOTPEmail (app/api/draft/[token]/request-otp/route.ts:37:13)

    console.log
      OTP: 223913

      at sendOTPEmail (app/api/draft/[token]/request-otp/route.ts:38:13)

    console.log
      Expires at: 2026-03-03T04:08:04.937Z

      at sendOTPEmail (app/api/draft/[token]/request-otp/route.ts:39:13)

    console.log
      OTP email would be sent to: prop-test-1772510284880-6fjvtg@example.com

      at sendOTPEmail (app/api/draft/[token]/request-otp/route.ts:37:13)

    console.log
      OTP: 898164

      at sendOTPEmail (app/api/draft/[token]/request-otp/route.ts:38:13)

    console.log
      Expires at: 2026-03-03T04:08:04.995Z

      at sendOTPEmail (app/api/draft/[token]/request-otp/route.ts:39:13)

    console.log
      OTP email would be sent to: prop-test-1772510285241-dz5ryn@example.com

      at sendOTPEmail (app/api/draft/[token]/request-otp/route.ts:37:13)

    console.log
      OTP: 648861

      at sendOTPEmail (app/api/draft/[token]/request-otp/route.ts:38:13)

    console.log
      Expires at: 2026-03-03T04:08:05.305Z

      at sendOTPEmail (app/api/draft/[token]/request-otp/route.ts:39:13)

    console.log
      OTP email would be sent to: prop-test-1772510285244-468xgl@example.com

      at sendOTPEmail (app/api/draft/[token]/request-otp/route.ts:37:13)

    console.log
      OTP: 762307

      at sendOTPEmail (app/api/draft/[token]/request-otp/route.ts:38:13)

    console.log
      Expires at: 2026-03-03T04:08:05.425Z

      at sendOTPEmail (app/api/draft/[token]/request-otp/route.ts:39:13)

    console.log
      OTP email would be sent to: prop-test-1772510285559-0zf4u@example.com

      at sendOTPEmail (app/api/draft/[token]/request-otp/route.ts:37:13)

    console.log
      OTP: 660506

      at sendOTPEmail (app/api/draft/[token]/request-otp/route.ts:38:13)

    console.log
      Expires at: 2026-03-03T04:08:05.684Z

      at sendOTPEmail (app/api/draft/[token]/request-otp/route.ts:39:13)

    console.log
      OTP email would be sent to: prop-test-1772510285623-a9s9ai@example.com

      at sendOTPEmail (app/api/draft/[token]/request-otp/route.ts:37:13)

    console.log
      OTP: 626641

      at sendOTPEmail (app/api/draft/[token]/request-otp/route.ts:38:13)

    console.log
      Expires at: 2026-03-03T04:08:05.834Z

      at sendOTPEmail (app/api/draft/[token]/request-otp/route.ts:39:13)

    console.log
      OTP email would be sent to: prop-test-1772510285963-qdb7mg@example.com

      at sendOTPEmail (app/api/draft/[token]/request-otp/route.ts:37:13)

    console.log
      OTP: 766081

      at sendOTPEmail (app/api/draft/[token]/request-otp/route.ts:38:13)

    console.log
      Expires at: 2026-03-03T04:08:06.087Z

      at sendOTPEmail (app/api/draft/[token]/request-otp/route.ts:39:13)

    console.log
      OTP email would be sent to: prop-test-1772510286147-95txqq@example.com

      at sendOTPEmail (app/api/draft/[token]/request-otp/route.ts:37:13)

    console.log
      OTP: 999306

      at sendOTPEmail (app/api/draft/[token]/request-otp/route.ts:38:13)

    console.log
      Expires at: 2026-03-03T04:08:06.267Z

      at sendOTPEmail (app/api/draft/[token]/request-otp/route.ts:39:13)

    console.log
      OTP email would be sent to: prop-test-1772510286268-8di0lf@example.com

      at sendOTPEmail (app/api/draft/[token]/request-otp/route.ts:37:13)

    console.log
      OTP: 282645

      at sendOTPEmail (app/api/draft/[token]/request-otp/route.ts:38:13)

    console.log
      Expires at: 2026-03-03T04:08:06.389Z

      at sendOTPEmail (app/api/draft/[token]/request-otp/route.ts:39:13)

    console.log
      OTP email would be sent to: prop-test-1772510286511-uyn45@example.com

      at sendOTPEmail (app/api/draft/[token]/request-otp/route.ts:37:13)

    console.log
      OTP: 325252

      at sendOTPEmail (app/api/draft/[token]/request-otp/route.ts:38:13)

    console.log
      Expires at: 2026-03-03T04:08:06.630Z

      at sendOTPEmail (app/api/draft/[token]/request-otp/route.ts:39:13)

    console.log
      OTP email would be sent to: prop-test-1772510286572-eg82np@example.com

      at sendOTPEmail (app/api/draft/[token]/request-otp/route.ts:37:13)

    console.log
      OTP: 334340

      at sendOTPEmail (app/api/draft/[token]/request-otp/route.ts:38:13)

    console.log
      Expires at: 2026-03-03T04:08:06.690Z

      at sendOTPEmail (app/api/draft/[token]/request-otp/route.ts:39:13)

    console.log
      OTP email would be sent to: prop-test-1772510286931-domfo@example.com

      at sendOTPEmail (app/api/draft/[token]/request-otp/route.ts:37:13)

    console.log
      OTP: 415384

      at sendOTPEmail (app/api/draft/[token]/request-otp/route.ts:38:13)

    console.log
      Expires at: 2026-03-03T04:08:06.993Z

      at sendOTPEmail (app/api/draft/[token]/request-otp/route.ts:39:13)

    console.log
      OTP email would be sent to: prop-test-1772510286933-u3qyri@example.com

      at sendOTPEmail (app/api/draft/[token]/request-otp/route.ts:37:13)

    console.log
      OTP: 575849

      at sendOTPEmail (app/api/draft/[token]/request-otp/route.ts:38:13)

    console.log
      Expires at: 2026-03-03T04:08:07.056Z

      at sendOTPEmail (app/api/draft/[token]/request-otp/route.ts:39:13)

    console.log
      OTP email would be sent to: prop-test-1772510287338-mie47d@example.com

      at sendOTPEmail (app/api/draft/[token]/request-otp/route.ts:37:13)

    console.log
      OTP: 938869

      at sendOTPEmail (app/api/draft/[token]/request-otp/route.ts:38:13)

    console.log
      Expires at: 2026-03-03T04:08:07.400Z

      at sendOTPEmail (app/api/draft/[token]/request-otp/route.ts:39:13)

    console.log
      OTP email would be sent to: prop-test-1772510287340-qh6hh@example.com

      at sendOTPEmail (app/api/draft/[token]/request-otp/route.ts:37:13)

    console.log
      OTP: 831782

      at sendOTPEmail (app/api/draft/[token]/request-otp/route.ts:38:13)

    console.log
      Expires at: 2026-03-03T04:08:07.460Z

      at sendOTPEmail (app/api/draft/[token]/request-otp/route.ts:39:13)

    console.log
      OTP email would be sent to: prop-test-1772510287696-08k1w@example.com

      at sendOTPEmail (app/api/draft/[token]/request-otp/route.ts:37:13)

    console.log
      OTP: 108208

      at sendOTPEmail (app/api/draft/[token]/request-otp/route.ts:38:13)

    console.log
      Expires at: 2026-03-03T04:08:07.758Z

      at sendOTPEmail (app/api/draft/[token]/request-otp/route.ts:39:13)

    console.log
      OTP email would be sent to: prop-test-1772510287699-yz6spn@example.com

      at sendOTPEmail (app/api/draft/[token]/request-otp/route.ts:37:13)

    console.log
      OTP: 450165

      at sendOTPEmail (app/api/draft/[token]/request-otp/route.ts:38:13)

    console.log
      Expires at: 2026-03-03T04:08:07.817Z

      at sendOTPEmail (app/api/draft/[token]/request-otp/route.ts:39:13)

    console.log
      OTP email would be sent to: prop-test-1772510288065-s1pbx@example.com

      at sendOTPEmail (app/api/draft/[token]/request-otp/route.ts:37:13)

    console.log
      OTP: 271076

      at sendOTPEmail (app/api/draft/[token]/request-otp/route.ts:38:13)

    console.log
      Expires at: 2026-03-03T04:08:08.131Z

      at sendOTPEmail (app/api/draft/[token]/request-otp/route.ts:39:13)

    console.log
      OTP email would be sent to: prop-test-1772510288134-bdmiu@example.com

      at sendOTPEmail (app/api/draft/[token]/request-otp/route.ts:37:13)

    console.log
      OTP: 564556

      at sendOTPEmail (app/api/draft/[token]/request-otp/route.ts:38:13)

    console.log
      Expires at: 2026-03-03T04:08:08.204Z

      at sendOTPEmail (app/api/draft/[token]/request-otp/route.ts:39:13)

    console.log
      OTP email would be sent to: prop-test-1772510288135-wx3vxj@example.com

      at sendOTPEmail (app/api/draft/[token]/request-otp/route.ts:37:13)

    console.log
      OTP: 486278

      at sendOTPEmail (app/api/draft/[token]/request-otp/route.ts:38:13)

    console.log
      Expires at: 2026-03-03T04:08:08.268Z

      at sendOTPEmail (app/api/draft/[token]/request-otp/route.ts:39:13)

    console.log
      OTP email would be sent to: prop-test-1772510288456-95jbo9@example.com

      at sendOTPEmail (app/api/draft/[token]/request-otp/route.ts:37:13)

    console.log
      OTP: 442067

      at sendOTPEmail (app/api/draft/[token]/request-otp/route.ts:38:13)

    console.log
      Expires at: 2026-03-03T04:08:08.574Z

      at sendOTPEmail (app/api/draft/[token]/request-otp/route.ts:39:13)

    console.log
      OTP email would be sent to: prop-test-1772510288574-af5ds@example.com

      at sendOTPEmail (app/api/draft/[token]/request-otp/route.ts:37:13)

    console.log
      OTP: 637722

      at sendOTPEmail (app/api/draft/[token]/request-otp/route.ts:38:13)

    console.log
      Expires at: 2026-03-03T04:08:08.692Z

      at sendOTPEmail (app/api/draft/[token]/request-otp/route.ts:39:13)

    console.log
      OTP email would be sent to: prop-test-1772510288817-2bg0wu@example.com

      at sendOTPEmail (app/api/draft/[token]/request-otp/route.ts:37:13)

    console.log
      OTP: 553804

      at sendOTPEmail (app/api/draft/[token]/request-otp/route.ts:38:13)

    console.log
      Expires at: 2026-03-03T04:08:08.941Z

      at sendOTPEmail (app/api/draft/[token]/request-otp/route.ts:39:13)

    console.log
      OTP email would be sent to: prop-test-1772510288940-q73h7i@example.com

      at sendOTPEmail (app/api/draft/[token]/request-otp/route.ts:37:13)

    console.log
      OTP: 567186

      at sendOTPEmail (app/api/draft/[token]/request-otp/route.ts:38:13)

    console.log
      Expires at: 2026-03-03T04:08:09.056Z

      at sendOTPEmail (app/api/draft/[token]/request-otp/route.ts:39:13)

    console.log
      OTP email would be sent to: prop-test-1772510289177-bik1m@example.com

      at sendOTPEmail (app/api/draft/[token]/request-otp/route.ts:37:13)

    console.log
      OTP: 235437

      at sendOTPEmail (app/api/draft/[token]/request-otp/route.ts:38:13)

    console.log
      Expires at: 2026-03-03T04:08:09.305Z

      at sendOTPEmail (app/api/draft/[token]/request-otp/route.ts:39:13)

    console.log
      OTP email would be sent to: prop-test-1772510289306-su46jf@example.com

      at sendOTPEmail (app/api/draft/[token]/request-otp/route.ts:37:13)

    console.log
      OTP: 529075

      at sendOTPEmail (app/api/draft/[token]/request-otp/route.ts:38:13)

    console.log
      Expires at: 2026-03-03T04:08:09.431Z

      at sendOTPEmail (app/api/draft/[token]/request-otp/route.ts:39:13)

    console.log
      OTP email would be sent to: prop-test-1772510289494-f1wdoi@example.com

      at sendOTPEmail (app/api/draft/[token]/request-otp/route.ts:37:13)

    console.log
      OTP: 806836

      at sendOTPEmail (app/api/draft/[token]/request-otp/route.ts:38:13)

    console.log
      Expires at: 2026-03-03T04:08:09.557Z

      at sendOTPEmail (app/api/draft/[token]/request-otp/route.ts:39:13)

    console.log
      OTP email would be sent to: prop-test-1772510289496-upthtn@example.com

      at sendOTPEmail (app/api/draft/[token]/request-otp/route.ts:37:13)

    console.log
      OTP: 275324

      at sendOTPEmail (app/api/draft/[token]/request-otp/route.ts:38:13)

    console.log
      Expires at: 2026-03-03T04:08:09.620Z

      at sendOTPEmail (app/api/draft/[token]/request-otp/route.ts:39:13)

    console.log
      OTP email would be sent to: prop-test-1772510289805-sd86qg@example.com

      at sendOTPEmail (app/api/draft/[token]/request-otp/route.ts:37:13)

    console.log
      OTP: 889665

      at sendOTPEmail (app/api/draft/[token]/request-otp/route.ts:38:13)

    console.log
      Expires at: 2026-03-03T04:08:09.865Z

      at sendOTPEmail (app/api/draft/[token]/request-otp/route.ts:39:13)

    console.log
      OTP email would be sent to: prop-test-1772510289806-wx12bv@example.com

      at sendOTPEmail (app/api/draft/[token]/request-otp/route.ts:37:13)

    console.log
      OTP: 086888

      at sendOTPEmail (app/api/draft/[token]/request-otp/route.ts:38:13)

    console.log
      Expires at: 2026-03-03T04:08:09.923Z

      at sendOTPEmail (app/api/draft/[token]/request-otp/route.ts:39:13)

    console.log
      OTP email would be sent to: prop-test-1772510290154-pz76p8@example.com

      at sendOTPEmail (app/api/draft/[token]/request-otp/route.ts:37:13)

    console.log
      OTP: 474865

      at sendOTPEmail (app/api/draft/[token]/request-otp/route.ts:38:13)

    console.log
      Expires at: 2026-03-03T04:08:10.212Z

      at sendOTPEmail (app/api/draft/[token]/request-otp/route.ts:39:13)

    console.log
      OTP email would be sent to: prop-test-1772510290156-0k0blw4@example.com

      at sendOTPEmail (app/api/draft/[token]/request-otp/route.ts:37:13)

    console.log
      OTP: 166455

      at sendOTPEmail (app/api/draft/[token]/request-otp/route.ts:38:13)

    console.log
      Expires at: 2026-03-03T04:08:10.326Z

      at sendOTPEmail (app/api/draft/[token]/request-otp/route.ts:39:13)

    console.log
      OTP email would be sent to: prop-test-1772510290441-ygmoeb@example.com

      at sendOTPEmail (app/api/draft/[token]/request-otp/route.ts:37:13)

    console.log
      OTP: 219650

      at sendOTPEmail (app/api/draft/[token]/request-otp/route.ts:38:13)

    console.log
      Expires at: 2026-03-03T04:08:10.500Z

      at sendOTPEmail (app/api/draft/[token]/request-otp/route.ts:39:13)

    console.log
      OTP email would be sent to: prop-test-1772510290644-ortcmp@example.com

      at sendOTPEmail (app/api/draft/[token]/request-otp/route.ts:37:13)

    console.log
      OTP: 527070

      at sendOTPEmail (app/api/draft/[token]/request-otp/route.ts:38:13)

    console.log
      Expires at: 2026-03-03T04:08:10.764Z

      at sendOTPEmail (app/api/draft/[token]/request-otp/route.ts:39:13)

    console.log
      OTP email would be sent to: prop-test-1772510290706-qgdure@example.com

      at sendOTPEmail (app/api/draft/[token]/request-otp/route.ts:37:13)

    console.log
      OTP: 453513

      at sendOTPEmail (app/api/draft/[token]/request-otp/route.ts:38:13)

    console.log
      Expires at: 2026-03-03T04:08:10.877Z

      at sendOTPEmail (app/api/draft/[token]/request-otp/route.ts:39:13)

    console.log
      OTP email would be sent to: prop-test-1772510290996-hru7id@example.com

      at sendOTPEmail (app/api/draft/[token]/request-otp/route.ts:37:13)

    console.log
      OTP: 334759

      at sendOTPEmail (app/api/draft/[token]/request-otp/route.ts:38:13)

    console.log
      Expires at: 2026-03-03T04:08:11.113Z

      at sendOTPEmail (app/api/draft/[token]/request-otp/route.ts:39:13)

    console.log
      OTP email would be sent to: prop-test-1772510291113-lbccmb@example.com

      at sendOTPEmail (app/api/draft/[token]/request-otp/route.ts:37:13)

    console.log
      OTP: 306428

      at sendOTPEmail (app/api/draft/[token]/request-otp/route.ts:38:13)

    console.log
      Expires at: 2026-03-03T04:08:11.226Z

      at sendOTPEmail (app/api/draft/[token]/request-otp/route.ts:39:13)

    console.log
      OTP email would be sent to: prop-test-1772510291393-y94bjj@example.com

      at sendOTPEmail (app/api/draft/[token]/request-otp/route.ts:37:13)

    console.log
      OTP: 967173

      at sendOTPEmail (app/api/draft/[token]/request-otp/route.ts:38:13)

    console.log
      Expires at: 2026-03-03T04:08:11.448Z

      at sendOTPEmail (app/api/draft/[token]/request-otp/route.ts:39:13)

    console.log
      OTP email would be sent to: prop-test-1772510291395-w5tp6@example.com

      at sendOTPEmail (app/api/draft/[token]/request-otp/route.ts:37:13)

    console.log
      OTP: 726321

      at sendOTPEmail (app/api/draft/[token]/request-otp/route.ts:38:13)

    console.log
      Expires at: 2026-03-03T04:08:11.505Z

      at sendOTPEmail (app/api/draft/[token]/request-otp/route.ts:39:13)

    console.log
      OTP email would be sent to: prop-test-1772510291734-9orifj@example.com

      at sendOTPEmail (app/api/draft/[token]/request-otp/route.ts:37:13)

    console.log
      OTP: 075835

      at sendOTPEmail (app/api/draft/[token]/request-otp/route.ts:38:13)

    console.log
      Expires at: 2026-03-03T04:08:11.793Z

      at sendOTPEmail (app/api/draft/[token]/request-otp/route.ts:39:13)

    console.log
      OTP email would be sent to: prop-test-1772510291737-3wdrwh@example.com

      at sendOTPEmail (app/api/draft/[token]/request-otp/route.ts:37:13)

    console.log
      OTP: 267036

      at sendOTPEmail (app/api/draft/[token]/request-otp/route.ts:38:13)

    console.log
      Expires at: 2026-03-03T04:08:11.905Z

      at sendOTPEmail (app/api/draft/[token]/request-otp/route.ts:39:13)

    console.log
      OTP email would be sent to: prop-test-1772510292017-c6t7au@example.com

      at sendOTPEmail (app/api/draft/[token]/request-otp/route.ts:37:13)

    console.log
      OTP: 563466

      at sendOTPEmail (app/api/draft/[token]/request-otp/route.ts:38:13)

    console.log
      Expires at: 2026-03-03T04:08:12.126Z

      at sendOTPEmail (app/api/draft/[token]/request-otp/route.ts:39:13)

    console.log
      OTP email would be sent to: prop-test-1772510292126-cphvl@example.com

      at sendOTPEmail (app/api/draft/[token]/request-otp/route.ts:37:13)

    console.log
      OTP: 387021

      at sendOTPEmail (app/api/draft/[token]/request-otp/route.ts:38:13)

    console.log
      Expires at: 2026-03-03T04:08:12.236Z

      at sendOTPEmail (app/api/draft/[token]/request-otp/route.ts:39:13)

    console.log
      OTP email would be sent to: prop-test-1772510292344-vk59oe@example.com

      at sendOTPEmail (app/api/draft/[token]/request-otp/route.ts:37:13)

    console.log
      OTP: 204640

      at sendOTPEmail (app/api/draft/[token]/request-otp/route.ts:38:13)

    console.log
      Expires at: 2026-03-03T04:08:12.399Z

      at sendOTPEmail (app/api/draft/[token]/request-otp/route.ts:39:13)

    console.log
      OTP email would be sent to: prop-test-1772510292346-8zxnp@example.com

      at sendOTPEmail (app/api/draft/[token]/request-otp/route.ts:37:13)

    console.log
      OTP: 367883

      at sendOTPEmail (app/api/draft/[token]/request-otp/route.ts:38:13)

    console.log
      Expires at: 2026-03-03T04:08:12.504Z

      at sendOTPEmail (app/api/draft/[token]/request-otp/route.ts:39:13)

    console.log
      OTP email would be sent to: prop-test-1772510292618-nar2zj@example.com

      at sendOTPEmail (app/api/draft/[token]/request-otp/route.ts:37:13)

    console.log
      OTP: 346190

      at sendOTPEmail (app/api/draft/[token]/request-otp/route.ts:38:13)

    console.log
      Expires at: 2026-03-03T04:08:12.733Z

      at sendOTPEmail (app/api/draft/[token]/request-otp/route.ts:39:13)

    console.log
      OTP email would be sent to: prop-test-1772510292732-d4fzv@example.com

      at sendOTPEmail (app/api/draft/[token]/request-otp/route.ts:37:13)

    console.log
      OTP: 569293

      at sendOTPEmail (app/api/draft/[token]/request-otp/route.ts:38:13)

    console.log
      Expires at: 2026-03-03T04:08:12.847Z

      at sendOTPEmail (app/api/draft/[token]/request-otp/route.ts:39:13)

    console.log
      OTP email would be sent to: prop-test-1772510292957-vx1weo@example.com

      at sendOTPEmail (app/api/draft/[token]/request-otp/route.ts:37:13)

    console.log
      OTP: 194126

      at sendOTPEmail (app/api/draft/[token]/request-otp/route.ts:38:13)

    console.log
      Expires at: 2026-03-03T04:08:13.067Z

      at sendOTPEmail (app/api/draft/[token]/request-otp/route.ts:39:13)

    console.log
      OTP email would be sent to: prop-test-1772510293240-y3ebxo@example.com

      at sendOTPEmail (app/api/draft/[token]/request-otp/route.ts:37:13)

    console.log
      OTP: 170109

      at sendOTPEmail (app/api/draft/[token]/request-otp/route.ts:38:13)

    console.log
      Expires at: 2026-03-03T04:08:13.294Z

      at sendOTPEmail (app/api/draft/[token]/request-otp/route.ts:39:13)

    console.log
      OTP email would be sent to: prop-test-1772510293240-mnwi6@example.com

      at sendOTPEmail (app/api/draft/[token]/request-otp/route.ts:37:13)

    console.log
      OTP: 419952

      at sendOTPEmail (app/api/draft/[token]/request-otp/route.ts:38:13)

    console.log
      Expires at: 2026-03-03T04:08:13.348Z

      at sendOTPEmail (app/api/draft/[token]/request-otp/route.ts:39:13)

    console.log
      OTP email would be sent to: prop-test-1772510293124-ewk1hs@example.com

      at sendOTPEmail (app/api/draft/[token]/request-otp/route.ts:37:13)

    console.log
      OTP: 547715

      at sendOTPEmail (app/api/draft/[token]/request-otp/route.ts:38:13)

    console.log
      Expires at: 2026-03-03T04:08:13.180Z

      at sendOTPEmail (app/api/draft/[token]/request-otp/route.ts:39:13)

    console.log
      OTP email would be sent to: prop-test-1772510293459-rfdb1e@example.com

      at sendOTPEmail (app/api/draft/[token]/request-otp/route.ts:37:13)

    console.log
      OTP: 562942

      at sendOTPEmail (app/api/draft/[token]/request-otp/route.ts:38:13)

    console.log
      Expires at: 2026-03-03T04:08:13.625Z

      at sendOTPEmail (app/api/draft/[token]/request-otp/route.ts:39:13)

    console.log
      OTP email would be sent to: prop-test-1772510293569-92u99n@example.com

      at sendOTPEmail (app/api/draft/[token]/request-otp/route.ts:37:13)

    console.log
      OTP: 411719

      at sendOTPEmail (app/api/draft/[token]/request-otp/route.ts:38:13)

    console.log
      Expires at: 2026-03-03T04:08:13.737Z

      at sendOTPEmail (app/api/draft/[token]/request-otp/route.ts:39:13)

    console.log
      OTP email would be sent to: prop-test-1772510293627-d6e6ks@example.com

      at sendOTPEmail (app/api/draft/[token]/request-otp/route.ts:37:13)

    console.log
      OTP: 008375

      at sendOTPEmail (app/api/draft/[token]/request-otp/route.ts:38:13)

    console.log
      Expires at: 2026-03-03T04:08:13.843Z

      at sendOTPEmail (app/api/draft/[token]/request-otp/route.ts:39:13)

    console.log
      OTP email would be sent to: prop-test-1772510293954-2qlxz6@example.com

      at sendOTPEmail (app/api/draft/[token]/request-otp/route.ts:37:13)

    console.log
      OTP: 805877

      at sendOTPEmail (app/api/draft/[token]/request-otp/route.ts:38:13)

    console.log
      Expires at: 2026-03-03T04:08:14.066Z

      at sendOTPEmail (app/api/draft/[token]/request-otp/route.ts:39:13)

    console.log
      OTP email would be sent to: prop-test-1772510294066-p96htk@example.com

      at sendOTPEmail (app/api/draft/[token]/request-otp/route.ts:37:13)

    console.log
      OTP: 147048

      at sendOTPEmail (app/api/draft/[token]/request-otp/route.ts:38:13)

    console.log
      Expires at: 2026-03-03T04:08:14.122Z

      at sendOTPEmail (app/api/draft/[token]/request-otp/route.ts:39:13)

    console.log
      OTP email would be sent to: prop-test-1772510294069-ay53o@example.com

      at sendOTPEmail (app/api/draft/[token]/request-otp/route.ts:37:13)

    console.log
      OTP: 389532

      at sendOTPEmail (app/api/draft/[token]/request-otp/route.ts:38:13)

    console.log
      Expires at: 2026-03-03T04:08:14.231Z

      at sendOTPEmail (app/api/draft/[token]/request-otp/route.ts:39:13)

    console.log
      OTP email would be sent to: prop-test-1772510294123-okg0r@example.com

      at sendOTPEmail (app/api/draft/[token]/request-otp/route.ts:37:13)

    console.log
      OTP: 461580

      at sendOTPEmail (app/api/draft/[token]/request-otp/route.ts:38:13)

    console.log
      Expires at: 2026-03-03T04:08:14.345Z

      at sendOTPEmail (app/api/draft/[token]/request-otp/route.ts:39:13)

    console.log
      OTP email would be sent to: prop-test-1772510294398-9xhbn@example.com

      at sendOTPEmail (app/api/draft/[token]/request-otp/route.ts:37:13)

    console.log
      OTP: 138538

      at sendOTPEmail (app/api/draft/[token]/request-otp/route.ts:38:13)

    console.log
      Expires at: 2026-03-03T04:08:14.616Z

      at sendOTPEmail (app/api/draft/[token]/request-otp/route.ts:39:13)

    console.log
      OTP email would be sent to: prop-test-1772510294617-53g2i@example.com

      at sendOTPEmail (app/api/draft/[token]/request-otp/route.ts:37:13)

    console.log
      OTP: 840656

      at sendOTPEmail (app/api/draft/[token]/request-otp/route.ts:38:13)

    console.log
      Expires at: 2026-03-03T04:08:14.778Z

      at sendOTPEmail (app/api/draft/[token]/request-otp/route.ts:39:13)

    console.log
      OTP email would be sent to: prop-test-1772510294670-k762nwo@example.com

      at sendOTPEmail (app/api/draft/[token]/request-otp/route.ts:37:13)

    console.log
      OTP: 668953

      at sendOTPEmail (app/api/draft/[token]/request-otp/route.ts:38:13)

    console.log
      Expires at: 2026-03-03T04:08:14.833Z

      at sendOTPEmail (app/api/draft/[token]/request-otp/route.ts:39:13)

    console.log
      OTP email would be sent to: prop-test-1772510295000-uvkwh8@example.com

      at sendOTPEmail (app/api/draft/[token]/request-otp/route.ts:37:13)

    console.log
      OTP: 674364

      at sendOTPEmail (app/api/draft/[token]/request-otp/route.ts:38:13)

    console.log
      Expires at: 2026-03-03T04:08:15.060Z

      at sendOTPEmail (app/api/draft/[token]/request-otp/route.ts:39:13)

    console.log
      OTP email would be sent to: prop-test-1772510295003-3suidm@example.com

      at sendOTPEmail (app/api/draft/[token]/request-otp/route.ts:37:13)

    console.log
      OTP: 123621

      at sendOTPEmail (app/api/draft/[token]/request-otp/route.ts:38:13)

    console.log
      Expires at: 2026-03-03T04:08:15.125Z

      at sendOTPEmail (app/api/draft/[token]/request-otp/route.ts:39:13)

    console.log
      OTP email would be sent to: prop-test-1772510295060-an1t8v@example.com

      at sendOTPEmail (app/api/draft/[token]/request-otp/route.ts:37:13)

    console.log
      OTP: 927466

      at sendOTPEmail (app/api/draft/[token]/request-otp/route.ts:38:13)

    console.log
      Expires at: 2026-03-03T04:08:15.294Z

      at sendOTPEmail (app/api/draft/[token]/request-otp/route.ts:39:13)

    console.log
      OTP email would be sent to: prop-test-1772510295459-b5ta5k@example.com

      at sendOTPEmail (app/api/draft/[token]/request-otp/route.ts:37:13)

    console.log
      OTP: 006586

      at sendOTPEmail (app/api/draft/[token]/request-otp/route.ts:38:13)

    console.log
      Expires at: 2026-03-03T04:08:15.584Z

      at sendOTPEmail (app/api/draft/[token]/request-otp/route.ts:39:13)

    console.log
      OTP email would be sent to: prop-test-1772510295523-zvmlbj@example.com

      at sendOTPEmail (app/api/draft/[token]/request-otp/route.ts:37:13)

    console.log
      OTP: 174872

      at sendOTPEmail (app/api/draft/[token]/request-otp/route.ts:38:13)

    console.log
      Expires at: 2026-03-03T04:08:15.652Z

      at sendOTPEmail (app/api/draft/[token]/request-otp/route.ts:39:13)

    console.log
      OTP email would be sent to: prop-test-1772510295584-g3r6x4@example.com

      at sendOTPEmail (app/api/draft/[token]/request-otp/route.ts:37:13)

    console.log
      OTP: 338640

      at sendOTPEmail (app/api/draft/[token]/request-otp/route.ts:38:13)

    console.log
      Expires at: 2026-03-03T04:08:15.783Z

      at sendOTPEmail (app/api/draft/[token]/request-otp/route.ts:39:13)

    console.log
      OTP email would be sent to: prop-test-1772510295901-zehudna@example.com

      at sendOTPEmail (app/api/draft/[token]/request-otp/route.ts:37:13)

    console.log
      OTP: 876341

      at sendOTPEmail (app/api/draft/[token]/request-otp/route.ts:38:13)

    console.log
      Expires at: 2026-03-03T04:08:15.960Z

      at sendOTPEmail (app/api/draft/[token]/request-otp/route.ts:39:13)

    console.log
      OTP email would be sent to: prop-test-1772510295903-35nond@example.com

      at sendOTPEmail (app/api/draft/[token]/request-otp/route.ts:37:13)

    console.log
      OTP: 545301

      at sendOTPEmail (app/api/draft/[token]/request-otp/route.ts:38:13)

    console.log
      Expires at: 2026-03-03T04:08:16.015Z

      at sendOTPEmail (app/api/draft/[token]/request-otp/route.ts:39:13)

    console.log
      OTP email would be sent to: prop-test-1772510295906-w6f761@example.com

      at sendOTPEmail (app/api/draft/[token]/request-otp/route.ts:37:13)

    console.log
      OTP: 323742

      at sendOTPEmail (app/api/draft/[token]/request-otp/route.ts:38:13)

    console.log
      Expires at: 2026-03-03T04:08:16.071Z

      at sendOTPEmail (app/api/draft/[token]/request-otp/route.ts:39:13)

    console.log
      OTP email would be sent to: prop-test-1772510296394-gt03le@example.com

      at sendOTPEmail (app/api/draft/[token]/request-otp/route.ts:37:13)

    console.log
      OTP: 284459

      at sendOTPEmail (app/api/draft/[token]/request-otp/route.ts:38:13)

    console.log
      Expires at: 2026-03-03T04:08:16.452Z

      at sendOTPEmail (app/api/draft/[token]/request-otp/route.ts:39:13)

    console.log
      OTP email would be sent to: prop-test-1772510296395-ezhkem@example.com

      at sendOTPEmail (app/api/draft/[token]/request-otp/route.ts:37:13)

    console.log
      OTP: 720674

      at sendOTPEmail (app/api/draft/[token]/request-otp/route.ts:38:13)

    console.log
      Expires at: 2026-03-03T04:08:16.506Z

      at sendOTPEmail (app/api/draft/[token]/request-otp/route.ts:39:13)

    console.log
      OTP email would be sent to: prop-test-1772510296395-9ydeoa@example.com

      at sendOTPEmail (app/api/draft/[token]/request-otp/route.ts:37:13)

    console.log
      OTP: 792697

      at sendOTPEmail (app/api/draft/[token]/request-otp/route.ts:38:13)

    console.log
      Expires at: 2026-03-03T04:08:16.560Z

      at sendOTPEmail (app/api/draft/[token]/request-otp/route.ts:39:13)

    console.log
      OTP email would be sent to: prop-test-1772510296726-kpwyc@example.com

      at sendOTPEmail (app/api/draft/[token]/request-otp/route.ts:37:13)

    console.log
      OTP: 277751

      at sendOTPEmail (app/api/draft/[token]/request-otp/route.ts:38:13)

    console.log
      Expires at: 2026-03-03T04:08:16.781Z

      at sendOTPEmail (app/api/draft/[token]/request-otp/route.ts:39:13)

    console.log
      OTP email would be sent to: prop-test-1772510296726-vawalj@example.com

      at sendOTPEmail (app/api/draft/[token]/request-otp/route.ts:37:13)

    console.log
      OTP: 796059

      at sendOTPEmail (app/api/draft/[token]/request-otp/route.ts:38:13)

    console.log
      Expires at: 2026-03-03T04:08:16.890Z

      at sendOTPEmail (app/api/draft/[token]/request-otp/route.ts:39:13)

    console.log
      OTP email would be sent to: prop-test-1772510296727-4wqfuj@example.com

      at sendOTPEmail (app/api/draft/[token]/request-otp/route.ts:37:13)

    console.log
      OTP: 825291

      at sendOTPEmail (app/api/draft/[token]/request-otp/route.ts:38:13)

    console.log
      Expires at: 2026-03-03T04:08:16.890Z

      at sendOTPEmail (app/api/draft/[token]/request-otp/route.ts:39:13)

    console.log
      OTP email would be sent to: prop-test-1772510297221-kfjpk9@example.com

      at sendOTPEmail (app/api/draft/[token]/request-otp/route.ts:37:13)

    console.log
      OTP: 822242

      at sendOTPEmail (app/api/draft/[token]/request-otp/route.ts:38:13)

    console.log
      Expires at: 2026-03-03T04:08:17.277Z

      at sendOTPEmail (app/api/draft/[token]/request-otp/route.ts:39:13)

    console.log
      OTP email would be sent to: prop-test-1772510297223-3arv6b@example.com

      at sendOTPEmail (app/api/draft/[token]/request-otp/route.ts:37:13)

    console.log
      OTP: 539650

      at sendOTPEmail (app/api/draft/[token]/request-otp/route.ts:38:13)

    console.log
      Expires at: 2026-03-03T04:08:17.383Z

      at sendOTPEmail (app/api/draft/[token]/request-otp/route.ts:39:13)

    console.log
      OTP email would be sent to: prop-test-1772510297223-z8wmwp@example.com

      at sendOTPEmail (app/api/draft/[token]/request-otp/route.ts:37:13)

    console.log
      OTP: 398569

      at sendOTPEmail (app/api/draft/[token]/request-otp/route.ts:38:13)

    console.log
      Expires at: 2026-03-03T04:08:17.383Z

      at sendOTPEmail (app/api/draft/[token]/request-otp/route.ts:39:13)

    console.log
      OTP email would be sent to: prop-test-1772510297493-gf8g14@example.com

      at sendOTPEmail (app/api/draft/[token]/request-otp/route.ts:37:13)

    console.log
      OTP: 133647

      at sendOTPEmail (app/api/draft/[token]/request-otp/route.ts:38:13)

    console.log
      Expires at: 2026-03-03T04:08:17.548Z

      at sendOTPEmail (app/api/draft/[token]/request-otp/route.ts:39:13)

    console.log
      OTP email would be sent to: prop-test-1772510297495-bgr2xp@example.com

      at sendOTPEmail (app/api/draft/[token]/request-otp/route.ts:37:13)

    console.log
      OTP: 843379

      at sendOTPEmail (app/api/draft/[token]/request-otp/route.ts:38:13)

    console.log
      Expires at: 2026-03-03T04:08:17.603Z

      at sendOTPEmail (app/api/draft/[token]/request-otp/route.ts:39:13)

    console.log
      OTP email would be sent to: prop-test-1772510297496-6bco7@example.com

      at sendOTPEmail (app/api/draft/[token]/request-otp/route.ts:37:13)

    console.log
      OTP: 822061

      at sendOTPEmail (app/api/draft/[token]/request-otp/route.ts:38:13)

    console.log
      Expires at: 2026-03-03T04:08:17.720Z

      at sendOTPEmail (app/api/draft/[token]/request-otp/route.ts:39:13)

    console.log
      OTP email would be sent to: prop-test-1772510297938-m4df3f@example.com

      at sendOTPEmail (app/api/draft/[token]/request-otp/route.ts:37:13)

    console.log
      OTP: 736706

      at sendOTPEmail (app/api/draft/[token]/request-otp/route.ts:38:13)

    console.log
      Expires at: 2026-03-03T04:08:18.048Z

      at sendOTPEmail (app/api/draft/[token]/request-otp/route.ts:39:13)

    console.log
      OTP email would be sent to: prop-test-1772510297992-o9ncts@example.com

      at sendOTPEmail (app/api/draft/[token]/request-otp/route.ts:37:13)

    console.log
      OTP: 764205

      at sendOTPEmail (app/api/draft/[token]/request-otp/route.ts:38:13)

    console.log
      Expires at: 2026-03-03T04:08:18.101Z

      at sendOTPEmail (app/api/draft/[token]/request-otp/route.ts:39:13)

    console.log
      OTP email would be sent to: prop-test-1772510297995-0kb4i@example.com

      at sendOTPEmail (app/api/draft/[token]/request-otp/route.ts:37:13)

    console.log
      OTP: 990624

      at sendOTPEmail (app/api/draft/[token]/request-otp/route.ts:38:13)

    console.log
      Expires at: 2026-03-03T04:08:18.156Z

      at sendOTPEmail (app/api/draft/[token]/request-otp/route.ts:39:13)

    console.log
      OTP email would be sent to: prop-test-1772510298324-sht475@example.com

      at sendOTPEmail (app/api/draft/[token]/request-otp/route.ts:37:13)

    console.log
      OTP: 180455

      at sendOTPEmail (app/api/draft/[token]/request-otp/route.ts:38:13)

    console.log
      Expires at: 2026-03-03T04:08:18.380Z

      at sendOTPEmail (app/api/draft/[token]/request-otp/route.ts:39:13)

    console.log
      OTP email would be sent to: prop-test-1772510298324-nxv1om@example.com

      at sendOTPEmail (app/api/draft/[token]/request-otp/route.ts:37:13)

    console.log
      OTP: 224339

      at sendOTPEmail (app/api/draft/[token]/request-otp/route.ts:38:13)

    console.log
      Expires at: 2026-03-03T04:08:18.488Z

      at sendOTPEmail (app/api/draft/[token]/request-otp/route.ts:39:13)

    console.log
      OTP email would be sent to: prop-test-1772510298323-0gvsad@example.com

      at sendOTPEmail (app/api/draft/[token]/request-otp/route.ts:37:13)

    console.log
      OTP: 452648

      at sendOTPEmail (app/api/draft/[token]/request-otp/route.ts:38:13)

    console.log
      Expires at: 2026-03-03T04:08:18.488Z

      at sendOTPEmail (app/api/draft/[token]/request-otp/route.ts:39:13)

    console.log
      OTP email would be sent to: prop-test-1772510298596-tza2ci@example.com

      at sendOTPEmail (app/api/draft/[token]/request-otp/route.ts:37:13)

    console.log
      OTP: 603585

      at sendOTPEmail (app/api/draft/[token]/request-otp/route.ts:38:13)

    console.log
      Expires at: 2026-03-03T04:08:18.868Z

      at sendOTPEmail (app/api/draft/[token]/request-otp/route.ts:39:13)

    console.log
      OTP email would be sent to: prop-test-1772510298866-xe94zr@example.com

      at sendOTPEmail (app/api/draft/[token]/request-otp/route.ts:37:13)

    console.log
      OTP: 882680

      at sendOTPEmail (app/api/draft/[token]/request-otp/route.ts:38:13)

    console.log
      Expires at: 2026-03-03T04:08:18.980Z

      at sendOTPEmail (app/api/draft/[token]/request-otp/route.ts:39:13)

    console.log
      OTP email would be sent to: prop-test-1772510298870-j97lpe@example.com

      at sendOTPEmail (app/api/draft/[token]/request-otp/route.ts:37:13)

    console.log
      OTP: 298382

      at sendOTPEmail (app/api/draft/[token]/request-otp/route.ts:38:13)

    console.log
      Expires at: 2026-03-03T04:08:19.145Z

      at sendOTPEmail (app/api/draft/[token]/request-otp/route.ts:39:13)

    console.log
      OTP email would be sent to: prop-test-1772510298979-kmfo8f@example.com

      at sendOTPEmail (app/api/draft/[token]/request-otp/route.ts:37:13)

    console.log
      OTP: 175293

      at sendOTPEmail (app/api/draft/[token]/request-otp/route.ts:38:13)

    console.log
      Expires at: 2026-03-03T04:08:19.256Z

      at sendOTPEmail (app/api/draft/[token]/request-otp/route.ts:39:13)

    console.log
      OTP email would be sent to: prop-test-1772510299255-mkszks@example.com

      at sendOTPEmail (app/api/draft/[token]/request-otp/route.ts:37:13)

    console.log
      OTP: 122769

      at sendOTPEmail (app/api/draft/[token]/request-otp/route.ts:38:13)

    console.log
      Expires at: 2026-03-03T04:08:19.473Z

      at sendOTPEmail (app/api/draft/[token]/request-otp/route.ts:39:13)

    console.log
      OTP email would be sent to: prop-test-1772510299366-5pzxnk@example.com

      at sendOTPEmail (app/api/draft/[token]/request-otp/route.ts:37:13)

    console.log
      OTP: 179192

      at sendOTPEmail (app/api/draft/[token]/request-otp/route.ts:38:13)

    console.log
      Expires at: 2026-03-03T04:08:19.637Z

      at sendOTPEmail (app/api/draft/[token]/request-otp/route.ts:39:13)

    console.log
      OTP email would be sent to: prop-test-1772510299581-1y4i0n@example.com

      at sendOTPEmail (app/api/draft/[token]/request-otp/route.ts:37:13)

    console.log
      OTP: 012846

      at sendOTPEmail (app/api/draft/[token]/request-otp/route.ts:38:13)

    console.log
      Expires at: 2026-03-03T04:08:19.799Z

      at sendOTPEmail (app/api/draft/[token]/request-otp/route.ts:39:13)

    console.log
      OTP email would be sent to: prop-test-1772510299636-59azcl@example.com

      at sendOTPEmail (app/api/draft/[token]/request-otp/route.ts:37:13)

    console.log
      OTP: 101910

      at sendOTPEmail (app/api/draft/[token]/request-otp/route.ts:38:13)

    console.log
      Expires at: 2026-03-03T04:08:19.907Z

      at sendOTPEmail (app/api/draft/[token]/request-otp/route.ts:39:13)

    console.log
      OTP email would be sent to: prop-test-1772510299853-dm4hla@example.com

      at sendOTPEmail (app/api/draft/[token]/request-otp/route.ts:37:13)

    console.log
      OTP: 411569

      at sendOTPEmail (app/api/draft/[token]/request-otp/route.ts:38:13)

    console.log
      Expires at: 2026-03-03T04:08:20.125Z

      at sendOTPEmail (app/api/draft/[token]/request-otp/route.ts:39:13)

    console.log
      OTP email would be sent to: prop-test-1772510299962-347li5@example.com

      at sendOTPEmail (app/api/draft/[token]/request-otp/route.ts:37:13)

    console.log
      OTP: 250499

      at sendOTPEmail (app/api/draft/[token]/request-otp/route.ts:38:13)

    console.log
      Expires at: 2026-03-03T04:08:20.235Z

      at sendOTPEmail (app/api/draft/[token]/request-otp/route.ts:39:13)

    console.log
      OTP email would be sent to: prop-test-1772510300288-fbiid@example.com

      at sendOTPEmail (app/api/draft/[token]/request-otp/route.ts:37:13)

    console.log
      OTP: 821837

      at sendOTPEmail (app/api/draft/[token]/request-otp/route.ts:38:13)

    console.log
      Expires at: 2026-03-03T04:08:20.508Z

      at sendOTPEmail (app/api/draft/[token]/request-otp/route.ts:39:13)

    console.log
      OTP email would be sent to: prop-test-1772510300344-u8e3im@example.com

      at sendOTPEmail (app/api/draft/[token]/request-otp/route.ts:37:13)

    console.log
      OTP: 733218

      at sendOTPEmail (app/api/draft/[token]/request-otp/route.ts:38:13)

    console.log
      Expires at: 2026-03-03T04:08:20.562Z

      at sendOTPEmail (app/api/draft/[token]/request-otp/route.ts:39:13)

    console.log
      OTP email would be sent to: prop-test-1772510300560-w9yneo@example.com

      at sendOTPEmail (app/api/draft/[token]/request-otp/route.ts:37:13)

    console.log
      OTP: 686498

      at sendOTPEmail (app/api/draft/[token]/request-otp/route.ts:38:13)

    console.log
      Expires at: 2026-03-03T04:08:20.779Z

      at sendOTPEmail (app/api/draft/[token]/request-otp/route.ts:39:13)

    console.log
      OTP email would be sent to: prop-test-1772510300616-cj898@example.com

      at sendOTPEmail (app/api/draft/[token]/request-otp/route.ts:37:13)

    console.log
      OTP: 838828

      at sendOTPEmail (app/api/draft/[token]/request-otp/route.ts:38:13)

    console.log
      Expires at: 2026-03-03T04:08:20.890Z

      at sendOTPEmail (app/api/draft/[token]/request-otp/route.ts:39:13)

    console.log
      OTP email would be sent to: prop-test-1772510300943-x6vi4b@example.com

      at sendOTPEmail (app/api/draft/[token]/request-otp/route.ts:37:13)

    console.log
      OTP: 973600

      at sendOTPEmail (app/api/draft/[token]/request-otp/route.ts:38:13)

    console.log
      Expires at: 2026-03-03T04:08:21.175Z

      at sendOTPEmail (app/api/draft/[token]/request-otp/route.ts:39:13)

    console.log
      OTP email would be sent to: prop-test-1772510301005-0csr0p@example.com

      at sendOTPEmail (app/api/draft/[token]/request-otp/route.ts:37:13)

    console.log
      OTP: 999273

      at sendOTPEmail (app/api/draft/[token]/request-otp/route.ts:38:13)

    console.log
      Expires at: 2026-03-03T04:08:21.232Z

      at sendOTPEmail (app/api/draft/[token]/request-otp/route.ts:39:13)

    console.log
      OTP email would be sent to: prop-test-1772510301230-3k6m3@example.com

      at sendOTPEmail (app/api/draft/[token]/request-otp/route.ts:37:13)

    console.log
      OTP: 205987

      at sendOTPEmail (app/api/draft/[token]/request-otp/route.ts:38:13)

    console.log
      Expires at: 2026-03-03T04:08:21.447Z

      at sendOTPEmail (app/api/draft/[token]/request-otp/route.ts:39:13)

    console.log
      OTP email would be sent to: prop-test-1772510301287-ukq64@example.com

      at sendOTPEmail (app/api/draft/[token]/request-otp/route.ts:37:13)

    console.log
      OTP: 242491

      at sendOTPEmail (app/api/draft/[token]/request-otp/route.ts:38:13)

    console.log
      Expires at: 2026-03-03T04:08:21.618Z

      at sendOTPEmail (app/api/draft/[token]/request-otp/route.ts:39:13)

    console.log
      OTP email would be sent to: prop-test-1772510301618-4b1s3e@example.com

      at sendOTPEmail (app/api/draft/[token]/request-otp/route.ts:37:13)

    console.log
      OTP: 891741

      at sendOTPEmail (app/api/draft/[token]/request-otp/route.ts:38:13)

    console.log
      Expires at: 2026-03-03T04:08:21.828Z

      at sendOTPEmail (app/api/draft/[token]/request-otp/route.ts:39:13)

    console.log
      OTP email would be sent to: prop-test-1772510301673-9v4qqc@example.com

      at sendOTPEmail (app/api/draft/[token]/request-otp/route.ts:37:13)

    console.log
      OTP: 340072

      at sendOTPEmail (app/api/draft/[token]/request-otp/route.ts:38:13)

    console.log
      Expires at: 2026-03-03T04:08:21.887Z

      at sendOTPEmail (app/api/draft/[token]/request-otp/route.ts:39:13)

    console.log
      OTP email would be sent to: prop-test-1772510301887-dwr22@example.com

      at sendOTPEmail (app/api/draft/[token]/request-otp/route.ts:37:13)

    console.log
      OTP: 186775

      at sendOTPEmail (app/api/draft/[token]/request-otp/route.ts:38:13)

    console.log
      Expires at: 2026-03-03T04:08:22.105Z

      at sendOTPEmail (app/api/draft/[token]/request-otp/route.ts:39:13)

    console.log
      OTP email would be sent to: prop-test-1772510301939-ub6xcp@example.com

      at sendOTPEmail (app/api/draft/[token]/request-otp/route.ts:37:13)

    console.log
      OTP: 597441

      at sendOTPEmail (app/api/draft/[token]/request-otp/route.ts:38:13)

    console.log
      Expires at: 2026-03-03T04:08:22.212Z

      at sendOTPEmail (app/api/draft/[token]/request-otp/route.ts:39:13)

    console.log
      OTP email would be sent to: prop-test-1772510302266-rfhw8k@example.com

      at sendOTPEmail (app/api/draft/[token]/request-otp/route.ts:37:13)

    console.log
      OTP: 779330

      at sendOTPEmail (app/api/draft/[token]/request-otp/route.ts:38:13)

    console.log
      Expires at: 2026-03-03T04:08:22.486Z

      at sendOTPEmail (app/api/draft/[token]/request-otp/route.ts:39:13)

    console.log
      OTP email would be sent to: prop-test-1772510302323-tyis1n@example.com

      at sendOTPEmail (app/api/draft/[token]/request-otp/route.ts:37:13)

    console.log
      OTP: 822393

      at sendOTPEmail (app/api/draft/[token]/request-otp/route.ts:38:13)

    console.log
      Expires at: 2026-03-03T04:08:22.540Z

      at sendOTPEmail (app/api/draft/[token]/request-otp/route.ts:39:13)

    console.log
      OTP email would be sent to: prop-test-1772510302539-jn2st@example.com

      at sendOTPEmail (app/api/draft/[token]/request-otp/route.ts:37:13)

    console.log
      OTP: 931995

      at sendOTPEmail (app/api/draft/[token]/request-otp/route.ts:38:13)

    console.log
      Expires at: 2026-03-03T04:08:22.764Z

      at sendOTPEmail (app/api/draft/[token]/request-otp/route.ts:39:13)

    console.log
      OTP email would be sent to: prop-test-1772510302596-unxpcn@example.com

      at sendOTPEmail (app/api/draft/[token]/request-otp/route.ts:37:13)

    console.log
      OTP: 603444

      at sendOTPEmail (app/api/draft/[token]/request-otp/route.ts:38:13)

    console.log
      Expires at: 2026-03-03T04:08:22.877Z

      at sendOTPEmail (app/api/draft/[token]/request-otp/route.ts:39:13)

    console.log
      OTP email would be sent to: prop-test-1772510302931-nb635p@example.com

      at sendOTPEmail (app/api/draft/[token]/request-otp/route.ts:37:13)

    console.log
      OTP: 480986

      at sendOTPEmail (app/api/draft/[token]/request-otp/route.ts:38:13)

    console.log
      Expires at: 2026-03-03T04:08:23.146Z

      at sendOTPEmail (app/api/draft/[token]/request-otp/route.ts:39:13)

    console.log
      OTP email would be sent to: prop-test-1772510302986-xotqz@example.com

      at sendOTPEmail (app/api/draft/[token]/request-otp/route.ts:37:13)

    console.log
      OTP: 234875

      at sendOTPEmail (app/api/draft/[token]/request-otp/route.ts:38:13)

    console.log
      Expires at: 2026-03-03T04:08:23.202Z

      at sendOTPEmail (app/api/draft/[token]/request-otp/route.ts:39:13)

    console.log
      OTP email would be sent to: prop-test-1772510303200-n5o6ig@example.com

      at sendOTPEmail (app/api/draft/[token]/request-otp/route.ts:37:13)

    console.log
      OTP: 047898

      at sendOTPEmail (app/api/draft/[token]/request-otp/route.ts:38:13)

    console.log
      Expires at: 2026-03-03T04:08:23.422Z

      at sendOTPEmail (app/api/draft/[token]/request-otp/route.ts:39:13)

    console.log
      OTP email would be sent to: prop-test-1772510303256-zh3fze@example.com

      at sendOTPEmail (app/api/draft/[token]/request-otp/route.ts:37:13)

    console.log
      OTP: 137475

      at sendOTPEmail (app/api/draft/[token]/request-otp/route.ts:38:13)

    console.log
      Expires at: 2026-03-03T04:08:23.494Z

      at sendOTPEmail (app/api/draft/[token]/request-otp/route.ts:39:13)

    console.log
      OTP email would be sent to: prop-test-1772510303493-hqidzo@example.com

      at sendOTPEmail (app/api/draft/[token]/request-otp/route.ts:37:13)

    console.log
      OTP: 673057

      at sendOTPEmail (app/api/draft/[token]/request-otp/route.ts:38:13)

    console.log
      Expires at: 2026-03-03T04:08:23.679Z

      at sendOTPEmail (app/api/draft/[token]/request-otp/route.ts:39:13)

    console.log
      OTP email would be sent to: prop-test-1772510303556-p65lc@example.com

      at sendOTPEmail (app/api/draft/[token]/request-otp/route.ts:37:13)

    console.log
      OTP: 347622

      at sendOTPEmail (app/api/draft/[token]/request-otp/route.ts:38:13)

    console.log
      Expires at: 2026-03-03T04:08:23.739Z

      at sendOTPEmail (app/api/draft/[token]/request-otp/route.ts:39:13)

    console.log
      OTP email would be sent to: prop-test-1772510303616-ok8qrd@example.com

      at sendOTPEmail (app/api/draft/[token]/request-otp/route.ts:37:13)

    console.log
      OTP: 855228

      at sendOTPEmail (app/api/draft/[token]/request-otp/route.ts:38:13)

    console.log
      Expires at: 2026-03-03T04:08:23.799Z

      at sendOTPEmail (app/api/draft/[token]/request-otp/route.ts:39:13)

    console.log
      OTP email would be sent to: prop-test-1772510303678-jonwaq@example.com

      at sendOTPEmail (app/api/draft/[token]/request-otp/route.ts:37:13)

    console.log
      OTP: 263292

      at sendOTPEmail (app/api/draft/[token]/request-otp/route.ts:38:13)

    console.log
      Expires at: 2026-03-03T04:08:24.037Z

      at sendOTPEmail (app/api/draft/[token]/request-otp/route.ts:39:13)

    console.log
      OTP email would be sent to: prop-test-1772510304155-qsrwml@example.com

      at sendOTPEmail (app/api/draft/[token]/request-otp/route.ts:37:13)

    console.log
      OTP: 741396

      at sendOTPEmail (app/api/draft/[token]/request-otp/route.ts:38:13)

    console.log
      Expires at: 2026-03-03T04:08:24.396Z

      at sendOTPEmail (app/api/draft/[token]/request-otp/route.ts:39:13)

    console.log
      OTP email would be sent to: prop-test-1772510304274-gmglb7@example.com

      at sendOTPEmail (app/api/draft/[token]/request-otp/route.ts:37:13)

    console.log
      OTP: 893833

      at sendOTPEmail (app/api/draft/[token]/request-otp/route.ts:38:13)

    console.log
      Expires at: 2026-03-03T04:08:24.516Z

      at sendOTPEmail (app/api/draft/[token]/request-otp/route.ts:39:13)

    console.log
      OTP email would be sent to: prop-test-1772510304394-422957@example.com

      at sendOTPEmail (app/api/draft/[token]/request-otp/route.ts:37:13)

    console.log
      OTP: 907567

      at sendOTPEmail (app/api/draft/[token]/request-otp/route.ts:38:13)

    console.log
      Expires at: 2026-03-03T04:08:24.630Z

      at sendOTPEmail (app/api/draft/[token]/request-otp/route.ts:39:13)

    console.log
      OTP email would be sent to: prop-test-1772510304276-jsc1g@example.com

      at sendOTPEmail (app/api/draft/[token]/request-otp/route.ts:37:13)

    console.log
      OTP: 167588

      at sendOTPEmail (app/api/draft/[token]/request-otp/route.ts:38:13)

    console.log
      Expires at: 2026-03-03T04:08:24.631Z

      at sendOTPEmail (app/api/draft/[token]/request-otp/route.ts:39:13)

    console.log
      OTP email would be sent to: prop-test-1772510304516-u15jml@example.com

      at sendOTPEmail (app/api/draft/[token]/request-otp/route.ts:37:13)

    console.log
      OTP: 785697

      at sendOTPEmail (app/api/draft/[token]/request-otp/route.ts:38:13)

    console.log
      Expires at: 2026-03-03T04:08:24.919Z

      at sendOTPEmail (app/api/draft/[token]/request-otp/route.ts:39:13)

    console.log
      OTP email would be sent to: prop-test-1772510304922-yzvgli@example.com

      at sendOTPEmail (app/api/draft/[token]/request-otp/route.ts:37:13)

    console.log
      OTP: 452994

      at sendOTPEmail (app/api/draft/[token]/request-otp/route.ts:38:13)

    console.log
      Expires at: 2026-03-03T04:08:25.263Z

      at sendOTPEmail (app/api/draft/[token]/request-otp/route.ts:39:13)

    console.log
      OTP email would be sent to: prop-test-1772510305149-bex66r@example.com

      at sendOTPEmail (app/api/draft/[token]/request-otp/route.ts:37:13)

    console.log
      OTP: 230076

      at sendOTPEmail (app/api/draft/[token]/request-otp/route.ts:38:13)

    console.log
      Expires at: 2026-03-03T04:08:25.443Z

      at sendOTPEmail (app/api/draft/[token]/request-otp/route.ts:39:13)

    console.log
      OTP email would be sent to: prop-test-1772510305262-vf94vg@example.com

      at sendOTPEmail (app/api/draft/[token]/request-otp/route.ts:37:13)

    console.log
      OTP: 277812

      at sendOTPEmail (app/api/draft/[token]/request-otp/route.ts:38:13)

    console.log
      Expires at: 2026-03-03T04:08:25.443Z

      at sendOTPEmail (app/api/draft/[token]/request-otp/route.ts:39:13)

    console.log
      OTP email would be sent to: prop-test-1772510305264-awahi9@example.com

      at sendOTPEmail (app/api/draft/[token]/request-otp/route.ts:37:13)

    console.log
      OTP: 605299

      at sendOTPEmail (app/api/draft/[token]/request-otp/route.ts:38:13)

    console.log
      Expires at: 2026-03-03T04:08:25.658Z

      at sendOTPEmail (app/api/draft/[token]/request-otp/route.ts:39:13)

    console.log
      OTP email would be sent to: prop-test-1772510305730-o4f0qr@example.com

      at sendOTPEmail (app/api/draft/[token]/request-otp/route.ts:37:13)

    console.log
      OTP: 006799

      at sendOTPEmail (app/api/draft/[token]/request-otp/route.ts:38:13)

    console.log
      Expires at: 2026-03-03T04:08:26.065Z

      at sendOTPEmail (app/api/draft/[token]/request-otp/route.ts:39:13)

    console.log
      OTP email would be sent to: prop-test-1772510306007-l7tl7p@example.com

      at sendOTPEmail (app/api/draft/[token]/request-otp/route.ts:37:13)

    console.log
      OTP: 990172

      at sendOTPEmail (app/api/draft/[token]/request-otp/route.ts:38:13)

    console.log
      Expires at: 2026-03-03T04:08:26.187Z

      at sendOTPEmail (app/api/draft/[token]/request-otp/route.ts:39:13)

    console.log
      OTP email would be sent to: prop-test-1772510306065-ljr2b@example.com

      at sendOTPEmail (app/api/draft/[token]/request-otp/route.ts:37:13)

    console.log
      OTP: 470641

      at sendOTPEmail (app/api/draft/[token]/request-otp/route.ts:38:13)

    console.log
      Expires at: 2026-03-03T04:08:26.307Z

      at sendOTPEmail (app/api/draft/[token]/request-otp/route.ts:39:13)

    console.log
      OTP email would be sent to: prop-test-1772510306128-kwn4l@example.com

      at sendOTPEmail (app/api/draft/[token]/request-otp/route.ts:37:13)

    console.log
      OTP: 586661

      at sendOTPEmail (app/api/draft/[token]/request-otp/route.ts:38:13)

    console.log
      Expires at: 2026-03-03T04:08:26.423Z

      at sendOTPEmail (app/api/draft/[token]/request-otp/route.ts:39:13)

    console.log
      OTP email would be sent to: prop-test-1772510306481-5vvj4d@example.com

      at sendOTPEmail (app/api/draft/[token]/request-otp/route.ts:37:13)

    console.log
      OTP: 913507

      at sendOTPEmail (app/api/draft/[token]/request-otp/route.ts:38:13)

    console.log
      Expires at: 2026-03-03T04:08:26.767Z

      at sendOTPEmail (app/api/draft/[token]/request-otp/route.ts:39:13)

    console.log
      OTP email would be sent to: prop-test-1772510306712-scsl1f@example.com

      at sendOTPEmail (app/api/draft/[token]/request-otp/route.ts:37:13)

    console.log
      OTP: 599185

      at sendOTPEmail (app/api/draft/[token]/request-otp/route.ts:38:13)

    console.log
      Expires at: 2026-03-03T04:08:26.884Z

      at sendOTPEmail (app/api/draft/[token]/request-otp/route.ts:39:13)

    console.log
      OTP email would be sent to: prop-test-1772510306768-j53yvf@example.com

      at sendOTPEmail (app/api/draft/[token]/request-otp/route.ts:37:13)

    console.log
      OTP: 397158

      at sendOTPEmail (app/api/draft/[token]/request-otp/route.ts:38:13)

    console.log
      Expires at: 2026-03-03T04:08:26.997Z

      at sendOTPEmail (app/api/draft/[token]/request-otp/route.ts:39:13)

    console.log
      OTP email would be sent to: prop-test-1772510306826-2ncmtx@example.com

      at sendOTPEmail (app/api/draft/[token]/request-otp/route.ts:37:13)

    console.log
      OTP: 143189

      at sendOTPEmail (app/api/draft/[token]/request-otp/route.ts:38:13)

    console.log
      Expires at: 2026-03-03T04:08:27.112Z

      at sendOTPEmail (app/api/draft/[token]/request-otp/route.ts:39:13)

    console.log
      OTP email would be sent to: prop-test-1772510307111-6mgrs8@example.com

      at sendOTPEmail (app/api/draft/[token]/request-otp/route.ts:37:13)

    console.log
      OTP: 630202

      at sendOTPEmail (app/api/draft/[token]/request-otp/route.ts:38:13)

    console.log
      Expires at: 2026-03-03T04:08:27.397Z

      at sendOTPEmail (app/api/draft/[token]/request-otp/route.ts:39:13)

    console.log
      OTP email would be sent to: prop-test-1772510307395-n5inv@example.com

      at sendOTPEmail (app/api/draft/[token]/request-otp/route.ts:37:13)

    console.log
      OTP: 956382

      at sendOTPEmail (app/api/draft/[token]/request-otp/route.ts:38:13)

    console.log
      Expires at: 2026-03-03T04:08:27.575Z

      at sendOTPEmail (app/api/draft/[token]/request-otp/route.ts:39:13)

    console.log
      OTP email would be sent to: prop-test-1772510307458-nuhcvs@example.com

      at sendOTPEmail (app/api/draft/[token]/request-otp/route.ts:37:13)

    console.log
      OTP: 055318

      at sendOTPEmail (app/api/draft/[token]/request-otp/route.ts:38:13)

    console.log
      Expires at: 2026-03-03T04:08:27.747Z

      at sendOTPEmail (app/api/draft/[token]/request-otp/route.ts:39:13)

    console.log
      OTP email would be sent to: prop-test-1772510307575-vxh32o@example.com

      at sendOTPEmail (app/api/draft/[token]/request-otp/route.ts:37:13)

    console.log
      OTP: 309357

      at sendOTPEmail (app/api/draft/[token]/request-otp/route.ts:38:13)

    console.log
      Expires at: 2026-03-03T04:08:27.804Z

      at sendOTPEmail (app/api/draft/[token]/request-otp/route.ts:39:13)

    console.log
      OTP email would be sent to: prop-test-1772510307804-u6raqt@example.com

      at sendOTPEmail (app/api/draft/[token]/request-otp/route.ts:37:13)

    console.log
      OTP: 465123

      at sendOTPEmail (app/api/draft/[token]/request-otp/route.ts:38:13)

    console.log
      Expires at: 2026-03-03T04:08:28.030Z

      at sendOTPEmail (app/api/draft/[token]/request-otp/route.ts:39:13)

    console.log
      OTP email would be sent to: prop-test-1772510308029-sk6r3l@example.com

      at sendOTPEmail (app/api/draft/[token]/request-otp/route.ts:37:13)

    console.log
      OTP: 030550

      at sendOTPEmail (app/api/draft/[token]/request-otp/route.ts:38:13)

    console.log
      Expires at: 2026-03-03T04:08:28.255Z

      at sendOTPEmail (app/api/draft/[token]/request-otp/route.ts:39:13)

    console.log
      OTP email would be sent to: prop-test-1772510308254-g6hqm1@example.com

      at sendOTPEmail (app/api/draft/[token]/request-otp/route.ts:37:13)

    console.log
      OTP: 036973

      at sendOTPEmail (app/api/draft/[token]/request-otp/route.ts:38:13)

    console.log
      Expires at: 2026-03-03T04:08:28.475Z

      at sendOTPEmail (app/api/draft/[token]/request-otp/route.ts:39:13)

    console.log
      OTP email would be sent to: prop-test-1772510308253-6n7rbm@example.com

      at sendOTPEmail (app/api/draft/[token]/request-otp/route.ts:37:13)

    console.log
      OTP: 828837

      at sendOTPEmail (app/api/draft/[token]/request-otp/route.ts:38:13)

    console.log
      Expires at: 2026-03-03T04:08:28.475Z

      at sendOTPEmail (app/api/draft/[token]/request-otp/route.ts:39:13)

    console.log
      OTP email would be sent to: prop-test-1772510308700-e1rz7q@example.com

      at sendOTPEmail (app/api/draft/[token]/request-otp/route.ts:37:13)

    console.log
      OTP: 933677

      at sendOTPEmail (app/api/draft/[token]/request-otp/route.ts:38:13)

    console.log
      Expires at: 2026-03-03T04:08:28.816Z

      at sendOTPEmail (app/api/draft/[token]/request-otp/route.ts:39:13)

    console.log
      OTP email would be sent to: prop-test-1772510308703-dllx1j@example.com

      at sendOTPEmail (app/api/draft/[token]/request-otp/route.ts:37:13)

    console.log
      OTP: 254593

      at sendOTPEmail (app/api/draft/[token]/request-otp/route.ts:38:13)

    console.log
      Expires at: 2026-03-03T04:08:28.875Z

      at sendOTPEmail (app/api/draft/[token]/request-otp/route.ts:39:13)

    console.log
      OTP email would be sent to: prop-test-1772510308704-tts6sg@example.com

      at sendOTPEmail (app/api/draft/[token]/request-otp/route.ts:37:13)

    console.log
      OTP: 634104

      at sendOTPEmail (app/api/draft/[token]/request-otp/route.ts:38:13)

    console.log
      Expires at: 2026-03-03T04:08:28.986Z

      at sendOTPEmail (app/api/draft/[token]/request-otp/route.ts:39:13)

    console.log
      OTP email would be sent to: prop-test-1772510308760-xo3d4h@example.com

      at sendOTPEmail (app/api/draft/[token]/request-otp/route.ts:37:13)

    console.log
      OTP: 631666

      at sendOTPEmail (app/api/draft/[token]/request-otp/route.ts:38:13)

    console.log
      Expires at: 2026-03-03T04:08:29.097Z

      at sendOTPEmail (app/api/draft/[token]/request-otp/route.ts:39:13)

    console.log
      OTP email would be sent to: prop-test-1772510308874-y4te9d@example.com

      at sendOTPEmail (app/api/draft/[token]/request-otp/route.ts:37:13)

    console.log
      OTP: 304176

      at sendOTPEmail (app/api/draft/[token]/request-otp/route.ts:38:13)

    console.log
      Expires at: 2026-03-03T04:08:29.279Z

      at sendOTPEmail (app/api/draft/[token]/request-otp/route.ts:39:13)

    console.log
      OTP email would be sent to: prop-test-1772510309453-l5erch@example.com

      at sendOTPEmail (app/api/draft/[token]/request-otp/route.ts:37:13)

    console.log
      OTP: 442824

      at sendOTPEmail (app/api/draft/[token]/request-otp/route.ts:38:13)

    console.log
      Expires at: 2026-03-03T04:08:29.691Z

      at sendOTPEmail (app/api/draft/[token]/request-otp/route.ts:39:13)

    console.log
      OTP email would be sent to: prop-test-1772510309572-ezpduq@example.com

      at sendOTPEmail (app/api/draft/[token]/request-otp/route.ts:37:13)

    console.log
      OTP: 521795

      at sendOTPEmail (app/api/draft/[token]/request-otp/route.ts:38:13)

    console.log
      Expires at: 2026-03-03T04:08:29.807Z

      at sendOTPEmail (app/api/draft/[token]/request-otp/route.ts:39:13)

    console.log
      OTP email would be sent to: prop-test-1772510309630-52kzab@example.com

      at sendOTPEmail (app/api/draft/[token]/request-otp/route.ts:37:13)

    console.log
      OTP: 247187

      at sendOTPEmail (app/api/draft/[token]/request-otp/route.ts:38:13)

    console.log
      Expires at: 2026-03-03T04:08:29.864Z

      at sendOTPEmail (app/api/draft/[token]/request-otp/route.ts:39:13)

    console.log
      OTP email would be sent to: prop-test-1772510309691-kh8pge@example.com

      at sendOTPEmail (app/api/draft/[token]/request-otp/route.ts:37:13)

    console.log
      OTP: 180363

      at sendOTPEmail (app/api/draft/[token]/request-otp/route.ts:38:13)

    console.log
      Expires at: 2026-03-03T04:08:30.136Z

      at sendOTPEmail (app/api/draft/[token]/request-otp/route.ts:39:13)

    console.log
      OTP email would be sent to: prop-test-1772510309690-b5cvp@example.com

      at sendOTPEmail (app/api/draft/[token]/request-otp/route.ts:37:13)

    console.log
      OTP: 199638

      at sendOTPEmail (app/api/draft/[token]/request-otp/route.ts:38:13)

    console.log
      Expires at: 2026-03-03T04:08:30.136Z

      at sendOTPEmail (app/api/draft/[token]/request-otp/route.ts:39:13)

    console.log
      OTP email would be sent to: prop-test-1772510310309-34e26@example.com

      at sendOTPEmail (app/api/draft/[token]/request-otp/route.ts:37:13)

    console.log
      OTP: 978985

      at sendOTPEmail (app/api/draft/[token]/request-otp/route.ts:38:13)

    console.log
      Expires at: 2026-03-03T04:08:30.596Z

      at sendOTPEmail (app/api/draft/[token]/request-otp/route.ts:39:13)

    console.log
      OTP email would be sent to: prop-test-1772510310537-kpv9u8@example.com

      at sendOTPEmail (app/api/draft/[token]/request-otp/route.ts:37:13)

    console.log
      OTP: 373891

      at sendOTPEmail (app/api/draft/[token]/request-otp/route.ts:38:13)

    console.log
      Expires at: 2026-03-03T04:08:30.711Z

      at sendOTPEmail (app/api/draft/[token]/request-otp/route.ts:39:13)

    console.log
      OTP email would be sent to: prop-test-1772510310597-ts7h2g@example.com

      at sendOTPEmail (app/api/draft/[token]/request-otp/route.ts:37:13)

    console.log
      OTP: 245799

      at sendOTPEmail (app/api/draft/[token]/request-otp/route.ts:38:13)

    console.log
      Expires at: 2026-03-03T04:08:30.827Z

      at sendOTPEmail (app/api/draft/[token]/request-otp/route.ts:39:13)

    console.log
      OTP email would be sent to: prop-test-1772510310597-u28zpb@example.com

      at sendOTPEmail (app/api/draft/[token]/request-otp/route.ts:37:13)

    console.log
      OTP: 974740

      at sendOTPEmail (app/api/draft/[token]/request-otp/route.ts:38:13)

    console.log
      Expires at: 2026-03-03T04:08:30.992Z

      at sendOTPEmail (app/api/draft/[token]/request-otp/route.ts:39:13)

    console.log
      OTP email would be sent to: prop-test-1772510310597-205dbu@example.com

      at sendOTPEmail (app/api/draft/[token]/request-otp/route.ts:37:13)

    console.log
      OTP: 065048

      at sendOTPEmail (app/api/draft/[token]/request-otp/route.ts:38:13)

    console.log
      Expires at: 2026-03-03T04:08:30.992Z

      at sendOTPEmail (app/api/draft/[token]/request-otp/route.ts:39:13)

    console.log
      OTP email would be sent to: prop-test-1772510310992-y3n5cp@example.com

      at sendOTPEmail (app/api/draft/[token]/request-otp/route.ts:37:13)

    console.log
      OTP: 937360

      at sendOTPEmail (app/api/draft/[token]/request-otp/route.ts:38:13)

    console.log
      Expires at: 2026-03-03T04:08:31.391Z

      at sendOTPEmail (app/api/draft/[token]/request-otp/route.ts:39:13)

    console.log
      OTP email would be sent to: prop-test-1772510311393-uda6du@example.com

      at sendOTPEmail (app/api/draft/[token]/request-otp/route.ts:37:13)

    console.log
      OTP: 364054

      at sendOTPEmail (app/api/draft/[token]/request-otp/route.ts:38:13)

    console.log
      Expires at: 2026-03-03T04:08:31.679Z

      at sendOTPEmail (app/api/draft/[token]/request-otp/route.ts:39:13)

    console.log
      OTP email would be sent to: prop-test-1772510311507-42gy29@example.com

      at sendOTPEmail (app/api/draft/[token]/request-otp/route.ts:37:13)

    console.log
      OTP: 241570

      at sendOTPEmail (app/api/draft/[token]/request-otp/route.ts:38:13)

    console.log
      Expires at: 2026-03-03T04:08:31.679Z

      at sendOTPEmail (app/api/draft/[token]/request-otp/route.ts:39:13)

    console.log
      OTP email would be sent to: prop-test-1772510311506-6f989j@example.com

      at sendOTPEmail (app/api/draft/[token]/request-otp/route.ts:37:13)

    console.log
      OTP: 910258

      at sendOTPEmail (app/api/draft/[token]/request-otp/route.ts:38:13)

    console.log
      Expires at: 2026-03-03T04:08:31.738Z

      at sendOTPEmail (app/api/draft/[token]/request-otp/route.ts:39:13)

    console.log
      OTP email would be sent to: prop-test-1772510311509-xklnz3@example.com

      at sendOTPEmail (app/api/draft/[token]/request-otp/route.ts:37:13)

    console.log
      OTP: 493752

      at sendOTPEmail (app/api/draft/[token]/request-otp/route.ts:38:13)

    console.log
      Expires at: 2026-03-03T04:08:31.906Z

      at sendOTPEmail (app/api/draft/[token]/request-otp/route.ts:39:13)

    console.log
      OTP email would be sent to: prop-test-1772510311737-i6vr3i@example.com

      at sendOTPEmail (app/api/draft/[token]/request-otp/route.ts:37:13)

    console.log
      OTP: 594169

      at sendOTPEmail (app/api/draft/[token]/request-otp/route.ts:38:13)

    console.log
      Expires at: 2026-03-03T04:08:32.186Z

      at sendOTPEmail (app/api/draft/[token]/request-otp/route.ts:39:13)

    console.log
      OTP email would be sent to: prop-test-1772510312356-iw3hn4@example.com

      at sendOTPEmail (app/api/draft/[token]/request-otp/route.ts:37:13)

    console.log
      OTP: 239216

      at sendOTPEmail (app/api/draft/[token]/request-otp/route.ts:38:13)

    console.log
      Expires at: 2026-03-03T04:08:32.474Z

      at sendOTPEmail (app/api/draft/[token]/request-otp/route.ts:39:13)

    console.log
      OTP email would be sent to: prop-test-1772510312299-h5yez8@example.com

      at sendOTPEmail (app/api/draft/[token]/request-otp/route.ts:37:13)

    console.log
      OTP: 150466

      at sendOTPEmail (app/api/draft/[token]/request-otp/route.ts:38:13)

    console.log
      Expires at: 2026-03-03T04:08:32.531Z

      at sendOTPEmail (app/api/draft/[token]/request-otp/route.ts:39:13)

    console.log
      OTP email would be sent to: prop-test-1772510312359-3ojxah@example.com

      at sendOTPEmail (app/api/draft/[token]/request-otp/route.ts:37:13)

    console.log
      OTP: 224961

      at sendOTPEmail (app/api/draft/[token]/request-otp/route.ts:38:13)

    console.log
      Expires at: 2026-03-03T04:08:32.642Z

      at sendOTPEmail (app/api/draft/[token]/request-otp/route.ts:39:13)

    console.log
      OTP email would be sent to: prop-test-1772510312363-26b2bf@example.com

      at sendOTPEmail (app/api/draft/[token]/request-otp/route.ts:37:13)

    console.log
      OTP: 240917

      at sendOTPEmail (app/api/draft/[token]/request-otp/route.ts:38:13)

    console.log
      Expires at: 2026-03-03T04:08:32.754Z

      at sendOTPEmail (app/api/draft/[token]/request-otp/route.ts:39:13)

    console.log
      OTP email would be sent to: prop-test-1772510312474-w76pqb@example.com

      at sendOTPEmail (app/api/draft/[token]/request-otp/route.ts:37:13)

    console.log
      OTP: 331442

      at sendOTPEmail (app/api/draft/[token]/request-otp/route.ts:38:13)

    console.log
      Expires at: 2026-03-03T04:08:32.920Z

      at sendOTPEmail (app/api/draft/[token]/request-otp/route.ts:39:13)

    console.log
      OTP email would be sent to: prop-test-1772510313144-net6y@example.com

      at sendOTPEmail (app/api/draft/[token]/request-otp/route.ts:37:13)

    console.log
      OTP: 922508

      at sendOTPEmail (app/api/draft/[token]/request-otp/route.ts:38:13)

    console.log
      Expires at: 2026-03-03T04:08:33.320Z

      at sendOTPEmail (app/api/draft/[token]/request-otp/route.ts:39:13)

    console.log
      OTP email would be sent to: prop-test-1772510313145-ij2lc@example.com

      at sendOTPEmail (app/api/draft/[token]/request-otp/route.ts:37:13)

    console.log
      OTP: 781481

      at sendOTPEmail (app/api/draft/[token]/request-otp/route.ts:38:13)

    console.log
      Expires at: 2026-03-03T04:08:33.377Z

      at sendOTPEmail (app/api/draft/[token]/request-otp/route.ts:39:13)

    console.log
      OTP email would be sent to: prop-test-1772510313204-f03r7n@example.com

      at sendOTPEmail (app/api/draft/[token]/request-otp/route.ts:37:13)

    console.log
      OTP: 571551

      at sendOTPEmail (app/api/draft/[token]/request-otp/route.ts:38:13)

    console.log
      Expires at: 2026-03-03T04:08:33.489Z

      at sendOTPEmail (app/api/draft/[token]/request-otp/route.ts:39:13)

  โ— OTP Verification API Properties โ€บ Property 5: Database Round-trip Preservation via OTP โ€บ should 
preserve form data through database round-trip with OTP verification

    thrown: "Exceeded timeout of 5000 ms for a test.
    Add a timeout value to this test to increase the timeout, if this is a long-running test. See 
https://jestjs.io/docs/api#testname-fn-timeout."

    [0m [90m 79 |[39m     })[33m;[39m
     [90m 80 |[39m
    [31m[1m>[22m[39m[90m 81 |[39m     it([32m'should preserve form data through database round-trip 
with OTP verification'[39m[33m,[39m [36masync[39m () [33m=>[39m {
     [90m    |[39m       [31m[1m^[22m[39m
     [90m 82 |[39m       [36mawait[39m fc[33m.[39massert(
     [90m 83 |[39m         fc[33m.[39masyncProperty(
     [90m 84 |[39m           fc[33m.[39memailAddress()[33m,[39m[0m

      at app/api/draft/[token]/verify-otp/__tests__/verify-otp.property.test.ts:81:7
      at app/api/draft/[token]/verify-otp/__tests__/verify-otp.property.test.ts:59:11
      at Object.<anonymous> (app/api/draft/[token]/verify-otp/__tests__/verify-otp.property.test.ts:23:9)

  โ— OTP Verification API Properties โ€บ Property 5: Database Round-trip Preservation via OTP โ€บ should 
preserve arrays in form data

    thrown: "Exceeded timeout of 5000 ms for a test.
    Add a timeout value to this test to increase the timeout, if this is a long-running test. See 
https://jestjs.io/docs/api#testname-fn-timeout."

    [0m [90m 245 |[39m     })[33m;[39m
     [90m 246 |[39m
    [31m[1m>[22m[39m[90m 247 |[39m     it([32m'should preserve arrays in form data'[39m[33m,[39m 
[36masync[39m () [33m=>[39m {
     [90m     |[39m       [31m[1m^[22m[39m
     [90m 248 |[39m       [36mawait[39m fc[33m.[39massert(
     [90m 249 |[39m         fc[33m.[39masyncProperty(
     [90m 250 |[39m           fc[33m.[39memailAddress()[33m,[39m[0m

      at app/api/draft/[token]/verify-otp/__tests__/verify-otp.property.test.ts:247:7
      at app/api/draft/[token]/verify-otp/__tests__/verify-otp.property.test.ts:59:11
      at Object.<anonymous> (app/api/draft/[token]/verify-otp/__tests__/verify-otp.property.test.ts:23:9)

  โ— OTP Verification API Properties โ€บ Property 5: Database Round-trip Preservation via OTP โ€บ should 
preserve special characters and Unicode in form data

    TypeError: fast_check_1.default.fullUnicode is not a function

    [0m [90m 327 |[39m           fc[33m.[39mrecord({
     [90m 328 |[39m             step1[33m:[39m fc[33m.[39mrecord({
    [31m[1m>[22m[39m[90m 329 |[39m               schoolName[33m:[39m fc[33m.[39mfullUnicode({ 
minLength[33m:[39m [35m1[39m[33m,[39m maxLength[33m:[39m [35m100[39m })[33m,[39m
     [90m     |[39m                              [31m[1m^[22m[39m
     [90m 330 |[39m               description[33m:[39m fc[33m.[39mstring({ minLength[33m:[39m 
[35m0[39m[33m,[39m maxLength[33m:[39m [35m200[39m })[33m,[39m
     [90m 331 |[39m             })[33m,[39m
     [90m 332 |[39m           })[33m,[39m[0m

      at Object.<anonymous> (app/api/draft/[token]/verify-otp/__tests__/verify-otp.property.test.ts:329:30)

  โ— OTP Verification API Properties โ€บ Property 5: Database Round-trip Preservation via OTP โ€บ should 
preserve null and undefined values in form data

    thrown: "Exceeded timeout of 5000 ms for a test.
    Add a timeout value to this test to increase the timeout, if this is a long-running test. See 
https://jestjs.io/docs/api#testname-fn-timeout."

    [0m [90m 390 |[39m     })[33m;[39m
     [90m 391 |[39m
    [31m[1m>[22m[39m[90m 392 |[39m     it([32m'should preserve null and undefined values in form 
data'[39m[33m,[39m [36masync[39m () [33m=>[39m {
     [90m     |[39m       [31m[1m^[22m[39m
     [90m 393 |[39m       [36mawait[39m fc[33m.[39massert(
     [90m 394 |[39m         fc[33m.[39masyncProperty(
     [90m 395 |[39m           fc[33m.[39memailAddress()[33m,[39m[0m

      at app/api/draft/[token]/verify-otp/__tests__/verify-otp.property.test.ts:392:7
      at app/api/draft/[token]/verify-otp/__tests__/verify-otp.property.test.ts:59:11
      at Object.<anonymous> (app/api/draft/[token]/verify-otp/__tests__/verify-otp.property.test.ts:23:9)

  โ— OTP Verification API Properties โ€บ Property 5: Database Round-trip Preservation via OTP โ€บ should 
preserve numeric values and types in form data

    thrown: "Exceeded timeout of 5000 ms for a test.
    Add a timeout value to this test to increase the timeout, if this is a long-running test. See 
https://jestjs.io/docs/api#testname-fn-timeout."

    [0m [90m 460 |[39m     })[33m;[39m
     [90m 461 |[39m
    [31m[1m>[22m[39m[90m 462 |[39m     it([32m'should preserve numeric values and types in form 
data'[39m[33m,[39m [36masync[39m () [33m=>[39m {
     [90m     |[39m       [31m[1m^[22m[39m
     [90m 463 |[39m       [36mawait[39m fc[33m.[39massert(
     [90m 464 |[39m         fc[33m.[39masyncProperty(
     [90m 465 |[39m           fc[33m.[39memailAddress()[33m,[39m[0m

      at app/api/draft/[token]/verify-otp/__tests__/verify-otp.property.test.ts:462:7
      at app/api/draft/[token]/verify-otp/__tests__/verify-otp.property.test.ts:59:11
      at Object.<anonymous> (app/api/draft/[token]/verify-otp/__tests__/verify-otp.property.test.ts:23:9)

  โ— OTP Verification API Properties โ€บ Property 5: Database Round-trip Preservation via OTP โ€บ should 
preserve boolean values in form data

    thrown: "Exceeded timeout of 5000 ms for a test.
    Add a timeout value to this test to increase the timeout, if this is a long-running test. See 
https://jestjs.io/docs/api#testname-fn-timeout."

    [0m [90m 534 |[39m     })[33m;[39m
     [90m 535 |[39m
    [31m[1m>[22m[39m[90m 536 |[39m     it([32m'should preserve boolean values in form 
data'[39m[33m,[39m [36masync[39m () [33m=>[39m {
     [90m     |[39m       [31m[1m^[22m[39m
     [90m 537 |[39m       [36mawait[39m fc[33m.[39massert(
     [90m 538 |[39m         fc[33m.[39masyncProperty(
     [90m 539 |[39m           fc[33m.[39memailAddress()[33m,[39m[0m

      at app/api/draft/[token]/verify-otp/__tests__/verify-otp.property.test.ts:536:7
      at app/api/draft/[token]/verify-otp/__tests__/verify-otp.property.test.ts:59:11
      at Object.<anonymous> (app/api/draft/[token]/verify-otp/__tests__/verify-otp.property.test.ts:23:9)

  โ— OTP Verification API Properties โ€บ Property 5: Database Round-trip Preservation via OTP โ€บ should 
preserve data integrity across both submission types

    thrown: "Exceeded timeout of 5000 ms for a test.
    Add a timeout value to this test to increase the timeout, if this is a long-running test. See 
https://jestjs.io/docs/api#testname-fn-timeout."

    [0m [90m 607 |[39m     })[33m;[39m
     [90m 608 |[39m
    [31m[1m>[22m[39m[90m 609 |[39m     it([32m'should preserve data integrity across both submission 
types'[39m[33m,[39m [36masync[39m () [33m=>[39m {
     [90m     |[39m       [31m[1m^[22m[39m
     [90m 610 |[39m       [36mawait[39m fc[33m.[39massert(
     [90m 611 |[39m         fc[33m.[39masyncProperty(
     [90m 612 |[39m           fc[33m.[39memailAddress()[33m,[39m[0m

      at app/api/draft/[token]/verify-otp/__tests__/verify-otp.property.test.ts:609:7
      at app/api/draft/[token]/verify-otp/__tests__/verify-otp.property.test.ts:59:11
      at Object.<anonymous> (app/api/draft/[token]/verify-otp/__tests__/verify-otp.property.test.ts:23:9)


  โ—  Cannot log after tests are done. Did you forget to wait for something async in your test?
    Attempted to log "OTP email would be sent to: prop-test-1772510313319-rrin1f@example.com".

    [0m [90m 35 |[39m     [90m// TODO: Implement actual email sending using nodemailer[39m
     [90m 36 |[39m     [90m// For now, we'll log the OTP for testing[39m
    [31m[1m>[22m[39m[90m 37 |[39m     console[33m.[39mlog([32m'OTP email would be sent 
to:'[39m[33m,[39m email)[33m;[39m
     [90m    |[39m             [31m[1m^[22m[39m
     [90m 38 |[39m     console[33m.[39mlog([32m'OTP:'[39m[33m,[39m otp)[33m;[39m
     [90m 39 |[39m     console[33m.[39mlog([32m'Expires at:'[39m[33m,[39m 
expiresAt[33m.[39mtoISOString())[33m;[39m
     [90m 40 |[39m     [0m

      at console.log (node_modules/@jest/console/build/index.js:147:10)
      at sendOTPEmail (app/api/draft/[token]/request-otp/route.ts:37:13)
      at POST (app/api/draft/[token]/request-otp/route.ts:170:29)
      at app/api/draft/[token]/verify-otp/__tests__/verify-otp.property.test.ts:640:13
      at AsyncProperty.run (node_modules/fast-check/lib/cjs/check/property/AsyncProperty.generic.js:46:28)
      at asyncRunIt (node_modules/fast-check/lib/cjs/check/runner/Runner.js:28:21)
      at Object.<anonymous> (app/api/draft/[token]/verify-otp/__tests__/verify-otp.property.test.ts:610:7)


  โ—  Cannot log after tests are done. Did you forget to wait for something async in your test?
    Attempted to log "OTP: 538460".

    [0m [90m 36 |[39m     [90m// For now, we'll log the OTP for testing[39m
     [90m 37 |[39m     console[33m.[39mlog([32m'OTP email would be sent to:'[39m[33m,[39m 
email)[33m;[39m
    [31m[1m>[22m[39m[90m 38 |[39m     console[33m.[39mlog([32m'OTP:'[39m[33m,[39m otp)[33m;[39m
     [90m    |[39m             [31m[1m^[22m[39m
     [90m 39 |[39m     console[33m.[39mlog([32m'Expires at:'[39m[33m,[39m 
expiresAt[33m.[39mtoISOString())[33m;[39m
     [90m 40 |[39m     
     [90m 41 |[39m     [90m// In production, this would be:[39m[0m

      at console.log (node_modules/@jest/console/build/index.js:147:10)
      at sendOTPEmail (app/api/draft/[token]/request-otp/route.ts:38:13)
      at POST (app/api/draft/[token]/request-otp/route.ts:170:29)
      at app/api/draft/[token]/verify-otp/__tests__/verify-otp.property.test.ts:640:13
      at AsyncProperty.run (node_modules/fast-check/lib/cjs/check/property/AsyncProperty.generic.js:46:28)
      at asyncRunIt (node_modules/fast-check/lib/cjs/check/runner/Runner.js:28:21)
      at Object.<anonymous> (app/api/draft/[token]/verify-otp/__tests__/verify-otp.property.test.ts:610:7)


  โ—  Cannot log after tests are done. Did you forget to wait for something async in your test?
    Attempted to log "Expires at: 2026-03-03T04:08:33.775Z".

    [0m [90m 37 |[39m     console[33m.[39mlog([32m'OTP email would be sent to:'[39m[33m,[39m 
email)[33m;[39m
     [90m 38 |[39m     console[33m.[39mlog([32m'OTP:'[39m[33m,[39m otp)[33m;[39m
    [31m[1m>[22m[39m[90m 39 |[39m     console[33m.[39mlog([32m'Expires at:'[39m[33m,[39m 
expiresAt[33m.[39mtoISOString())[33m;[39m
     [90m    |[39m             [31m[1m^[22m[39m
     [90m 40 |[39m     
     [90m 41 |[39m     [90m// In production, this would be:[39m
     [90m 42 |[39m     [90m// const subject = 'เธฃเธซเธฑเธช OTP 
เธชเธณเธซเธฃเธฑเธเน€เธเนเธฒเธ–เธถเธเนเธเธเธเธญเธฃเนเธกเธเธญเธเธเธธเธ“';[39m[0m

      at console.log (node_modules/@jest/console/build/index.js:147:10)
      at sendOTPEmail (app/api/draft/[token]/request-otp/route.ts:39:13)
      at POST (app/api/draft/[token]/request-otp/route.ts:170:29)
      at app/api/draft/[token]/verify-otp/__tests__/verify-otp.property.test.ts:640:13
      at AsyncProperty.run (node_modules/fast-check/lib/cjs/check/property/AsyncProperty.generic.js:46:28)
      at asyncRunIt (node_modules/fast-check/lib/cjs/check/runner/Runner.js:28:21)
      at Object.<anonymous> (app/api/draft/[token]/verify-otp/__tests__/verify-otp.property.test.ts:610:7)


ReferenceError: You are trying to `import` a file after the Jest environment has been torn down. From 
app/api/draft/[token]/verify-otp/__tests__/verify-otp.property.test.ts.

    [0m [90m 643 |[39m             )[33m;[39m
     [90m 644 |[39m             
    [31m[1m>[22m[39m[90m 645 |[39m             [36mconst[39m { generateOTP[33m,[39m hashOTP } 
[33m=[39m [36mawait[39m [36mimport[39m([32m'@/lib/utils/otp'[39m)[33m;[39m
     [90m     |[39m                                              [31m[1m^[22m[39m
     [90m 646 |[39m             [36mconst[39m plainOTP [33m=[39m generateOTP()[33m;[39m
     [90m 647 |[39m             [36mawait[39m draftsCollection[33m.[39mupdateOne(
     [90m 648 |[39m               { draftToken[33m:[39m token }[33m,[39m[0m

      at app/api/draft/[token]/verify-otp/__tests__/verify-otp.property.test.ts:645:46
      at app/api/draft/[token]/verify-otp/__tests__/verify-otp.property.test.ts:645:46
      at AsyncProperty.run (node_modules/fast-check/lib/cjs/check/property/AsyncProperty.generic.js:46:28)
      at asyncRunIt (node_modules/fast-check/lib/cjs/check/runner/Runner.js:28:21)
      at Object.<anonymous> (app/api/draft/[token]/verify-otp/__tests__/verify-otp.property.test.ts:610:7)

  โ—  Cannot log after tests are done. Did you forget to wait for something async in your test?
    Attempted to log "OTP email would be sent to: prop-test-1772510313320-a5cck@example.com".

    [0m [90m 35 |[39m     [90m// TODO: Implement actual email sending using nodemailer[39m
     [90m 36 |[39m     [90m// For now, we'll log the OTP for testing[39m
    [31m[1m>[22m[39m[90m 37 |[39m     console[33m.[39mlog([32m'OTP email would be sent 
to:'[39m[33m,[39m email)[33m;[39m
     [90m    |[39m             [31m[1m^[22m[39m
     [90m 38 |[39m     console[33m.[39mlog([32m'OTP:'[39m[33m,[39m otp)[33m;[39m
     [90m 39 |[39m     console[33m.[39mlog([32m'Expires at:'[39m[33m,[39m 
expiresAt[33m.[39mtoISOString())[33m;[39m
     [90m 40 |[39m     [0m

      at console.log (node_modules/@jest/console/build/index.js:147:10)
      at sendOTPEmail (app/api/draft/[token]/request-otp/route.ts:37:13)
      at POST (app/api/draft/[token]/request-otp/route.ts:170:29)
      at app/api/draft/[token]/verify-otp/__tests__/verify-otp.property.test.ts:117:33
      at AsyncProperty.run (node_modules/fast-check/lib/cjs/check/property/AsyncProperty.generic.js:46:28)
      at asyncRunIt (node_modules/fast-check/lib/cjs/check/runner/Runner.js:28:21)
      at Object.<anonymous> (app/api/draft/[token]/verify-otp/__tests__/verify-otp.property.test.ts:82:7)


  โ—  Cannot log after tests are done. Did you forget to wait for something async in your test?
    Attempted to log "OTP: 389940".

    [0m [90m 36 |[39m     [90m// For now, we'll log the OTP for testing[39m
     [90m 37 |[39m     console[33m.[39mlog([32m'OTP email would be sent to:'[39m[33m,[39m 
email)[33m;[39m
    [31m[1m>[22m[39m[90m 38 |[39m     console[33m.[39mlog([32m'OTP:'[39m[33m,[39m otp)[33m;[39m
     [90m    |[39m             [31m[1m^[22m[39m
     [90m 39 |[39m     console[33m.[39mlog([32m'Expires at:'[39m[33m,[39m 
expiresAt[33m.[39mtoISOString())[33m;[39m
     [90m 40 |[39m     
     [90m 41 |[39m     [90m// In production, this would be:[39m[0m

      at console.log (node_modules/@jest/console/build/index.js:147:10)
      at sendOTPEmail (app/api/draft/[token]/request-otp/route.ts:38:13)
      at POST (app/api/draft/[token]/request-otp/route.ts:170:29)
      at app/api/draft/[token]/verify-otp/__tests__/verify-otp.property.test.ts:117:33
      at AsyncProperty.run (node_modules/fast-check/lib/cjs/check/property/AsyncProperty.generic.js:46:28)
      at asyncRunIt (node_modules/fast-check/lib/cjs/check/runner/Runner.js:28:21)
      at Object.<anonymous> (app/api/draft/[token]/verify-otp/__tests__/verify-otp.property.test.ts:82:7)


  โ—  Cannot log after tests are done. Did you forget to wait for something async in your test?
    Attempted to log "Expires at: 2026-03-03T04:08:33.775Z".

    [0m [90m 37 |[39m     console[33m.[39mlog([32m'OTP email would be sent to:'[39m[33m,[39m 
email)[33m;[39m
     [90m 38 |[39m     console[33m.[39mlog([32m'OTP:'[39m[33m,[39m otp)[33m;[39m
    [31m[1m>[22m[39m[90m 39 |[39m     console[33m.[39mlog([32m'Expires at:'[39m[33m,[39m 
expiresAt[33m.[39mtoISOString())[33m;[39m
     [90m    |[39m             [31m[1m^[22m[39m
     [90m 40 |[39m     
     [90m 41 |[39m     [90m// In production, this would be:[39m
     [90m 42 |[39m     [90m// const subject = 'เธฃเธซเธฑเธช OTP 
เธชเธณเธซเธฃเธฑเธเน€เธเนเธฒเธ–เธถเธเนเธเธเธเธญเธฃเนเธกเธเธญเธเธเธธเธ“';[39m[0m

      at console.log (node_modules/@jest/console/build/index.js:147:10)
      at sendOTPEmail (app/api/draft/[token]/request-otp/route.ts:39:13)
      at POST (app/api/draft/[token]/request-otp/route.ts:170:29)
      at app/api/draft/[token]/verify-otp/__tests__/verify-otp.property.test.ts:117:33
      at AsyncProperty.run (node_modules/fast-check/lib/cjs/check/property/AsyncProperty.generic.js:46:28)
      at asyncRunIt (node_modules/fast-check/lib/cjs/check/runner/Runner.js:28:21)
      at Object.<anonymous> (app/api/draft/[token]/verify-otp/__tests__/verify-otp.property.test.ts:82:7)


  โ—  Cannot log after tests are done. Did you forget to wait for something async in your test?
    Attempted to log "OTP email would be sent to: prop-test-1772510313849-uxa109@example.com".

    [0m [90m 35 |[39m     [90m// TODO: Implement actual email sending using nodemailer[39m
     [90m 36 |[39m     [90m// For now, we'll log the OTP for testing[39m
    [31m[1m>[22m[39m[90m 37 |[39m     console[33m.[39mlog([32m'OTP email would be sent 
to:'[39m[33m,[39m email)[33m;[39m
     [90m    |[39m             [31m[1m^[22m[39m
     [90m 38 |[39m     console[33m.[39mlog([32m'OTP:'[39m[33m,[39m otp)[33m;[39m
     [90m 39 |[39m     console[33m.[39mlog([32m'Expires at:'[39m[33m,[39m 
expiresAt[33m.[39mtoISOString())[33m;[39m
     [90m 40 |[39m     [0m

      at console.log (node_modules/@jest/console/build/index.js:147:10)
      at sendOTPEmail (app/api/draft/[token]/request-otp/route.ts:37:13)
      at POST (app/api/draft/[token]/request-otp/route.ts:170:29)
      at app/api/draft/[token]/verify-otp/__tests__/verify-otp.property.test.ts:640:13
      at AsyncProperty.run (node_modules/fast-check/lib/cjs/check/property/AsyncProperty.generic.js:46:28)
      at asyncRunIt (node_modules/fast-check/lib/cjs/check/runner/Runner.js:28:21)
      at Object.<anonymous> (app/api/draft/[token]/verify-otp/__tests__/verify-otp.property.test.ts:610:7)


  โ—  Cannot log after tests are done. Did you forget to wait for something async in your test?
    Attempted to log "OTP: 199691".

    [0m [90m 36 |[39m     [90m// For now, we'll log the OTP for testing[39m
     [90m 37 |[39m     console[33m.[39mlog([32m'OTP email would be sent to:'[39m[33m,[39m 
email)[33m;[39m
    [31m[1m>[22m[39m[90m 38 |[39m     console[33m.[39mlog([32m'OTP:'[39m[33m,[39m otp)[33m;[39m
     [90m    |[39m             [31m[1m^[22m[39m
     [90m 39 |[39m     console[33m.[39mlog([32m'Expires at:'[39m[33m,[39m 
expiresAt[33m.[39mtoISOString())[33m;[39m
     [90m 40 |[39m     
     [90m 41 |[39m     [90m// In production, this would be:[39m[0m

      at console.log (node_modules/@jest/console/build/index.js:147:10)
      at sendOTPEmail (app/api/draft/[token]/request-otp/route.ts:38:13)
      at POST (app/api/draft/[token]/request-otp/route.ts:170:29)
      at app/api/draft/[token]/verify-otp/__tests__/verify-otp.property.test.ts:640:13
      at AsyncProperty.run (node_modules/fast-check/lib/cjs/check/property/AsyncProperty.generic.js:46:28)
      at asyncRunIt (node_modules/fast-check/lib/cjs/check/runner/Runner.js:28:21)
      at Object.<anonymous> (app/api/draft/[token]/verify-otp/__tests__/verify-otp.property.test.ts:610:7)


  โ—  Cannot log after tests are done. Did you forget to wait for something async in your test?
    Attempted to log "Expires at: 2026-03-03T04:08:33.929Z".

    [0m [90m 37 |[39m     console[33m.[39mlog([32m'OTP email would be sent to:'[39m[33m,[39m 
email)[33m;[39m
     [90m 38 |[39m     console[33m.[39mlog([32m'OTP:'[39m[33m,[39m otp)[33m;[39m
    [31m[1m>[22m[39m[90m 39 |[39m     console[33m.[39mlog([32m'Expires at:'[39m[33m,[39m 
expiresAt[33m.[39mtoISOString())[33m;[39m
     [90m    |[39m             [31m[1m^[22m[39m
     [90m 40 |[39m     
     [90m 41 |[39m     [90m// In production, this would be:[39m
     [90m 42 |[39m     [90m// const subject = 'เธฃเธซเธฑเธช OTP 
เธชเธณเธซเธฃเธฑเธเน€เธเนเธฒเธ–เธถเธเนเธเธเธเธญเธฃเนเธกเธเธญเธเธเธธเธ“';[39m[0m

      at console.log (node_modules/@jest/console/build/index.js:147:10)
      at sendOTPEmail (app/api/draft/[token]/request-otp/route.ts:39:13)
      at POST (app/api/draft/[token]/request-otp/route.ts:170:29)
      at app/api/draft/[token]/verify-otp/__tests__/verify-otp.property.test.ts:640:13
      at AsyncProperty.run (node_modules/fast-check/lib/cjs/check/property/AsyncProperty.generic.js:46:28)
      at asyncRunIt (node_modules/fast-check/lib/cjs/check/runner/Runner.js:28:21)
      at Object.<anonymous> (app/api/draft/[token]/verify-otp/__tests__/verify-otp.property.test.ts:610:7)


  โ—  Cannot log after tests are done. Did you forget to wait for something async in your test?
    Attempted to log "OTP email would be sent to: prop-test-1772510313857-0qjgxa@example.com".

    [0m [90m 35 |[39m     [90m// TODO: Implement actual email sending using nodemailer[39m
     [90m 36 |[39m     [90m// For now, we'll log the OTP for testing[39m
    [31m[1m>[22m[39m[90m 37 |[39m     console[33m.[39mlog([32m'OTP email would be sent 
to:'[39m[33m,[39m email)[33m;[39m
     [90m    |[39m             [31m[1m^[22m[39m
     [90m 38 |[39m     console[33m.[39mlog([32m'OTP:'[39m[33m,[39m otp)[33m;[39m
     [90m 39 |[39m     console[33m.[39mlog([32m'Expires at:'[39m[33m,[39m 
expiresAt[33m.[39mtoISOString())[33m;[39m
     [90m 40 |[39m     [0m

      at console.log (node_modules/@jest/console/build/index.js:147:10)
      at sendOTPEmail (app/api/draft/[token]/request-otp/route.ts:37:13)
      at POST (app/api/draft/[token]/request-otp/route.ts:170:29)
      at app/api/draft/[token]/verify-otp/__tests__/verify-otp.property.test.ts:288:13
      at AsyncProperty.run (node_modules/fast-check/lib/cjs/check/property/AsyncProperty.generic.js:46:28)
      at asyncRunIt (node_modules/fast-check/lib/cjs/check/runner/Runner.js:28:21)
      at Object.<anonymous> (app/api/draft/[token]/verify-otp/__tests__/verify-otp.property.test.ts:248:7)


  โ—  Cannot log after tests are done. Did you forget to wait for something async in your test?
    Attempted to log "OTP: 665559".

    [0m [90m 36 |[39m     [90m// For now, we'll log the OTP for testing[39m
     [90m 37 |[39m     console[33m.[39mlog([32m'OTP email would be sent to:'[39m[33m,[39m 
email)[33m;[39m
    [31m[1m>[22m[39m[90m 38 |[39m     console[33m.[39mlog([32m'OTP:'[39m[33m,[39m otp)[33m;[39m
     [90m    |[39m             [31m[1m^[22m[39m
     [90m 39 |[39m     console[33m.[39mlog([32m'Expires at:'[39m[33m,[39m 
expiresAt[33m.[39mtoISOString())[33m;[39m
     [90m 40 |[39m     
     [90m 41 |[39m     [90m// In production, this would be:[39m[0m

      at console.log (node_modules/@jest/console/build/index.js:147:10)
      at sendOTPEmail (app/api/draft/[token]/request-otp/route.ts:38:13)
      at POST (app/api/draft/[token]/request-otp/route.ts:170:29)
      at app/api/draft/[token]/verify-otp/__tests__/verify-otp.property.test.ts:288:13
      at AsyncProperty.run (node_modules/fast-check/lib/cjs/check/property/AsyncProperty.generic.js:46:28)
      at asyncRunIt (node_modules/fast-check/lib/cjs/check/runner/Runner.js:28:21)
      at Object.<anonymous> (app/api/draft/[token]/verify-otp/__tests__/verify-otp.property.test.ts:248:7)


  โ—  Cannot log after tests are done. Did you forget to wait for something async in your test?
    Attempted to log "Expires at: 2026-03-03T04:08:34.046Z".

    [0m [90m 37 |[39m     console[33m.[39mlog([32m'OTP email would be sent to:'[39m[33m,[39m 
email)[33m;[39m
     [90m 38 |[39m     console[33m.[39mlog([32m'OTP:'[39m[33m,[39m otp)[33m;[39m
    [31m[1m>[22m[39m[90m 39 |[39m     console[33m.[39mlog([32m'Expires at:'[39m[33m,[39m 
expiresAt[33m.[39mtoISOString())[33m;[39m
     [90m    |[39m             [31m[1m^[22m[39m
     [90m 40 |[39m     
     [90m 41 |[39m     [90m// In production, this would be:[39m
     [90m 42 |[39m     [90m// const subject = 'เธฃเธซเธฑเธช OTP 
เธชเธณเธซเธฃเธฑเธเน€เธเนเธฒเธ–เธถเธเนเธเธเธเธญเธฃเนเธกเธเธญเธเธเธธเธ“';[39m[0m

      at console.log (node_modules/@jest/console/build/index.js:147:10)
      at sendOTPEmail (app/api/draft/[token]/request-otp/route.ts:39:13)
      at POST (app/api/draft/[token]/request-otp/route.ts:170:29)
      at app/api/draft/[token]/verify-otp/__tests__/verify-otp.property.test.ts:288:13
      at AsyncProperty.run (node_modules/fast-check/lib/cjs/check/property/AsyncProperty.generic.js:46:28)
      at asyncRunIt (node_modules/fast-check/lib/cjs/check/runner/Runner.js:28:21)
      at Object.<anonymous> (app/api/draft/[token]/verify-otp/__tests__/verify-otp.property.test.ts:248:7)


  โ—  Cannot log after tests are done. Did you forget to wait for something async in your test?
    Attempted to log "OTP email would be sent to: prop-test-1772510313860-67089w@example.com".

    [0m [90m 35 |[39m     [90m// TODO: Implement actual email sending using nodemailer[39m
     [90m 36 |[39m     [90m// For now, we'll log the OTP for testing[39m
    [31m[1m>[22m[39m[90m 37 |[39m     console[33m.[39mlog([32m'OTP email would be sent 
to:'[39m[33m,[39m email)[33m;[39m
     [90m    |[39m             [31m[1m^[22m[39m
     [90m 38 |[39m     console[33m.[39mlog([32m'OTP:'[39m[33m,[39m otp)[33m;[39m
     [90m 39 |[39m     console[33m.[39mlog([32m'Expires at:'[39m[33m,[39m 
expiresAt[33m.[39mtoISOString())[33m;[39m
     [90m 40 |[39m     [0m

      at console.log (node_modules/@jest/console/build/index.js:147:10)
      at sendOTPEmail (app/api/draft/[token]/request-otp/route.ts:37:13)
      at POST (app/api/draft/[token]/request-otp/route.ts:170:29)
      at app/api/draft/[token]/verify-otp/__tests__/verify-otp.property.test.ts:117:33
      at AsyncProperty.run (node_modules/fast-check/lib/cjs/check/property/AsyncProperty.generic.js:46:28)
      at asyncRunIt (node_modules/fast-check/lib/cjs/check/runner/Runner.js:28:21)
      at Object.<anonymous> (app/api/draft/[token]/verify-otp/__tests__/verify-otp.property.test.ts:82:7)


  โ—  Cannot log after tests are done. Did you forget to wait for something async in your test?
    Attempted to log "OTP: 662331".

    [0m [90m 36 |[39m     [90m// For now, we'll log the OTP for testing[39m
     [90m 37 |[39m     console[33m.[39mlog([32m'OTP email would be sent to:'[39m[33m,[39m 
email)[33m;[39m
    [31m[1m>[22m[39m[90m 38 |[39m     console[33m.[39mlog([32m'OTP:'[39m[33m,[39m otp)[33m;[39m
     [90m    |[39m             [31m[1m^[22m[39m
     [90m 39 |[39m     console[33m.[39mlog([32m'Expires at:'[39m[33m,[39m 
expiresAt[33m.[39mtoISOString())[33m;[39m
     [90m 40 |[39m     
     [90m 41 |[39m     [90m// In production, this would be:[39m[0m

      at console.log (node_modules/@jest/console/build/index.js:147:10)
      at sendOTPEmail (app/api/draft/[token]/request-otp/route.ts:38:13)
      at POST (app/api/draft/[token]/request-otp/route.ts:170:29)
      at app/api/draft/[token]/verify-otp/__tests__/verify-otp.property.test.ts:117:33
      at AsyncProperty.run (node_modules/fast-check/lib/cjs/check/property/AsyncProperty.generic.js:46:28)
      at asyncRunIt (node_modules/fast-check/lib/cjs/check/runner/Runner.js:28:21)
      at Object.<anonymous> (app/api/draft/[token]/verify-otp/__tests__/verify-otp.property.test.ts:82:7)


  โ—  Cannot log after tests are done. Did you forget to wait for something async in your test?
    Attempted to log "Expires at: 2026-03-03T04:08:34.046Z".

    [0m [90m 37 |[39m     console[33m.[39mlog([32m'OTP email would be sent to:'[39m[33m,[39m 
email)[33m;[39m
     [90m 38 |[39m     console[33m.[39mlog([32m'OTP:'[39m[33m,[39m otp)[33m;[39m
    [31m[1m>[22m[39m[90m 39 |[39m     console[33m.[39mlog([32m'Expires at:'[39m[33m,[39m 
expiresAt[33m.[39mtoISOString())[33m;[39m
     [90m    |[39m             [31m[1m^[22m[39m
     [90m 40 |[39m     
     [90m 41 |[39m     [90m// In production, this would be:[39m
     [90m 42 |[39m     [90m// const subject = 'เธฃเธซเธฑเธช OTP 
เธชเธณเธซเธฃเธฑเธเน€เธเนเธฒเธ–เธถเธเนเธเธเธเธญเธฃเนเธกเธเธญเธเธเธธเธ“';[39m[0m

      at console.log (node_modules/@jest/console/build/index.js:147:10)
      at sendOTPEmail (app/api/draft/[token]/request-otp/route.ts:39:13)
      at POST (app/api/draft/[token]/request-otp/route.ts:170:29)
      at app/api/draft/[token]/verify-otp/__tests__/verify-otp.property.test.ts:117:33
      at AsyncProperty.run (node_modules/fast-check/lib/cjs/check/property/AsyncProperty.generic.js:46:28)
      at asyncRunIt (node_modules/fast-check/lib/cjs/check/runner/Runner.js:28:21)
      at Object.<anonymous> (app/api/draft/[token]/verify-otp/__tests__/verify-otp.property.test.ts:82:7)


  โ—  Cannot log after tests are done. Did you forget to wait for something async in your test?
    Attempted to log "OTP email would be sent to: prop-test-1772510313861-fdu8sd@example.com".

    [0m [90m 35 |[39m     [90m// TODO: Implement actual email sending using nodemailer[39m
     [90m 36 |[39m     [90m// For now, we'll log the OTP for testing[39m
    [31m[1m>[22m[39m[90m 37 |[39m     console[33m.[39mlog([32m'OTP email would be sent 
to:'[39m[33m,[39m email)[33m;[39m
     [90m    |[39m             [31m[1m^[22m[39m
     [90m 38 |[39m     console[33m.[39mlog([32m'OTP:'[39m[33m,[39m otp)[33m;[39m
     [90m 39 |[39m     console[33m.[39mlog([32m'Expires at:'[39m[33m,[39m 
expiresAt[33m.[39mtoISOString())[33m;[39m
     [90m 40 |[39m     [0m

      at console.log (node_modules/@jest/console/build/index.js:147:10)
      at sendOTPEmail (app/api/draft/[token]/request-otp/route.ts:37:13)
      at POST (app/api/draft/[token]/request-otp/route.ts:170:29)
      at app/api/draft/[token]/verify-otp/__tests__/verify-otp.property.test.ts:573:13
      at AsyncProperty.run (node_modules/fast-check/lib/cjs/check/property/AsyncProperty.generic.js:46:28)
      at asyncRunIt (node_modules/fast-check/lib/cjs/check/runner/Runner.js:28:21)
      at Object.<anonymous> (app/api/draft/[token]/verify-otp/__tests__/verify-otp.property.test.ts:537:7)


  โ—  Cannot log after tests are done. Did you forget to wait for something async in your test?
    Attempted to log "OTP: 658233".

    [0m [90m 36 |[39m     [90m// For now, we'll log the OTP for testing[39m
     [90m 37 |[39m     console[33m.[39mlog([32m'OTP email would be sent to:'[39m[33m,[39m 
email)[33m;[39m
    [31m[1m>[22m[39m[90m 38 |[39m     console[33m.[39mlog([32m'OTP:'[39m[33m,[39m otp)[33m;[39m
     [90m    |[39m             [31m[1m^[22m[39m
     [90m 39 |[39m     console[33m.[39mlog([32m'Expires at:'[39m[33m,[39m 
expiresAt[33m.[39mtoISOString())[33m;[39m
     [90m 40 |[39m     
     [90m 41 |[39m     [90m// In production, this would be:[39m[0m

      at console.log (node_modules/@jest/console/build/index.js:147:10)
      at sendOTPEmail (app/api/draft/[token]/request-otp/route.ts:38:13)
      at POST (app/api/draft/[token]/request-otp/route.ts:170:29)
      at app/api/draft/[token]/verify-otp/__tests__/verify-otp.property.test.ts:573:13
      at AsyncProperty.run (node_modules/fast-check/lib/cjs/check/property/AsyncProperty.generic.js:46:28)
      at asyncRunIt (node_modules/fast-check/lib/cjs/check/runner/Runner.js:28:21)
      at Object.<anonymous> (app/api/draft/[token]/verify-otp/__tests__/verify-otp.property.test.ts:537:7)


  โ—  Cannot log after tests are done. Did you forget to wait for something async in your test?
    Attempted to log "Expires at: 2026-03-03T04:08:34.113Z".

    [0m [90m 37 |[39m     console[33m.[39mlog([32m'OTP email would be sent to:'[39m[33m,[39m 
email)[33m;[39m
     [90m 38 |[39m     console[33m.[39mlog([32m'OTP:'[39m[33m,[39m otp)[33m;[39m
    [31m[1m>[22m[39m[90m 39 |[39m     console[33m.[39mlog([32m'Expires at:'[39m[33m,[39m 
expiresAt[33m.[39mtoISOString())[33m;[39m
     [90m    |[39m             [31m[1m^[22m[39m
     [90m 40 |[39m     
     [90m 41 |[39m     [90m// In production, this would be:[39m
     [90m 42 |[39m     [90m// const subject = 'เธฃเธซเธฑเธช OTP 
เธชเธณเธซเธฃเธฑเธเน€เธเนเธฒเธ–เธถเธเนเธเธเธเธญเธฃเนเธกเธเธญเธเธเธธเธ“';[39m[0m

      at console.log (node_modules/@jest/console/build/index.js:147:10)
      at sendOTPEmail (app/api/draft/[token]/request-otp/route.ts:39:13)
      at POST (app/api/draft/[token]/request-otp/route.ts:170:29)
      at app/api/draft/[token]/verify-otp/__tests__/verify-otp.property.test.ts:573:13
      at AsyncProperty.run (node_modules/fast-check/lib/cjs/check/property/AsyncProperty.generic.js:46:28)
      at asyncRunIt (node_modules/fast-check/lib/cjs/check/runner/Runner.js:28:21)
      at Object.<anonymous> (app/api/draft/[token]/verify-otp/__tests__/verify-otp.property.test.ts:537:7)


  โ—  Cannot log after tests are done. Did you forget to wait for something async in your test?
    Attempted to log "OTP email would be sent to: prop-test-1772510314046-u65ugq@example.com".

    [0m [90m 35 |[39m     [90m// TODO: Implement actual email sending using nodemailer[39m
     [90m 36 |[39m     [90m// For now, we'll log the OTP for testing[39m
    [31m[1m>[22m[39m[90m 37 |[39m     console[33m.[39mlog([32m'OTP email would be sent 
to:'[39m[33m,[39m email)[33m;[39m
     [90m    |[39m             [31m[1m^[22m[39m
     [90m 38 |[39m     console[33m.[39mlog([32m'OTP:'[39m[33m,[39m otp)[33m;[39m
     [90m 39 |[39m     console[33m.[39mlog([32m'Expires at:'[39m[33m,[39m 
expiresAt[33m.[39mtoISOString())[33m;[39m
     [90m 40 |[39m     [0m

      at console.log (node_modules/@jest/console/build/index.js:147:10)
      at sendOTPEmail (app/api/draft/[token]/request-otp/route.ts:37:13)
      at POST (app/api/draft/[token]/request-otp/route.ts:170:29)
      at app/api/draft/[token]/verify-otp/__tests__/verify-otp.property.test.ts:640:13
      at AsyncProperty.run (node_modules/fast-check/lib/cjs/check/property/AsyncProperty.generic.js:46:28)
      at asyncRunIt (node_modules/fast-check/lib/cjs/check/runner/Runner.js:28:21)
      at Object.<anonymous> (app/api/draft/[token]/verify-otp/__tests__/verify-otp.property.test.ts:610:7)


  โ—  Cannot log after tests are done. Did you forget to wait for something async in your test?
    Attempted to log "OTP: 422838".

    [0m [90m 36 |[39m     [90m// For now, we'll log the OTP for testing[39m
     [90m 37 |[39m     console[33m.[39mlog([32m'OTP email would be sent to:'[39m[33m,[39m 
email)[33m;[39m
    [31m[1m>[22m[39m[90m 38 |[39m     console[33m.[39mlog([32m'OTP:'[39m[33m,[39m otp)[33m;[39m
     [90m    |[39m             [31m[1m^[22m[39m
     [90m 39 |[39m     console[33m.[39mlog([32m'Expires at:'[39m[33m,[39m 
expiresAt[33m.[39mtoISOString())[33m;[39m
     [90m 40 |[39m     
     [90m 41 |[39m     [90m// In production, this would be:[39m[0m

      at console.log (node_modules/@jest/console/build/index.js:147:10)
      at sendOTPEmail (app/api/draft/[token]/request-otp/route.ts:38:13)
      at POST (app/api/draft/[token]/request-otp/route.ts:170:29)
      at app/api/draft/[token]/verify-otp/__tests__/verify-otp.property.test.ts:640:13
      at AsyncProperty.run (node_modules/fast-check/lib/cjs/check/property/AsyncProperty.generic.js:46:28)
      at asyncRunIt (node_modules/fast-check/lib/cjs/check/runner/Runner.js:28:21)
      at Object.<anonymous> (app/api/draft/[token]/verify-otp/__tests__/verify-otp.property.test.ts:610:7)


  โ—  Cannot log after tests are done. Did you forget to wait for something async in your test?
    Attempted to log "Expires at: 2026-03-03T04:08:34.180Z".

    [0m [90m 37 |[39m     console[33m.[39mlog([32m'OTP email would be sent to:'[39m[33m,[39m 
email)[33m;[39m
     [90m 38 |[39m     console[33m.[39mlog([32m'OTP:'[39m[33m,[39m otp)[33m;[39m
    [31m[1m>[22m[39m[90m 39 |[39m     console[33m.[39mlog([32m'Expires at:'[39m[33m,[39m 
expiresAt[33m.[39mtoISOString())[33m;[39m
     [90m    |[39m             [31m[1m^[22m[39m
     [90m 40 |[39m     
     [90m 41 |[39m     [90m// In production, this would be:[39m
     [90m 42 |[39m     [90m// const subject = 'เธฃเธซเธฑเธช OTP 
เธชเธณเธซเธฃเธฑเธเน€เธเนเธฒเธ–เธถเธเนเธเธเธเธญเธฃเนเธกเธเธญเธเธเธธเธ“';[39m[0m

      at console.log (node_modules/@jest/console/build/index.js:147:10)
      at sendOTPEmail (app/api/draft/[token]/request-otp/route.ts:39:13)
      at POST (app/api/draft/[token]/request-otp/route.ts:170:29)
      at app/api/draft/[token]/verify-otp/__tests__/verify-otp.property.test.ts:640:13
      at AsyncProperty.run (node_modules/fast-check/lib/cjs/check/property/AsyncProperty.generic.js:46:28)
      at asyncRunIt (node_modules/fast-check/lib/cjs/check/runner/Runner.js:28:21)
      at Object.<anonymous> (app/api/draft/[token]/verify-otp/__tests__/verify-otp.property.test.ts:610:7)


  โ—  Cannot log after tests are done. Did you forget to wait for something async in your test?
    Attempted to log "OTP email would be sent to: prop-test-1772510314108-y41pw6@example.com".

    [0m [90m 35 |[39m     [90m// TODO: Implement actual email sending using nodemailer[39m
     [90m 36 |[39m     [90m// For now, we'll log the OTP for testing[39m
    [31m[1m>[22m[39m[90m 37 |[39m     console[33m.[39mlog([32m'OTP email would be sent 
to:'[39m[33m,[39m email)[33m;[39m
     [90m    |[39m             [31m[1m^[22m[39m
     [90m 38 |[39m     console[33m.[39mlog([32m'OTP:'[39m[33m,[39m otp)[33m;[39m
     [90m 39 |[39m     console[33m.[39mlog([32m'Expires at:'[39m[33m,[39m 
expiresAt[33m.[39mtoISOString())[33m;[39m
     [90m 40 |[39m     [0m

      at console.log (node_modules/@jest/console/build/index.js:147:10)
      at sendOTPEmail (app/api/draft/[token]/request-otp/route.ts:37:13)
      at POST (app/api/draft/[token]/request-otp/route.ts:170:29)
      at app/api/draft/[token]/verify-otp/__tests__/verify-otp.property.test.ts:288:13
      at AsyncProperty.run (node_modules/fast-check/lib/cjs/check/property/AsyncProperty.generic.js:46:28)
      at asyncRunIt (node_modules/fast-check/lib/cjs/check/runner/Runner.js:28:21)
      at Object.<anonymous> (app/api/draft/[token]/verify-otp/__tests__/verify-otp.property.test.ts:248:7)


  โ—  Cannot log after tests are done. Did you forget to wait for something async in your test?
    Attempted to log "OTP: 528684".

    [0m [90m 36 |[39m     [90m// For now, we'll log the OTP for testing[39m
     [90m 37 |[39m     console[33m.[39mlog([32m'OTP email would be sent to:'[39m[33m,[39m 
email)[33m;[39m
    [31m[1m>[22m[39m[90m 38 |[39m     console[33m.[39mlog([32m'OTP:'[39m[33m,[39m otp)[33m;[39m
     [90m    |[39m             [31m[1m^[22m[39m
     [90m 39 |[39m     console[33m.[39mlog([32m'Expires at:'[39m[33m,[39m 
expiresAt[33m.[39mtoISOString())[33m;[39m
     [90m 40 |[39m     
     [90m 41 |[39m     [90m// In production, this would be:[39m[0m

      at console.log (node_modules/@jest/console/build/index.js:147:10)
      at sendOTPEmail (app/api/draft/[token]/request-otp/route.ts:38:13)
      at POST (app/api/draft/[token]/request-otp/route.ts:170:29)
      at app/api/draft/[token]/verify-otp/__tests__/verify-otp.property.test.ts:288:13
      at AsyncProperty.run (node_modules/fast-check/lib/cjs/check/property/AsyncProperty.generic.js:46:28)
      at asyncRunIt (node_modules/fast-check/lib/cjs/check/runner/Runner.js:28:21)
      at Object.<anonymous> (app/api/draft/[token]/verify-otp/__tests__/verify-otp.property.test.ts:248:7)


  โ—  Cannot log after tests are done. Did you forget to wait for something async in your test?
    Attempted to log "Expires at: 2026-03-03T04:08:34.244Z".

    [0m [90m 37 |[39m     console[33m.[39mlog([32m'OTP email would be sent to:'[39m[33m,[39m 
email)[33m;[39m
     [90m 38 |[39m     console[33m.[39mlog([32m'OTP:'[39m[33m,[39m otp)[33m;[39m
    [31m[1m>[22m[39m[90m 39 |[39m     console[33m.[39mlog([32m'Expires at:'[39m[33m,[39m 
expiresAt[33m.[39mtoISOString())[33m;[39m
     [90m    |[39m             [31m[1m^[22m[39m
     [90m 40 |[39m     
     [90m 41 |[39m     [90m// In production, this would be:[39m
     [90m 42 |[39m     [90m// const subject = 'เธฃเธซเธฑเธช OTP 
เธชเธณเธซเธฃเธฑเธเน€เธเนเธฒเธ–เธถเธเนเธเธเธเธญเธฃเนเธกเธเธญเธเธเธธเธ“';[39m[0m

      at console.log (node_modules/@jest/console/build/index.js:147:10)
      at sendOTPEmail (app/api/draft/[token]/request-otp/route.ts:39:13)
      at POST (app/api/draft/[token]/request-otp/route.ts:170:29)
      at app/api/draft/[token]/verify-otp/__tests__/verify-otp.property.test.ts:288:13
      at AsyncProperty.run (node_modules/fast-check/lib/cjs/check/property/AsyncProperty.generic.js:46:28)
      at asyncRunIt (node_modules/fast-check/lib/cjs/check/runner/Runner.js:28:21)
      at Object.<anonymous> (app/api/draft/[token]/verify-otp/__tests__/verify-otp.property.test.ts:248:7)


  โ—  Cannot log after tests are done. Did you forget to wait for something async in your test?
    Attempted to log "OTP email would be sent to: prop-test-1772510314120-344fg@example.com".

    [0m [90m 35 |[39m     [90m// TODO: Implement actual email sending using nodemailer[39m
     [90m 36 |[39m     [90m// For now, we'll log the OTP for testing[39m
    [31m[1m>[22m[39m[90m 37 |[39m     console[33m.[39mlog([32m'OTP email would be sent 
to:'[39m[33m,[39m email)[33m;[39m
     [90m    |[39m             [31m[1m^[22m[39m
     [90m 38 |[39m     console[33m.[39mlog([32m'OTP:'[39m[33m,[39m otp)[33m;[39m
     [90m 39 |[39m     console[33m.[39mlog([32m'Expires at:'[39m[33m,[39m 
expiresAt[33m.[39mtoISOString())[33m;[39m
     [90m 40 |[39m     [0m

      at console.log (node_modules/@jest/console/build/index.js:147:10)
      at sendOTPEmail (app/api/draft/[token]/request-otp/route.ts:37:13)
      at POST (app/api/draft/[token]/request-otp/route.ts:170:29)
      at app/api/draft/[token]/verify-otp/__tests__/verify-otp.property.test.ts:573:13
      at AsyncProperty.run (node_modules/fast-check/lib/cjs/check/property/AsyncProperty.generic.js:46:28)
      at asyncRunIt (node_modules/fast-check/lib/cjs/check/runner/Runner.js:28:21)
      at Object.<anonymous> (app/api/draft/[token]/verify-otp/__tests__/verify-otp.property.test.ts:537:7)


  โ—  Cannot log after tests are done. Did you forget to wait for something async in your test?
    Attempted to log "OTP: 341332".

    [0m [90m 36 |[39m     [90m// For now, we'll log the OTP for testing[39m
     [90m 37 |[39m     console[33m.[39mlog([32m'OTP email would be sent to:'[39m[33m,[39m 
email)[33m;[39m
    [31m[1m>[22m[39m[90m 38 |[39m     console[33m.[39mlog([32m'OTP:'[39m[33m,[39m otp)[33m;[39m
     [90m    |[39m             [31m[1m^[22m[39m
     [90m 39 |[39m     console[33m.[39mlog([32m'Expires at:'[39m[33m,[39m 
expiresAt[33m.[39mtoISOString())[33m;[39m
     [90m 40 |[39m     
     [90m 41 |[39m     [90m// In production, this would be:[39m[0m

      at console.log (node_modules/@jest/console/build/index.js:147:10)
      at sendOTPEmail (app/api/draft/[token]/request-otp/route.ts:38:13)
      at POST (app/api/draft/[token]/request-otp/route.ts:170:29)
      at app/api/draft/[token]/verify-otp/__tests__/verify-otp.property.test.ts:573:13
      at AsyncProperty.run (node_modules/fast-check/lib/cjs/check/property/AsyncProperty.generic.js:46:28)
      at asyncRunIt (node_modules/fast-check/lib/cjs/check/runner/Runner.js:28:21)
      at Object.<anonymous> (app/api/draft/[token]/verify-otp/__tests__/verify-otp.property.test.ts:537:7)


  โ—  Cannot log after tests are done. Did you forget to wait for something async in your test?
    Attempted to log "Expires at: 2026-03-03T04:08:34.362Z".

    [0m [90m 37 |[39m     console[33m.[39mlog([32m'OTP email would be sent to:'[39m[33m,[39m 
email)[33m;[39m
     [90m 38 |[39m     console[33m.[39mlog([32m'OTP:'[39m[33m,[39m otp)[33m;[39m
    [31m[1m>[22m[39m[90m 39 |[39m     console[33m.[39mlog([32m'Expires at:'[39m[33m,[39m 
expiresAt[33m.[39mtoISOString())[33m;[39m
     [90m    |[39m             [31m[1m^[22m[39m
     [90m 40 |[39m     
     [90m 41 |[39m     [90m// In production, this would be:[39m
     [90m 42 |[39m     [90m// const subject = 'เธฃเธซเธฑเธช OTP 
เธชเธณเธซเธฃเธฑเธเน€เธเนเธฒเธ–เธถเธเนเธเธเธเธญเธฃเนเธกเธเธญเธเธเธธเธ“';[39m[0m

      at console.log (node_modules/@jest/console/build/index.js:147:10)
      at sendOTPEmail (app/api/draft/[token]/request-otp/route.ts:39:13)
      at POST (app/api/draft/[token]/request-otp/route.ts:170:29)
      at app/api/draft/[token]/verify-otp/__tests__/verify-otp.property.test.ts:573:13
      at AsyncProperty.run (node_modules/fast-check/lib/cjs/check/property/AsyncProperty.generic.js:46:28)
      at asyncRunIt (node_modules/fast-check/lib/cjs/check/runner/Runner.js:28:21)
      at Object.<anonymous> (app/api/draft/[token]/verify-otp/__tests__/verify-otp.property.test.ts:537:7)


  โ—  Cannot log after tests are done. Did you forget to wait for something async in your test?
    Attempted to log "OTP email would be sent to: prop-test-1772510314114-pdd3ek@example.com".

    [0m [90m 35 |[39m     [90m// TODO: Implement actual email sending using nodemailer[39m
     [90m 36 |[39m     [90m// For now, we'll log the OTP for testing[39m
    [31m[1m>[22m[39m[90m 37 |[39m     console[33m.[39mlog([32m'OTP email would be sent 
to:'[39m[33m,[39m email)[33m;[39m
     [90m    |[39m             [31m[1m^[22m[39m
     [90m 38 |[39m     console[33m.[39mlog([32m'OTP:'[39m[33m,[39m otp)[33m;[39m
     [90m 39 |[39m     console[33m.[39mlog([32m'Expires at:'[39m[33m,[39m 
expiresAt[33m.[39mtoISOString())[33m;[39m
     [90m 40 |[39m     [0m

      at console.log (node_modules/@jest/console/build/index.js:147:10)
      at sendOTPEmail (app/api/draft/[token]/request-otp/route.ts:37:13)
      at POST (app/api/draft/[token]/request-otp/route.ts:170:29)
      at app/api/draft/[token]/verify-otp/__tests__/verify-otp.property.test.ts:428:13
      at AsyncProperty.run (node_modules/fast-check/lib/cjs/check/property/AsyncProperty.generic.js:46:28)
      at asyncRunIt (node_modules/fast-check/lib/cjs/check/runner/Runner.js:28:21)
      at Object.<anonymous> (app/api/draft/[token]/verify-otp/__tests__/verify-otp.property.test.ts:393:7)


  โ—  Cannot log after tests are done. Did you forget to wait for something async in your test?
    Attempted to log "OTP: 122802".

    [0m [90m 36 |[39m     [90m// For now, we'll log the OTP for testing[39m
     [90m 37 |[39m     console[33m.[39mlog([32m'OTP email would be sent to:'[39m[33m,[39m 
email)[33m;[39m
    [31m[1m>[22m[39m[90m 38 |[39m     console[33m.[39mlog([32m'OTP:'[39m[33m,[39m otp)[33m;[39m
     [90m    |[39m             [31m[1m^[22m[39m
     [90m 39 |[39m     console[33m.[39mlog([32m'Expires at:'[39m[33m,[39m 
expiresAt[33m.[39mtoISOString())[33m;[39m
     [90m 40 |[39m     
     [90m 41 |[39m     [90m// In production, this would be:[39m[0m

      at console.log (node_modules/@jest/console/build/index.js:147:10)
      at sendOTPEmail (app/api/draft/[token]/request-otp/route.ts:38:13)
      at POST (app/api/draft/[token]/request-otp/route.ts:170:29)
      at app/api/draft/[token]/verify-otp/__tests__/verify-otp.property.test.ts:428:13
      at AsyncProperty.run (node_modules/fast-check/lib/cjs/check/property/AsyncProperty.generic.js:46:28)
      at asyncRunIt (node_modules/fast-check/lib/cjs/check/runner/Runner.js:28:21)
      at Object.<anonymous> (app/api/draft/[token]/verify-otp/__tests__/verify-otp.property.test.ts:393:7)


  โ—  Cannot log after tests are done. Did you forget to wait for something async in your test?
    Attempted to log "Expires at: 2026-03-03T04:08:34.363Z".

    [0m [90m 37 |[39m     console[33m.[39mlog([32m'OTP email would be sent to:'[39m[33m,[39m 
email)[33m;[39m
     [90m 38 |[39m     console[33m.[39mlog([32m'OTP:'[39m[33m,[39m otp)[33m;[39m
    [31m[1m>[22m[39m[90m 39 |[39m     console[33m.[39mlog([32m'Expires at:'[39m[33m,[39m 
expiresAt[33m.[39mtoISOString())[33m;[39m
     [90m    |[39m             [31m[1m^[22m[39m
     [90m 40 |[39m     
     [90m 41 |[39m     [90m// In production, this would be:[39m
     [90m 42 |[39m     [90m// const subject = 'เธฃเธซเธฑเธช OTP 
เธชเธณเธซเธฃเธฑเธเน€เธเนเธฒเธ–เธถเธเนเธเธเธเธญเธฃเนเธกเธเธญเธเธเธธเธ“';[39m[0m

      at console.log (node_modules/@jest/console/build/index.js:147:10)
      at sendOTPEmail (app/api/draft/[token]/request-otp/route.ts:39:13)
      at POST (app/api/draft/[token]/request-otp/route.ts:170:29)
      at app/api/draft/[token]/verify-otp/__tests__/verify-otp.property.test.ts:428:13
      at AsyncProperty.run (node_modules/fast-check/lib/cjs/check/property/AsyncProperty.generic.js:46:28)
      at asyncRunIt (node_modules/fast-check/lib/cjs/check/runner/Runner.js:28:21)
      at Object.<anonymous> (app/api/draft/[token]/verify-otp/__tests__/verify-otp.property.test.ts:393:7)


  โ—  Cannot log after tests are done. Did you forget to wait for something async in your test?
    Attempted to log "OTP email would be sent to: prop-test-1772510314122-xgcmef@example.com".

    [0m [90m 35 |[39m     [90m// TODO: Implement actual email sending using nodemailer[39m
     [90m 36 |[39m     [90m// For now, we'll log the OTP for testing[39m
    [31m[1m>[22m[39m[90m 37 |[39m     console[33m.[39mlog([32m'OTP email would be sent 
to:'[39m[33m,[39m email)[33m;[39m
     [90m    |[39m             [31m[1m^[22m[39m
     [90m 38 |[39m     console[33m.[39mlog([32m'OTP:'[39m[33m,[39m otp)[33m;[39m
     [90m 39 |[39m     console[33m.[39mlog([32m'Expires at:'[39m[33m,[39m 
expiresAt[33m.[39mtoISOString())[33m;[39m
     [90m 40 |[39m     [0m

      at console.log (node_modules/@jest/console/build/index.js:147:10)
      at sendOTPEmail (app/api/draft/[token]/request-otp/route.ts:37:13)
      at POST (app/api/draft/[token]/request-otp/route.ts:170:29)
      at app/api/draft/[token]/verify-otp/__tests__/verify-otp.property.test.ts:117:33
      at AsyncProperty.run (node_modules/fast-check/lib/cjs/check/property/AsyncProperty.generic.js:46:28)
      at asyncRunIt (node_modules/fast-check/lib/cjs/check/runner/Runner.js:28:21)
      at Object.<anonymous> (app/api/draft/[token]/verify-otp/__tests__/verify-otp.property.test.ts:82:7)


  โ—  Cannot log after tests are done. Did you forget to wait for something async in your test?
    Attempted to log "OTP: 888595".

    [0m [90m 36 |[39m     [90m// For now, we'll log the OTP for testing[39m
     [90m 37 |[39m     console[33m.[39mlog([32m'OTP email would be sent to:'[39m[33m,[39m 
email)[33m;[39m
    [31m[1m>[22m[39m[90m 38 |[39m     console[33m.[39mlog([32m'OTP:'[39m[33m,[39m otp)[33m;[39m
     [90m    |[39m             [31m[1m^[22m[39m
     [90m 39 |[39m     console[33m.[39mlog([32m'Expires at:'[39m[33m,[39m 
expiresAt[33m.[39mtoISOString())[33m;[39m
     [90m 40 |[39m     
     [90m 41 |[39m     [90m// In production, this would be:[39m[0m

      at console.log (node_modules/@jest/console/build/index.js:147:10)
      at sendOTPEmail (app/api/draft/[token]/request-otp/route.ts:38:13)
      at POST (app/api/draft/[token]/request-otp/route.ts:170:29)
      at app/api/draft/[token]/verify-otp/__tests__/verify-otp.property.test.ts:117:33
      at AsyncProperty.run (node_modules/fast-check/lib/cjs/check/property/AsyncProperty.generic.js:46:28)
      at asyncRunIt (node_modules/fast-check/lib/cjs/check/runner/Runner.js:28:21)
      at Object.<anonymous> (app/api/draft/[token]/verify-otp/__tests__/verify-otp.property.test.ts:82:7)


  โ—  Cannot log after tests are done. Did you forget to wait for something async in your test?
    Attempted to log "Expires at: 2026-03-03T04:08:34.431Z".

    [0m [90m 37 |[39m     console[33m.[39mlog([32m'OTP email would be sent to:'[39m[33m,[39m 
email)[33m;[39m
     [90m 38 |[39m     console[33m.[39mlog([32m'OTP:'[39m[33m,[39m otp)[33m;[39m
    [31m[1m>[22m[39m[90m 39 |[39m     console[33m.[39mlog([32m'Expires at:'[39m[33m,[39m 
expiresAt[33m.[39mtoISOString())[33m;[39m
     [90m    |[39m             [31m[1m^[22m[39m
     [90m 40 |[39m     
     [90m 41 |[39m     [90m// In production, this would be:[39m
     [90m 42 |[39m     [90m// const subject = 'เธฃเธซเธฑเธช OTP 
เธชเธณเธซเธฃเธฑเธเน€เธเนเธฒเธ–เธถเธเนเธเธเธเธญเธฃเนเธกเธเธญเธเธเธธเธ“';[39m[0m

      at console.log (node_modules/@jest/console/build/index.js:147:10)
      at sendOTPEmail (app/api/draft/[token]/request-otp/route.ts:39:13)
      at POST (app/api/draft/[token]/request-otp/route.ts:170:29)
      at app/api/draft/[token]/verify-otp/__tests__/verify-otp.property.test.ts:117:33
      at AsyncProperty.run (node_modules/fast-check/lib/cjs/check/property/AsyncProperty.generic.js:46:28)
      at asyncRunIt (node_modules/fast-check/lib/cjs/check/runner/Runner.js:28:21)
      at Object.<anonymous> (app/api/draft/[token]/verify-otp/__tests__/verify-otp.property.test.ts:82:7)


  โ—  Cannot log after tests are done. Did you forget to wait for something async in your test?
    Attempted to log "OTP email would be sent to: prop-test-1772510314243-ago50h@example.com".

    [0m [90m 35 |[39m     [90m// TODO: Implement actual email sending using nodemailer[39m
     [90m 36 |[39m     [90m// For now, we'll log the OTP for testing[39m
    [31m[1m>[22m[39m[90m 37 |[39m     console[33m.[39mlog([32m'OTP email would be sent 
to:'[39m[33m,[39m email)[33m;[39m
     [90m    |[39m             [31m[1m^[22m[39m
     [90m 38 |[39m     console[33m.[39mlog([32m'OTP:'[39m[33m,[39m otp)[33m;[39m
     [90m 39 |[39m     console[33m.[39mlog([32m'Expires at:'[39m[33m,[39m 
expiresAt[33m.[39mtoISOString())[33m;[39m
     [90m 40 |[39m     [0m

      at console.log (node_modules/@jest/console/build/index.js:147:10)
      at sendOTPEmail (app/api/draft/[token]/request-otp/route.ts:37:13)
      at POST (app/api/draft/[token]/request-otp/route.ts:170:29)
      at app/api/draft/[token]/verify-otp/__tests__/verify-otp.property.test.ts:640:13
      at AsyncProperty.run (node_modules/fast-check/lib/cjs/check/property/AsyncProperty.generic.js:46:28)
      at asyncRunIt (node_modules/fast-check/lib/cjs/check/runner/Runner.js:28:21)
      at Object.<anonymous> (app/api/draft/[token]/verify-otp/__tests__/verify-otp.property.test.ts:610:7)


  โ—  Cannot log after tests are done. Did you forget to wait for something async in your test?
    Attempted to log "OTP: 046671".

    [0m [90m 36 |[39m     [90m// For now, we'll log the OTP for testing[39m
     [90m 37 |[39m     console[33m.[39mlog([32m'OTP email would be sent to:'[39m[33m,[39m 
email)[33m;[39m
    [31m[1m>[22m[39m[90m 38 |[39m     console[33m.[39mlog([32m'OTP:'[39m[33m,[39m otp)[33m;[39m
     [90m    |[39m             [31m[1m^[22m[39m
     [90m 39 |[39m     console[33m.[39mlog([32m'Expires at:'[39m[33m,[39m 
expiresAt[33m.[39mtoISOString())[33m;[39m
     [90m 40 |[39m     
     [90m 41 |[39m     [90m// In production, this would be:[39m[0m

      at console.log (node_modules/@jest/console/build/index.js:147:10)
      at sendOTPEmail (app/api/draft/[token]/request-otp/route.ts:38:13)
      at POST (app/api/draft/[token]/request-otp/route.ts:170:29)
      at app/api/draft/[token]/verify-otp/__tests__/verify-otp.property.test.ts:640:13
      at AsyncProperty.run (node_modules/fast-check/lib/cjs/check/property/AsyncProperty.generic.js:46:28)
      at asyncRunIt (node_modules/fast-check/lib/cjs/check/runner/Runner.js:28:21)
      at Object.<anonymous> (app/api/draft/[token]/verify-otp/__tests__/verify-otp.property.test.ts:610:7)


  โ—  Cannot log after tests are done. Did you forget to wait for something async in your test?
    Attempted to log "Expires at: 2026-03-03T04:08:34.494Z".

    [0m [90m 37 |[39m     console[33m.[39mlog([32m'OTP email would be sent to:'[39m[33m,[39m 
email)[33m;[39m
     [90m 38 |[39m     console[33m.[39mlog([32m'OTP:'[39m[33m,[39m otp)[33m;[39m
    [31m[1m>[22m[39m[90m 39 |[39m     console[33m.[39mlog([32m'Expires at:'[39m[33m,[39m 
expiresAt[33m.[39mtoISOString())[33m;[39m
     [90m    |[39m             [31m[1m^[22m[39m
     [90m 40 |[39m     
     [90m 41 |[39m     [90m// In production, this would be:[39m
     [90m 42 |[39m     [90m// const subject = 'เธฃเธซเธฑเธช OTP 
เธชเธณเธซเธฃเธฑเธเน€เธเนเธฒเธ–เธถเธเนเธเธเธเธญเธฃเนเธกเธเธญเธเธเธธเธ“';[39m[0m

      at console.log (node_modules/@jest/console/build/index.js:147:10)
      at sendOTPEmail (app/api/draft/[token]/request-otp/route.ts:39:13)
      at POST (app/api/draft/[token]/request-otp/route.ts:170:29)
      at app/api/draft/[token]/verify-otp/__tests__/verify-otp.property.test.ts:640:13
      at AsyncProperty.run (node_modules/fast-check/lib/cjs/check/property/AsyncProperty.generic.js:46:28)
      at asyncRunIt (node_modules/fast-check/lib/cjs/check/runner/Runner.js:28:21)
      at Object.<anonymous> (app/api/draft/[token]/verify-otp/__tests__/verify-otp.property.test.ts:610:7)


  โ—  Cannot log after tests are done. Did you forget to wait for something async in your test?
    Attempted to log "OTP email would be sent to: prop-test-1772510314361-duhli@example.com".

    [0m [90m 35 |[39m     [90m// TODO: Implement actual email sending using nodemailer[39m
     [90m 36 |[39m     [90m// For now, we'll log the OTP for testing[39m
    [31m[1m>[22m[39m[90m 37 |[39m     console[33m.[39mlog([32m'OTP email would be sent 
to:'[39m[33m,[39m email)[33m;[39m
     [90m    |[39m             [31m[1m^[22m[39m
     [90m 38 |[39m     console[33m.[39mlog([32m'OTP:'[39m[33m,[39m otp)[33m;[39m
     [90m 39 |[39m     console[33m.[39mlog([32m'Expires at:'[39m[33m,[39m 
expiresAt[33m.[39mtoISOString())[33m;[39m
     [90m 40 |[39m     [0m

      at console.log (node_modules/@jest/console/build/index.js:147:10)
      at sendOTPEmail (app/api/draft/[token]/request-otp/route.ts:37:13)
      at POST (app/api/draft/[token]/request-otp/route.ts:170:29)
      at app/api/draft/[token]/verify-otp/__tests__/verify-otp.property.test.ts:288:13
      at AsyncProperty.run (node_modules/fast-check/lib/cjs/check/property/AsyncProperty.generic.js:46:28)
      at asyncRunIt (node_modules/fast-check/lib/cjs/check/runner/Runner.js:28:21)
      at Object.<anonymous> (app/api/draft/[token]/verify-otp/__tests__/verify-otp.property.test.ts:248:7)


  โ—  Cannot log after tests are done. Did you forget to wait for something async in your test?
    Attempted to log "OTP: 390990".

    [0m [90m 36 |[39m     [90m// For now, we'll log the OTP for testing[39m
     [90m 37 |[39m     console[33m.[39mlog([32m'OTP email would be sent to:'[39m[33m,[39m 
email)[33m;[39m
    [31m[1m>[22m[39m[90m 38 |[39m     console[33m.[39mlog([32m'OTP:'[39m[33m,[39m otp)[33m;[39m
     [90m    |[39m             [31m[1m^[22m[39m
     [90m 39 |[39m     console[33m.[39mlog([32m'Expires at:'[39m[33m,[39m 
expiresAt[33m.[39mtoISOString())[33m;[39m
     [90m 40 |[39m     
     [90m 41 |[39m     [90m// In production, this would be:[39m[0m

      at console.log (node_modules/@jest/console/build/index.js:147:10)
      at sendOTPEmail (app/api/draft/[token]/request-otp/route.ts:38:13)
      at POST (app/api/draft/[token]/request-otp/route.ts:170:29)
      at app/api/draft/[token]/verify-otp/__tests__/verify-otp.property.test.ts:288:13
      at AsyncProperty.run (node_modules/fast-check/lib/cjs/check/property/AsyncProperty.generic.js:46:28)
      at asyncRunIt (node_modules/fast-check/lib/cjs/check/runner/Runner.js:28:21)
      at Object.<anonymous> (app/api/draft/[token]/verify-otp/__tests__/verify-otp.property.test.ts:248:7)


  โ—  Cannot log after tests are done. Did you forget to wait for something async in your test?
    Attempted to log "Expires at: 2026-03-03T04:08:34.557Z".

    [0m [90m 37 |[39m     console[33m.[39mlog([32m'OTP email would be sent to:'[39m[33m,[39m 
email)[33m;[39m
     [90m 38 |[39m     console[33m.[39mlog([32m'OTP:'[39m[33m,[39m otp)[33m;[39m
    [31m[1m>[22m[39m[90m 39 |[39m     console[33m.[39mlog([32m'Expires at:'[39m[33m,[39m 
expiresAt[33m.[39mtoISOString())[33m;[39m
     [90m    |[39m             [31m[1m^[22m[39m
     [90m 40 |[39m     
     [90m 41 |[39m     [90m// In production, this would be:[39m
     [90m 42 |[39m     [90m// const subject = 'เธฃเธซเธฑเธช OTP 
เธชเธณเธซเธฃเธฑเธเน€เธเนเธฒเธ–เธถเธเนเธเธเธเธญเธฃเนเธกเธเธญเธเธเธธเธ“';[39m[0m

      at console.log (node_modules/@jest/console/build/index.js:147:10)
      at sendOTPEmail (app/api/draft/[token]/request-otp/route.ts:39:13)
      at POST (app/api/draft/[token]/request-otp/route.ts:170:29)
      at app/api/draft/[token]/verify-otp/__tests__/verify-otp.property.test.ts:288:13
      at AsyncProperty.run (node_modules/fast-check/lib/cjs/check/property/AsyncProperty.generic.js:46:28)
      at asyncRunIt (node_modules/fast-check/lib/cjs/check/runner/Runner.js:28:21)
      at Object.<anonymous> (app/api/draft/[token]/verify-otp/__tests__/verify-otp.property.test.ts:248:7)


  โ—  Cannot log after tests are done. Did you forget to wait for something async in your test?
    Attempted to log "OTP email would be sent to: prop-test-1772510314425-81rsuy@example.com".

    [0m [90m 35 |[39m     [90m// TODO: Implement actual email sending using nodemailer[39m
     [90m 36 |[39m     [90m// For now, we'll log the OTP for testing[39m
    [31m[1m>[22m[39m[90m 37 |[39m     console[33m.[39mlog([32m'OTP email would be sent 
to:'[39m[33m,[39m email)[33m;[39m
     [90m    |[39m             [31m[1m^[22m[39m
     [90m 38 |[39m     console[33m.[39mlog([32m'OTP:'[39m[33m,[39m otp)[33m;[39m
     [90m 39 |[39m     console[33m.[39mlog([32m'Expires at:'[39m[33m,[39m 
expiresAt[33m.[39mtoISOString())[33m;[39m
     [90m 40 |[39m     [0m

      at console.log (node_modules/@jest/console/build/index.js:147:10)
      at sendOTPEmail (app/api/draft/[token]/request-otp/route.ts:37:13)
      at POST (app/api/draft/[token]/request-otp/route.ts:170:29)
      at app/api/draft/[token]/verify-otp/__tests__/verify-otp.property.test.ts:573:13
      at AsyncProperty.run (node_modules/fast-check/lib/cjs/check/property/AsyncProperty.generic.js:46:28)
      at asyncRunIt (node_modules/fast-check/lib/cjs/check/runner/Runner.js:28:21)
      at Object.<anonymous> (app/api/draft/[token]/verify-otp/__tests__/verify-otp.property.test.ts:537:7)


  โ—  Cannot log after tests are done. Did you forget to wait for something async in your test?
    Attempted to log "OTP: 470704".

    [0m [90m 36 |[39m     [90m// For now, we'll log the OTP for testing[39m
     [90m 37 |[39m     console[33m.[39mlog([32m'OTP email would be sent to:'[39m[33m,[39m 
email)[33m;[39m
    [31m[1m>[22m[39m[90m 38 |[39m     console[33m.[39mlog([32m'OTP:'[39m[33m,[39m otp)[33m;[39m
     [90m    |[39m             [31m[1m^[22m[39m
     [90m 39 |[39m     console[33m.[39mlog([32m'Expires at:'[39m[33m,[39m 
expiresAt[33m.[39mtoISOString())[33m;[39m
     [90m 40 |[39m     
     [90m 41 |[39m     [90m// In production, this would be:[39m[0m

      at console.log (node_modules/@jest/console/build/index.js:147:10)
      at sendOTPEmail (app/api/draft/[token]/request-otp/route.ts:38:13)
      at POST (app/api/draft/[token]/request-otp/route.ts:170:29)
      at app/api/draft/[token]/verify-otp/__tests__/verify-otp.property.test.ts:573:13
      at AsyncProperty.run (node_modules/fast-check/lib/cjs/check/property/AsyncProperty.generic.js:46:28)
      at asyncRunIt (node_modules/fast-check/lib/cjs/check/runner/Runner.js:28:21)
      at Object.<anonymous> (app/api/draft/[token]/verify-otp/__tests__/verify-otp.property.test.ts:537:7)


  โ—  Cannot log after tests are done. Did you forget to wait for something async in your test?
    Attempted to log "Expires at: 2026-03-03T04:08:34.636Z".

    [0m [90m 37 |[39m     console[33m.[39mlog([32m'OTP email would be sent to:'[39m[33m,[39m 
email)[33m;[39m
     [90m 38 |[39m     console[33m.[39mlog([32m'OTP:'[39m[33m,[39m otp)[33m;[39m
    [31m[1m>[22m[39m[90m 39 |[39m     console[33m.[39mlog([32m'Expires at:'[39m[33m,[39m 
expiresAt[33m.[39mtoISOString())[33m;[39m
     [90m    |[39m             [31m[1m^[22m[39m
     [90m 40 |[39m     
     [90m 41 |[39m     [90m// In production, this would be:[39m
     [90m 42 |[39m     [90m// const subject = 'เธฃเธซเธฑเธช OTP 
เธชเธณเธซเธฃเธฑเธเน€เธเนเธฒเธ–เธถเธเนเธเธเธเธญเธฃเนเธกเธเธญเธเธเธธเธ“';[39m[0m

      at console.log (node_modules/@jest/console/build/index.js:147:10)
      at sendOTPEmail (app/api/draft/[token]/request-otp/route.ts:39:13)
      at POST (app/api/draft/[token]/request-otp/route.ts:170:29)
      at app/api/draft/[token]/verify-otp/__tests__/verify-otp.property.test.ts:573:13
      at AsyncProperty.run (node_modules/fast-check/lib/cjs/check/property/AsyncProperty.generic.js:46:28)
      at asyncRunIt (node_modules/fast-check/lib/cjs/check/runner/Runner.js:28:21)
      at Object.<anonymous> (app/api/draft/[token]/verify-otp/__tests__/verify-otp.property.test.ts:537:7)


  โ—  Cannot log after tests are done. Did you forget to wait for something async in your test?
    Attempted to log "OTP email would be sent to: prop-test-1772510314431-iluq59@example.com".

    [0m [90m 35 |[39m     [90m// TODO: Implement actual email sending using nodemailer[39m
     [90m 36 |[39m     [90m// For now, we'll log the OTP for testing[39m
    [31m[1m>[22m[39m[90m 37 |[39m     console[33m.[39mlog([32m'OTP email would be sent 
to:'[39m[33m,[39m email)[33m;[39m
     [90m    |[39m             [31m[1m^[22m[39m
     [90m 38 |[39m     console[33m.[39mlog([32m'OTP:'[39m[33m,[39m otp)[33m;[39m
     [90m 39 |[39m     console[33m.[39mlog([32m'Expires at:'[39m[33m,[39m 
expiresAt[33m.[39mtoISOString())[33m;[39m
     [90m 40 |[39m     [0m

      at console.log (node_modules/@jest/console/build/index.js:147:10)
      at sendOTPEmail (app/api/draft/[token]/request-otp/route.ts:37:13)
      at POST (app/api/draft/[token]/request-otp/route.ts:170:29)
      at app/api/draft/[token]/verify-otp/__tests__/verify-otp.property.test.ts:428:13
      at AsyncProperty.run (node_modules/fast-check/lib/cjs/check/property/AsyncProperty.generic.js:46:28)
      at asyncRunIt (node_modules/fast-check/lib/cjs/check/runner/Runner.js:28:21)
      at Object.<anonymous> (app/api/draft/[token]/verify-otp/__tests__/verify-otp.property.test.ts:393:7)


  โ—  Cannot log after tests are done. Did you forget to wait for something async in your test?
    Attempted to log "OTP: 899407".

    [0m [90m 36 |[39m     [90m// For now, we'll log the OTP for testing[39m
     [90m 37 |[39m     console[33m.[39mlog([32m'OTP email would be sent to:'[39m[33m,[39m 
email)[33m;[39m
    [31m[1m>[22m[39m[90m 38 |[39m     console[33m.[39mlog([32m'OTP:'[39m[33m,[39m otp)[33m;[39m
     [90m    |[39m             [31m[1m^[22m[39m
     [90m 39 |[39m     console[33m.[39mlog([32m'Expires at:'[39m[33m,[39m 
expiresAt[33m.[39mtoISOString())[33m;[39m
     [90m 40 |[39m     
     [90m 41 |[39m     [90m// In production, this would be:[39m[0m

      at console.log (node_modules/@jest/console/build/index.js:147:10)
      at sendOTPEmail (app/api/draft/[token]/request-otp/route.ts:38:13)
      at POST (app/api/draft/[token]/request-otp/route.ts:170:29)
      at app/api/draft/[token]/verify-otp/__tests__/verify-otp.property.test.ts:428:13
      at AsyncProperty.run (node_modules/fast-check/lib/cjs/check/property/AsyncProperty.generic.js:46:28)
      at asyncRunIt (node_modules/fast-check/lib/cjs/check/runner/Runner.js:28:21)
      at Object.<anonymous> (app/api/draft/[token]/verify-otp/__tests__/verify-otp.property.test.ts:393:7)


  โ—  Cannot log after tests are done. Did you forget to wait for something async in your test?
    Attempted to log "Expires at: 2026-03-03T04:08:34.728Z".

    [0m [90m 37 |[39m     console[33m.[39mlog([32m'OTP email would be sent to:'[39m[33m,[39m 
email)[33m;[39m
     [90m 38 |[39m     console[33m.[39mlog([32m'OTP:'[39m[33m,[39m otp)[33m;[39m
    [31m[1m>[22m[39m[90m 39 |[39m     console[33m.[39mlog([32m'Expires at:'[39m[33m,[39m 
expiresAt[33m.[39mtoISOString())[33m;[39m
     [90m    |[39m             [31m[1m^[22m[39m
     [90m 40 |[39m     
     [90m 41 |[39m     [90m// In production, this would be:[39m
     [90m 42 |[39m     [90m// const subject = 'เธฃเธซเธฑเธช OTP 
เธชเธณเธซเธฃเธฑเธเน€เธเนเธฒเธ–เธถเธเนเธเธเธเธญเธฃเนเธกเธเธญเธเธเธธเธ“';[39m[0m

      at console.log (node_modules/@jest/console/build/index.js:147:10)
      at sendOTPEmail (app/api/draft/[token]/request-otp/route.ts:39:13)
      at POST (app/api/draft/[token]/request-otp/route.ts:170:29)
      at app/api/draft/[token]/verify-otp/__tests__/verify-otp.property.test.ts:428:13
      at AsyncProperty.run (node_modules/fast-check/lib/cjs/check/property/AsyncProperty.generic.js:46:28)
      at asyncRunIt (node_modules/fast-check/lib/cjs/check/runner/Runner.js:28:21)
      at Object.<anonymous> (app/api/draft/[token]/verify-otp/__tests__/verify-otp.property.test.ts:393:7)


  โ—  Cannot log after tests are done. Did you forget to wait for something async in your test?
    Attempted to log "OTP email would be sent to: prop-test-1772510314557-oxo8a@example.com".

    [0m [90m 35 |[39m     [90m// TODO: Implement actual email sending using nodemailer[39m
     [90m 36 |[39m     [90m// For now, we'll log the OTP for testing[39m
    [31m[1m>[22m[39m[90m 37 |[39m     console[33m.[39mlog([32m'OTP email would be sent 
to:'[39m[33m,[39m email)[33m;[39m
     [90m    |[39m             [31m[1m^[22m[39m
     [90m 38 |[39m     console[33m.[39mlog([32m'OTP:'[39m[33m,[39m otp)[33m;[39m
     [90m 39 |[39m     console[33m.[39mlog([32m'Expires at:'[39m[33m,[39m 
expiresAt[33m.[39mtoISOString())[33m;[39m
     [90m 40 |[39m     [0m

      at console.log (node_modules/@jest/console/build/index.js:147:10)
      at sendOTPEmail (app/api/draft/[token]/request-otp/route.ts:37:13)
      at POST (app/api/draft/[token]/request-otp/route.ts:170:29)
      at app/api/draft/[token]/verify-otp/__tests__/verify-otp.property.test.ts:640:13
      at AsyncProperty.run (node_modules/fast-check/lib/cjs/check/property/AsyncProperty.generic.js:46:28)
      at asyncRunIt (node_modules/fast-check/lib/cjs/check/runner/Runner.js:28:21)
      at Object.<anonymous> (app/api/draft/[token]/verify-otp/__tests__/verify-otp.property.test.ts:610:7)


  โ—  Cannot log after tests are done. Did you forget to wait for something async in your test?
    Attempted to log "OTP: 931382".

    [0m [90m 36 |[39m     [90m// For now, we'll log the OTP for testing[39m
     [90m 37 |[39m     console[33m.[39mlog([32m'OTP email would be sent to:'[39m[33m,[39m 
email)[33m;[39m
    [31m[1m>[22m[39m[90m 38 |[39m     console[33m.[39mlog([32m'OTP:'[39m[33m,[39m otp)[33m;[39m
     [90m    |[39m             [31m[1m^[22m[39m
     [90m 39 |[39m     console[33m.[39mlog([32m'Expires at:'[39m[33m,[39m 
expiresAt[33m.[39mtoISOString())[33m;[39m
     [90m 40 |[39m     
     [90m 41 |[39m     [90m// In production, this would be:[39m[0m

      at console.log (node_modules/@jest/console/build/index.js:147:10)
      at sendOTPEmail (app/api/draft/[token]/request-otp/route.ts:38:13)
      at POST (app/api/draft/[token]/request-otp/route.ts:170:29)
      at app/api/draft/[token]/verify-otp/__tests__/verify-otp.property.test.ts:640:13
      at AsyncProperty.run (node_modules/fast-check/lib/cjs/check/property/AsyncProperty.generic.js:46:28)
      at asyncRunIt (node_modules/fast-check/lib/cjs/check/runner/Runner.js:28:21)
      at Object.<anonymous> (app/api/draft/[token]/verify-otp/__tests__/verify-otp.property.test.ts:610:7)


  โ—  Cannot log after tests are done. Did you forget to wait for something async in your test?
    Attempted to log "Expires at: 2026-03-03T04:08:34.848Z".

    [0m [90m 37 |[39m     console[33m.[39mlog([32m'OTP email would be sent to:'[39m[33m,[39m 
email)[33m;[39m
     [90m 38 |[39m     console[33m.[39mlog([32m'OTP:'[39m[33m,[39m otp)[33m;[39m
    [31m[1m>[22m[39m[90m 39 |[39m     console[33m.[39mlog([32m'Expires at:'[39m[33m,[39m 
expiresAt[33m.[39mtoISOString())[33m;[39m
     [90m    |[39m             [31m[1m^[22m[39m
     [90m 40 |[39m     
     [90m 41 |[39m     [90m// In production, this would be:[39m
     [90m 42 |[39m     [90m// const subject = 'เธฃเธซเธฑเธช OTP 
เธชเธณเธซเธฃเธฑเธเน€เธเนเธฒเธ–เธถเธเนเธเธเธเธญเธฃเนเธกเธเธญเธเธเธธเธ“';[39m[0m

      at console.log (node_modules/@jest/console/build/index.js:147:10)
      at sendOTPEmail (app/api/draft/[token]/request-otp/route.ts:39:13)
      at POST (app/api/draft/[token]/request-otp/route.ts:170:29)
      at app/api/draft/[token]/verify-otp/__tests__/verify-otp.property.test.ts:640:13
      at AsyncProperty.run (node_modules/fast-check/lib/cjs/check/property/AsyncProperty.generic.js:46:28)
      at asyncRunIt (node_modules/fast-check/lib/cjs/check/runner/Runner.js:28:21)
      at Object.<anonymous> (app/api/draft/[token]/verify-otp/__tests__/verify-otp.property.test.ts:610:7)


  โ—  Cannot log after tests are done. Did you forget to wait for something async in your test?
    Attempted to log "OTP email would be sent to: prop-test-1772510314553-ijdmvb@example.com".

    [0m [90m 35 |[39m     [90m// TODO: Implement actual email sending using nodemailer[39m
     [90m 36 |[39m     [90m// For now, we'll log the OTP for testing[39m
    [31m[1m>[22m[39m[90m 37 |[39m     console[33m.[39mlog([32m'OTP email would be sent 
to:'[39m[33m,[39m email)[33m;[39m
     [90m    |[39m             [31m[1m^[22m[39m
     [90m 38 |[39m     console[33m.[39mlog([32m'OTP:'[39m[33m,[39m otp)[33m;[39m
     [90m 39 |[39m     console[33m.[39mlog([32m'Expires at:'[39m[33m,[39m 
expiresAt[33m.[39mtoISOString())[33m;[39m
     [90m 40 |[39m     [0m

      at console.log (node_modules/@jest/console/build/index.js:147:10)
      at sendOTPEmail (app/api/draft/[token]/request-otp/route.ts:37:13)
      at POST (app/api/draft/[token]/request-otp/route.ts:170:29)
      at app/api/draft/[token]/verify-otp/__tests__/verify-otp.property.test.ts:117:33
      at AsyncProperty.run (node_modules/fast-check/lib/cjs/check/property/AsyncProperty.generic.js:46:28)
      at asyncRunIt (node_modules/fast-check/lib/cjs/check/runner/Runner.js:28:21)
      at Object.<anonymous> (app/api/draft/[token]/verify-otp/__tests__/verify-otp.property.test.ts:82:7)


  โ—  Cannot log after tests are done. Did you forget to wait for something async in your test?
    Attempted to log "OTP: 316067".

    [0m [90m 36 |[39m     [90m// For now, we'll log the OTP for testing[39m
     [90m 37 |[39m     console[33m.[39mlog([32m'OTP email would be sent to:'[39m[33m,[39m 
email)[33m;[39m
    [31m[1m>[22m[39m[90m 38 |[39m     console[33m.[39mlog([32m'OTP:'[39m[33m,[39m otp)[33m;[39m
     [90m    |[39m             [31m[1m^[22m[39m
     [90m 39 |[39m     console[33m.[39mlog([32m'Expires at:'[39m[33m,[39m 
expiresAt[33m.[39mtoISOString())[33m;[39m
     [90m 40 |[39m     
     [90m 41 |[39m     [90m// In production, this would be:[39m[0m

      at console.log (node_modules/@jest/console/build/index.js:147:10)
      at sendOTPEmail (app/api/draft/[token]/request-otp/route.ts:38:13)
      at POST (app/api/draft/[token]/request-otp/route.ts:170:29)
      at app/api/draft/[token]/verify-otp/__tests__/verify-otp.property.test.ts:117:33
      at AsyncProperty.run (node_modules/fast-check/lib/cjs/check/property/AsyncProperty.generic.js:46:28)
      at asyncRunIt (node_modules/fast-check/lib/cjs/check/runner/Runner.js:28:21)
      at Object.<anonymous> (app/api/draft/[token]/verify-otp/__tests__/verify-otp.property.test.ts:82:7)


  โ—  Cannot log after tests are done. Did you forget to wait for something async in your test?
    Attempted to log "Expires at: 2026-03-03T04:08:34.849Z".

    [0m [90m 37 |[39m     console[33m.[39mlog([32m'OTP email would be sent to:'[39m[33m,[39m 
email)[33m;[39m
     [90m 38 |[39m     console[33m.[39mlog([32m'OTP:'[39m[33m,[39m otp)[33m;[39m
    [31m[1m>[22m[39m[90m 39 |[39m     console[33m.[39mlog([32m'Expires at:'[39m[33m,[39m 
expiresAt[33m.[39mtoISOString())[33m;[39m
     [90m    |[39m             [31m[1m^[22m[39m
     [90m 40 |[39m     
     [90m 41 |[39m     [90m// In production, this would be:[39m
     [90m 42 |[39m     [90m// const subject = 'เธฃเธซเธฑเธช OTP 
เธชเธณเธซเธฃเธฑเธเน€เธเนเธฒเธ–เธถเธเนเธเธเธเธญเธฃเนเธกเธเธญเธเธเธธเธ“';[39m[0m

      at console.log (node_modules/@jest/console/build/index.js:147:10)
      at sendOTPEmail (app/api/draft/[token]/request-otp/route.ts:39:13)
      at POST (app/api/draft/[token]/request-otp/route.ts:170:29)
      at app/api/draft/[token]/verify-otp/__tests__/verify-otp.property.test.ts:117:33
      at AsyncProperty.run (node_modules/fast-check/lib/cjs/check/property/AsyncProperty.generic.js:46:28)
      at asyncRunIt (node_modules/fast-check/lib/cjs/check/runner/Runner.js:28:21)
      at Object.<anonymous> (app/api/draft/[token]/verify-otp/__tests__/verify-otp.property.test.ts:82:7)


  โ—  Cannot log after tests are done. Did you forget to wait for something async in your test?
    Attempted to log "OTP email would be sent to: prop-test-1772510314636-fnfygn@example.com".

    [0m [90m 35 |[39m     [90m// TODO: Implement actual email sending using nodemailer[39m
     [90m 36 |[39m     [90m// For now, we'll log the OTP for testing[39m
    [31m[1m>[22m[39m[90m 37 |[39m     console[33m.[39mlog([32m'OTP email would be sent 
to:'[39m[33m,[39m email)[33m;[39m
     [90m    |[39m             [31m[1m^[22m[39m
     [90m 38 |[39m     console[33m.[39mlog([32m'OTP:'[39m[33m,[39m otp)[33m;[39m
     [90m 39 |[39m     console[33m.[39mlog([32m'Expires at:'[39m[33m,[39m 
expiresAt[33m.[39mtoISOString())[33m;[39m
     [90m 40 |[39m     [0m

      at console.log (node_modules/@jest/console/build/index.js:147:10)
      at sendOTPEmail (app/api/draft/[token]/request-otp/route.ts:37:13)
      at POST (app/api/draft/[token]/request-otp/route.ts:170:29)
      at app/api/draft/[token]/verify-otp/__tests__/verify-otp.property.test.ts:288:13
      at AsyncProperty.run (node_modules/fast-check/lib/cjs/check/property/AsyncProperty.generic.js:46:28)
      at asyncRunIt (node_modules/fast-check/lib/cjs/check/runner/Runner.js:28:21)
      at Object.<anonymous> (app/api/draft/[token]/verify-otp/__tests__/verify-otp.property.test.ts:248:7)


  โ—  Cannot log after tests are done. Did you forget to wait for something async in your test?
    Attempted to log "OTP: 038435".

    [0m [90m 36 |[39m     [90m// For now, we'll log the OTP for testing[39m
     [90m 37 |[39m     console[33m.[39mlog([32m'OTP email would be sent to:'[39m[33m,[39m 
email)[33m;[39m
    [31m[1m>[22m[39m[90m 38 |[39m     console[33m.[39mlog([32m'OTP:'[39m[33m,[39m otp)[33m;[39m
     [90m    |[39m             [31m[1m^[22m[39m
     [90m 39 |[39m     console[33m.[39mlog([32m'Expires at:'[39m[33m,[39m 
expiresAt[33m.[39mtoISOString())[33m;[39m
     [90m 40 |[39m     
     [90m 41 |[39m     [90m// In production, this would be:[39m[0m

      at console.log (node_modules/@jest/console/build/index.js:147:10)
      at sendOTPEmail (app/api/draft/[token]/request-otp/route.ts:38:13)
      at POST (app/api/draft/[token]/request-otp/route.ts:170:29)
      at app/api/draft/[token]/verify-otp/__tests__/verify-otp.property.test.ts:288:13
      at AsyncProperty.run (node_modules/fast-check/lib/cjs/check/property/AsyncProperty.generic.js:46:28)
      at asyncRunIt (node_modules/fast-check/lib/cjs/check/runner/Runner.js:28:21)
      at Object.<anonymous> (app/api/draft/[token]/verify-otp/__tests__/verify-otp.property.test.ts:248:7)


  โ—  Cannot log after tests are done. Did you forget to wait for something async in your test?
    Attempted to log "Expires at: 2026-03-03T04:08:34.930Z".

    [0m [90m 37 |[39m     console[33m.[39mlog([32m'OTP email would be sent to:'[39m[33m,[39m 
email)[33m;[39m
     [90m 38 |[39m     console[33m.[39mlog([32m'OTP:'[39m[33m,[39m otp)[33m;[39m
    [31m[1m>[22m[39m[90m 39 |[39m     console[33m.[39mlog([32m'Expires at:'[39m[33m,[39m 
expiresAt[33m.[39mtoISOString())[33m;[39m
     [90m    |[39m             [31m[1m^[22m[39m
     [90m 40 |[39m     
     [90m 41 |[39m     [90m// In production, this would be:[39m
     [90m 42 |[39m     [90m// const subject = 'เธฃเธซเธฑเธช OTP 
เธชเธณเธซเธฃเธฑเธเน€เธเนเธฒเธ–เธถเธเนเธเธเธเธญเธฃเนเธกเธเธญเธเธเธธเธ“';[39m[0m

      at console.log (node_modules/@jest/console/build/index.js:147:10)
      at sendOTPEmail (app/api/draft/[token]/request-otp/route.ts:39:13)
      at POST (app/api/draft/[token]/request-otp/route.ts:170:29)
      at app/api/draft/[token]/verify-otp/__tests__/verify-otp.property.test.ts:288:13
      at AsyncProperty.run (node_modules/fast-check/lib/cjs/check/property/AsyncProperty.generic.js:46:28)
      at asyncRunIt (node_modules/fast-check/lib/cjs/check/runner/Runner.js:28:21)
      at Object.<anonymous> (app/api/draft/[token]/verify-otp/__tests__/verify-otp.property.test.ts:248:7)


  โ—  Cannot log after tests are done. Did you forget to wait for something async in your test?
    Attempted to log "OTP email would be sent to: prop-test-1772510314727-1ixhgr@example.com".

    [0m [90m 35 |[39m     [90m// TODO: Implement actual email sending using nodemailer[39m
     [90m 36 |[39m     [90m// For now, we'll log the OTP for testing[39m
    [31m[1m>[22m[39m[90m 37 |[39m     console[33m.[39mlog([32m'OTP email would be sent 
to:'[39m[33m,[39m email)[33m;[39m
     [90m    |[39m             [31m[1m^[22m[39m
     [90m 38 |[39m     console[33m.[39mlog([32m'OTP:'[39m[33m,[39m otp)[33m;[39m
     [90m 39 |[39m     console[33m.[39mlog([32m'Expires at:'[39m[33m,[39m 
expiresAt[33m.[39mtoISOString())[33m;[39m
     [90m 40 |[39m     [0m

      at console.log (node_modules/@jest/console/build/index.js:147:10)
      at sendOTPEmail (app/api/draft/[token]/request-otp/route.ts:37:13)
      at POST (app/api/draft/[token]/request-otp/route.ts:170:29)
      at app/api/draft/[token]/verify-otp/__tests__/verify-otp.property.test.ts:573:13
      at AsyncProperty.run (node_modules/fast-check/lib/cjs/check/property/AsyncProperty.generic.js:46:28)
      at asyncRunIt (node_modules/fast-check/lib/cjs/check/runner/Runner.js:28:21)
      at Object.<anonymous> (app/api/draft/[token]/verify-otp/__tests__/verify-otp.property.test.ts:537:7)


  โ—  Cannot log after tests are done. Did you forget to wait for something async in your test?
    Attempted to log "OTP: 102627".

    [0m [90m 36 |[39m     [90m// For now, we'll log the OTP for testing[39m
     [90m 37 |[39m     console[33m.[39mlog([32m'OTP email would be sent to:'[39m[33m,[39m 
email)[33m;[39m
    [31m[1m>[22m[39m[90m 38 |[39m     console[33m.[39mlog([32m'OTP:'[39m[33m,[39m otp)[33m;[39m
     [90m    |[39m             [31m[1m^[22m[39m
     [90m 39 |[39m     console[33m.[39mlog([32m'Expires at:'[39m[33m,[39m 
expiresAt[33m.[39mtoISOString())[33m;[39m
     [90m 40 |[39m     
     [90m 41 |[39m     [90m// In production, this would be:[39m[0m

      at console.log (node_modules/@jest/console/build/index.js:147:10)
      at sendOTPEmail (app/api/draft/[token]/request-otp/route.ts:38:13)
      at POST (app/api/draft/[token]/request-otp/route.ts:170:29)
      at app/api/draft/[token]/verify-otp/__tests__/verify-otp.property.test.ts:573:13
      at AsyncProperty.run (node_modules/fast-check/lib/cjs/check/property/AsyncProperty.generic.js:46:28)
      at asyncRunIt (node_modules/fast-check/lib/cjs/check/runner/Runner.js:28:21)
      at Object.<anonymous> (app/api/draft/[token]/verify-otp/__tests__/verify-otp.property.test.ts:537:7)


  โ—  Cannot log after tests are done. Did you forget to wait for something async in your test?
    Attempted to log "Expires at: 2026-03-03T04:08:35.005Z".

    [0m [90m 37 |[39m     console[33m.[39mlog([32m'OTP email would be sent to:'[39m[33m,[39m 
email)[33m;[39m
     [90m 38 |[39m     console[33m.[39mlog([32m'OTP:'[39m[33m,[39m otp)[33m;[39m
    [31m[1m>[22m[39m[90m 39 |[39m     console[33m.[39mlog([32m'Expires at:'[39m[33m,[39m 
expiresAt[33m.[39mtoISOString())[33m;[39m
     [90m    |[39m             [31m[1m^[22m[39m
     [90m 40 |[39m     
     [90m 41 |[39m     [90m// In production, this would be:[39m
     [90m 42 |[39m     [90m// const subject = 'เธฃเธซเธฑเธช OTP 
เธชเธณเธซเธฃเธฑเธเน€เธเนเธฒเธ–เธถเธเนเธเธเธเธญเธฃเนเธกเธเธญเธเธเธธเธ“';[39m[0m

      at console.log (node_modules/@jest/console/build/index.js:147:10)
      at sendOTPEmail (app/api/draft/[token]/request-otp/route.ts:39:13)
      at POST (app/api/draft/[token]/request-otp/route.ts:170:29)
      at app/api/draft/[token]/verify-otp/__tests__/verify-otp.property.test.ts:573:13
      at AsyncProperty.run (node_modules/fast-check/lib/cjs/check/property/AsyncProperty.generic.js:46:28)
      at asyncRunIt (node_modules/fast-check/lib/cjs/check/runner/Runner.js:28:21)
      at Object.<anonymous> (app/api/draft/[token]/verify-otp/__tests__/verify-otp.property.test.ts:537:7)


  โ—  Cannot log after tests are done. Did you forget to wait for something async in your test?
    Attempted to log "OTP email would be sent to: prop-test-1772510314848-lz72kg@example.com".

    [0m [90m 35 |[39m     [90m// TODO: Implement actual email sending using nodemailer[39m
     [90m 36 |[39m     [90m// For now, we'll log the OTP for testing[39m
    [31m[1m>[22m[39m[90m 37 |[39m     console[33m.[39mlog([32m'OTP email would be sent 
to:'[39m[33m,[39m email)[33m;[39m
     [90m    |[39m             [31m[1m^[22m[39m
     [90m 38 |[39m     console[33m.[39mlog([32m'OTP:'[39m[33m,[39m otp)[33m;[39m
     [90m 39 |[39m     console[33m.[39mlog([32m'Expires at:'[39m[33m,[39m 
expiresAt[33m.[39mtoISOString())[33m;[39m
     [90m 40 |[39m     [0m

      at console.log (node_modules/@jest/console/build/index.js:147:10)
      at sendOTPEmail (app/api/draft/[token]/request-otp/route.ts:37:13)
      at POST (app/api/draft/[token]/request-otp/route.ts:170:29)
      at app/api/draft/[token]/verify-otp/__tests__/verify-otp.property.test.ts:428:13
      at AsyncProperty.run (node_modules/fast-check/lib/cjs/check/property/AsyncProperty.generic.js:46:28)
      at asyncRunIt (node_modules/fast-check/lib/cjs/check/runner/Runner.js:28:21)
      at Object.<anonymous> (app/api/draft/[token]/verify-otp/__tests__/verify-otp.property.test.ts:393:7)


  โ—  Cannot log after tests are done. Did you forget to wait for something async in your test?
    Attempted to log "OTP: 466639".

    [0m [90m 36 |[39m     [90m// For now, we'll log the OTP for testing[39m
     [90m 37 |[39m     console[33m.[39mlog([32m'OTP email would be sent to:'[39m[33m,[39m 
email)[33m;[39m
    [31m[1m>[22m[39m[90m 38 |[39m     console[33m.[39mlog([32m'OTP:'[39m[33m,[39m otp)[33m;[39m
     [90m    |[39m             [31m[1m^[22m[39m
     [90m 39 |[39m     console[33m.[39mlog([32m'Expires at:'[39m[33m,[39m 
expiresAt[33m.[39mtoISOString())[33m;[39m
     [90m 40 |[39m     
     [90m 41 |[39m     [90m// In production, this would be:[39m[0m

      at console.log (node_modules/@jest/console/build/index.js:147:10)
      at sendOTPEmail (app/api/draft/[token]/request-otp/route.ts:38:13)
      at POST (app/api/draft/[token]/request-otp/route.ts:170:29)
      at app/api/draft/[token]/verify-otp/__tests__/verify-otp.property.test.ts:428:13
      at AsyncProperty.run (node_modules/fast-check/lib/cjs/check/property/AsyncProperty.generic.js:46:28)
      at asyncRunIt (node_modules/fast-check/lib/cjs/check/runner/Runner.js:28:21)
      at Object.<anonymous> (app/api/draft/[token]/verify-otp/__tests__/verify-otp.property.test.ts:393:7)


  โ—  Cannot log after tests are done. Did you forget to wait for something async in your test?
    Attempted to log "Expires at: 2026-03-03T04:08:35.063Z".

    [0m [90m 37 |[39m     console[33m.[39mlog([32m'OTP email would be sent to:'[39m[33m,[39m 
email)[33m;[39m
     [90m 38 |[39m     console[33m.[39mlog([32m'OTP:'[39m[33m,[39m otp)[33m;[39m
    [31m[1m>[22m[39m[90m 39 |[39m     console[33m.[39mlog([32m'Expires at:'[39m[33m,[39m 
expiresAt[33m.[39mtoISOString())[33m;[39m
     [90m    |[39m             [31m[1m^[22m[39m
     [90m 40 |[39m     
     [90m 41 |[39m     [90m// In production, this would be:[39m
     [90m 42 |[39m     [90m// const subject = 'เธฃเธซเธฑเธช OTP 
เธชเธณเธซเธฃเธฑเธเน€เธเนเธฒเธ–เธถเธเนเธเธเธเธญเธฃเนเธกเธเธญเธเธเธธเธ“';[39m[0m

      at console.log (node_modules/@jest/console/build/index.js:147:10)
      at sendOTPEmail (app/api/draft/[token]/request-otp/route.ts:39:13)
      at POST (app/api/draft/[token]/request-otp/route.ts:170:29)
      at app/api/draft/[token]/verify-otp/__tests__/verify-otp.property.test.ts:428:13
      at AsyncProperty.run (node_modules/fast-check/lib/cjs/check/property/AsyncProperty.generic.js:46:28)
      at asyncRunIt (node_modules/fast-check/lib/cjs/check/runner/Runner.js:28:21)
      at Object.<anonymous> (app/api/draft/[token]/verify-otp/__tests__/verify-otp.property.test.ts:393:7)


  โ—  Cannot log after tests are done. Did you forget to wait for something async in your test?
    Attempted to log "OTP email would be sent to: prop-test-1772510314925-4r35rl@example.com".

    [0m [90m 35 |[39m     [90m// TODO: Implement actual email sending using nodemailer[39m
     [90m 36 |[39m     [90m// For now, we'll log the OTP for testing[39m
    [31m[1m>[22m[39m[90m 37 |[39m     console[33m.[39mlog([32m'OTP email would be sent 
to:'[39m[33m,[39m email)[33m;[39m
     [90m    |[39m             [31m[1m^[22m[39m
     [90m 38 |[39m     console[33m.[39mlog([32m'OTP:'[39m[33m,[39m otp)[33m;[39m
     [90m 39 |[39m     console[33m.[39mlog([32m'Expires at:'[39m[33m,[39m 
expiresAt[33m.[39mtoISOString())[33m;[39m
     [90m 40 |[39m     [0m

      at console.log (node_modules/@jest/console/build/index.js:147:10)
      at sendOTPEmail (app/api/draft/[token]/request-otp/route.ts:37:13)
      at POST (app/api/draft/[token]/request-otp/route.ts:170:29)
      at app/api/draft/[token]/verify-otp/__tests__/verify-otp.property.test.ts:640:13
      at AsyncProperty.run (node_modules/fast-check/lib/cjs/check/property/AsyncProperty.generic.js:46:28)
      at asyncRunIt (node_modules/fast-check/lib/cjs/check/runner/Runner.js:28:21)
      at Object.<anonymous> (app/api/draft/[token]/verify-otp/__tests__/verify-otp.property.test.ts:610:7)


  โ—  Cannot log after tests are done. Did you forget to wait for something async in your test?
    Attempted to log "OTP: 714482".

    [0m [90m 36 |[39m     [90m// For now, we'll log the OTP for testing[39m
     [90m 37 |[39m     console[33m.[39mlog([32m'OTP email would be sent to:'[39m[33m,[39m 
email)[33m;[39m
    [31m[1m>[22m[39m[90m 38 |[39m     console[33m.[39mlog([32m'OTP:'[39m[33m,[39m otp)[33m;[39m
     [90m    |[39m             [31m[1m^[22m[39m
     [90m 39 |[39m     console[33m.[39mlog([32m'Expires at:'[39m[33m,[39m 
expiresAt[33m.[39mtoISOString())[33m;[39m
     [90m 40 |[39m     
     [90m 41 |[39m     [90m// In production, this would be:[39m[0m

      at console.log (node_modules/@jest/console/build/index.js:147:10)
      at sendOTPEmail (app/api/draft/[token]/request-otp/route.ts:38:13)
      at POST (app/api/draft/[token]/request-otp/route.ts:170:29)
      at app/api/draft/[token]/verify-otp/__tests__/verify-otp.property.test.ts:640:13
      at AsyncProperty.run (node_modules/fast-check/lib/cjs/check/property/AsyncProperty.generic.js:46:28)
      at asyncRunIt (node_modules/fast-check/lib/cjs/check/runner/Runner.js:28:21)
      at Object.<anonymous> (app/api/draft/[token]/verify-otp/__tests__/verify-otp.property.test.ts:610:7)


  โ—  Cannot log after tests are done. Did you forget to wait for something async in your test?
    Attempted to log "Expires at: 2026-03-03T04:08:35.124Z".

    [0m [90m 37 |[39m     console[33m.[39mlog([32m'OTP email would be sent to:'[39m[33m,[39m 
email)[33m;[39m
     [90m 38 |[39m     console[33m.[39mlog([32m'OTP:'[39m[33m,[39m otp)[33m;[39m
    [31m[1m>[22m[39m[90m 39 |[39m     console[33m.[39mlog([32m'Expires at:'[39m[33m,[39m 
expiresAt[33m.[39mtoISOString())[33m;[39m
     [90m    |[39m             [31m[1m^[22m[39m
     [90m 40 |[39m     
     [90m 41 |[39m     [90m// In production, this would be:[39m
     [90m 42 |[39m     [90m// const subject = 'เธฃเธซเธฑเธช OTP 
เธชเธณเธซเธฃเธฑเธเน€เธเนเธฒเธ–เธถเธเนเธเธเธเธญเธฃเนเธกเธเธญเธเธเธธเธ“';[39m[0m

      at console.log (node_modules/@jest/console/build/index.js:147:10)
      at sendOTPEmail (app/api/draft/[token]/request-otp/route.ts:39:13)
      at POST (app/api/draft/[token]/request-otp/route.ts:170:29)
      at app/api/draft/[token]/verify-otp/__tests__/verify-otp.property.test.ts:640:13
      at AsyncProperty.run (node_modules/fast-check/lib/cjs/check/property/AsyncProperty.generic.js:46:28)
      at asyncRunIt (node_modules/fast-check/lib/cjs/check/runner/Runner.js:28:21)
      at Object.<anonymous> (app/api/draft/[token]/verify-otp/__tests__/verify-otp.property.test.ts:610:7)


  โ—  Cannot log after tests are done. Did you forget to wait for something async in your test?
    Attempted to log "OTP email would be sent to: prop-test-1772510315005-3pzs7n@example.com".

    [0m [90m 35 |[39m     [90m// TODO: Implement actual email sending using nodemailer[39m
     [90m 36 |[39m     [90m// For now, we'll log the OTP for testing[39m
    [31m[1m>[22m[39m[90m 37 |[39m     console[33m.[39mlog([32m'OTP email would be sent 
to:'[39m[33m,[39m email)[33m;[39m
     [90m    |[39m             [31m[1m^[22m[39m
     [90m 38 |[39m     console[33m.[39mlog([32m'OTP:'[39m[33m,[39m otp)[33m;[39m
     [90m 39 |[39m     console[33m.[39mlog([32m'Expires at:'[39m[33m,[39m 
expiresAt[33m.[39mtoISOString())[33m;[39m
     [90m 40 |[39m     [0m

      at console.log (node_modules/@jest/console/build/index.js:147:10)
      at sendOTPEmail (app/api/draft/[token]/request-otp/route.ts:37:13)
      at POST (app/api/draft/[token]/request-otp/route.ts:170:29)
      at app/api/draft/[token]/verify-otp/__tests__/verify-otp.property.test.ts:117:33
      at AsyncProperty.run (node_modules/fast-check/lib/cjs/check/property/AsyncProperty.generic.js:46:28)
      at asyncRunIt (node_modules/fast-check/lib/cjs/check/runner/Runner.js:28:21)
      at Object.<anonymous> (app/api/draft/[token]/verify-otp/__tests__/verify-otp.property.test.ts:82:7)


  โ—  Cannot log after tests are done. Did you forget to wait for something async in your test?
    Attempted to log "OTP: 278727".

    [0m [90m 36 |[39m     [90m// For now, we'll log the OTP for testing[39m
     [90m 37 |[39m     console[33m.[39mlog([32m'OTP email would be sent to:'[39m[33m,[39m 
email)[33m;[39m
    [31m[1m>[22m[39m[90m 38 |[39m     console[33m.[39mlog([32m'OTP:'[39m[33m,[39m otp)[33m;[39m
     [90m    |[39m             [31m[1m^[22m[39m
     [90m 39 |[39m     console[33m.[39mlog([32m'Expires at:'[39m[33m,[39m 
expiresAt[33m.[39mtoISOString())[33m;[39m
     [90m 40 |[39m     
     [90m 41 |[39m     [90m// In production, this would be:[39m[0m

      at console.log (node_modules/@jest/console/build/index.js:147:10)
      at sendOTPEmail (app/api/draft/[token]/request-otp/route.ts:38:13)
      at POST (app/api/draft/[token]/request-otp/route.ts:170:29)
      at app/api/draft/[token]/verify-otp/__tests__/verify-otp.property.test.ts:117:33
      at AsyncProperty.run (node_modules/fast-check/lib/cjs/check/property/AsyncProperty.generic.js:46:28)
      at asyncRunIt (node_modules/fast-check/lib/cjs/check/runner/Runner.js:28:21)
      at Object.<anonymous> (app/api/draft/[token]/verify-otp/__tests__/verify-otp.property.test.ts:82:7)


  โ—  Cannot log after tests are done. Did you forget to wait for something async in your test?
    Attempted to log "Expires at: 2026-03-03T04:08:35.241Z".

    [0m [90m 37 |[39m     console[33m.[39mlog([32m'OTP email would be sent to:'[39m[33m,[39m 
email)[33m;[39m
     [90m 38 |[39m     console[33m.[39mlog([32m'OTP:'[39m[33m,[39m otp)[33m;[39m
    [31m[1m>[22m[39m[90m 39 |[39m     console[33m.[39mlog([32m'Expires at:'[39m[33m,[39m 
expiresAt[33m.[39mtoISOString())[33m;[39m
     [90m    |[39m             [31m[1m^[22m[39m
     [90m 40 |[39m     
     [90m 41 |[39m     [90m// In production, this would be:[39m
     [90m 42 |[39m     [90m// const subject = 'เธฃเธซเธฑเธช OTP 
เธชเธณเธซเธฃเธฑเธเน€เธเนเธฒเธ–เธถเธเนเธเธเธเธญเธฃเนเธกเธเธญเธเธเธธเธ“';[39m[0m

      at console.log (node_modules/@jest/console/build/index.js:147:10)
      at sendOTPEmail (app/api/draft/[token]/request-otp/route.ts:39:13)
      at POST (app/api/draft/[token]/request-otp/route.ts:170:29)
      at app/api/draft/[token]/verify-otp/__tests__/verify-otp.property.test.ts:117:33
      at AsyncProperty.run (node_modules/fast-check/lib/cjs/check/property/AsyncProperty.generic.js:46:28)
      at asyncRunIt (node_modules/fast-check/lib/cjs/check/runner/Runner.js:28:21)
      at Object.<anonymous> (app/api/draft/[token]/verify-otp/__tests__/verify-otp.property.test.ts:82:7)


  โ—  Cannot log after tests are done. Did you forget to wait for something async in your test?
    Attempted to log "OTP email would be sent to: prop-test-1772510315003-sguuw@example.com".

    [0m [90m 35 |[39m     [90m// TODO: Implement actual email sending using nodemailer[39m
     [90m 36 |[39m     [90m// For now, we'll log the OTP for testing[39m
    [31m[1m>[22m[39m[90m 37 |[39m     console[33m.[39mlog([32m'OTP email would be sent 
to:'[39m[33m,[39m email)[33m;[39m
     [90m    |[39m             [31m[1m^[22m[39m
     [90m 38 |[39m     console[33m.[39mlog([32m'OTP:'[39m[33m,[39m otp)[33m;[39m
     [90m 39 |[39m     console[33m.[39mlog([32m'Expires at:'[39m[33m,[39m 
expiresAt[33m.[39mtoISOString())[33m;[39m
     [90m 40 |[39m     [0m

      at console.log (node_modules/@jest/console/build/index.js:147:10)
      at sendOTPEmail (app/api/draft/[token]/request-otp/route.ts:37:13)
      at POST (app/api/draft/[token]/request-otp/route.ts:170:29)
      at app/api/draft/[token]/verify-otp/__tests__/verify-otp.property.test.ts:288:13
      at AsyncProperty.run (node_modules/fast-check/lib/cjs/check/property/AsyncProperty.generic.js:46:28)
      at asyncRunIt (node_modules/fast-check/lib/cjs/check/runner/Runner.js:28:21)
      at Object.<anonymous> (app/api/draft/[token]/verify-otp/__tests__/verify-otp.property.test.ts:248:7)


  โ—  Cannot log after tests are done. Did you forget to wait for something async in your test?
    Attempted to log "OTP: 025223".

    [0m [90m 36 |[39m     [90m// For now, we'll log the OTP for testing[39m
     [90m 37 |[39m     console[33m.[39mlog([32m'OTP email would be sent to:'[39m[33m,[39m 
email)[33m;[39m
    [31m[1m>[22m[39m[90m 38 |[39m     console[33m.[39mlog([32m'OTP:'[39m[33m,[39m otp)[33m;[39m
     [90m    |[39m             [31m[1m^[22m[39m
     [90m 39 |[39m     console[33m.[39mlog([32m'Expires at:'[39m[33m,[39m 
expiresAt[33m.[39mtoISOString())[33m;[39m
     [90m 40 |[39m     
     [90m 41 |[39m     [90m// In production, this would be:[39m[0m

      at console.log (node_modules/@jest/console/build/index.js:147:10)
      at sendOTPEmail (app/api/draft/[token]/request-otp/route.ts:38:13)
      at POST (app/api/draft/[token]/request-otp/route.ts:170:29)
      at app/api/draft/[token]/verify-otp/__tests__/verify-otp.property.test.ts:288:13
      at AsyncProperty.run (node_modules/fast-check/lib/cjs/check/property/AsyncProperty.generic.js:46:28)
      at asyncRunIt (node_modules/fast-check/lib/cjs/check/runner/Runner.js:28:21)
      at Object.<anonymous> (app/api/draft/[token]/verify-otp/__tests__/verify-otp.property.test.ts:248:7)


  โ—  Cannot log after tests are done. Did you forget to wait for something async in your test?
    Attempted to log "Expires at: 2026-03-03T04:08:35.241Z".

    [0m [90m 37 |[39m     console[33m.[39mlog([32m'OTP email would be sent to:'[39m[33m,[39m 
email)[33m;[39m
     [90m 38 |[39m     console[33m.[39mlog([32m'OTP:'[39m[33m,[39m otp)[33m;[39m
    [31m[1m>[22m[39m[90m 39 |[39m     console[33m.[39mlog([32m'Expires at:'[39m[33m,[39m 
expiresAt[33m.[39mtoISOString())[33m;[39m
     [90m    |[39m             [31m[1m^[22m[39m
     [90m 40 |[39m     
     [90m 41 |[39m     [90m// In production, this would be:[39m
     [90m 42 |[39m     [90m// const subject = 'เธฃเธซเธฑเธช OTP 
เธชเธณเธซเธฃเธฑเธเน€เธเนเธฒเธ–เธถเธเนเธเธเธเธญเธฃเนเธกเธเธญเธเธเธธเธ“';[39m[0m

      at console.log (node_modules/@jest/console/build/index.js:147:10)
      at sendOTPEmail (app/api/draft/[token]/request-otp/route.ts:39:13)
      at POST (app/api/draft/[token]/request-otp/route.ts:170:29)
      at app/api/draft/[token]/verify-otp/__tests__/verify-otp.property.test.ts:288:13
      at AsyncProperty.run (node_modules/fast-check/lib/cjs/check/property/AsyncProperty.generic.js:46:28)
      at asyncRunIt (node_modules/fast-check/lib/cjs/check/runner/Runner.js:28:21)
      at Object.<anonymous> (app/api/draft/[token]/verify-otp/__tests__/verify-otp.property.test.ts:248:7)


  โ—  Cannot log after tests are done. Did you forget to wait for something async in your test?
    Attempted to log "OTP email would be sent to: prop-test-1772510313797-fzwfx@example.com".

    [0m [90m 35 |[39m     [90m// TODO: Implement actual email sending using nodemailer[39m
     [90m 36 |[39m     [90m// For now, we'll log the OTP for testing[39m
    [31m[1m>[22m[39m[90m 37 |[39m     console[33m.[39mlog([32m'OTP email would be sent 
to:'[39m[33m,[39m email)[33m;[39m
     [90m    |[39m             [31m[1m^[22m[39m
     [90m 38 |[39m     console[33m.[39mlog([32m'OTP:'[39m[33m,[39m otp)[33m;[39m
     [90m 39 |[39m     console[33m.[39mlog([32m'Expires at:'[39m[33m,[39m 
expiresAt[33m.[39mtoISOString())[33m;[39m
     [90m 40 |[39m     [0m

      at console.log (node_modules/@jest/console/build/index.js:147:10)
      at sendOTPEmail (app/api/draft/[token]/request-otp/route.ts:37:13)
      at POST (app/api/draft/[token]/request-otp/route.ts:170:29)
      at app/api/draft/[token]/request-otp/__tests__/request-otp.property.test.ts:837:30
      at AsyncProperty.run (node_modules/fast-check/lib/cjs/check/property/AsyncProperty.generic.js:46:28)
      at asyncRunIt (node_modules/fast-check/lib/cjs/check/runner/Runner.js:28:21)
      at Object.<anonymous> (app/api/draft/[token]/request-otp/__tests__/request-otp.property.test.ts:801:7)


  โ—  Cannot log after tests are done. Did you forget to wait for something async in your test?
    Attempted to log "OTP: 267953".

    [0m [90m 36 |[39m     [90m// For now, we'll log the OTP for testing[39m
     [90m 37 |[39m     console[33m.[39mlog([32m'OTP email would be sent to:'[39m[33m,[39m 
email)[33m;[39m
    [31m[1m>[22m[39m[90m 38 |[39m     console[33m.[39mlog([32m'OTP:'[39m[33m,[39m otp)[33m;[39m
     [90m    |[39m             [31m[1m^[22m[39m
     [90m 39 |[39m     console[33m.[39mlog([32m'Expires at:'[39m[33m,[39m 
expiresAt[33m.[39mtoISOString())[33m;[39m
     [90m 40 |[39m     
     [90m 41 |[39m     [90m// In production, this would be:[39m[0m

      at console.log (node_modules/@jest/console/build/index.js:147:10)
      at sendOTPEmail (app/api/draft/[token]/request-otp/route.ts:38:13)
      at POST (app/api/draft/[token]/request-otp/route.ts:170:29)
      at app/api/draft/[token]/request-otp/__tests__/request-otp.property.test.ts:837:30
      at AsyncProperty.run (node_modules/fast-check/lib/cjs/check/property/AsyncProperty.generic.js:46:28)
      at asyncRunIt (node_modules/fast-check/lib/cjs/check/runner/Runner.js:28:21)
      at Object.<anonymous> (app/api/draft/[token]/request-otp/__tests__/request-otp.property.test.ts:801:7)


  โ—  Cannot log after tests are done. Did you forget to wait for something async in your test?
    Attempted to log "Expires at: 2026-03-03T04:08:33.858Z".

    [0m [90m 37 |[39m     console[33m.[39mlog([32m'OTP email would be sent to:'[39m[33m,[39m 
email)[33m;[39m
     [90m 38 |[39m     console[33m.[39mlog([32m'OTP:'[39m[33m,[39m otp)[33m;[39m
    [31m[1m>[22m[39m[90m 39 |[39m     console[33m.[39mlog([32m'Expires at:'[39m[33m,[39m 
expiresAt[33m.[39mtoISOString())[33m;[39m
     [90m    |[39m             [31m[1m^[22m[39m
     [90m 40 |[39m     
     [90m 41 |[39m     [90m// In production, this would be:[39m
     [90m 42 |[39m     [90m// const subject = 'เธฃเธซเธฑเธช OTP 
เธชเธณเธซเธฃเธฑเธเน€เธเนเธฒเธ–เธถเธเนเธเธเธเธญเธฃเนเธกเธเธญเธเธเธธเธ“';[39m[0m

      at console.log (node_modules/@jest/console/build/index.js:147:10)
      at sendOTPEmail (app/api/draft/[token]/request-otp/route.ts:39:13)
      at POST (app/api/draft/[token]/request-otp/route.ts:170:29)
      at app/api/draft/[token]/request-otp/__tests__/request-otp.property.test.ts:837:30
      at AsyncProperty.run (node_modules/fast-check/lib/cjs/check/property/AsyncProperty.generic.js:46:28)
      at asyncRunIt (node_modules/fast-check/lib/cjs/check/runner/Runner.js:28:21)
      at Object.<anonymous> (app/api/draft/[token]/request-otp/__tests__/request-otp.property.test.ts:801:7)


  โ—  Cannot log after tests are done. Did you forget to wait for something async in your test?
    Attempted to log "OTP email would be sent to: prop-test-1772510313866-g5cl@example.com".

    [0m [90m 35 |[39m     [90m// TODO: Implement actual email sending using nodemailer[39m
     [90m 36 |[39m     [90m// For now, we'll log the OTP for testing[39m
    [31m[1m>[22m[39m[90m 37 |[39m     console[33m.[39mlog([32m'OTP email would be sent 
to:'[39m[33m,[39m email)[33m;[39m
     [90m    |[39m             [31m[1m^[22m[39m
     [90m 38 |[39m     console[33m.[39mlog([32m'OTP:'[39m[33m,[39m otp)[33m;[39m
     [90m 39 |[39m     console[33m.[39mlog([32m'Expires at:'[39m[33m,[39m 
expiresAt[33m.[39mtoISOString())[33m;[39m
     [90m 40 |[39m     [0m

      at console.log (node_modules/@jest/console/build/index.js:147:10)
      at sendOTPEmail (app/api/draft/[token]/request-otp/route.ts:37:13)
      at POST (app/api/draft/[token]/request-otp/route.ts:170:29)
      at app/api/draft/[token]/request-otp/__tests__/request-otp.property.test.ts:837:30
      at AsyncProperty.run (node_modules/fast-check/lib/cjs/check/property/AsyncProperty.generic.js:46:28)
      at asyncRunIt (node_modules/fast-check/lib/cjs/check/runner/Runner.js:28:21)
      at Object.<anonymous> (app/api/draft/[token]/request-otp/__tests__/request-otp.property.test.ts:801:7)


  โ—  Cannot log after tests are done. Did you forget to wait for something async in your test?
    Attempted to log "OTP: 578038".

    [0m [90m 36 |[39m     [90m// For now, we'll log the OTP for testing[39m
     [90m 37 |[39m     console[33m.[39mlog([32m'OTP email would be sent to:'[39m[33m,[39m 
email)[33m;[39m
    [31m[1m>[22m[39m[90m 38 |[39m     console[33m.[39mlog([32m'OTP:'[39m[33m,[39m otp)[33m;[39m
     [90m    |[39m             [31m[1m^[22m[39m
     [90m 39 |[39m     console[33m.[39mlog([32m'Expires at:'[39m[33m,[39m 
expiresAt[33m.[39mtoISOString())[33m;[39m
     [90m 40 |[39m     
     [90m 41 |[39m     [90m// In production, this would be:[39m[0m

      at console.log (node_modules/@jest/console/build/index.js:147:10)
      at sendOTPEmail (app/api/draft/[token]/request-otp/route.ts:38:13)
      at POST (app/api/draft/[token]/request-otp/route.ts:170:29)
      at app/api/draft/[token]/request-otp/__tests__/request-otp.property.test.ts:837:30
      at AsyncProperty.run (node_modules/fast-check/lib/cjs/check/property/AsyncProperty.generic.js:46:28)
      at asyncRunIt (node_modules/fast-check/lib/cjs/check/runner/Runner.js:28:21)
      at Object.<anonymous> (app/api/draft/[token]/request-otp/__tests__/request-otp.property.test.ts:801:7)


  โ—  Cannot log after tests are done. Did you forget to wait for something async in your test?
    Attempted to log "Expires at: 2026-03-03T04:08:33.926Z".

    [0m [90m 37 |[39m     console[33m.[39mlog([32m'OTP email would be sent to:'[39m[33m,[39m 
email)[33m;[39m
     [90m 38 |[39m     console[33m.[39mlog([32m'OTP:'[39m[33m,[39m otp)[33m;[39m
    [31m[1m>[22m[39m[90m 39 |[39m     console[33m.[39mlog([32m'Expires at:'[39m[33m,[39m 
expiresAt[33m.[39mtoISOString())[33m;[39m
     [90m    |[39m             [31m[1m^[22m[39m
     [90m 40 |[39m     
     [90m 41 |[39m     [90m// In production, this would be:[39m
     [90m 42 |[39m     [90m// const subject = 'เธฃเธซเธฑเธช OTP 
เธชเธณเธซเธฃเธฑเธเน€เธเนเธฒเธ–เธถเธเนเธเธเธเธญเธฃเนเธกเธเธญเธเธเธธเธ“';[39m[0m

      at console.log (node_modules/@jest/console/build/index.js:147:10)
      at sendOTPEmail (app/api/draft/[token]/request-otp/route.ts:39:13)
      at POST (app/api/draft/[token]/request-otp/route.ts:170:29)
      at app/api/draft/[token]/request-otp/__tests__/request-otp.property.test.ts:837:30
      at AsyncProperty.run (node_modules/fast-check/lib/cjs/check/property/AsyncProperty.generic.js:46:28)
      at asyncRunIt (node_modules/fast-check/lib/cjs/check/runner/Runner.js:28:21)
      at Object.<anonymous> (app/api/draft/[token]/request-otp/__tests__/request-otp.property.test.ts:801:7)


  โ—  Cannot log after tests are done. Did you forget to wait for something async in your test?
    Attempted to log "OTP email would be sent to: prop-test-1772510313933-rnq1s8@example.com".

    [0m [90m 35 |[39m     [90m// TODO: Implement actual email sending using nodemailer[39m
     [90m 36 |[39m     [90m// For now, we'll log the OTP for testing[39m
    [31m[1m>[22m[39m[90m 37 |[39m     console[33m.[39mlog([32m'OTP email would be sent 
to:'[39m[33m,[39m email)[33m;[39m
     [90m    |[39m             [31m[1m^[22m[39m
     [90m 38 |[39m     console[33m.[39mlog([32m'OTP:'[39m[33m,[39m otp)[33m;[39m
     [90m 39 |[39m     console[33m.[39mlog([32m'Expires at:'[39m[33m,[39m 
expiresAt[33m.[39mtoISOString())[33m;[39m
     [90m 40 |[39m     [0m

      at console.log (node_modules/@jest/console/build/index.js:147:10)
      at sendOTPEmail (app/api/draft/[token]/request-otp/route.ts:37:13)
      at POST (app/api/draft/[token]/request-otp/route.ts:170:29)
      at app/api/draft/[token]/request-otp/__tests__/request-otp.property.test.ts:837:30
      at AsyncProperty.run (node_modules/fast-check/lib/cjs/check/property/AsyncProperty.generic.js:46:28)
      at asyncRunIt (node_modules/fast-check/lib/cjs/check/runner/Runner.js:28:21)
      at Object.<anonymous> (app/api/draft/[token]/request-otp/__tests__/request-otp.property.test.ts:801:7)


  โ—  Cannot log after tests are done. Did you forget to wait for something async in your test?
    Attempted to log "OTP: 631319".

    [0m [90m 36 |[39m     [90m// For now, we'll log the OTP for testing[39m
     [90m 37 |[39m     console[33m.[39mlog([32m'OTP email would be sent to:'[39m[33m,[39m 
email)[33m;[39m
    [31m[1m>[22m[39m[90m 38 |[39m     console[33m.[39mlog([32m'OTP:'[39m[33m,[39m otp)[33m;[39m
     [90m    |[39m             [31m[1m^[22m[39m
     [90m 39 |[39m     console[33m.[39mlog([32m'Expires at:'[39m[33m,[39m 
expiresAt[33m.[39mtoISOString())[33m;[39m
     [90m 40 |[39m     
     [90m 41 |[39m     [90m// In production, this would be:[39m[0m

      at console.log (node_modules/@jest/console/build/index.js:147:10)
      at sendOTPEmail (app/api/draft/[token]/request-otp/route.ts:38:13)
      at POST (app/api/draft/[token]/request-otp/route.ts:170:29)
      at app/api/draft/[token]/request-otp/__tests__/request-otp.property.test.ts:837:30
      at AsyncProperty.run (node_modules/fast-check/lib/cjs/check/property/AsyncProperty.generic.js:46:28)
      at asyncRunIt (node_modules/fast-check/lib/cjs/check/runner/Runner.js:28:21)
      at Object.<anonymous> (app/api/draft/[token]/request-otp/__tests__/request-otp.property.test.ts:801:7)


  โ—  Cannot log after tests are done. Did you forget to wait for something async in your test?
    Attempted to log "Expires at: 2026-03-03T04:08:33.991Z".

    [0m [90m 37 |[39m     console[33m.[39mlog([32m'OTP email would be sent to:'[39m[33m,[39m 
email)[33m;[39m
     [90m 38 |[39m     console[33m.[39mlog([32m'OTP:'[39m[33m,[39m otp)[33m;[39m
    [31m[1m>[22m[39m[90m 39 |[39m     console[33m.[39mlog([32m'Expires at:'[39m[33m,[39m 
expiresAt[33m.[39mtoISOString())[33m;[39m
     [90m    |[39m             [31m[1m^[22m[39m
     [90m 40 |[39m     
     [90m 41 |[39m     [90m// In production, this would be:[39m
     [90m 42 |[39m     [90m// const subject = 'เธฃเธซเธฑเธช OTP 
เธชเธณเธซเธฃเธฑเธเน€เธเนเธฒเธ–เธถเธเนเธเธเธเธญเธฃเนเธกเธเธญเธเธเธธเธ“';[39m[0m

      at console.log (node_modules/@jest/console/build/index.js:147:10)
      at sendOTPEmail (app/api/draft/[token]/request-otp/route.ts:39:13)
      at POST (app/api/draft/[token]/request-otp/route.ts:170:29)
      at app/api/draft/[token]/request-otp/__tests__/request-otp.property.test.ts:837:30
      at AsyncProperty.run (node_modules/fast-check/lib/cjs/check/property/AsyncProperty.generic.js:46:28)
      at asyncRunIt (node_modules/fast-check/lib/cjs/check/runner/Runner.js:28:21)
      at Object.<anonymous> (app/api/draft/[token]/request-otp/__tests__/request-otp.property.test.ts:801:7)


  โ—  Cannot log after tests are done. Did you forget to wait for something async in your test?
    Attempted to log "OTP email would be sent to: prop-test-1772510313997-b3175@example.com".

    [0m [90m 35 |[39m     [90m// TODO: Implement actual email sending using nodemailer[39m
     [90m 36 |[39m     [90m// For now, we'll log the OTP for testing[39m
    [31m[1m>[22m[39m[90m 37 |[39m     console[33m.[39mlog([32m'OTP email would be sent 
to:'[39m[33m,[39m email)[33m;[39m
     [90m    |[39m             [31m[1m^[22m[39m
     [90m 38 |[39m     console[33m.[39mlog([32m'OTP:'[39m[33m,[39m otp)[33m;[39m
     [90m 39 |[39m     console[33m.[39mlog([32m'Expires at:'[39m[33m,[39m 
expiresAt[33m.[39mtoISOString())[33m;[39m
     [90m 40 |[39m     [0m

      at console.log (node_modules/@jest/console/build/index.js:147:10)
      at sendOTPEmail (app/api/draft/[token]/request-otp/route.ts:37:13)
      at POST (app/api/draft/[token]/request-otp/route.ts:170:29)
      at app/api/draft/[token]/request-otp/__tests__/request-otp.property.test.ts:837:30
      at AsyncProperty.run (node_modules/fast-check/lib/cjs/check/property/AsyncProperty.generic.js:46:28)
      at asyncRunIt (node_modules/fast-check/lib/cjs/check/runner/Runner.js:28:21)
      at Object.<anonymous> (app/api/draft/[token]/request-otp/__tests__/request-otp.property.test.ts:801:7)


  โ—  Cannot log after tests are done. Did you forget to wait for something async in your test?
    Attempted to log "OTP: 824902".

    [0m [90m 36 |[39m     [90m// For now, we'll log the OTP for testing[39m
     [90m 37 |[39m     console[33m.[39mlog([32m'OTP email would be sent to:'[39m[33m,[39m 
email)[33m;[39m
    [31m[1m>[22m[39m[90m 38 |[39m     console[33m.[39mlog([32m'OTP:'[39m[33m,[39m otp)[33m;[39m
     [90m    |[39m             [31m[1m^[22m[39m
     [90m 39 |[39m     console[33m.[39mlog([32m'Expires at:'[39m[33m,[39m 
expiresAt[33m.[39mtoISOString())[33m;[39m
     [90m 40 |[39m     
     [90m 41 |[39m     [90m// In production, this would be:[39m[0m

      at console.log (node_modules/@jest/console/build/index.js:147:10)
      at sendOTPEmail (app/api/draft/[token]/request-otp/route.ts:38:13)
      at POST (app/api/draft/[token]/request-otp/route.ts:170:29)
      at app/api/draft/[token]/request-otp/__tests__/request-otp.property.test.ts:837:30
      at AsyncProperty.run (node_modules/fast-check/lib/cjs/check/property/AsyncProperty.generic.js:46:28)
      at asyncRunIt (node_modules/fast-check/lib/cjs/check/runner/Runner.js:28:21)
      at Object.<anonymous> (app/api/draft/[token]/request-otp/__tests__/request-otp.property.test.ts:801:7)


  โ—  Cannot log after tests are done. Did you forget to wait for something async in your test?
    Attempted to log "Expires at: 2026-03-03T04:08:34.054Z".

    [0m [90m 37 |[39m     console[33m.[39mlog([32m'OTP email would be sent to:'[39m[33m,[39m 
email)[33m;[39m
     [90m 38 |[39m     console[33m.[39mlog([32m'OTP:'[39m[33m,[39m otp)[33m;[39m
    [31m[1m>[22m[39m[90m 39 |[39m     console[33m.[39mlog([32m'Expires at:'[39m[33m,[39m 
expiresAt[33m.[39mtoISOString())[33m;[39m
     [90m    |[39m             [31m[1m^[22m[39m
     [90m 40 |[39m     
     [90m 41 |[39m     [90m// In production, this would be:[39m
     [90m 42 |[39m     [90m// const subject = 'เธฃเธซเธฑเธช OTP 
เธชเธณเธซเธฃเธฑเธเน€เธเนเธฒเธ–เธถเธเนเธเธเธเธญเธฃเนเธกเธเธญเธเธเธธเธ“';[39m[0m

      at console.log (node_modules/@jest/console/build/index.js:147:10)
      at sendOTPEmail (app/api/draft/[token]/request-otp/route.ts:39:13)
      at POST (app/api/draft/[token]/request-otp/route.ts:170:29)
      at app/api/draft/[token]/request-otp/__tests__/request-otp.property.test.ts:837:30
      at AsyncProperty.run (node_modules/fast-check/lib/cjs/check/property/AsyncProperty.generic.js:46:28)
      at asyncRunIt (node_modules/fast-check/lib/cjs/check/runner/Runner.js:28:21)
      at Object.<anonymous> (app/api/draft/[token]/request-otp/__tests__/request-otp.property.test.ts:801:7)


  โ—  Cannot log after tests are done. Did you forget to wait for something async in your test?
    Attempted to log "OTP email would be sent to: prop-test-1772510314062-5er0l@example.com".

    [0m [90m 35 |[39m     [90m// TODO: Implement actual email sending using nodemailer[39m
     [90m 36 |[39m     [90m// For now, we'll log the OTP for testing[39m
    [31m[1m>[22m[39m[90m 37 |[39m     console[33m.[39mlog([32m'OTP email would be sent 
to:'[39m[33m,[39m email)[33m;[39m
     [90m    |[39m             [31m[1m^[22m[39m
     [90m 38 |[39m     console[33m.[39mlog([32m'OTP:'[39m[33m,[39m otp)[33m;[39m
     [90m 39 |[39m     console[33m.[39mlog([32m'Expires at:'[39m[33m,[39m 
expiresAt[33m.[39mtoISOString())[33m;[39m
     [90m 40 |[39m     [0m

      at console.log (node_modules/@jest/console/build/index.js:147:10)
      at sendOTPEmail (app/api/draft/[token]/request-otp/route.ts:37:13)
      at POST (app/api/draft/[token]/request-otp/route.ts:170:29)
      at app/api/draft/[token]/request-otp/__tests__/request-otp.property.test.ts:837:30
      at AsyncProperty.run (node_modules/fast-check/lib/cjs/check/property/AsyncProperty.generic.js:46:28)
      at asyncRunIt (node_modules/fast-check/lib/cjs/check/runner/Runner.js:28:21)
      at Object.<anonymous> (app/api/draft/[token]/request-otp/__tests__/request-otp.property.test.ts:801:7)


  โ—  Cannot log after tests are done. Did you forget to wait for something async in your test?
    Attempted to log "OTP: 385525".

    [0m [90m 36 |[39m     [90m// For now, we'll log the OTP for testing[39m
     [90m 37 |[39m     console[33m.[39mlog([32m'OTP email would be sent to:'[39m[33m,[39m 
email)[33m;[39m
    [31m[1m>[22m[39m[90m 38 |[39m     console[33m.[39mlog([32m'OTP:'[39m[33m,[39m otp)[33m;[39m
     [90m    |[39m             [31m[1m^[22m[39m
     [90m 39 |[39m     console[33m.[39mlog([32m'Expires at:'[39m[33m,[39m 
expiresAt[33m.[39mtoISOString())[33m;[39m
     [90m 40 |[39m     
     [90m 41 |[39m     [90m// In production, this would be:[39m[0m

      at console.log (node_modules/@jest/console/build/index.js:147:10)
      at sendOTPEmail (app/api/draft/[token]/request-otp/route.ts:38:13)
      at POST (app/api/draft/[token]/request-otp/route.ts:170:29)
      at app/api/draft/[token]/request-otp/__tests__/request-otp.property.test.ts:837:30
      at AsyncProperty.run (node_modules/fast-check/lib/cjs/check/property/AsyncProperty.generic.js:46:28)
      at asyncRunIt (node_modules/fast-check/lib/cjs/check/runner/Runner.js:28:21)
      at Object.<anonymous> (app/api/draft/[token]/request-otp/__tests__/request-otp.property.test.ts:801:7)


  โ—  Cannot log after tests are done. Did you forget to wait for something async in your test?
    Attempted to log "Expires at: 2026-03-03T04:08:34.119Z".

    [0m [90m 37 |[39m     console[33m.[39mlog([32m'OTP email would be sent to:'[39m[33m,[39m 
email)[33m;[39m
     [90m 38 |[39m     console[33m.[39mlog([32m'OTP:'[39m[33m,[39m otp)[33m;[39m
    [31m[1m>[22m[39m[90m 39 |[39m     console[33m.[39mlog([32m'Expires at:'[39m[33m,[39m 
expiresAt[33m.[39mtoISOString())[33m;[39m
     [90m    |[39m             [31m[1m^[22m[39m
     [90m 40 |[39m     
     [90m 41 |[39m     [90m// In production, this would be:[39m
     [90m 42 |[39m     [90m// const subject = 'เธฃเธซเธฑเธช OTP 
เธชเธณเธซเธฃเธฑเธเน€เธเนเธฒเธ–เธถเธเนเธเธเธเธญเธฃเนเธกเธเธญเธเธเธธเธ“';[39m[0m

      at console.log (node_modules/@jest/console/build/index.js:147:10)
      at sendOTPEmail (app/api/draft/[token]/request-otp/route.ts:39:13)
      at POST (app/api/draft/[token]/request-otp/route.ts:170:29)
      at app/api/draft/[token]/request-otp/__tests__/request-otp.property.test.ts:837:30
      at AsyncProperty.run (node_modules/fast-check/lib/cjs/check/property/AsyncProperty.generic.js:46:28)
      at asyncRunIt (node_modules/fast-check/lib/cjs/check/runner/Runner.js:28:21)
      at Object.<anonymous> (app/api/draft/[token]/request-otp/__tests__/request-otp.property.test.ts:801:7)


  โ—  Cannot log after tests are done. Did you forget to wait for something async in your test?
    Attempted to log "OTP email would be sent to: prop-test-1772510314125-s9wufp@example.com".

    [0m [90m 35 |[39m     [90m// TODO: Implement actual email sending using nodemailer[39m
     [90m 36 |[39m     [90m// For now, we'll log the OTP for testing[39m
    [31m[1m>[22m[39m[90m 37 |[39m     console[33m.[39mlog([32m'OTP email would be sent 
to:'[39m[33m,[39m email)[33m;[39m
     [90m    |[39m             [31m[1m^[22m[39m
     [90m 38 |[39m     console[33m.[39mlog([32m'OTP:'[39m[33m,[39m otp)[33m;[39m
     [90m 39 |[39m     console[33m.[39mlog([32m'Expires at:'[39m[33m,[39m 
expiresAt[33m.[39mtoISOString())[33m;[39m
     [90m 40 |[39m     [0m

      at console.log (node_modules/@jest/console/build/index.js:147:10)
      at sendOTPEmail (app/api/draft/[token]/request-otp/route.ts:37:13)
      at POST (app/api/draft/[token]/request-otp/route.ts:170:29)
      at app/api/draft/[token]/request-otp/__tests__/request-otp.property.test.ts:837:30
      at AsyncProperty.run (node_modules/fast-check/lib/cjs/check/property/AsyncProperty.generic.js:46:28)
      at asyncRunIt (node_modules/fast-check/lib/cjs/check/runner/Runner.js:28:21)
      at Object.<anonymous> (app/api/draft/[token]/request-otp/__tests__/request-otp.property.test.ts:801:7)


  โ—  Cannot log after tests are done. Did you forget to wait for something async in your test?
    Attempted to log "OTP: 918888".

    [0m [90m 36 |[39m     [90m// For now, we'll log the OTP for testing[39m
     [90m 37 |[39m     console[33m.[39mlog([32m'OTP email would be sent to:'[39m[33m,[39m 
email)[33m;[39m
    [31m[1m>[22m[39m[90m 38 |[39m     console[33m.[39mlog([32m'OTP:'[39m[33m,[39m otp)[33m;[39m
     [90m    |[39m             [31m[1m^[22m[39m
     [90m 39 |[39m     console[33m.[39mlog([32m'Expires at:'[39m[33m,[39m 
expiresAt[33m.[39mtoISOString())[33m;[39m
     [90m 40 |[39m     
     [90m 41 |[39m     [90m// In production, this would be:[39m[0m

      at console.log (node_modules/@jest/console/build/index.js:147:10)
      at sendOTPEmail (app/api/draft/[token]/request-otp/route.ts:38:13)
      at POST (app/api/draft/[token]/request-otp/route.ts:170:29)
      at app/api/draft/[token]/request-otp/__tests__/request-otp.property.test.ts:837:30
      at AsyncProperty.run (node_modules/fast-check/lib/cjs/check/property/AsyncProperty.generic.js:46:28)
      at asyncRunIt (node_modules/fast-check/lib/cjs/check/runner/Runner.js:28:21)
      at Object.<anonymous> (app/api/draft/[token]/request-otp/__tests__/request-otp.property.test.ts:801:7)


  โ—  Cannot log after tests are done. Did you forget to wait for something async in your test?
    Attempted to log "Expires at: 2026-03-03T04:08:34.182Z".

    [0m [90m 37 |[39m     console[33m.[39mlog([32m'OTP email would be sent to:'[39m[33m,[39m 
email)[33m;[39m
     [90m 38 |[39m     console[33m.[39mlog([32m'OTP:'[39m[33m,[39m otp)[33m;[39m
    [31m[1m>[22m[39m[90m 39 |[39m     console[33m.[39mlog([32m'Expires at:'[39m[33m,[39m 
expiresAt[33m.[39mtoISOString())[33m;[39m
     [90m    |[39m             [31m[1m^[22m[39m
     [90m 40 |[39m     
     [90m 41 |[39m     [90m// In production, this would be:[39m
     [90m 42 |[39m     [90m// const subject = 'เธฃเธซเธฑเธช OTP 
เธชเธณเธซเธฃเธฑเธเน€เธเนเธฒเธ–เธถเธเนเธเธเธเธญเธฃเนเธกเธเธญเธเธเธธเธ“';[39m[0m

      at console.log (node_modules/@jest/console/build/index.js:147:10)
      at sendOTPEmail (app/api/draft/[token]/request-otp/route.ts:39:13)
      at POST (app/api/draft/[token]/request-otp/route.ts:170:29)
      at app/api/draft/[token]/request-otp/__tests__/request-otp.property.test.ts:837:30
      at AsyncProperty.run (node_modules/fast-check/lib/cjs/check/property/AsyncProperty.generic.js:46:28)
      at asyncRunIt (node_modules/fast-check/lib/cjs/check/runner/Runner.js:28:21)
      at Object.<anonymous> (app/api/draft/[token]/request-otp/__tests__/request-otp.property.test.ts:801:7)


  โ—  Cannot log after tests are done. Did you forget to wait for something async in your test?
    Attempted to log "OTP email would be sent to: prop-test-1772510314188-ebcdj@example.com".

    [0m [90m 35 |[39m     [90m// TODO: Implement actual email sending using nodemailer[39m
     [90m 36 |[39m     [90m// For now, we'll log the OTP for testing[39m
    [31m[1m>[22m[39m[90m 37 |[39m     console[33m.[39mlog([32m'OTP email would be sent 
to:'[39m[33m,[39m email)[33m;[39m
     [90m    |[39m             [31m[1m^[22m[39m
     [90m 38 |[39m     console[33m.[39mlog([32m'OTP:'[39m[33m,[39m otp)[33m;[39m
     [90m 39 |[39m     console[33m.[39mlog([32m'Expires at:'[39m[33m,[39m 
expiresAt[33m.[39mtoISOString())[33m;[39m
     [90m 40 |[39m     [0m

      at console.log (node_modules/@jest/console/build/index.js:147:10)
      at sendOTPEmail (app/api/draft/[token]/request-otp/route.ts:37:13)
      at POST (app/api/draft/[token]/request-otp/route.ts:170:29)
      at app/api/draft/[token]/request-otp/__tests__/request-otp.property.test.ts:837:30
      at AsyncProperty.run (node_modules/fast-check/lib/cjs/check/property/AsyncProperty.generic.js:46:28)
      at asyncRunIt (node_modules/fast-check/lib/cjs/check/runner/Runner.js:28:21)
      at Object.<anonymous> (app/api/draft/[token]/request-otp/__tests__/request-otp.property.test.ts:801:7)


  โ—  Cannot log after tests are done. Did you forget to wait for something async in your test?
    Attempted to log "OTP: 140945".

    [0m [90m 36 |[39m     [90m// For now, we'll log the OTP for testing[39m
     [90m 37 |[39m     console[33m.[39mlog([32m'OTP email would be sent to:'[39m[33m,[39m 
email)[33m;[39m
    [31m[1m>[22m[39m[90m 38 |[39m     console[33m.[39mlog([32m'OTP:'[39m[33m,[39m otp)[33m;[39m
     [90m    |[39m             [31m[1m^[22m[39m
     [90m 39 |[39m     console[33m.[39mlog([32m'Expires at:'[39m[33m,[39m 
expiresAt[33m.[39mtoISOString())[33m;[39m
     [90m 40 |[39m     
     [90m 41 |[39m     [90m// In production, this would be:[39m[0m

      at console.log (node_modules/@jest/console/build/index.js:147:10)
      at sendOTPEmail (app/api/draft/[token]/request-otp/route.ts:38:13)
      at POST (app/api/draft/[token]/request-otp/route.ts:170:29)
      at app/api/draft/[token]/request-otp/__tests__/request-otp.property.test.ts:837:30
      at AsyncProperty.run (node_modules/fast-check/lib/cjs/check/property/AsyncProperty.generic.js:46:28)
      at asyncRunIt (node_modules/fast-check/lib/cjs/check/runner/Runner.js:28:21)
      at Object.<anonymous> (app/api/draft/[token]/request-otp/__tests__/request-otp.property.test.ts:801:7)


  โ—  Cannot log after tests are done. Did you forget to wait for something async in your test?
    Attempted to log "Expires at: 2026-03-03T04:08:34.245Z".

    [0m [90m 37 |[39m     console[33m.[39mlog([32m'OTP email would be sent to:'[39m[33m,[39m 
email)[33m;[39m
     [90m 38 |[39m     console[33m.[39mlog([32m'OTP:'[39m[33m,[39m otp)[33m;[39m
    [31m[1m>[22m[39m[90m 39 |[39m     console[33m.[39mlog([32m'Expires at:'[39m[33m,[39m 
expiresAt[33m.[39mtoISOString())[33m;[39m
     [90m    |[39m             [31m[1m^[22m[39m
     [90m 40 |[39m     
     [90m 41 |[39m     [90m// In production, this would be:[39m
     [90m 42 |[39m     [90m// const subject = 'เธฃเธซเธฑเธช OTP 
เธชเธณเธซเธฃเธฑเธเน€เธเนเธฒเธ–เธถเธเนเธเธเธเธญเธฃเนเธกเธเธญเธเธเธธเธ“';[39m[0m

      at console.log (node_modules/@jest/console/build/index.js:147:10)
      at sendOTPEmail (app/api/draft/[token]/request-otp/route.ts:39:13)
      at POST (app/api/draft/[token]/request-otp/route.ts:170:29)
      at app/api/draft/[token]/request-otp/__tests__/request-otp.property.test.ts:837:30
      at AsyncProperty.run (node_modules/fast-check/lib/cjs/check/property/AsyncProperty.generic.js:46:28)
      at asyncRunIt (node_modules/fast-check/lib/cjs/check/runner/Runner.js:28:21)
      at Object.<anonymous> (app/api/draft/[token]/request-otp/__tests__/request-otp.property.test.ts:801:7)


  โ—  Cannot log after tests are done. Did you forget to wait for something async in your test?
    Attempted to log "OTP email would be sent to: prop-test-1772510314251-ogf5lo@example.com".

    [0m [90m 35 |[39m     [90m// TODO: Implement actual email sending using nodemailer[39m
     [90m 36 |[39m     [90m// For now, we'll log the OTP for testing[39m
    [31m[1m>[22m[39m[90m 37 |[39m     console[33m.[39mlog([32m'OTP email would be sent 
to:'[39m[33m,[39m email)[33m;[39m
     [90m    |[39m             [31m[1m^[22m[39m
     [90m 38 |[39m     console[33m.[39mlog([32m'OTP:'[39m[33m,[39m otp)[33m;[39m
     [90m 39 |[39m     console[33m.[39mlog([32m'Expires at:'[39m[33m,[39m 
expiresAt[33m.[39mtoISOString())[33m;[39m
     [90m 40 |[39m     [0m

      at console.log (node_modules/@jest/console/build/index.js:147:10)
      at sendOTPEmail (app/api/draft/[token]/request-otp/route.ts:37:13)
      at POST (app/api/draft/[token]/request-otp/route.ts:170:29)
      at app/api/draft/[token]/request-otp/__tests__/request-otp.property.test.ts:837:30
      at AsyncProperty.run (node_modules/fast-check/lib/cjs/check/property/AsyncProperty.generic.js:46:28)
      at asyncRunIt (node_modules/fast-check/lib/cjs/check/runner/Runner.js:28:21)
      at Object.<anonymous> (app/api/draft/[token]/request-otp/__tests__/request-otp.property.test.ts:801:7)


  โ—  Cannot log after tests are done. Did you forget to wait for something async in your test?
    Attempted to log "OTP: 349834".

    [0m [90m 36 |[39m     [90m// For now, we'll log the OTP for testing[39m
     [90m 37 |[39m     console[33m.[39mlog([32m'OTP email would be sent to:'[39m[33m,[39m 
email)[33m;[39m
    [31m[1m>[22m[39m[90m 38 |[39m     console[33m.[39mlog([32m'OTP:'[39m[33m,[39m otp)[33m;[39m
     [90m    |[39m             [31m[1m^[22m[39m
     [90m 39 |[39m     console[33m.[39mlog([32m'Expires at:'[39m[33m,[39m 
expiresAt[33m.[39mtoISOString())[33m;[39m
     [90m 40 |[39m     
     [90m 41 |[39m     [90m// In production, this would be:[39m[0m

      at console.log (node_modules/@jest/console/build/index.js:147:10)
      at sendOTPEmail (app/api/draft/[token]/request-otp/route.ts:38:13)
      at POST (app/api/draft/[token]/request-otp/route.ts:170:29)
      at app/api/draft/[token]/request-otp/__tests__/request-otp.property.test.ts:837:30
      at AsyncProperty.run (node_modules/fast-check/lib/cjs/check/property/AsyncProperty.generic.js:46:28)
      at asyncRunIt (node_modules/fast-check/lib/cjs/check/runner/Runner.js:28:21)
      at Object.<anonymous> (app/api/draft/[token]/request-otp/__tests__/request-otp.property.test.ts:801:7)


  โ—  Cannot log after tests are done. Did you forget to wait for something async in your test?
    Attempted to log "Expires at: 2026-03-03T04:08:34.309Z".

    [0m [90m 37 |[39m     console[33m.[39mlog([32m'OTP email would be sent to:'[39m[33m,[39m 
email)[33m;[39m
     [90m 38 |[39m     console[33m.[39mlog([32m'OTP:'[39m[33m,[39m otp)[33m;[39m
    [31m[1m>[22m[39m[90m 39 |[39m     console[33m.[39mlog([32m'Expires at:'[39m[33m,[39m 
expiresAt[33m.[39mtoISOString())[33m;[39m
     [90m    |[39m             [31m[1m^[22m[39m
     [90m 40 |[39m     
     [90m 41 |[39m     [90m// In production, this would be:[39m
     [90m 42 |[39m     [90m// const subject = 'เธฃเธซเธฑเธช OTP 
เธชเธณเธซเธฃเธฑเธเน€เธเนเธฒเธ–เธถเธเนเธเธเธเธญเธฃเนเธกเธเธญเธเธเธธเธ“';[39m[0m

      at console.log (node_modules/@jest/console/build/index.js:147:10)
      at sendOTPEmail (app/api/draft/[token]/request-otp/route.ts:39:13)
      at POST (app/api/draft/[token]/request-otp/route.ts:170:29)
      at app/api/draft/[token]/request-otp/__tests__/request-otp.property.test.ts:837:30
      at AsyncProperty.run (node_modules/fast-check/lib/cjs/check/property/AsyncProperty.generic.js:46:28)
      at asyncRunIt (node_modules/fast-check/lib/cjs/check/runner/Runner.js:28:21)
      at Object.<anonymous> (app/api/draft/[token]/request-otp/__tests__/request-otp.property.test.ts:801:7)


  โ—  Cannot log after tests are done. Did you forget to wait for something async in your test?
    Attempted to log "OTP email would be sent to: prop-test-1772510314315-ogpxx@example.com".

    [0m [90m 35 |[39m     [90m// TODO: Implement actual email sending using nodemailer[39m
     [90m 36 |[39m     [90m// For now, we'll log the OTP for testing[39m
    [31m[1m>[22m[39m[90m 37 |[39m     console[33m.[39mlog([32m'OTP email would be sent 
to:'[39m[33m,[39m email)[33m;[39m
     [90m    |[39m             [31m[1m^[22m[39m
     [90m 38 |[39m     console[33m.[39mlog([32m'OTP:'[39m[33m,[39m otp)[33m;[39m
     [90m 39 |[39m     console[33m.[39mlog([32m'Expires at:'[39m[33m,[39m 
expiresAt[33m.[39mtoISOString())[33m;[39m
     [90m 40 |[39m     [0m

      at console.log (node_modules/@jest/console/build/index.js:147:10)
      at sendOTPEmail (app/api/draft/[token]/request-otp/route.ts:37:13)
      at POST (app/api/draft/[token]/request-otp/route.ts:170:29)
      at app/api/draft/[token]/request-otp/__tests__/request-otp.property.test.ts:837:30
      at AsyncProperty.run (node_modules/fast-check/lib/cjs/check/property/AsyncProperty.generic.js:46:28)
      at asyncRunIt (node_modules/fast-check/lib/cjs/check/runner/Runner.js:28:21)
      at Object.<anonymous> (app/api/draft/[token]/request-otp/__tests__/request-otp.property.test.ts:801:7)


  โ—  Cannot log after tests are done. Did you forget to wait for something async in your test?
    Attempted to log "OTP: 193519".

    [0m [90m 36 |[39m     [90m// For now, we'll log the OTP for testing[39m
     [90m 37 |[39m     console[33m.[39mlog([32m'OTP email would be sent to:'[39m[33m,[39m 
email)[33m;[39m
    [31m[1m>[22m[39m[90m 38 |[39m     console[33m.[39mlog([32m'OTP:'[39m[33m,[39m otp)[33m;[39m
     [90m    |[39m             [31m[1m^[22m[39m
     [90m 39 |[39m     console[33m.[39mlog([32m'Expires at:'[39m[33m,[39m 
expiresAt[33m.[39mtoISOString())[33m;[39m
     [90m 40 |[39m     
     [90m 41 |[39m     [90m// In production, this would be:[39m[0m

      at console.log (node_modules/@jest/console/build/index.js:147:10)
      at sendOTPEmail (app/api/draft/[token]/request-otp/route.ts:38:13)
      at POST (app/api/draft/[token]/request-otp/route.ts:170:29)
      at app/api/draft/[token]/request-otp/__tests__/request-otp.property.test.ts:837:30
      at AsyncProperty.run (node_modules/fast-check/lib/cjs/check/property/AsyncProperty.generic.js:46:28)
      at asyncRunIt (node_modules/fast-check/lib/cjs/check/runner/Runner.js:28:21)
      at Object.<anonymous> (app/api/draft/[token]/request-otp/__tests__/request-otp.property.test.ts:801:7)


  โ—  Cannot log after tests are done. Did you forget to wait for something async in your test?
    Attempted to log "Expires at: 2026-03-03T04:08:34.372Z".

    [0m [90m 37 |[39m     console[33m.[39mlog([32m'OTP email would be sent to:'[39m[33m,[39m 
email)[33m;[39m
     [90m 38 |[39m     console[33m.[39mlog([32m'OTP:'[39m[33m,[39m otp)[33m;[39m
    [31m[1m>[22m[39m[90m 39 |[39m     console[33m.[39mlog([32m'Expires at:'[39m[33m,[39m 
expiresAt[33m.[39mtoISOString())[33m;[39m
     [90m    |[39m             [31m[1m^[22m[39m
     [90m 40 |[39m     
     [90m 41 |[39m     [90m// In production, this would be:[39m
     [90m 42 |[39m     [90m// const subject = 'เธฃเธซเธฑเธช OTP 
เธชเธณเธซเธฃเธฑเธเน€เธเนเธฒเธ–เธถเธเนเธเธเธเธญเธฃเนเธกเธเธญเธเธเธธเธ“';[39m[0m

      at console.log (node_modules/@jest/console/build/index.js:147:10)
      at sendOTPEmail (app/api/draft/[token]/request-otp/route.ts:39:13)
      at POST (app/api/draft/[token]/request-otp/route.ts:170:29)
      at app/api/draft/[token]/request-otp/__tests__/request-otp.property.test.ts:837:30
      at AsyncProperty.run (node_modules/fast-check/lib/cjs/check/property/AsyncProperty.generic.js:46:28)
      at asyncRunIt (node_modules/fast-check/lib/cjs/check/runner/Runner.js:28:21)
      at Object.<anonymous> (app/api/draft/[token]/request-otp/__tests__/request-otp.property.test.ts:801:7)


  โ—  Cannot log after tests are done. Did you forget to wait for something async in your test?
    Attempted to log "OTP email would be sent to: prop-test-1772510314378-xnfz1s@example.com".

    [0m [90m 35 |[39m     [90m// TODO: Implement actual email sending using nodemailer[39m
     [90m 36 |[39m     [90m// For now, we'll log the OTP for testing[39m
    [31m[1m>[22m[39m[90m 37 |[39m     console[33m.[39mlog([32m'OTP email would be sent 
to:'[39m[33m,[39m email)[33m;[39m
     [90m    |[39m             [31m[1m^[22m[39m
     [90m 38 |[39m     console[33m.[39mlog([32m'OTP:'[39m[33m,[39m otp)[33m;[39m
     [90m 39 |[39m     console[33m.[39mlog([32m'Expires at:'[39m[33m,[39m 
expiresAt[33m.[39mtoISOString())[33m;[39m
     [90m 40 |[39m     [0m

      at console.log (node_modules/@jest/console/build/index.js:147:10)
      at sendOTPEmail (app/api/draft/[token]/request-otp/route.ts:37:13)
      at POST (app/api/draft/[token]/request-otp/route.ts:170:29)
      at app/api/draft/[token]/request-otp/__tests__/request-otp.property.test.ts:837:30
      at AsyncProperty.run (node_modules/fast-check/lib/cjs/check/property/AsyncProperty.generic.js:46:28)
      at asyncRunIt (node_modules/fast-check/lib/cjs/check/runner/Runner.js:28:21)
      at Object.<anonymous> (app/api/draft/[token]/request-otp/__tests__/request-otp.property.test.ts:801:7)


  โ—  Cannot log after tests are done. Did you forget to wait for something async in your test?
    Attempted to log "OTP: 805734".

    [0m [90m 36 |[39m     [90m// For now, we'll log the OTP for testing[39m
     [90m 37 |[39m     console[33m.[39mlog([32m'OTP email would be sent to:'[39m[33m,[39m 
email)[33m;[39m
    [31m[1m>[22m[39m[90m 38 |[39m     console[33m.[39mlog([32m'OTP:'[39m[33m,[39m otp)[33m;[39m
     [90m    |[39m             [31m[1m^[22m[39m
     [90m 39 |[39m     console[33m.[39mlog([32m'Expires at:'[39m[33m,[39m 
expiresAt[33m.[39mtoISOString())[33m;[39m
     [90m 40 |[39m     
     [90m 41 |[39m     [90m// In production, this would be:[39m[0m

      at console.log (node_modules/@jest/console/build/index.js:147:10)
      at sendOTPEmail (app/api/draft/[token]/request-otp/route.ts:38:13)
      at POST (app/api/draft/[token]/request-otp/route.ts:170:29)
      at app/api/draft/[token]/request-otp/__tests__/request-otp.property.test.ts:837:30
      at AsyncProperty.run (node_modules/fast-check/lib/cjs/check/property/AsyncProperty.generic.js:46:28)
      at asyncRunIt (node_modules/fast-check/lib/cjs/check/runner/Runner.js:28:21)
      at Object.<anonymous> (app/api/draft/[token]/request-otp/__tests__/request-otp.property.test.ts:801:7)


  โ—  Cannot log after tests are done. Did you forget to wait for something async in your test?
    Attempted to log "Expires at: 2026-03-03T04:08:34.436Z".

    [0m [90m 37 |[39m     console[33m.[39mlog([32m'OTP email would be sent to:'[39m[33m,[39m 
email)[33m;[39m
     [90m 38 |[39m     console[33m.[39mlog([32m'OTP:'[39m[33m,[39m otp)[33m;[39m
    [31m[1m>[22m[39m[90m 39 |[39m     console[33m.[39mlog([32m'Expires at:'[39m[33m,[39m 
expiresAt[33m.[39mtoISOString())[33m;[39m
     [90m    |[39m             [31m[1m^[22m[39m
     [90m 40 |[39m     
     [90m 41 |[39m     [90m// In production, this would be:[39m
     [90m 42 |[39m     [90m// const subject = 'เธฃเธซเธฑเธช OTP 
เธชเธณเธซเธฃเธฑเธเน€เธเนเธฒเธ–เธถเธเนเธเธเธเธญเธฃเนเธกเธเธญเธเธเธธเธ“';[39m[0m

      at console.log (node_modules/@jest/console/build/index.js:147:10)
      at sendOTPEmail (app/api/draft/[token]/request-otp/route.ts:39:13)
      at POST (app/api/draft/[token]/request-otp/route.ts:170:29)
      at app/api/draft/[token]/request-otp/__tests__/request-otp.property.test.ts:837:30
      at AsyncProperty.run (node_modules/fast-check/lib/cjs/check/property/AsyncProperty.generic.js:46:28)
      at asyncRunIt (node_modules/fast-check/lib/cjs/check/runner/Runner.js:28:21)
      at Object.<anonymous> (app/api/draft/[token]/request-otp/__tests__/request-otp.property.test.ts:801:7)


  โ—  Cannot log after tests are done. Did you forget to wait for something async in your test?
    Attempted to log "OTP email would be sent to: prop-test-1772510314442-hb1u5n@example.com".

    [0m [90m 35 |[39m     [90m// TODO: Implement actual email sending using nodemailer[39m
     [90m 36 |[39m     [90m// For now, we'll log the OTP for testing[39m
    [31m[1m>[22m[39m[90m 37 |[39m     console[33m.[39mlog([32m'OTP email would be sent 
to:'[39m[33m,[39m email)[33m;[39m
     [90m    |[39m             [31m[1m^[22m[39m
     [90m 38 |[39m     console[33m.[39mlog([32m'OTP:'[39m[33m,[39m otp)[33m;[39m
     [90m 39 |[39m     console[33m.[39mlog([32m'Expires at:'[39m[33m,[39m 
expiresAt[33m.[39mtoISOString())[33m;[39m
     [90m 40 |[39m     [0m

      at console.log (node_modules/@jest/console/build/index.js:147:10)
      at sendOTPEmail (app/api/draft/[token]/request-otp/route.ts:37:13)
      at POST (app/api/draft/[token]/request-otp/route.ts:170:29)
      at app/api/draft/[token]/request-otp/__tests__/request-otp.property.test.ts:837:30
      at AsyncProperty.run (node_modules/fast-check/lib/cjs/check/property/AsyncProperty.generic.js:46:28)
      at asyncRunIt (node_modules/fast-check/lib/cjs/check/runner/Runner.js:28:21)
      at Object.<anonymous> (app/api/draft/[token]/request-otp/__tests__/request-otp.property.test.ts:801:7)


  โ—  Cannot log after tests are done. Did you forget to wait for something async in your test?
    Attempted to log "OTP: 751991".

    [0m [90m 36 |[39m     [90m// For now, we'll log the OTP for testing[39m
     [90m 37 |[39m     console[33m.[39mlog([32m'OTP email would be sent to:'[39m[33m,[39m 
email)[33m;[39m
    [31m[1m>[22m[39m[90m 38 |[39m     console[33m.[39mlog([32m'OTP:'[39m[33m,[39m otp)[33m;[39m
     [90m    |[39m             [31m[1m^[22m[39m
     [90m 39 |[39m     console[33m.[39mlog([32m'Expires at:'[39m[33m,[39m 
expiresAt[33m.[39mtoISOString())[33m;[39m
     [90m 40 |[39m     
     [90m 41 |[39m     [90m// In production, this would be:[39m[0m

      at console.log (node_modules/@jest/console/build/index.js:147:10)
      at sendOTPEmail (app/api/draft/[token]/request-otp/route.ts:38:13)
      at POST (app/api/draft/[token]/request-otp/route.ts:170:29)
      at app/api/draft/[token]/request-otp/__tests__/request-otp.property.test.ts:837:30
      at AsyncProperty.run (node_modules/fast-check/lib/cjs/check/property/AsyncProperty.generic.js:46:28)
      at asyncRunIt (node_modules/fast-check/lib/cjs/check/runner/Runner.js:28:21)
      at Object.<anonymous> (app/api/draft/[token]/request-otp/__tests__/request-otp.property.test.ts:801:7)


  โ—  Cannot log after tests are done. Did you forget to wait for something async in your test?
    Attempted to log "Expires at: 2026-03-03T04:08:34.500Z".

    [0m [90m 37 |[39m     console[33m.[39mlog([32m'OTP email would be sent to:'[39m[33m,[39m 
email)[33m;[39m
     [90m 38 |[39m     console[33m.[39mlog([32m'OTP:'[39m[33m,[39m otp)[33m;[39m
    [31m[1m>[22m[39m[90m 39 |[39m     console[33m.[39mlog([32m'Expires at:'[39m[33m,[39m 
expiresAt[33m.[39mtoISOString())[33m;[39m
     [90m    |[39m             [31m[1m^[22m[39m
     [90m 40 |[39m     
     [90m 41 |[39m     [90m// In production, this would be:[39m
     [90m 42 |[39m     [90m// const subject = 'เธฃเธซเธฑเธช OTP 
เธชเธณเธซเธฃเธฑเธเน€เธเนเธฒเธ–เธถเธเนเธเธเธเธญเธฃเนเธกเธเธญเธเธเธธเธ“';[39m[0m

      at console.log (node_modules/@jest/console/build/index.js:147:10)
      at sendOTPEmail (app/api/draft/[token]/request-otp/route.ts:39:13)
      at POST (app/api/draft/[token]/request-otp/route.ts:170:29)
      at app/api/draft/[token]/request-otp/__tests__/request-otp.property.test.ts:837:30
      at AsyncProperty.run (node_modules/fast-check/lib/cjs/check/property/AsyncProperty.generic.js:46:28)
      at asyncRunIt (node_modules/fast-check/lib/cjs/check/runner/Runner.js:28:21)
      at Object.<anonymous> (app/api/draft/[token]/request-otp/__tests__/request-otp.property.test.ts:801:7)


  โ—  Cannot log after tests are done. Did you forget to wait for something async in your test?
    Attempted to log "OTP email would be sent to: prop-test-1772510314507-b7edt@example.com".

    [0m [90m 35 |[39m     [90m// TODO: Implement actual email sending using nodemailer[39m
     [90m 36 |[39m     [90m// For now, we'll log the OTP for testing[39m
    [31m[1m>[22m[39m[90m 37 |[39m     console[33m.[39mlog([32m'OTP email would be sent 
to:'[39m[33m,[39m email)[33m;[39m
     [90m    |[39m             [31m[1m^[22m[39m
     [90m 38 |[39m     console[33m.[39mlog([32m'OTP:'[39m[33m,[39m otp)[33m;[39m
     [90m 39 |[39m     console[33m.[39mlog([32m'Expires at:'[39m[33m,[39m 
expiresAt[33m.[39mtoISOString())[33m;[39m
     [90m 40 |[39m     [0m

      at console.log (node_modules/@jest/console/build/index.js:147:10)
      at sendOTPEmail (app/api/draft/[token]/request-otp/route.ts:37:13)
      at POST (app/api/draft/[token]/request-otp/route.ts:170:29)
      at app/api/draft/[token]/request-otp/__tests__/request-otp.property.test.ts:837:30
      at AsyncProperty.run (node_modules/fast-check/lib/cjs/check/property/AsyncProperty.generic.js:46:28)
      at asyncRunIt (node_modules/fast-check/lib/cjs/check/runner/Runner.js:28:21)
      at Object.<anonymous> (app/api/draft/[token]/request-otp/__tests__/request-otp.property.test.ts:801:7)


  โ—  Cannot log after tests are done. Did you forget to wait for something async in your test?
    Attempted to log "OTP: 539590".

    [0m [90m 36 |[39m     [90m// For now, we'll log the OTP for testing[39m
     [90m 37 |[39m     console[33m.[39mlog([32m'OTP email would be sent to:'[39m[33m,[39m 
email)[33m;[39m
    [31m[1m>[22m[39m[90m 38 |[39m     console[33m.[39mlog([32m'OTP:'[39m[33m,[39m otp)[33m;[39m
     [90m    |[39m             [31m[1m^[22m[39m
     [90m 39 |[39m     console[33m.[39mlog([32m'Expires at:'[39m[33m,[39m 
expiresAt[33m.[39mtoISOString())[33m;[39m
     [90m 40 |[39m     
     [90m 41 |[39m     [90m// In production, this would be:[39m[0m

      at console.log (node_modules/@jest/console/build/index.js:147:10)
      at sendOTPEmail (app/api/draft/[token]/request-otp/route.ts:38:13)
      at POST (app/api/draft/[token]/request-otp/route.ts:170:29)
      at app/api/draft/[token]/request-otp/__tests__/request-otp.property.test.ts:837:30
      at AsyncProperty.run (node_modules/fast-check/lib/cjs/check/property/AsyncProperty.generic.js:46:28)
      at asyncRunIt (node_modules/fast-check/lib/cjs/check/runner/Runner.js:28:21)
      at Object.<anonymous> (app/api/draft/[token]/request-otp/__tests__/request-otp.property.test.ts:801:7)


  โ—  Cannot log after tests are done. Did you forget to wait for something async in your test?
    Attempted to log "Expires at: 2026-03-03T04:08:34.563Z".

    [0m [90m 37 |[39m     console[33m.[39mlog([32m'OTP email would be sent to:'[39m[33m,[39m 
email)[33m;[39m
     [90m 38 |[39m     console[33m.[39mlog([32m'OTP:'[39m[33m,[39m otp)[33m;[39m
    [31m[1m>[22m[39m[90m 39 |[39m     console[33m.[39mlog([32m'Expires at:'[39m[33m,[39m 
expiresAt[33m.[39mtoISOString())[33m;[39m
     [90m    |[39m             [31m[1m^[22m[39m
     [90m 40 |[39m     
     [90m 41 |[39m     [90m// In production, this would be:[39m
     [90m 42 |[39m     [90m// const subject = 'เธฃเธซเธฑเธช OTP 
เธชเธณเธซเธฃเธฑเธเน€เธเนเธฒเธ–เธถเธเนเธเธเธเธญเธฃเนเธกเธเธญเธเธเธธเธ“';[39m[0m

      at console.log (node_modules/@jest/console/build/index.js:147:10)
      at sendOTPEmail (app/api/draft/[token]/request-otp/route.ts:39:13)
      at POST (app/api/draft/[token]/request-otp/route.ts:170:29)
      at app/api/draft/[token]/request-otp/__tests__/request-otp.property.test.ts:837:30
      at AsyncProperty.run (node_modules/fast-check/lib/cjs/check/property/AsyncProperty.generic.js:46:28)
      at asyncRunIt (node_modules/fast-check/lib/cjs/check/runner/Runner.js:28:21)
      at Object.<anonymous> (app/api/draft/[token]/request-otp/__tests__/request-otp.property.test.ts:801:7)


  โ—  Cannot log after tests are done. Did you forget to wait for something async in your test?
    Attempted to log "OTP email would be sent to: prop-test-1772510314571-ns1yf@example.com".

    [0m [90m 35 |[39m     [90m// TODO: Implement actual email sending using nodemailer[39m
     [90m 36 |[39m     [90m// For now, we'll log the OTP for testing[39m
    [31m[1m>[22m[39m[90m 37 |[39m     console[33m.[39mlog([32m'OTP email would be sent 
to:'[39m[33m,[39m email)[33m;[39m
     [90m    |[39m             [31m[1m^[22m[39m
     [90m 38 |[39m     console[33m.[39mlog([32m'OTP:'[39m[33m,[39m otp)[33m;[39m
     [90m 39 |[39m     console[33m.[39mlog([32m'Expires at:'[39m[33m,[39m 
expiresAt[33m.[39mtoISOString())[33m;[39m
     [90m 40 |[39m     [0m

      at console.log (node_modules/@jest/console/build/index.js:147:10)
      at sendOTPEmail (app/api/draft/[token]/request-otp/route.ts:37:13)
      at POST (app/api/draft/[token]/request-otp/route.ts:170:29)
      at app/api/draft/[token]/request-otp/__tests__/request-otp.property.test.ts:837:30
      at AsyncProperty.run (node_modules/fast-check/lib/cjs/check/property/AsyncProperty.generic.js:46:28)
      at asyncRunIt (node_modules/fast-check/lib/cjs/check/runner/Runner.js:28:21)
      at Object.<anonymous> (app/api/draft/[token]/request-otp/__tests__/request-otp.property.test.ts:801:7)


  โ—  Cannot log after tests are done. Did you forget to wait for something async in your test?
    Attempted to log "OTP: 765582".

    [0m [90m 36 |[39m     [90m// For now, we'll log the OTP for testing[39m
     [90m 37 |[39m     console[33m.[39mlog([32m'OTP email would be sent to:'[39m[33m,[39m 
email)[33m;[39m
    [31m[1m>[22m[39m[90m 38 |[39m     console[33m.[39mlog([32m'OTP:'[39m[33m,[39m otp)[33m;[39m
     [90m    |[39m             [31m[1m^[22m[39m
     [90m 39 |[39m     console[33m.[39mlog([32m'Expires at:'[39m[33m,[39m 
expiresAt[33m.[39mtoISOString())[33m;[39m
     [90m 40 |[39m     
     [90m 41 |[39m     [90m// In production, this would be:[39m[0m

      at console.log (node_modules/@jest/console/build/index.js:147:10)
      at sendOTPEmail (app/api/draft/[token]/request-otp/route.ts:38:13)
      at POST (app/api/draft/[token]/request-otp/route.ts:170:29)
      at app/api/draft/[token]/request-otp/__tests__/request-otp.property.test.ts:837:30
      at AsyncProperty.run (node_modules/fast-check/lib/cjs/check/property/AsyncProperty.generic.js:46:28)
      at asyncRunIt (node_modules/fast-check/lib/cjs/check/runner/Runner.js:28:21)
      at Object.<anonymous> (app/api/draft/[token]/request-otp/__tests__/request-otp.property.test.ts:801:7)


  โ—  Cannot log after tests are done. Did you forget to wait for something async in your test?
    Attempted to log "Expires at: 2026-03-03T04:08:34.627Z".

    [0m [90m 37 |[39m     console[33m.[39mlog([32m'OTP email would be sent to:'[39m[33m,[39m 
email)[33m;[39m
     [90m 38 |[39m     console[33m.[39mlog([32m'OTP:'[39m[33m,[39m otp)[33m;[39m
    [31m[1m>[22m[39m[90m 39 |[39m     console[33m.[39mlog([32m'Expires at:'[39m[33m,[39m 
expiresAt[33m.[39mtoISOString())[33m;[39m
     [90m    |[39m             [31m[1m^[22m[39m
     [90m 40 |[39m     
     [90m 41 |[39m     [90m// In production, this would be:[39m
     [90m 42 |[39m     [90m// const subject = 'เธฃเธซเธฑเธช OTP 
เธชเธณเธซเธฃเธฑเธเน€เธเนเธฒเธ–เธถเธเนเธเธเธเธญเธฃเนเธกเธเธญเธเธเธธเธ“';[39m[0m

      at console.log (node_modules/@jest/console/build/index.js:147:10)
      at sendOTPEmail (app/api/draft/[token]/request-otp/route.ts:39:13)
      at POST (app/api/draft/[token]/request-otp/route.ts:170:29)
      at app/api/draft/[token]/request-otp/__tests__/request-otp.property.test.ts:837:30
      at AsyncProperty.run (node_modules/fast-check/lib/cjs/check/property/AsyncProperty.generic.js:46:28)
      at asyncRunIt (node_modules/fast-check/lib/cjs/check/runner/Runner.js:28:21)
      at Object.<anonymous> (app/api/draft/[token]/request-otp/__tests__/request-otp.property.test.ts:801:7)


  โ—  Cannot log after tests are done. Did you forget to wait for something async in your test?
    Attempted to log "OTP email would be sent to: prop-test-1772510314641-yqyftt@example.com".

    [0m [90m 35 |[39m     [90m// TODO: Implement actual email sending using nodemailer[39m
     [90m 36 |[39m     [90m// For now, we'll log the OTP for testing[39m
    [31m[1m>[22m[39m[90m 37 |[39m     console[33m.[39mlog([32m'OTP email would be sent 
to:'[39m[33m,[39m email)[33m;[39m
     [90m    |[39m             [31m[1m^[22m[39m
     [90m 38 |[39m     console[33m.[39mlog([32m'OTP:'[39m[33m,[39m otp)[33m;[39m
     [90m 39 |[39m     console[33m.[39mlog([32m'Expires at:'[39m[33m,[39m 
expiresAt[33m.[39mtoISOString())[33m;[39m
     [90m 40 |[39m     [0m

      at console.log (node_modules/@jest/console/build/index.js:147:10)
      at sendOTPEmail (app/api/draft/[token]/request-otp/route.ts:37:13)
      at POST (app/api/draft/[token]/request-otp/route.ts:170:29)
      at app/api/draft/[token]/request-otp/__tests__/request-otp.property.test.ts:837:30
      at AsyncProperty.run (node_modules/fast-check/lib/cjs/check/property/AsyncProperty.generic.js:46:28)
      at asyncRunIt (node_modules/fast-check/lib/cjs/check/runner/Runner.js:28:21)
      at Object.<anonymous> (app/api/draft/[token]/request-otp/__tests__/request-otp.property.test.ts:801:7)


  โ—  Cannot log after tests are done. Did you forget to wait for something async in your test?
    Attempted to log "OTP: 764239".

    [0m [90m 36 |[39m     [90m// For now, we'll log the OTP for testing[39m
     [90m 37 |[39m     console[33m.[39mlog([32m'OTP email would be sent to:'[39m[33m,[39m 
email)[33m;[39m
    [31m[1m>[22m[39m[90m 38 |[39m     console[33m.[39mlog([32m'OTP:'[39m[33m,[39m otp)[33m;[39m
     [90m    |[39m             [31m[1m^[22m[39m
     [90m 39 |[39m     console[33m.[39mlog([32m'Expires at:'[39m[33m,[39m 
expiresAt[33m.[39mtoISOString())[33m;[39m
     [90m 40 |[39m     
     [90m 41 |[39m     [90m// In production, this would be:[39m[0m

      at console.log (node_modules/@jest/console/build/index.js:147:10)
      at sendOTPEmail (app/api/draft/[token]/request-otp/route.ts:38:13)
      at POST (app/api/draft/[token]/request-otp/route.ts:170:29)
      at app/api/draft/[token]/request-otp/__tests__/request-otp.property.test.ts:837:30
      at AsyncProperty.run (node_modules/fast-check/lib/cjs/check/property/AsyncProperty.generic.js:46:28)
      at asyncRunIt (node_modules/fast-check/lib/cjs/check/runner/Runner.js:28:21)
      at Object.<anonymous> (app/api/draft/[token]/request-otp/__tests__/request-otp.property.test.ts:801:7)


  โ—  Cannot log after tests are done. Did you forget to wait for something async in your test?
    Attempted to log "Expires at: 2026-03-03T04:08:34.713Z".

    [0m [90m 37 |[39m     console[33m.[39mlog([32m'OTP email would be sent to:'[39m[33m,[39m 
email)[33m;[39m
     [90m 38 |[39m     console[33m.[39mlog([32m'OTP:'[39m[33m,[39m otp)[33m;[39m
    [31m[1m>[22m[39m[90m 39 |[39m     console[33m.[39mlog([32m'Expires at:'[39m[33m,[39m 
expiresAt[33m.[39mtoISOString())[33m;[39m
     [90m    |[39m             [31m[1m^[22m[39m
     [90m 40 |[39m     
     [90m 41 |[39m     [90m// In production, this would be:[39m
     [90m 42 |[39m     [90m// const subject = 'เธฃเธซเธฑเธช OTP 
เธชเธณเธซเธฃเธฑเธเน€เธเนเธฒเธ–เธถเธเนเธเธเธเธญเธฃเนเธกเธเธญเธเธเธธเธ“';[39m[0m

      at console.log (node_modules/@jest/console/build/index.js:147:10)
      at sendOTPEmail (app/api/draft/[token]/request-otp/route.ts:39:13)
      at POST (app/api/draft/[token]/request-otp/route.ts:170:29)
      at app/api/draft/[token]/request-otp/__tests__/request-otp.property.test.ts:837:30
      at AsyncProperty.run (node_modules/fast-check/lib/cjs/check/property/AsyncProperty.generic.js:46:28)
      at asyncRunIt (node_modules/fast-check/lib/cjs/check/runner/Runner.js:28:21)
      at Object.<anonymous> (app/api/draft/[token]/request-otp/__tests__/request-otp.property.test.ts:801:7)


  โ—  Cannot log after tests are done. Did you forget to wait for something async in your test?
    Attempted to log "OTP email would be sent to: prop-test-1772510314724-fsddpt@example.com".

    [0m [90m 35 |[39m     [90m// TODO: Implement actual email sending using nodemailer[39m
     [90m 36 |[39m     [90m// For now, we'll log the OTP for testing[39m
    [31m[1m>[22m[39m[90m 37 |[39m     console[33m.[39mlog([32m'OTP email would be sent 
to:'[39m[33m,[39m email)[33m;[39m
     [90m    |[39m             [31m[1m^[22m[39m
     [90m 38 |[39m     console[33m.[39mlog([32m'OTP:'[39m[33m,[39m otp)[33m;[39m
     [90m 39 |[39m     console[33m.[39mlog([32m'Expires at:'[39m[33m,[39m 
expiresAt[33m.[39mtoISOString())[33m;[39m
     [90m 40 |[39m     [0m

      at console.log (node_modules/@jest/console/build/index.js:147:10)
      at sendOTPEmail (app/api/draft/[token]/request-otp/route.ts:37:13)
      at POST (app/api/draft/[token]/request-otp/route.ts:170:29)
      at app/api/draft/[token]/request-otp/__tests__/request-otp.property.test.ts:837:30
      at AsyncProperty.run (node_modules/fast-check/lib/cjs/check/property/AsyncProperty.generic.js:46:28)
      at asyncRunIt (node_modules/fast-check/lib/cjs/check/runner/Runner.js:28:21)
      at Object.<anonymous> (app/api/draft/[token]/request-otp/__tests__/request-otp.property.test.ts:801:7)


  โ—  Cannot log after tests are done. Did you forget to wait for something async in your test?
    Attempted to log "OTP: 016594".

    [0m [90m 36 |[39m     [90m// For now, we'll log the OTP for testing[39m
     [90m 37 |[39m     console[33m.[39mlog([32m'OTP email would be sent to:'[39m[33m,[39m 
email)[33m;[39m
    [31m[1m>[22m[39m[90m 38 |[39m     console[33m.[39mlog([32m'OTP:'[39m[33m,[39m otp)[33m;[39m
     [90m    |[39m             [31m[1m^[22m[39m
     [90m 39 |[39m     console[33m.[39mlog([32m'Expires at:'[39m[33m,[39m 
expiresAt[33m.[39mtoISOString())[33m;[39m
     [90m 40 |[39m     
     [90m 41 |[39m     [90m// In production, this would be:[39m[0m

      at console.log (node_modules/@jest/console/build/index.js:147:10)
      at sendOTPEmail (app/api/draft/[token]/request-otp/route.ts:38:13)
      at POST (app/api/draft/[token]/request-otp/route.ts:170:29)
      at app/api/draft/[token]/request-otp/__tests__/request-otp.property.test.ts:837:30
      at AsyncProperty.run (node_modules/fast-check/lib/cjs/check/property/AsyncProperty.generic.js:46:28)
      at asyncRunIt (node_modules/fast-check/lib/cjs/check/runner/Runner.js:28:21)
      at Object.<anonymous> (app/api/draft/[token]/request-otp/__tests__/request-otp.property.test.ts:801:7)


  โ—  Cannot log after tests are done. Did you forget to wait for something async in your test?
    Attempted to log "Expires at: 2026-03-03T04:08:34.782Z".

    [0m [90m 37 |[39m     console[33m.[39mlog([32m'OTP email would be sent to:'[39m[33m,[39m 
email)[33m;[39m
     [90m 38 |[39m     console[33m.[39mlog([32m'OTP:'[39m[33m,[39m otp)[33m;[39m
    [31m[1m>[22m[39m[90m 39 |[39m     console[33m.[39mlog([32m'Expires at:'[39m[33m,[39m 
expiresAt[33m.[39mtoISOString())[33m;[39m
     [90m    |[39m             [31m[1m^[22m[39m
     [90m 40 |[39m     
     [90m 41 |[39m     [90m// In production, this would be:[39m
     [90m 42 |[39m     [90m// const subject = 'เธฃเธซเธฑเธช OTP 
เธชเธณเธซเธฃเธฑเธเน€เธเนเธฒเธ–เธถเธเนเธเธเธเธญเธฃเนเธกเธเธญเธเธเธธเธ“';[39m[0m

      at console.log (node_modules/@jest/console/build/index.js:147:10)
      at sendOTPEmail (app/api/draft/[token]/request-otp/route.ts:39:13)
      at POST (app/api/draft/[token]/request-otp/route.ts:170:29)
      at app/api/draft/[token]/request-otp/__tests__/request-otp.property.test.ts:837:30
      at AsyncProperty.run (node_modules/fast-check/lib/cjs/check/property/AsyncProperty.generic.js:46:28)
      at asyncRunIt (node_modules/fast-check/lib/cjs/check/runner/Runner.js:28:21)
      at Object.<anonymous> (app/api/draft/[token]/request-otp/__tests__/request-otp.property.test.ts:801:7)


  โ—  Cannot log after tests are done. Did you forget to wait for something async in your test?
    Attempted to log "OTP email would be sent to: prop-test-1772510314790-gvdvnd@example.com".

    [0m [90m 35 |[39m     [90m// TODO: Implement actual email sending using nodemailer[39m
     [90m 36 |[39m     [90m// For now, we'll log the OTP for testing[39m
    [31m[1m>[22m[39m[90m 37 |[39m     console[33m.[39mlog([32m'OTP email would be sent 
to:'[39m[33m,[39m email)[33m;[39m
     [90m    |[39m             [31m[1m^[22m[39m
     [90m 38 |[39m     console[33m.[39mlog([32m'OTP:'[39m[33m,[39m otp)[33m;[39m
     [90m 39 |[39m     console[33m.[39mlog([32m'Expires at:'[39m[33m,[39m 
expiresAt[33m.[39mtoISOString())[33m;[39m
     [90m 40 |[39m     [0m

      at console.log (node_modules/@jest/console/build/index.js:147:10)
      at sendOTPEmail (app/api/draft/[token]/request-otp/route.ts:37:13)
      at POST (app/api/draft/[token]/request-otp/route.ts:170:29)
      at app/api/draft/[token]/request-otp/__tests__/request-otp.property.test.ts:837:30
      at AsyncProperty.run (node_modules/fast-check/lib/cjs/check/property/AsyncProperty.generic.js:46:28)
      at asyncRunIt (node_modules/fast-check/lib/cjs/check/runner/Runner.js:28:21)
      at Object.<anonymous> (app/api/draft/[token]/request-otp/__tests__/request-otp.property.test.ts:801:7)


  โ—  Cannot log after tests are done. Did you forget to wait for something async in your test?
    Attempted to log "OTP: 903888".

    [0m [90m 36 |[39m     [90m// For now, we'll log the OTP for testing[39m
     [90m 37 |[39m     console[33m.[39mlog([32m'OTP email would be sent to:'[39m[33m,[39m 
email)[33m;[39m
    [31m[1m>[22m[39m[90m 38 |[39m     console[33m.[39mlog([32m'OTP:'[39m[33m,[39m otp)[33m;[39m
     [90m    |[39m             [31m[1m^[22m[39m
     [90m 39 |[39m     console[33m.[39mlog([32m'Expires at:'[39m[33m,[39m 
expiresAt[33m.[39mtoISOString())[33m;[39m
     [90m 40 |[39m     
     [90m 41 |[39m     [90m// In production, this would be:[39m[0m

      at console.log (node_modules/@jest/console/build/index.js:147:10)
      at sendOTPEmail (app/api/draft/[token]/request-otp/route.ts:38:13)
      at POST (app/api/draft/[token]/request-otp/route.ts:170:29)
      at app/api/draft/[token]/request-otp/__tests__/request-otp.property.test.ts:837:30
      at AsyncProperty.run (node_modules/fast-check/lib/cjs/check/property/AsyncProperty.generic.js:46:28)
      at asyncRunIt (node_modules/fast-check/lib/cjs/check/runner/Runner.js:28:21)
      at Object.<anonymous> (app/api/draft/[token]/request-otp/__tests__/request-otp.property.test.ts:801:7)


  โ—  Cannot log after tests are done. Did you forget to wait for something async in your test?
    Attempted to log "Expires at: 2026-03-03T04:08:34.847Z".

    [0m [90m 37 |[39m     console[33m.[39mlog([32m'OTP email would be sent to:'[39m[33m,[39m 
email)[33m;[39m
     [90m 38 |[39m     console[33m.[39mlog([32m'OTP:'[39m[33m,[39m otp)[33m;[39m
    [31m[1m>[22m[39m[90m 39 |[39m     console[33m.[39mlog([32m'Expires at:'[39m[33m,[39m 
expiresAt[33m.[39mtoISOString())[33m;[39m
     [90m    |[39m             [31m[1m^[22m[39m
     [90m 40 |[39m     
     [90m 41 |[39m     [90m// In production, this would be:[39m
     [90m 42 |[39m     [90m// const subject = 'เธฃเธซเธฑเธช OTP 
เธชเธณเธซเธฃเธฑเธเน€เธเนเธฒเธ–เธถเธเนเธเธเธเธญเธฃเนเธกเธเธญเธเธเธธเธ“';[39m[0m

      at console.log (node_modules/@jest/console/build/index.js:147:10)
      at sendOTPEmail (app/api/draft/[token]/request-otp/route.ts:39:13)
      at POST (app/api/draft/[token]/request-otp/route.ts:170:29)
      at app/api/draft/[token]/request-otp/__tests__/request-otp.property.test.ts:837:30
      at AsyncProperty.run (node_modules/fast-check/lib/cjs/check/property/AsyncProperty.generic.js:46:28)
      at asyncRunIt (node_modules/fast-check/lib/cjs/check/runner/Runner.js:28:21)
      at Object.<anonymous> (app/api/draft/[token]/request-otp/__tests__/request-otp.property.test.ts:801:7)


  โ—  Cannot log after tests are done. Did you forget to wait for something async in your test?
    Attempted to log "OTP email would be sent to: prop-test-1772510315517-y7ugn9@example.com".

    [0m [90m 35 |[39m     [90m// TODO: Implement actual email sending using nodemailer[39m
     [90m 36 |[39m     [90m// For now, we'll log the OTP for testing[39m
    [31m[1m>[22m[39m[90m 37 |[39m     console[33m.[39mlog([32m'OTP email would be sent 
to:'[39m[33m,[39m email)[33m;[39m
     [90m    |[39m             [31m[1m^[22m[39m
     [90m 38 |[39m     console[33m.[39mlog([32m'OTP:'[39m[33m,[39m otp)[33m;[39m
     [90m 39 |[39m     console[33m.[39mlog([32m'Expires at:'[39m[33m,[39m 
expiresAt[33m.[39mtoISOString())[33m;[39m
     [90m 40 |[39m     [0m

      at console.log (node_modules/@jest/console/build/index.js:147:10)
      at sendOTPEmail (app/api/draft/[token]/request-otp/route.ts:37:13)
      at POST (app/api/draft/[token]/request-otp/route.ts:170:29)
      at app/api/draft/[token]/request-otp/__tests__/request-otp.property.test.ts:837:30
      at AsyncProperty.run (node_modules/fast-check/lib/cjs/check/property/AsyncProperty.generic.js:46:28)
      at asyncRunIt (node_modules/fast-check/lib/cjs/check/runner/Runner.js:28:21)
      at Object.<anonymous> (app/api/draft/[token]/request-otp/__tests__/request-otp.property.test.ts:801:7)


  โ—  Cannot log after tests are done. Did you forget to wait for something async in your test?
    Attempted to log "OTP: 790786".

    [0m [90m 36 |[39m     [90m// For now, we'll log the OTP for testing[39m
     [90m 37 |[39m     console[33m.[39mlog([32m'OTP email would be sent to:'[39m[33m,[39m 
email)[33m;[39m
    [31m[1m>[22m[39m[90m 38 |[39m     console[33m.[39mlog([32m'OTP:'[39m[33m,[39m otp)[33m;[39m
     [90m    |[39m             [31m[1m^[22m[39m
     [90m 39 |[39m     console[33m.[39mlog([32m'Expires at:'[39m[33m,[39m 
expiresAt[33m.[39mtoISOString())[33m;[39m
     [90m 40 |[39m     
     [90m 41 |[39m     [90m// In production, this would be:[39m[0m

      at console.log (node_modules/@jest/console/build/index.js:147:10)
      at sendOTPEmail (app/api/draft/[token]/request-otp/route.ts:38:13)
      at POST (app/api/draft/[token]/request-otp/route.ts:170:29)
      at app/api/draft/[token]/request-otp/__tests__/request-otp.property.test.ts:837:30
      at AsyncProperty.run (node_modules/fast-check/lib/cjs/check/property/AsyncProperty.generic.js:46:28)
      at asyncRunIt (node_modules/fast-check/lib/cjs/check/runner/Runner.js:28:21)
      at Object.<anonymous> (app/api/draft/[token]/request-otp/__tests__/request-otp.property.test.ts:801:7)


  โ—  Cannot log after tests are done. Did you forget to wait for something async in your test?
    Attempted to log "Expires at: 2026-03-03T04:08:35.589Z".

    [0m [90m 37 |[39m     console[33m.[39mlog([32m'OTP email would be sent to:'[39m[33m,[39m 
email)[33m;[39m
     [90m 38 |[39m     console[33m.[39mlog([32m'OTP:'[39m[33m,[39m otp)[33m;[39m
    [31m[1m>[22m[39m[90m 39 |[39m     console[33m.[39mlog([32m'Expires at:'[39m[33m,[39m 
expiresAt[33m.[39mtoISOString())[33m;[39m
     [90m    |[39m             [31m[1m^[22m[39m
     [90m 40 |[39m     
     [90m 41 |[39m     [90m// In production, this would be:[39m
     [90m 42 |[39m     [90m// const subject = 'เธฃเธซเธฑเธช OTP 
เธชเธณเธซเธฃเธฑเธเน€เธเนเธฒเธ–เธถเธเนเธเธเธเธญเธฃเนเธกเธเธญเธเธเธธเธ“';[39m[0m

      at console.log (node_modules/@jest/console/build/index.js:147:10)
      at sendOTPEmail (app/api/draft/[token]/request-otp/route.ts:39:13)
      at POST (app/api/draft/[token]/request-otp/route.ts:170:29)
      at app/api/draft/[token]/request-otp/__tests__/request-otp.property.test.ts:837:30
      at AsyncProperty.run (node_modules/fast-check/lib/cjs/check/property/AsyncProperty.generic.js:46:28)
      at asyncRunIt (node_modules/fast-check/lib/cjs/check/runner/Runner.js:28:21)
      at Object.<anonymous> (app/api/draft/[token]/request-otp/__tests__/request-otp.property.test.ts:801:7)


  โ—  Cannot log after tests are done. Did you forget to wait for something async in your test?
    Attempted to log "OTP email would be sent to: prop-test-1772510315598-wx91jh@example.com".

    [0m [90m 35 |[39m     [90m// TODO: Implement actual email sending using nodemailer[39m
     [90m 36 |[39m     [90m// For now, we'll log the OTP for testing[39m
    [31m[1m>[22m[39m[90m 37 |[39m     console[33m.[39mlog([32m'OTP email would be sent 
to:'[39m[33m,[39m email)[33m;[39m
     [90m    |[39m             [31m[1m^[22m[39m
     [90m 38 |[39m     console[33m.[39mlog([32m'OTP:'[39m[33m,[39m otp)[33m;[39m
     [90m 39 |[39m     console[33m.[39mlog([32m'Expires at:'[39m[33m,[39m 
expiresAt[33m.[39mtoISOString())[33m;[39m
     [90m 40 |[39m     [0m

      at console.log (node_modules/@jest/console/build/index.js:147:10)
      at sendOTPEmail (app/api/draft/[token]/request-otp/route.ts:37:13)
      at POST (app/api/draft/[token]/request-otp/route.ts:170:29)
      at app/api/draft/[token]/request-otp/__tests__/request-otp.property.test.ts:837:30
      at AsyncProperty.run (node_modules/fast-check/lib/cjs/check/property/AsyncProperty.generic.js:46:28)
      at asyncRunIt (node_modules/fast-check/lib/cjs/check/runner/Runner.js:28:21)
      at Object.<anonymous> (app/api/draft/[token]/request-otp/__tests__/request-otp.property.test.ts:801:7)


  โ—  Cannot log after tests are done. Did you forget to wait for something async in your test?
    Attempted to log "OTP: 549130".

    [0m [90m 36 |[39m     [90m// For now, we'll log the OTP for testing[39m
     [90m 37 |[39m     console[33m.[39mlog([32m'OTP email would be sent to:'[39m[33m,[39m 
email)[33m;[39m
    [31m[1m>[22m[39m[90m 38 |[39m     console[33m.[39mlog([32m'OTP:'[39m[33m,[39m otp)[33m;[39m
     [90m    |[39m             [31m[1m^[22m[39m
     [90m 39 |[39m     console[33m.[39mlog([32m'Expires at:'[39m[33m,[39m 
expiresAt[33m.[39mtoISOString())[33m;[39m
     [90m 40 |[39m     
     [90m 41 |[39m     [90m// In production, this would be:[39m[0m

      at console.log (node_modules/@jest/console/build/index.js:147:10)
      at sendOTPEmail (app/api/draft/[token]/request-otp/route.ts:38:13)
      at POST (app/api/draft/[token]/request-otp/route.ts:170:29)
      at app/api/draft/[token]/request-otp/__tests__/request-otp.property.test.ts:837:30
      at AsyncProperty.run (node_modules/fast-check/lib/cjs/check/property/AsyncProperty.generic.js:46:28)
      at asyncRunIt (node_modules/fast-check/lib/cjs/check/runner/Runner.js:28:21)
      at Object.<anonymous> (app/api/draft/[token]/request-otp/__tests__/request-otp.property.test.ts:801:7)


  โ—  Cannot log after tests are done. Did you forget to wait for something async in your test?
    Attempted to log "Expires at: 2026-03-03T04:08:35.678Z".

    [0m [90m 37 |[39m     console[33m.[39mlog([32m'OTP email would be sent to:'[39m[33m,[39m 
email)[33m;[39m
     [90m 38 |[39m     console[33m.[39mlog([32m'OTP:'[39m[33m,[39m otp)[33m;[39m
    [31m[1m>[22m[39m[90m 39 |[39m     console[33m.[39mlog([32m'Expires at:'[39m[33m,[39m 
expiresAt[33m.[39mtoISOString())[33m;[39m
     [90m    |[39m             [31m[1m^[22m[39m
     [90m 40 |[39m     
     [90m 41 |[39m     [90m// In production, this would be:[39m
     [90m 42 |[39m     [90m// const subject = 'เธฃเธซเธฑเธช OTP 
เธชเธณเธซเธฃเธฑเธเน€เธเนเธฒเธ–เธถเธเนเธเธเธเธญเธฃเนเธกเธเธญเธเธเธธเธ“';[39m[0m

      at console.log (node_modules/@jest/console/build/index.js:147:10)
      at sendOTPEmail (app/api/draft/[token]/request-otp/route.ts:39:13)
      at POST (app/api/draft/[token]/request-otp/route.ts:170:29)
      at app/api/draft/[token]/request-otp/__tests__/request-otp.property.test.ts:837:30
      at AsyncProperty.run (node_modules/fast-check/lib/cjs/check/property/AsyncProperty.generic.js:46:28)
      at asyncRunIt (node_modules/fast-check/lib/cjs/check/runner/Runner.js:28:21)
      at Object.<anonymous> (app/api/draft/[token]/request-otp/__tests__/request-otp.property.test.ts:801:7)


  โ—  Cannot log after tests are done. Did you forget to wait for something async in your test?
    Attempted to log "OTP email would be sent to: prop-test-1772510315686-5pgwvg@example.com".

    [0m [90m 35 |[39m     [90m// TODO: Implement actual email sending using nodemailer[39m
     [90m 36 |[39m     [90m// For now, we'll log the OTP for testing[39m
    [31m[1m>[22m[39m[90m 37 |[39m     console[33m.[39mlog([32m'OTP email would be sent 
to:'[39m[33m,[39m email)[33m;[39m
     [90m    |[39m             [31m[1m^[22m[39m
     [90m 38 |[39m     console[33m.[39mlog([32m'OTP:'[39m[33m,[39m otp)[33m;[39m
     [90m 39 |[39m     console[33m.[39mlog([32m'Expires at:'[39m[33m,[39m 
expiresAt[33m.[39mtoISOString())[33m;[39m
     [90m 40 |[39m     [0m

      at console.log (node_modules/@jest/console/build/index.js:147:10)
      at sendOTPEmail (app/api/draft/[token]/request-otp/route.ts:37:13)
      at POST (app/api/draft/[token]/request-otp/route.ts:170:29)
      at app/api/draft/[token]/request-otp/__tests__/request-otp.property.test.ts:837:30
      at AsyncProperty.run (node_modules/fast-check/lib/cjs/check/property/AsyncProperty.generic.js:46:28)
      at asyncRunIt (node_modules/fast-check/lib/cjs/check/runner/Runner.js:28:21)
      at Object.<anonymous> (app/api/draft/[token]/request-otp/__tests__/request-otp.property.test.ts:801:7)


  โ—  Cannot log after tests are done. Did you forget to wait for something async in your test?
    Attempted to log "OTP: 752011".

    [0m [90m 36 |[39m     [90m// For now, we'll log the OTP for testing[39m
     [90m 37 |[39m     console[33m.[39mlog([32m'OTP email would be sent to:'[39m[33m,[39m 
email)[33m;[39m
    [31m[1m>[22m[39m[90m 38 |[39m     console[33m.[39mlog([32m'OTP:'[39m[33m,[39m otp)[33m;[39m
     [90m    |[39m             [31m[1m^[22m[39m
     [90m 39 |[39m     console[33m.[39mlog([32m'Expires at:'[39m[33m,[39m 
expiresAt[33m.[39mtoISOString())[33m;[39m
     [90m 40 |[39m     
     [90m 41 |[39m     [90m// In production, this would be:[39m[0m

      at console.log (node_modules/@jest/console/build/index.js:147:10)
      at sendOTPEmail (app/api/draft/[token]/request-otp/route.ts:38:13)
      at POST (app/api/draft/[token]/request-otp/route.ts:170:29)
      at app/api/draft/[token]/request-otp/__tests__/request-otp.property.test.ts:837:30
      at AsyncProperty.run (node_modules/fast-check/lib/cjs/check/property/AsyncProperty.generic.js:46:28)
      at asyncRunIt (node_modules/fast-check/lib/cjs/check/runner/Runner.js:28:21)
      at Object.<anonymous> (app/api/draft/[token]/request-otp/__tests__/request-otp.property.test.ts:801:7)


  โ—  Cannot log after tests are done. Did you forget to wait for something async in your test?
    Attempted to log "Expires at: 2026-03-03T04:08:35.749Z".

    [0m [90m 37 |[39m     console[33m.[39mlog([32m'OTP email would be sent to:'[39m[33m,[39m 
email)[33m;[39m
     [90m 38 |[39m     console[33m.[39mlog([32m'OTP:'[39m[33m,[39m otp)[33m;[39m
    [31m[1m>[22m[39m[90m 39 |[39m     console[33m.[39mlog([32m'Expires at:'[39m[33m,[39m 
expiresAt[33m.[39mtoISOString())[33m;[39m
     [90m    |[39m             [31m[1m^[22m[39m
     [90m 40 |[39m     
     [90m 41 |[39m     [90m// In production, this would be:[39m
     [90m 42 |[39m     [90m// const subject = 'เธฃเธซเธฑเธช OTP 
เธชเธณเธซเธฃเธฑเธเน€เธเนเธฒเธ–เธถเธเนเธเธเธเธญเธฃเนเธกเธเธญเธเธเธธเธ“';[39m[0m

      at console.log (node_modules/@jest/console/build/index.js:147:10)
      at sendOTPEmail (app/api/draft/[token]/request-otp/route.ts:39:13)
      at POST (app/api/draft/[token]/request-otp/route.ts:170:29)
      at app/api/draft/[token]/request-otp/__tests__/request-otp.property.test.ts:837:30
      at AsyncProperty.run (node_modules/fast-check/lib/cjs/check/property/AsyncProperty.generic.js:46:28)
      at asyncRunIt (node_modules/fast-check/lib/cjs/check/runner/Runner.js:28:21)
      at Object.<anonymous> (app/api/draft/[token]/request-otp/__tests__/request-otp.property.test.ts:801:7)


  โ—  Cannot log after tests are done. Did you forget to wait for something async in your test?
    Attempted to log "OTP email would be sent to: prop-test-1772510315757-xgpgco@example.com".

    [0m [90m 35 |[39m     [90m// TODO: Implement actual email sending using nodemailer[39m
     [90m 36 |[39m     [90m// For now, we'll log the OTP for testing[39m
    [31m[1m>[22m[39m[90m 37 |[39m     console[33m.[39mlog([32m'OTP email would be sent 
to:'[39m[33m,[39m email)[33m;[39m
     [90m    |[39m             [31m[1m^[22m[39m
     [90m 38 |[39m     console[33m.[39mlog([32m'OTP:'[39m[33m,[39m otp)[33m;[39m
     [90m 39 |[39m     console[33m.[39mlog([32m'Expires at:'[39m[33m,[39m 
expiresAt[33m.[39mtoISOString())[33m;[39m
     [90m 40 |[39m     [0m

      at console.log (node_modules/@jest/console/build/index.js:147:10)
      at sendOTPEmail (app/api/draft/[token]/request-otp/route.ts:37:13)
      at POST (app/api/draft/[token]/request-otp/route.ts:170:29)
      at app/api/draft/[token]/request-otp/__tests__/request-otp.property.test.ts:837:30
      at AsyncProperty.run (node_modules/fast-check/lib/cjs/check/property/AsyncProperty.generic.js:46:28)
      at asyncRunIt (node_modules/fast-check/lib/cjs/check/runner/Runner.js:28:21)
      at Object.<anonymous> (app/api/draft/[token]/request-otp/__tests__/request-otp.property.test.ts:801:7)


  โ—  Cannot log after tests are done. Did you forget to wait for something async in your test?
    Attempted to log "OTP: 258334".

    [0m [90m 36 |[39m     [90m// For now, we'll log the OTP for testing[39m
     [90m 37 |[39m     console[33m.[39mlog([32m'OTP email would be sent to:'[39m[33m,[39m 
email)[33m;[39m
    [31m[1m>[22m[39m[90m 38 |[39m     console[33m.[39mlog([32m'OTP:'[39m[33m,[39m otp)[33m;[39m
     [90m    |[39m             [31m[1m^[22m[39m
     [90m 39 |[39m     console[33m.[39mlog([32m'Expires at:'[39m[33m,[39m 
expiresAt[33m.[39mtoISOString())[33m;[39m
     [90m 40 |[39m     
     [90m 41 |[39m     [90m// In production, this would be:[39m[0m

      at console.log (node_modules/@jest/console/build/index.js:147:10)
      at sendOTPEmail (app/api/draft/[token]/request-otp/route.ts:38:13)
      at POST (app/api/draft/[token]/request-otp/route.ts:170:29)
      at app/api/draft/[token]/request-otp/__tests__/request-otp.property.test.ts:837:30
      at AsyncProperty.run (node_modules/fast-check/lib/cjs/check/property/AsyncProperty.generic.js:46:28)
      at asyncRunIt (node_modules/fast-check/lib/cjs/check/runner/Runner.js:28:21)
      at Object.<anonymous> (app/api/draft/[token]/request-otp/__tests__/request-otp.property.test.ts:801:7)


  โ—  Cannot log after tests are done. Did you forget to wait for something async in your test?
    Attempted to log "Expires at: 2026-03-03T04:08:35.817Z".

    [0m [90m 37 |[39m     console[33m.[39mlog([32m'OTP email would be sent to:'[39m[33m,[39m 
email)[33m;[39m
     [90m 38 |[39m     console[33m.[39mlog([32m'OTP:'[39m[33m,[39m otp)[33m;[39m
    [31m[1m>[22m[39m[90m 39 |[39m     console[33m.[39mlog([32m'Expires at:'[39m[33m,[39m 
expiresAt[33m.[39mtoISOString())[33m;[39m
     [90m    |[39m             [31m[1m^[22m[39m
     [90m 40 |[39m     
     [90m 41 |[39m     [90m// In production, this would be:[39m
     [90m 42 |[39m     [90m// const subject = 'เธฃเธซเธฑเธช OTP 
เธชเธณเธซเธฃเธฑเธเน€เธเนเธฒเธ–เธถเธเนเธเธเธเธญเธฃเนเธกเธเธญเธเธเธธเธ“';[39m[0m

      at console.log (node_modules/@jest/console/build/index.js:147:10)
      at sendOTPEmail (app/api/draft/[token]/request-otp/route.ts:39:13)
      at POST (app/api/draft/[token]/request-otp/route.ts:170:29)
      at app/api/draft/[token]/request-otp/__tests__/request-otp.property.test.ts:837:30
      at AsyncProperty.run (node_modules/fast-check/lib/cjs/check/property/AsyncProperty.generic.js:46:28)
      at asyncRunIt (node_modules/fast-check/lib/cjs/check/runner/Runner.js:28:21)
      at Object.<anonymous> (app/api/draft/[token]/request-otp/__tests__/request-otp.property.test.ts:801:7)


  โ—  Cannot log after tests are done. Did you forget to wait for something async in your test?
    Attempted to log "OTP email would be sent to: prop-test-1772510315826-dntn9@example.com".

    [0m [90m 35 |[39m     [90m// TODO: Implement actual email sending using nodemailer[39m
     [90m 36 |[39m     [90m// For now, we'll log the OTP for testing[39m
    [31m[1m>[22m[39m[90m 37 |[39m     console[33m.[39mlog([32m'OTP email would be sent 
to:'[39m[33m,[39m email)[33m;[39m
     [90m    |[39m             [31m[1m^[22m[39m
     [90m 38 |[39m     console[33m.[39mlog([32m'OTP:'[39m[33m,[39m otp)[33m;[39m
     [90m 39 |[39m     console[33m.[39mlog([32m'Expires at:'[39m[33m,[39m 
expiresAt[33m.[39mtoISOString())[33m;[39m
     [90m 40 |[39m     [0m

      at console.log (node_modules/@jest/console/build/index.js:147:10)
      at sendOTPEmail (app/api/draft/[token]/request-otp/route.ts:37:13)
      at POST (app/api/draft/[token]/request-otp/route.ts:170:29)
      at app/api/draft/[token]/request-otp/__tests__/request-otp.property.test.ts:837:30
      at AsyncProperty.run (node_modules/fast-check/lib/cjs/check/property/AsyncProperty.generic.js:46:28)
      at asyncRunIt (node_modules/fast-check/lib/cjs/check/runner/Runner.js:28:21)
      at Object.<anonymous> (app/api/draft/[token]/request-otp/__tests__/request-otp.property.test.ts:801:7)


  โ—  Cannot log after tests are done. Did you forget to wait for something async in your test?
    Attempted to log "OTP: 544905".

    [0m [90m 36 |[39m     [90m// For now, we'll log the OTP for testing[39m
     [90m 37 |[39m     console[33m.[39mlog([32m'OTP email would be sent to:'[39m[33m,[39m 
email)[33m;[39m
    [31m[1m>[22m[39m[90m 38 |[39m     console[33m.[39mlog([32m'OTP:'[39m[33m,[39m otp)[33m;[39m
     [90m    |[39m             [31m[1m^[22m[39m
     [90m 39 |[39m     console[33m.[39mlog([32m'Expires at:'[39m[33m,[39m 
expiresAt[33m.[39mtoISOString())[33m;[39m
     [90m 40 |[39m     
     [90m 41 |[39m     [90m// In production, this would be:[39m[0m

      at console.log (node_modules/@jest/console/build/index.js:147:10)
      at sendOTPEmail (app/api/draft/[token]/request-otp/route.ts:38:13)
      at POST (app/api/draft/[token]/request-otp/route.ts:170:29)
      at app/api/draft/[token]/request-otp/__tests__/request-otp.property.test.ts:837:30
      at AsyncProperty.run (node_modules/fast-check/lib/cjs/check/property/AsyncProperty.generic.js:46:28)
      at asyncRunIt (node_modules/fast-check/lib/cjs/check/runner/Runner.js:28:21)
      at Object.<anonymous> (app/api/draft/[token]/request-otp/__tests__/request-otp.property.test.ts:801:7)


  โ—  Cannot log after tests are done. Did you forget to wait for something async in your test?
    Attempted to log "Expires at: 2026-03-03T04:08:35.885Z".

    [0m [90m 37 |[39m     console[33m.[39mlog([32m'OTP email would be sent to:'[39m[33m,[39m 
email)[33m;[39m
     [90m 38 |[39m     console[33m.[39mlog([32m'OTP:'[39m[33m,[39m otp)[33m;[39m
    [31m[1m>[22m[39m[90m 39 |[39m     console[33m.[39mlog([32m'Expires at:'[39m[33m,[39m 
expiresAt[33m.[39mtoISOString())[33m;[39m
     [90m    |[39m             [31m[1m^[22m[39m
     [90m 40 |[39m     
     [90m 41 |[39m     [90m// In production, this would be:[39m
     [90m 42 |[39m     [90m// const subject = 'เธฃเธซเธฑเธช OTP 
เธชเธณเธซเธฃเธฑเธเน€เธเนเธฒเธ–เธถเธเนเธเธเธเธญเธฃเนเธกเธเธญเธเธเธธเธ“';[39m[0m

      at console.log (node_modules/@jest/console/build/index.js:147:10)
      at sendOTPEmail (app/api/draft/[token]/request-otp/route.ts:39:13)
      at POST (app/api/draft/[token]/request-otp/route.ts:170:29)
      at app/api/draft/[token]/request-otp/__tests__/request-otp.property.test.ts:837:30
      at AsyncProperty.run (node_modules/fast-check/lib/cjs/check/property/AsyncProperty.generic.js:46:28)
      at asyncRunIt (node_modules/fast-check/lib/cjs/check/runner/Runner.js:28:21)
      at Object.<anonymous> (app/api/draft/[token]/request-otp/__tests__/request-otp.property.test.ts:801:7)


  โ—  Cannot log after tests are done. Did you forget to wait for something async in your test?
    Attempted to log "OTP email would be sent to: prop-test-1772510315891-6q9hgq@example.com".

    [0m [90m 35 |[39m     [90m// TODO: Implement actual email sending using nodemailer[39m
     [90m 36 |[39m     [90m// For now, we'll log the OTP for testing[39m
    [31m[1m>[22m[39m[90m 37 |[39m     console[33m.[39mlog([32m'OTP email would be sent 
to:'[39m[33m,[39m email)[33m;[39m
     [90m    |[39m             [31m[1m^[22m[39m
     [90m 38 |[39m     console[33m.[39mlog([32m'OTP:'[39m[33m,[39m otp)[33m;[39m
     [90m 39 |[39m     console[33m.[39mlog([32m'Expires at:'[39m[33m,[39m 
expiresAt[33m.[39mtoISOString())[33m;[39m
     [90m 40 |[39m     [0m

      at console.log (node_modules/@jest/console/build/index.js:147:10)
      at sendOTPEmail (app/api/draft/[token]/request-otp/route.ts:37:13)
      at POST (app/api/draft/[token]/request-otp/route.ts:170:29)
      at app/api/draft/[token]/request-otp/__tests__/request-otp.property.test.ts:837:30
      at AsyncProperty.run (node_modules/fast-check/lib/cjs/check/property/AsyncProperty.generic.js:46:28)
      at asyncRunIt (node_modules/fast-check/lib/cjs/check/runner/Runner.js:28:21)
      at Object.<anonymous> (app/api/draft/[token]/request-otp/__tests__/request-otp.property.test.ts:801:7)


  โ—  Cannot log after tests are done. Did you forget to wait for something async in your test?
    Attempted to log "OTP: 739722".

    [0m [90m 36 |[39m     [90m// For now, we'll log the OTP for testing[39m
     [90m 37 |[39m     console[33m.[39mlog([32m'OTP email would be sent to:'[39m[33m,[39m 
email)[33m;[39m
    [31m[1m>[22m[39m[90m 38 |[39m     console[33m.[39mlog([32m'OTP:'[39m[33m,[39m otp)[33m;[39m
     [90m    |[39m             [31m[1m^[22m[39m
     [90m 39 |[39m     console[33m.[39mlog([32m'Expires at:'[39m[33m,[39m 
expiresAt[33m.[39mtoISOString())[33m;[39m
     [90m 40 |[39m     
     [90m 41 |[39m     [90m// In production, this would be:[39m[0m

      at console.log (node_modules/@jest/console/build/index.js:147:10)
      at sendOTPEmail (app/api/draft/[token]/request-otp/route.ts:38:13)
      at POST (app/api/draft/[token]/request-otp/route.ts:170:29)
      at app/api/draft/[token]/request-otp/__tests__/request-otp.property.test.ts:837:30
      at AsyncProperty.run (node_modules/fast-check/lib/cjs/check/property/AsyncProperty.generic.js:46:28)
      at asyncRunIt (node_modules/fast-check/lib/cjs/check/runner/Runner.js:28:21)
      at Object.<anonymous> (app/api/draft/[token]/request-otp/__tests__/request-otp.property.test.ts:801:7)


  โ—  Cannot log after tests are done. Did you forget to wait for something async in your test?
    Attempted to log "Expires at: 2026-03-03T04:08:35.947Z".

    [0m [90m 37 |[39m     console[33m.[39mlog([32m'OTP email would be sent to:'[39m[33m,[39m 
email)[33m;[39m
     [90m 38 |[39m     console[33m.[39mlog([32m'OTP:'[39m[33m,[39m otp)[33m;[39m
    [31m[1m>[22m[39m[90m 39 |[39m     console[33m.[39mlog([32m'Expires at:'[39m[33m,[39m 
expiresAt[33m.[39mtoISOString())[33m;[39m
     [90m    |[39m             [31m[1m^[22m[39m
     [90m 40 |[39m     
     [90m 41 |[39m     [90m// In production, this would be:[39m
     [90m 42 |[39m     [90m// const subject = 'เธฃเธซเธฑเธช OTP 
เธชเธณเธซเธฃเธฑเธเน€เธเนเธฒเธ–เธถเธเนเธเธเธเธญเธฃเนเธกเธเธญเธเธเธธเธ“';[39m[0m

      at console.log (node_modules/@jest/console/build/index.js:147:10)
      at sendOTPEmail (app/api/draft/[token]/request-otp/route.ts:39:13)
      at POST (app/api/draft/[token]/request-otp/route.ts:170:29)
      at app/api/draft/[token]/request-otp/__tests__/request-otp.property.test.ts:837:30
      at AsyncProperty.run (node_modules/fast-check/lib/cjs/check/property/AsyncProperty.generic.js:46:28)
      at asyncRunIt (node_modules/fast-check/lib/cjs/check/runner/Runner.js:28:21)
      at Object.<anonymous> (app/api/draft/[token]/request-otp/__tests__/request-otp.property.test.ts:801:7)


  โ—  Cannot log after tests are done. Did you forget to wait for something async in your test?
    Attempted to log "OTP email would be sent to: prop-test-1772510315063-wlbek5@example.com".

    [0m [90m 35 |[39m     [90m// TODO: Implement actual email sending using nodemailer[39m
     [90m 36 |[39m     [90m// For now, we'll log the OTP for testing[39m
    [31m[1m>[22m[39m[90m 37 |[39m     console[33m.[39mlog([32m'OTP email would be sent 
to:'[39m[33m,[39m email)[33m;[39m
     [90m    |[39m             [31m[1m^[22m[39m
     [90m 38 |[39m     console[33m.[39mlog([32m'OTP:'[39m[33m,[39m otp)[33m;[39m
     [90m 39 |[39m     console[33m.[39mlog([32m'Expires at:'[39m[33m,[39m 
expiresAt[33m.[39mtoISOString())[33m;[39m
     [90m 40 |[39m     [0m

      at console.log (node_modules/@jest/console/build/index.js:147:10)
      at sendOTPEmail (app/api/draft/[token]/request-otp/route.ts:37:13)
      at POST (app/api/draft/[token]/request-otp/route.ts:170:29)
      at app/api/draft/[token]/verify-otp/__tests__/verify-otp.property.test.ts:573:13
      at AsyncProperty.run (node_modules/fast-check/lib/cjs/check/property/AsyncProperty.generic.js:46:28)
      at asyncRunIt (node_modules/fast-check/lib/cjs/check/runner/Runner.js:28:21)
      at Object.<anonymous> (app/api/draft/[token]/verify-otp/__tests__/verify-otp.property.test.ts:537:7)


  โ—  Cannot log after tests are done. Did you forget to wait for something async in your test?
    Attempted to log "OTP: 983598".

    [0m [90m 36 |[39m     [90m// For now, we'll log the OTP for testing[39m
     [90m 37 |[39m     console[33m.[39mlog([32m'OTP email would be sent to:'[39m[33m,[39m 
email)[33m;[39m
    [31m[1m>[22m[39m[90m 38 |[39m     console[33m.[39mlog([32m'OTP:'[39m[33m,[39m otp)[33m;[39m
     [90m    |[39m             [31m[1m^[22m[39m
     [90m 39 |[39m     console[33m.[39mlog([32m'Expires at:'[39m[33m,[39m 
expiresAt[33m.[39mtoISOString())[33m;[39m
     [90m 40 |[39m     
     [90m 41 |[39m     [90m// In production, this would be:[39m[0m

      at console.log (node_modules/@jest/console/build/index.js:147:10)
      at sendOTPEmail (app/api/draft/[token]/request-otp/route.ts:38:13)
      at POST (app/api/draft/[token]/request-otp/route.ts:170:29)
      at app/api/draft/[token]/verify-otp/__tests__/verify-otp.property.test.ts:573:13
      at AsyncProperty.run (node_modules/fast-check/lib/cjs/check/property/AsyncProperty.generic.js:46:28)
      at asyncRunIt (node_modules/fast-check/lib/cjs/check/runner/Runner.js:28:21)
      at Object.<anonymous> (app/api/draft/[token]/verify-otp/__tests__/verify-otp.property.test.ts:537:7)


  โ—  Cannot log after tests are done. Did you forget to wait for something async in your test?
    Attempted to log "Expires at: 2026-03-03T04:08:35.307Z".

    [0m [90m 37 |[39m     console[33m.[39mlog([32m'OTP email would be sent to:'[39m[33m,[39m 
email)[33m;[39m
     [90m 38 |[39m     console[33m.[39mlog([32m'OTP:'[39m[33m,[39m otp)[33m;[39m
    [31m[1m>[22m[39m[90m 39 |[39m     console[33m.[39mlog([32m'Expires at:'[39m[33m,[39m 
expiresAt[33m.[39mtoISOString())[33m;[39m
     [90m    |[39m             [31m[1m^[22m[39m
     [90m 40 |[39m     
     [90m 41 |[39m     [90m// In production, this would be:[39m
     [90m 42 |[39m     [90m// const subject = 'เธฃเธซเธฑเธช OTP 
เธชเธณเธซเธฃเธฑเธเน€เธเนเธฒเธ–เธถเธเนเธเธเธเธญเธฃเนเธกเธเธญเธเธเธธเธ“';[39m[0m

      at console.log (node_modules/@jest/console/build/index.js:147:10)
      at sendOTPEmail (app/api/draft/[token]/request-otp/route.ts:39:13)
      at POST (app/api/draft/[token]/request-otp/route.ts:170:29)
      at app/api/draft/[token]/verify-otp/__tests__/verify-otp.property.test.ts:573:13
      at AsyncProperty.run (node_modules/fast-check/lib/cjs/check/property/AsyncProperty.generic.js:46:28)
      at asyncRunIt (node_modules/fast-check/lib/cjs/check/runner/Runner.js:28:21)
      at Object.<anonymous> (app/api/draft/[token]/verify-otp/__tests__/verify-otp.property.test.ts:537:7)


  โ—  Cannot log after tests are done. Did you forget to wait for something async in your test?
    Attempted to log "OTP email would be sent to: prop-test-1772510315123-xnsvn6@example.com".

    [0m [90m 35 |[39m     [90m// TODO: Implement actual email sending using nodemailer[39m
     [90m 36 |[39m     [90m// For now, we'll log the OTP for testing[39m
    [31m[1m>[22m[39m[90m 37 |[39m     console[33m.[39mlog([32m'OTP email would be sent 
to:'[39m[33m,[39m email)[33m;[39m
     [90m    |[39m             [31m[1m^[22m[39m
     [90m 38 |[39m     console[33m.[39mlog([32m'OTP:'[39m[33m,[39m otp)[33m;[39m
     [90m 39 |[39m     console[33m.[39mlog([32m'Expires at:'[39m[33m,[39m 
expiresAt[33m.[39mtoISOString())[33m;[39m
     [90m 40 |[39m     [0m

      at console.log (node_modules/@jest/console/build/index.js:147:10)
      at sendOTPEmail (app/api/draft/[token]/request-otp/route.ts:37:13)
      at POST (app/api/draft/[token]/request-otp/route.ts:170:29)
      at app/api/draft/[token]/verify-otp/__tests__/verify-otp.property.test.ts:428:13
      at AsyncProperty.run (node_modules/fast-check/lib/cjs/check/property/AsyncProperty.generic.js:46:28)
      at asyncRunIt (node_modules/fast-check/lib/cjs/check/runner/Runner.js:28:21)
      at Object.<anonymous> (app/api/draft/[token]/verify-otp/__tests__/verify-otp.property.test.ts:393:7)


  โ—  Cannot log after tests are done. Did you forget to wait for something async in your test?
    Attempted to log "OTP: 462544".

    [0m [90m 36 |[39m     [90m// For now, we'll log the OTP for testing[39m
     [90m 37 |[39m     console[33m.[39mlog([32m'OTP email would be sent to:'[39m[33m,[39m 
email)[33m;[39m
    [31m[1m>[22m[39m[90m 38 |[39m     console[33m.[39mlog([32m'OTP:'[39m[33m,[39m otp)[33m;[39m
     [90m    |[39m             [31m[1m^[22m[39m
     [90m 39 |[39m     console[33m.[39mlog([32m'Expires at:'[39m[33m,[39m 
expiresAt[33m.[39mtoISOString())[33m;[39m
     [90m 40 |[39m     
     [90m 41 |[39m     [90m// In production, this would be:[39m[0m

      at console.log (node_modules/@jest/console/build/index.js:147:10)
      at sendOTPEmail (app/api/draft/[token]/request-otp/route.ts:38:13)
      at POST (app/api/draft/[token]/request-otp/route.ts:170:29)
      at app/api/draft/[token]/verify-otp/__tests__/verify-otp.property.test.ts:428:13
      at AsyncProperty.run (node_modules/fast-check/lib/cjs/check/property/AsyncProperty.generic.js:46:28)
      at asyncRunIt (node_modules/fast-check/lib/cjs/check/runner/Runner.js:28:21)
      at Object.<anonymous> (app/api/draft/[token]/verify-otp/__tests__/verify-otp.property.test.ts:393:7)


  โ—  Cannot log after tests are done. Did you forget to wait for something async in your test?
    Attempted to log "Expires at: 2026-03-03T04:08:35.372Z".

    [0m [90m 37 |[39m     console[33m.[39mlog([32m'OTP email would be sent to:'[39m[33m,[39m 
email)[33m;[39m
     [90m 38 |[39m     console[33m.[39mlog([32m'OTP:'[39m[33m,[39m otp)[33m;[39m
    [31m[1m>[22m[39m[90m 39 |[39m     console[33m.[39mlog([32m'Expires at:'[39m[33m,[39m 
expiresAt[33m.[39mtoISOString())[33m;[39m
     [90m    |[39m             [31m[1m^[22m[39m
     [90m 40 |[39m     
     [90m 41 |[39m     [90m// In production, this would be:[39m
     [90m 42 |[39m     [90m// const subject = 'เธฃเธซเธฑเธช OTP 
เธชเธณเธซเธฃเธฑเธเน€เธเนเธฒเธ–เธถเธเนเธเธเธเธญเธฃเนเธกเธเธญเธเธเธธเธ“';[39m[0m

      at console.log (node_modules/@jest/console/build/index.js:147:10)
      at sendOTPEmail (app/api/draft/[token]/request-otp/route.ts:39:13)
      at POST (app/api/draft/[token]/request-otp/route.ts:170:29)
      at app/api/draft/[token]/verify-otp/__tests__/verify-otp.property.test.ts:428:13
      at AsyncProperty.run (node_modules/fast-check/lib/cjs/check/property/AsyncProperty.generic.js:46:28)
      at asyncRunIt (node_modules/fast-check/lib/cjs/check/runner/Runner.js:28:21)
      at Object.<anonymous> (app/api/draft/[token]/verify-otp/__tests__/verify-otp.property.test.ts:393:7)


  โ—  Cannot log after tests are done. Did you forget to wait for something async in your test?
    Attempted to log "OTP email would be sent to: prop-test-1772510315240-si9hec@example.com".

    [0m [90m 35 |[39m     [90m// TODO: Implement actual email sending using nodemailer[39m
     [90m 36 |[39m     [90m// For now, we'll log the OTP for testing[39m
    [31m[1m>[22m[39m[90m 37 |[39m     console[33m.[39mlog([32m'OTP email would be sent 
to:'[39m[33m,[39m email)[33m;[39m
     [90m    |[39m             [31m[1m^[22m[39m
     [90m 38 |[39m     console[33m.[39mlog([32m'OTP:'[39m[33m,[39m otp)[33m;[39m
     [90m 39 |[39m     console[33m.[39mlog([32m'Expires at:'[39m[33m,[39m 
expiresAt[33m.[39mtoISOString())[33m;[39m
     [90m 40 |[39m     [0m

      at console.log (node_modules/@jest/console/build/index.js:147:10)
      at sendOTPEmail (app/api/draft/[token]/request-otp/route.ts:37:13)
      at POST (app/api/draft/[token]/request-otp/route.ts:170:29)
      at app/api/draft/[token]/verify-otp/__tests__/verify-otp.property.test.ts:640:13
      at AsyncProperty.run (node_modules/fast-check/lib/cjs/check/property/AsyncProperty.generic.js:46:28)
      at asyncRunIt (node_modules/fast-check/lib/cjs/check/runner/Runner.js:28:21)
      at Object.<anonymous> (app/api/draft/[token]/verify-otp/__tests__/verify-otp.property.test.ts:610:7)


  โ—  Cannot log after tests are done. Did you forget to wait for something async in your test?
    Attempted to log "OTP: 025930".

    [0m [90m 36 |[39m     [90m// For now, we'll log the OTP for testing[39m
     [90m 37 |[39m     console[33m.[39mlog([32m'OTP email would be sent to:'[39m[33m,[39m 
email)[33m;[39m
    [31m[1m>[22m[39m[90m 38 |[39m     console[33m.[39mlog([32m'OTP:'[39m[33m,[39m otp)[33m;[39m
     [90m    |[39m             [31m[1m^[22m[39m
     [90m 39 |[39m     console[33m.[39mlog([32m'Expires at:'[39m[33m,[39m 
expiresAt[33m.[39mtoISOString())[33m;[39m
     [90m 40 |[39m     
     [90m 41 |[39m     [90m// In production, this would be:[39m[0m

      at console.log (node_modules/@jest/console/build/index.js:147:10)
      at sendOTPEmail (app/api/draft/[token]/request-otp/route.ts:38:13)
      at POST (app/api/draft/[token]/request-otp/route.ts:170:29)
      at app/api/draft/[token]/verify-otp/__tests__/verify-otp.property.test.ts:640:13
      at AsyncProperty.run (node_modules/fast-check/lib/cjs/check/property/AsyncProperty.generic.js:46:28)
      at asyncRunIt (node_modules/fast-check/lib/cjs/check/runner/Runner.js:28:21)
      at Object.<anonymous> (app/api/draft/[token]/verify-otp/__tests__/verify-otp.property.test.ts:610:7)


  โ—  Cannot log after tests are done. Did you forget to wait for something async in your test?
    Attempted to log "Expires at: 2026-03-03T04:08:35.437Z".

    [0m [90m 37 |[39m     console[33m.[39mlog([32m'OTP email would be sent to:'[39m[33m,[39m 
email)[33m;[39m
     [90m 38 |[39m     console[33m.[39mlog([32m'OTP:'[39m[33m,[39m otp)[33m;[39m
    [31m[1m>[22m[39m[90m 39 |[39m     console[33m.[39mlog([32m'Expires at:'[39m[33m,[39m 
expiresAt[33m.[39mtoISOString())[33m;[39m
     [90m    |[39m             [31m[1m^[22m[39m
     [90m 40 |[39m     
     [90m 41 |[39m     [90m// In production, this would be:[39m
     [90m 42 |[39m     [90m// const subject = 'เธฃเธซเธฑเธช OTP 
เธชเธณเธซเธฃเธฑเธเน€เธเนเธฒเธ–เธถเธเนเธเธเธเธญเธฃเนเธกเธเธญเธเธเธธเธ“';[39m[0m

      at console.log (node_modules/@jest/console/build/index.js:147:10)
      at sendOTPEmail (app/api/draft/[token]/request-otp/route.ts:39:13)
      at POST (app/api/draft/[token]/request-otp/route.ts:170:29)
      at app/api/draft/[token]/verify-otp/__tests__/verify-otp.property.test.ts:640:13
      at AsyncProperty.run (node_modules/fast-check/lib/cjs/check/property/AsyncProperty.generic.js:46:28)
      at asyncRunIt (node_modules/fast-check/lib/cjs/check/runner/Runner.js:28:21)
      at Object.<anonymous> (app/api/draft/[token]/verify-otp/__tests__/verify-otp.property.test.ts:610:7)


  โ—  Cannot log after tests are done. Did you forget to wait for something async in your test?
    Attempted to log "OTP email would be sent to: prop-test-1772510315307-0h6d7@example.com".

    [0m [90m 35 |[39m     [90m// TODO: Implement actual email sending using nodemailer[39m
     [90m 36 |[39m     [90m// For now, we'll log the OTP for testing[39m
    [31m[1m>[22m[39m[90m 37 |[39m     console[33m.[39mlog([32m'OTP email would be sent 
to:'[39m[33m,[39m email)[33m;[39m
     [90m    |[39m             [31m[1m^[22m[39m
     [90m 38 |[39m     console[33m.[39mlog([32m'OTP:'[39m[33m,[39m otp)[33m;[39m
     [90m 39 |[39m     console[33m.[39mlog([32m'Expires at:'[39m[33m,[39m 
expiresAt[33m.[39mtoISOString())[33m;[39m
     [90m 40 |[39m     [0m

      at console.log (node_modules/@jest/console/build/index.js:147:10)
      at sendOTPEmail (app/api/draft/[token]/request-otp/route.ts:37:13)
      at POST (app/api/draft/[token]/request-otp/route.ts:170:29)
      at app/api/draft/[token]/verify-otp/__tests__/verify-otp.property.test.ts:288:13
      at AsyncProperty.run (node_modules/fast-check/lib/cjs/check/property/AsyncProperty.generic.js:46:28)
      at asyncRunIt (node_modules/fast-check/lib/cjs/check/runner/Runner.js:28:21)
      at Object.<anonymous> (app/api/draft/[token]/verify-otp/__tests__/verify-otp.property.test.ts:248:7)


  โ—  Cannot log after tests are done. Did you forget to wait for something async in your test?
    Attempted to log "OTP: 297140".

    [0m [90m 36 |[39m     [90m// For now, we'll log the OTP for testing[39m
     [90m 37 |[39m     console[33m.[39mlog([32m'OTP email would be sent to:'[39m[33m,[39m 
email)[33m;[39m
    [31m[1m>[22m[39m[90m 38 |[39m     console[33m.[39mlog([32m'OTP:'[39m[33m,[39m otp)[33m;[39m
     [90m    |[39m             [31m[1m^[22m[39m
     [90m 39 |[39m     console[33m.[39mlog([32m'Expires at:'[39m[33m,[39m 
expiresAt[33m.[39mtoISOString())[33m;[39m
     [90m 40 |[39m     
     [90m 41 |[39m     [90m// In production, this would be:[39m[0m

      at console.log (node_modules/@jest/console/build/index.js:147:10)
      at sendOTPEmail (app/api/draft/[token]/request-otp/route.ts:38:13)
      at POST (app/api/draft/[token]/request-otp/route.ts:170:29)
      at app/api/draft/[token]/verify-otp/__tests__/verify-otp.property.test.ts:288:13
      at AsyncProperty.run (node_modules/fast-check/lib/cjs/check/property/AsyncProperty.generic.js:46:28)
      at asyncRunIt (node_modules/fast-check/lib/cjs/check/runner/Runner.js:28:21)
      at Object.<anonymous> (app/api/draft/[token]/verify-otp/__tests__/verify-otp.property.test.ts:248:7)


  โ—  Cannot log after tests are done. Did you forget to wait for something async in your test?
    Attempted to log "Expires at: 2026-03-03T04:08:35.581Z".

    [0m [90m 37 |[39m     console[33m.[39mlog([32m'OTP email would be sent to:'[39m[33m,[39m 
email)[33m;[39m
     [90m 38 |[39m     console[33m.[39mlog([32m'OTP:'[39m[33m,[39m otp)[33m;[39m
    [31m[1m>[22m[39m[90m 39 |[39m     console[33m.[39mlog([32m'Expires at:'[39m[33m,[39m 
expiresAt[33m.[39mtoISOString())[33m;[39m
     [90m    |[39m             [31m[1m^[22m[39m
     [90m 40 |[39m     
     [90m 41 |[39m     [90m// In production, this would be:[39m
     [90m 42 |[39m     [90m// const subject = 'เธฃเธซเธฑเธช OTP 
เธชเธณเธซเธฃเธฑเธเน€เธเนเธฒเธ–เธถเธเนเธเธเธเธญเธฃเนเธกเธเธญเธเธเธธเธ“';[39m[0m

      at console.log (node_modules/@jest/console/build/index.js:147:10)
      at sendOTPEmail (app/api/draft/[token]/request-otp/route.ts:39:13)
      at POST (app/api/draft/[token]/request-otp/route.ts:170:29)
      at app/api/draft/[token]/verify-otp/__tests__/verify-otp.property.test.ts:288:13
      at AsyncProperty.run (node_modules/fast-check/lib/cjs/check/property/AsyncProperty.generic.js:46:28)
      at asyncRunIt (node_modules/fast-check/lib/cjs/check/runner/Runner.js:28:21)
      at Object.<anonymous> (app/api/draft/[token]/verify-otp/__tests__/verify-otp.property.test.ts:248:7)


  โ—  Cannot log after tests are done. Did you forget to wait for something async in your test?
    Attempted to log "OTP email would be sent to: prop-test-1772510315308-ywpg8i@example.com".

    [0m [90m 35 |[39m     [90m// TODO: Implement actual email sending using nodemailer[39m
     [90m 36 |[39m     [90m// For now, we'll log the OTP for testing[39m
    [31m[1m>[22m[39m[90m 37 |[39m     console[33m.[39mlog([32m'OTP email would be sent 
to:'[39m[33m,[39m email)[33m;[39m
     [90m    |[39m             [31m[1m^[22m[39m
     [90m 38 |[39m     console[33m.[39mlog([32m'OTP:'[39m[33m,[39m otp)[33m;[39m
     [90m 39 |[39m     console[33m.[39mlog([32m'Expires at:'[39m[33m,[39m 
expiresAt[33m.[39mtoISOString())[33m;[39m
     [90m 40 |[39m     [0m

      at console.log (node_modules/@jest/console/build/index.js:147:10)
      at sendOTPEmail (app/api/draft/[token]/request-otp/route.ts:37:13)
      at POST (app/api/draft/[token]/request-otp/route.ts:170:29)
      at app/api/draft/[token]/verify-otp/__tests__/verify-otp.property.test.ts:117:33
      at AsyncProperty.run (node_modules/fast-check/lib/cjs/check/property/AsyncProperty.generic.js:46:28)
      at asyncRunIt (node_modules/fast-check/lib/cjs/check/runner/Runner.js:28:21)
      at Object.<anonymous> (app/api/draft/[token]/verify-otp/__tests__/verify-otp.property.test.ts:82:7)


  โ—  Cannot log after tests are done. Did you forget to wait for something async in your test?
    Attempted to log "OTP: 083935".

    [0m [90m 36 |[39m     [90m// For now, we'll log the OTP for testing[39m
     [90m 37 |[39m     console[33m.[39mlog([32m'OTP email would be sent to:'[39m[33m,[39m 
email)[33m;[39m
    [31m[1m>[22m[39m[90m 38 |[39m     console[33m.[39mlog([32m'OTP:'[39m[33m,[39m otp)[33m;[39m
     [90m    |[39m             [31m[1m^[22m[39m
     [90m 39 |[39m     console[33m.[39mlog([32m'Expires at:'[39m[33m,[39m 
expiresAt[33m.[39mtoISOString())[33m;[39m
     [90m 40 |[39m     
     [90m 41 |[39m     [90m// In production, this would be:[39m[0m

      at console.log (node_modules/@jest/console/build/index.js:147:10)
      at sendOTPEmail (app/api/draft/[token]/request-otp/route.ts:38:13)
      at POST (app/api/draft/[token]/request-otp/route.ts:170:29)
      at app/api/draft/[token]/verify-otp/__tests__/verify-otp.property.test.ts:117:33
      at AsyncProperty.run (node_modules/fast-check/lib/cjs/check/property/AsyncProperty.generic.js:46:28)
      at asyncRunIt (node_modules/fast-check/lib/cjs/check/runner/Runner.js:28:21)
      at Object.<anonymous> (app/api/draft/[token]/verify-otp/__tests__/verify-otp.property.test.ts:82:7)


  โ—  Cannot log after tests are done. Did you forget to wait for something async in your test?
    Attempted to log "Expires at: 2026-03-03T04:08:35.581Z".

    [0m [90m 37 |[39m     console[33m.[39mlog([32m'OTP email would be sent to:'[39m[33m,[39m 
email)[33m;[39m
     [90m 38 |[39m     console[33m.[39mlog([32m'OTP:'[39m[33m,[39m otp)[33m;[39m
    [31m[1m>[22m[39m[90m 39 |[39m     console[33m.[39mlog([32m'Expires at:'[39m[33m,[39m 
expiresAt[33m.[39mtoISOString())[33m;[39m
     [90m    |[39m             [31m[1m^[22m[39m
     [90m 40 |[39m     
     [90m 41 |[39m     [90m// In production, this would be:[39m
     [90m 42 |[39m     [90m// const subject = 'เธฃเธซเธฑเธช OTP 
เธชเธณเธซเธฃเธฑเธเน€เธเนเธฒเธ–เธถเธเนเธเธเธเธญเธฃเนเธกเธเธญเธเธเธธเธ“';[39m[0m

      at console.log (node_modules/@jest/console/build/index.js:147:10)
      at sendOTPEmail (app/api/draft/[token]/request-otp/route.ts:39:13)
      at POST (app/api/draft/[token]/request-otp/route.ts:170:29)
      at app/api/draft/[token]/verify-otp/__tests__/verify-otp.property.test.ts:117:33
      at AsyncProperty.run (node_modules/fast-check/lib/cjs/check/property/AsyncProperty.generic.js:46:28)
      at asyncRunIt (node_modules/fast-check/lib/cjs/check/runner/Runner.js:28:21)
      at Object.<anonymous> (app/api/draft/[token]/verify-otp/__tests__/verify-otp.property.test.ts:82:7)


  โ—  Cannot log after tests are done. Did you forget to wait for something async in your test?
    Attempted to log "OTP email would be sent to: prop-test-1772510315371-xnmlod@example.com".

    [0m [90m 35 |[39m     [90m// TODO: Implement actual email sending using nodemailer[39m
     [90m 36 |[39m     [90m// For now, we'll log the OTP for testing[39m
    [31m[1m>[22m[39m[90m 37 |[39m     console[33m.[39mlog([32m'OTP email would be sent 
to:'[39m[33m,[39m email)[33m;[39m
     [90m    |[39m             [31m[1m^[22m[39m
     [90m 38 |[39m     console[33m.[39mlog([32m'OTP:'[39m[33m,[39m otp)[33m;[39m
     [90m 39 |[39m     console[33m.[39mlog([32m'Expires at:'[39m[33m,[39m 
expiresAt[33m.[39mtoISOString())[33m;[39m
     [90m 40 |[39m     [0m

      at console.log (node_modules/@jest/console/build/index.js:147:10)
      at sendOTPEmail (app/api/draft/[token]/request-otp/route.ts:37:13)
      at POST (app/api/draft/[token]/request-otp/route.ts:170:29)
      at app/api/draft/[token]/verify-otp/__tests__/verify-otp.property.test.ts:573:13
      at AsyncProperty.run (node_modules/fast-check/lib/cjs/check/property/AsyncProperty.generic.js:46:28)
      at asyncRunIt (node_modules/fast-check/lib/cjs/check/runner/Runner.js:28:21)
      at Object.<anonymous> (app/api/draft/[token]/verify-otp/__tests__/verify-otp.property.test.ts:537:7)


  โ—  Cannot log after tests are done. Did you forget to wait for something async in your test?
    Attempted to log "OTP: 108777".

    [0m [90m 36 |[39m     [90m// For now, we'll log the OTP for testing[39m
     [90m 37 |[39m     console[33m.[39mlog([32m'OTP email would be sent to:'[39m[33m,[39m 
email)[33m;[39m
    [31m[1m>[22m[39m[90m 38 |[39m     console[33m.[39mlog([32m'OTP:'[39m[33m,[39m otp)[33m;[39m
     [90m    |[39m             [31m[1m^[22m[39m
     [90m 39 |[39m     console[33m.[39mlog([32m'Expires at:'[39m[33m,[39m 
expiresAt[33m.[39mtoISOString())[33m;[39m
     [90m 40 |[39m     
     [90m 41 |[39m     [90m// In production, this would be:[39m[0m

      at console.log (node_modules/@jest/console/build/index.js:147:10)
      at sendOTPEmail (app/api/draft/[token]/request-otp/route.ts:38:13)
      at POST (app/api/draft/[token]/request-otp/route.ts:170:29)
      at app/api/draft/[token]/verify-otp/__tests__/verify-otp.property.test.ts:573:13
      at AsyncProperty.run (node_modules/fast-check/lib/cjs/check/property/AsyncProperty.generic.js:46:28)
      at asyncRunIt (node_modules/fast-check/lib/cjs/check/runner/Runner.js:28:21)
      at Object.<anonymous> (app/api/draft/[token]/verify-otp/__tests__/verify-otp.property.test.ts:537:7)


  โ—  Cannot log after tests are done. Did you forget to wait for something async in your test?
    Attempted to log "Expires at: 2026-03-03T04:08:35.674Z".

    [0m [90m 37 |[39m     console[33m.[39mlog([32m'OTP email would be sent to:'[39m[33m,[39m 
email)[33m;[39m
     [90m 38 |[39m     console[33m.[39mlog([32m'OTP:'[39m[33m,[39m otp)[33m;[39m
    [31m[1m>[22m[39m[90m 39 |[39m     console[33m.[39mlog([32m'Expires at:'[39m[33m,[39m 
expiresAt[33m.[39mtoISOString())[33m;[39m
     [90m    |[39m             [31m[1m^[22m[39m
     [90m 40 |[39m     
     [90m 41 |[39m     [90m// In production, this would be:[39m
     [90m 42 |[39m     [90m// const subject = 'เธฃเธซเธฑเธช OTP 
เธชเธณเธซเธฃเธฑเธเน€เธเนเธฒเธ–เธถเธเนเธเธเธเธญเธฃเนเธกเธเธญเธเธเธธเธ“';[39m[0m

      at console.log (node_modules/@jest/console/build/index.js:147:10)
      at sendOTPEmail (app/api/draft/[token]/request-otp/route.ts:39:13)
      at POST (app/api/draft/[token]/request-otp/route.ts:170:29)
      at app/api/draft/[token]/verify-otp/__tests__/verify-otp.property.test.ts:573:13
      at AsyncProperty.run (node_modules/fast-check/lib/cjs/check/property/AsyncProperty.generic.js:46:28)
      at asyncRunIt (node_modules/fast-check/lib/cjs/check/runner/Runner.js:28:21)
      at Object.<anonymous> (app/api/draft/[token]/verify-otp/__tests__/verify-otp.property.test.ts:537:7)


  โ—  Cannot log after tests are done. Did you forget to wait for something async in your test?
    Attempted to log "OTP email would be sent to: prop-test-1772510315436-9086x@example.com".

    [0m [90m 35 |[39m     [90m// TODO: Implement actual email sending using nodemailer[39m
     [90m 36 |[39m     [90m// For now, we'll log the OTP for testing[39m
    [31m[1m>[22m[39m[90m 37 |[39m     console[33m.[39mlog([32m'OTP email would be sent 
to:'[39m[33m,[39m email)[33m;[39m
     [90m    |[39m             [31m[1m^[22m[39m
     [90m 38 |[39m     console[33m.[39mlog([32m'OTP:'[39m[33m,[39m otp)[33m;[39m
     [90m 39 |[39m     console[33m.[39mlog([32m'Expires at:'[39m[33m,[39m 
expiresAt[33m.[39mtoISOString())[33m;[39m
     [90m 40 |[39m     [0m

      at console.log (node_modules/@jest/console/build/index.js:147:10)
      at sendOTPEmail (app/api/draft/[token]/request-otp/route.ts:37:13)
      at POST (app/api/draft/[token]/request-otp/route.ts:170:29)
      at app/api/draft/[token]/verify-otp/__tests__/verify-otp.property.test.ts:428:13
      at AsyncProperty.run (node_modules/fast-check/lib/cjs/check/property/AsyncProperty.generic.js:46:28)
      at asyncRunIt (node_modules/fast-check/lib/cjs/check/runner/Runner.js:28:21)
      at Object.<anonymous> (app/api/draft/[token]/verify-otp/__tests__/verify-otp.property.test.ts:393:7)


  โ—  Cannot log after tests are done. Did you forget to wait for something async in your test?
    Attempted to log "OTP: 136240".

    [0m [90m 36 |[39m     [90m// For now, we'll log the OTP for testing[39m
     [90m 37 |[39m     console[33m.[39mlog([32m'OTP email would be sent to:'[39m[33m,[39m 
email)[33m;[39m
    [31m[1m>[22m[39m[90m 38 |[39m     console[33m.[39mlog([32m'OTP:'[39m[33m,[39m otp)[33m;[39m
     [90m    |[39m             [31m[1m^[22m[39m
     [90m 39 |[39m     console[33m.[39mlog([32m'Expires at:'[39m[33m,[39m 
expiresAt[33m.[39mtoISOString())[33m;[39m
     [90m 40 |[39m     
     [90m 41 |[39m     [90m// In production, this would be:[39m[0m

      at console.log (node_modules/@jest/console/build/index.js:147:10)
      at sendOTPEmail (app/api/draft/[token]/request-otp/route.ts:38:13)
      at POST (app/api/draft/[token]/request-otp/route.ts:170:29)
      at app/api/draft/[token]/verify-otp/__tests__/verify-otp.property.test.ts:428:13
      at AsyncProperty.run (node_modules/fast-check/lib/cjs/check/property/AsyncProperty.generic.js:46:28)
      at asyncRunIt (node_modules/fast-check/lib/cjs/check/runner/Runner.js:28:21)
      at Object.<anonymous> (app/api/draft/[token]/verify-otp/__tests__/verify-otp.property.test.ts:393:7)


  โ—  Cannot log after tests are done. Did you forget to wait for something async in your test?
    Attempted to log "Expires at: 2026-03-03T04:08:35.745Z".

    [0m [90m 37 |[39m     console[33m.[39mlog([32m'OTP email would be sent to:'[39m[33m,[39m 
email)[33m;[39m
     [90m 38 |[39m     console[33m.[39mlog([32m'OTP:'[39m[33m,[39m otp)[33m;[39m
    [31m[1m>[22m[39m[90m 39 |[39m     console[33m.[39mlog([32m'Expires at:'[39m[33m,[39m 
expiresAt[33m.[39mtoISOString())[33m;[39m
     [90m    |[39m             [31m[1m^[22m[39m
     [90m 40 |[39m     
     [90m 41 |[39m     [90m// In production, this would be:[39m
     [90m 42 |[39m     [90m// const subject = 'เธฃเธซเธฑเธช OTP 
เธชเธณเธซเธฃเธฑเธเน€เธเนเธฒเธ–เธถเธเนเธเธเธเธญเธฃเนเธกเธเธญเธเธเธธเธ“';[39m[0m

      at console.log (node_modules/@jest/console/build/index.js:147:10)
      at sendOTPEmail (app/api/draft/[token]/request-otp/route.ts:39:13)
      at POST (app/api/draft/[token]/request-otp/route.ts:170:29)
      at app/api/draft/[token]/verify-otp/__tests__/verify-otp.property.test.ts:428:13
      at AsyncProperty.run (node_modules/fast-check/lib/cjs/check/property/AsyncProperty.generic.js:46:28)
      at asyncRunIt (node_modules/fast-check/lib/cjs/check/runner/Runner.js:28:21)
      at Object.<anonymous> (app/api/draft/[token]/verify-otp/__tests__/verify-otp.property.test.ts:393:7)


  โ—  Cannot log after tests are done. Did you forget to wait for something async in your test?
    Attempted to log "OTP email would be sent to: prop-test-1772510315580-p3g3y9@example.com".

    [0m [90m 35 |[39m     [90m// TODO: Implement actual email sending using nodemailer[39m
     [90m 36 |[39m     [90m// For now, we'll log the OTP for testing[39m
    [31m[1m>[22m[39m[90m 37 |[39m     console[33m.[39mlog([32m'OTP email would be sent 
to:'[39m[33m,[39m email)[33m;[39m
     [90m    |[39m             [31m[1m^[22m[39m
     [90m 38 |[39m     console[33m.[39mlog([32m'OTP:'[39m[33m,[39m otp)[33m;[39m
     [90m 39 |[39m     console[33m.[39mlog([32m'Expires at:'[39m[33m,[39m 
expiresAt[33m.[39mtoISOString())[33m;[39m
     [90m 40 |[39m     [0m

      at console.log (node_modules/@jest/console/build/index.js:147:10)
      at sendOTPEmail (app/api/draft/[token]/request-otp/route.ts:37:13)
      at POST (app/api/draft/[token]/request-otp/route.ts:170:29)
      at app/api/draft/[token]/verify-otp/__tests__/verify-otp.property.test.ts:640:13
      at AsyncProperty.run (node_modules/fast-check/lib/cjs/check/property/AsyncProperty.generic.js:46:28)
      at asyncRunIt (node_modules/fast-check/lib/cjs/check/runner/Runner.js:28:21)
      at Object.<anonymous> (app/api/draft/[token]/verify-otp/__tests__/verify-otp.property.test.ts:610:7)


  โ—  Cannot log after tests are done. Did you forget to wait for something async in your test?
    Attempted to log "OTP: 010400".

    [0m [90m 36 |[39m     [90m// For now, we'll log the OTP for testing[39m
     [90m 37 |[39m     console[33m.[39mlog([32m'OTP email would be sent to:'[39m[33m,[39m 
email)[33m;[39m
    [31m[1m>[22m[39m[90m 38 |[39m     console[33m.[39mlog([32m'OTP:'[39m[33m,[39m otp)[33m;[39m
     [90m    |[39m             [31m[1m^[22m[39m
     [90m 39 |[39m     console[33m.[39mlog([32m'Expires at:'[39m[33m,[39m 
expiresAt[33m.[39mtoISOString())[33m;[39m
     [90m 40 |[39m     
     [90m 41 |[39m     [90m// In production, this would be:[39m[0m

      at console.log (node_modules/@jest/console/build/index.js:147:10)
      at sendOTPEmail (app/api/draft/[token]/request-otp/route.ts:38:13)
      at POST (app/api/draft/[token]/request-otp/route.ts:170:29)
      at app/api/draft/[token]/verify-otp/__tests__/verify-otp.property.test.ts:640:13
      at AsyncProperty.run (node_modules/fast-check/lib/cjs/check/property/AsyncProperty.generic.js:46:28)
      at asyncRunIt (node_modules/fast-check/lib/cjs/check/runner/Runner.js:28:21)
      at Object.<anonymous> (app/api/draft/[token]/verify-otp/__tests__/verify-otp.property.test.ts:610:7)


  โ—  Cannot log after tests are done. Did you forget to wait for something async in your test?
    Attempted to log "Expires at: 2026-03-03T04:08:35.809Z".

    [0m [90m 37 |[39m     console[33m.[39mlog([32m'OTP email would be sent to:'[39m[33m,[39m 
email)[33m;[39m
     [90m 38 |[39m     console[33m.[39mlog([32m'OTP:'[39m[33m,[39m otp)[33m;[39m
    [31m[1m>[22m[39m[90m 39 |[39m     console[33m.[39mlog([32m'Expires at:'[39m[33m,[39m 
expiresAt[33m.[39mtoISOString())[33m;[39m
     [90m    |[39m             [31m[1m^[22m[39m
     [90m 40 |[39m     
     [90m 41 |[39m     [90m// In production, this would be:[39m
     [90m 42 |[39m     [90m// const subject = 'เธฃเธซเธฑเธช OTP 
เธชเธณเธซเธฃเธฑเธเน€เธเนเธฒเธ–เธถเธเนเธเธเธเธญเธฃเนเธกเธเธญเธเธเธธเธ“';[39m[0m

      at console.log (node_modules/@jest/console/build/index.js:147:10)
      at sendOTPEmail (app/api/draft/[token]/request-otp/route.ts:39:13)
      at POST (app/api/draft/[token]/request-otp/route.ts:170:29)
      at app/api/draft/[token]/verify-otp/__tests__/verify-otp.property.test.ts:640:13
      at AsyncProperty.run (node_modules/fast-check/lib/cjs/check/property/AsyncProperty.generic.js:46:28)
      at asyncRunIt (node_modules/fast-check/lib/cjs/check/runner/Runner.js:28:21)
      at Object.<anonymous> (app/api/draft/[token]/verify-otp/__tests__/verify-otp.property.test.ts:610:7)


  โ—  Cannot log after tests are done. Did you forget to wait for something async in your test?
    Attempted to log "OTP email would be sent to: prop-test-1772510315667-8gurto@example.com".

    [0m [90m 35 |[39m     [90m// TODO: Implement actual email sending using nodemailer[39m
     [90m 36 |[39m     [90m// For now, we'll log the OTP for testing[39m
    [31m[1m>[22m[39m[90m 37 |[39m     console[33m.[39mlog([32m'OTP email would be sent 
to:'[39m[33m,[39m email)[33m;[39m
     [90m    |[39m             [31m[1m^[22m[39m
     [90m 38 |[39m     console[33m.[39mlog([32m'OTP:'[39m[33m,[39m otp)[33m;[39m
     [90m 39 |[39m     console[33m.[39mlog([32m'Expires at:'[39m[33m,[39m 
expiresAt[33m.[39mtoISOString())[33m;[39m
     [90m 40 |[39m     [0m

      at console.log (node_modules/@jest/console/build/index.js:147:10)
      at sendOTPEmail (app/api/draft/[token]/request-otp/route.ts:37:13)
      at POST (app/api/draft/[token]/request-otp/route.ts:170:29)
      at app/api/draft/[token]/verify-otp/__tests__/verify-otp.property.test.ts:288:13
      at AsyncProperty.run (node_modules/fast-check/lib/cjs/check/property/AsyncProperty.generic.js:46:28)
      at asyncRunIt (node_modules/fast-check/lib/cjs/check/runner/Runner.js:28:21)
      at Object.<anonymous> (app/api/draft/[token]/verify-otp/__tests__/verify-otp.property.test.ts:248:7)


  โ—  Cannot log after tests are done. Did you forget to wait for something async in your test?
    Attempted to log "OTP: 157462".

    [0m [90m 36 |[39m     [90m// For now, we'll log the OTP for testing[39m
     [90m 37 |[39m     console[33m.[39mlog([32m'OTP email would be sent to:'[39m[33m,[39m 
email)[33m;[39m
    [31m[1m>[22m[39m[90m 38 |[39m     console[33m.[39mlog([32m'OTP:'[39m[33m,[39m otp)[33m;[39m
     [90m    |[39m             [31m[1m^[22m[39m
     [90m 39 |[39m     console[33m.[39mlog([32m'Expires at:'[39m[33m,[39m 
expiresAt[33m.[39mtoISOString())[33m;[39m
     [90m 40 |[39m     
     [90m 41 |[39m     [90m// In production, this would be:[39m[0m

      at console.log (node_modules/@jest/console/build/index.js:147:10)
      at sendOTPEmail (app/api/draft/[token]/request-otp/route.ts:38:13)
      at POST (app/api/draft/[token]/request-otp/route.ts:170:29)
      at app/api/draft/[token]/verify-otp/__tests__/verify-otp.property.test.ts:288:13
      at AsyncProperty.run (node_modules/fast-check/lib/cjs/check/property/AsyncProperty.generic.js:46:28)
      at asyncRunIt (node_modules/fast-check/lib/cjs/check/runner/Runner.js:28:21)
      at Object.<anonymous> (app/api/draft/[token]/verify-otp/__tests__/verify-otp.property.test.ts:248:7)


  โ—  Cannot log after tests are done. Did you forget to wait for something async in your test?
    Attempted to log "Expires at: 2026-03-03T04:08:35.874Z".

    [0m [90m 37 |[39m     console[33m.[39mlog([32m'OTP email would be sent to:'[39m[33m,[39m 
email)[33m;[39m
     [90m 38 |[39m     console[33m.[39mlog([32m'OTP:'[39m[33m,[39m otp)[33m;[39m
    [31m[1m>[22m[39m[90m 39 |[39m     console[33m.[39mlog([32m'Expires at:'[39m[33m,[39m 
expiresAt[33m.[39mtoISOString())[33m;[39m
     [90m    |[39m             [31m[1m^[22m[39m
     [90m 40 |[39m     
     [90m 41 |[39m     [90m// In production, this would be:[39m
     [90m 42 |[39m     [90m// const subject = 'เธฃเธซเธฑเธช OTP 
เธชเธณเธซเธฃเธฑเธเน€เธเนเธฒเธ–เธถเธเนเธเธเธเธญเธฃเนเธกเธเธญเธเธเธธเธ“';[39m[0m

      at console.log (node_modules/@jest/console/build/index.js:147:10)
      at sendOTPEmail (app/api/draft/[token]/request-otp/route.ts:39:13)
      at POST (app/api/draft/[token]/request-otp/route.ts:170:29)
      at app/api/draft/[token]/verify-otp/__tests__/verify-otp.property.test.ts:288:13
      at AsyncProperty.run (node_modules/fast-check/lib/cjs/check/property/AsyncProperty.generic.js:46:28)
      at asyncRunIt (node_modules/fast-check/lib/cjs/check/runner/Runner.js:28:21)
      at Object.<anonymous> (app/api/draft/[token]/verify-otp/__tests__/verify-otp.property.test.ts:248:7)


  โ—  Cannot log after tests are done. Did you forget to wait for something async in your test?
    Attempted to log "OTP email would be sent to: prop-test-1772510315741-2z6nnw@example.com".

    [0m [90m 35 |[39m     [90m// TODO: Implement actual email sending using nodemailer[39m
     [90m 36 |[39m     [90m// For now, we'll log the OTP for testing[39m
    [31m[1m>[22m[39m[90m 37 |[39m     console[33m.[39mlog([32m'OTP email would be sent 
to:'[39m[33m,[39m email)[33m;[39m
     [90m    |[39m             [31m[1m^[22m[39m
     [90m 38 |[39m     console[33m.[39mlog([32m'OTP:'[39m[33m,[39m otp)[33m;[39m
     [90m 39 |[39m     console[33m.[39mlog([32m'Expires at:'[39m[33m,[39m 
expiresAt[33m.[39mtoISOString())[33m;[39m
     [90m 40 |[39m     [0m

      at console.log (node_modules/@jest/console/build/index.js:147:10)
      at sendOTPEmail (app/api/draft/[token]/request-otp/route.ts:37:13)
      at POST (app/api/draft/[token]/request-otp/route.ts:170:29)
      at app/api/draft/[token]/verify-otp/__tests__/verify-otp.property.test.ts:117:33
      at AsyncProperty.run (node_modules/fast-check/lib/cjs/check/property/AsyncProperty.generic.js:46:28)
      at asyncRunIt (node_modules/fast-check/lib/cjs/check/runner/Runner.js:28:21)
      at Object.<anonymous> (app/api/draft/[token]/verify-otp/__tests__/verify-otp.property.test.ts:82:7)


  โ—  Cannot log after tests are done. Did you forget to wait for something async in your test?
    Attempted to log "OTP: 607718".

    [0m [90m 36 |[39m     [90m// For now, we'll log the OTP for testing[39m
     [90m 37 |[39m     console[33m.[39mlog([32m'OTP email would be sent to:'[39m[33m,[39m 
email)[33m;[39m
    [31m[1m>[22m[39m[90m 38 |[39m     console[33m.[39mlog([32m'OTP:'[39m[33m,[39m otp)[33m;[39m
     [90m    |[39m             [31m[1m^[22m[39m
     [90m 39 |[39m     console[33m.[39mlog([32m'Expires at:'[39m[33m,[39m 
expiresAt[33m.[39mtoISOString())[33m;[39m
     [90m 40 |[39m     
     [90m 41 |[39m     [90m// In production, this would be:[39m[0m

      at console.log (node_modules/@jest/console/build/index.js:147:10)
      at sendOTPEmail (app/api/draft/[token]/request-otp/route.ts:38:13)
      at POST (app/api/draft/[token]/request-otp/route.ts:170:29)
      at app/api/draft/[token]/verify-otp/__tests__/verify-otp.property.test.ts:117:33
      at AsyncProperty.run (node_modules/fast-check/lib/cjs/check/property/AsyncProperty.generic.js:46:28)
      at asyncRunIt (node_modules/fast-check/lib/cjs/check/runner/Runner.js:28:21)
      at Object.<anonymous> (app/api/draft/[token]/verify-otp/__tests__/verify-otp.property.test.ts:82:7)


  โ—  Cannot log after tests are done. Did you forget to wait for something async in your test?
    Attempted to log "Expires at: 2026-03-03T04:08:35.991Z".

    [0m [90m 37 |[39m     console[33m.[39mlog([32m'OTP email would be sent to:'[39m[33m,[39m 
email)[33m;[39m
     [90m 38 |[39m     console[33m.[39mlog([32m'OTP:'[39m[33m,[39m otp)[33m;[39m
    [31m[1m>[22m[39m[90m 39 |[39m     console[33m.[39mlog([32m'Expires at:'[39m[33m,[39m 
expiresAt[33m.[39mtoISOString())[33m;[39m
     [90m    |[39m             [31m[1m^[22m[39m
     [90m 40 |[39m     
     [90m 41 |[39m     [90m// In production, this would be:[39m
     [90m 42 |[39m     [90m// const subject = 'เธฃเธซเธฑเธช OTP 
เธชเธณเธซเธฃเธฑเธเน€เธเนเธฒเธ–เธถเธเนเธเธเธเธญเธฃเนเธกเธเธญเธเธเธธเธ“';[39m[0m

      at console.log (node_modules/@jest/console/build/index.js:147:10)
      at sendOTPEmail (app/api/draft/[token]/request-otp/route.ts:39:13)
      at POST (app/api/draft/[token]/request-otp/route.ts:170:29)
      at app/api/draft/[token]/verify-otp/__tests__/verify-otp.property.test.ts:117:33
      at AsyncProperty.run (node_modules/fast-check/lib/cjs/check/property/AsyncProperty.generic.js:46:28)
      at asyncRunIt (node_modules/fast-check/lib/cjs/check/runner/Runner.js:28:21)
      at Object.<anonymous> (app/api/draft/[token]/verify-otp/__tests__/verify-otp.property.test.ts:82:7)


  โ—  Cannot log after tests are done. Did you forget to wait for something async in your test?
    Attempted to log "OTP email would be sent to: prop-test-1772510315744-o6f2qu@example.com".

    [0m [90m 35 |[39m     [90m// TODO: Implement actual email sending using nodemailer[39m
     [90m 36 |[39m     [90m// For now, we'll log the OTP for testing[39m
    [31m[1m>[22m[39m[90m 37 |[39m     console[33m.[39mlog([32m'OTP email would be sent 
to:'[39m[33m,[39m email)[33m;[39m
     [90m    |[39m             [31m[1m^[22m[39m
     [90m 38 |[39m     console[33m.[39mlog([32m'OTP:'[39m[33m,[39m otp)[33m;[39m
     [90m 39 |[39m     console[33m.[39mlog([32m'Expires at:'[39m[33m,[39m 
expiresAt[33m.[39mtoISOString())[33m;[39m
     [90m 40 |[39m     [0m

      at console.log (node_modules/@jest/console/build/index.js:147:10)
      at sendOTPEmail (app/api/draft/[token]/request-otp/route.ts:37:13)
      at POST (app/api/draft/[token]/request-otp/route.ts:170:29)
      at app/api/draft/[token]/verify-otp/__tests__/verify-otp.property.test.ts:573:13
      at AsyncProperty.run (node_modules/fast-check/lib/cjs/check/property/AsyncProperty.generic.js:46:28)
      at asyncRunIt (node_modules/fast-check/lib/cjs/check/runner/Runner.js:28:21)
      at Object.<anonymous> (app/api/draft/[token]/verify-otp/__tests__/verify-otp.property.test.ts:537:7)


  โ—  Cannot log after tests are done. Did you forget to wait for something async in your test?
    Attempted to log "OTP: 138864".

    [0m [90m 36 |[39m     [90m// For now, we'll log the OTP for testing[39m
     [90m 37 |[39m     console[33m.[39mlog([32m'OTP email would be sent to:'[39m[33m,[39m 
email)[33m;[39m
    [31m[1m>[22m[39m[90m 38 |[39m     console[33m.[39mlog([32m'OTP:'[39m[33m,[39m otp)[33m;[39m
     [90m    |[39m             [31m[1m^[22m[39m
     [90m 39 |[39m     console[33m.[39mlog([32m'Expires at:'[39m[33m,[39m 
expiresAt[33m.[39mtoISOString())[33m;[39m
     [90m 40 |[39m     
     [90m 41 |[39m     [90m// In production, this would be:[39m[0m

      at console.log (node_modules/@jest/console/build/index.js:147:10)
      at sendOTPEmail (app/api/draft/[token]/request-otp/route.ts:38:13)
      at POST (app/api/draft/[token]/request-otp/route.ts:170:29)
      at app/api/draft/[token]/verify-otp/__tests__/verify-otp.property.test.ts:573:13
      at AsyncProperty.run (node_modules/fast-check/lib/cjs/check/property/AsyncProperty.generic.js:46:28)
      at asyncRunIt (node_modules/fast-check/lib/cjs/check/runner/Runner.js:28:21)
      at Object.<anonymous> (app/api/draft/[token]/verify-otp/__tests__/verify-otp.property.test.ts:537:7)


  โ—  Cannot log after tests are done. Did you forget to wait for something async in your test?
    Attempted to log "Expires at: 2026-03-03T04:08:35.991Z".

    [0m [90m 37 |[39m     console[33m.[39mlog([32m'OTP email would be sent to:'[39m[33m,[39m 
email)[33m;[39m
     [90m 38 |[39m     console[33m.[39mlog([32m'OTP:'[39m[33m,[39m otp)[33m;[39m
    [31m[1m>[22m[39m[90m 39 |[39m     console[33m.[39mlog([32m'Expires at:'[39m[33m,[39m 
expiresAt[33m.[39mtoISOString())[33m;[39m
     [90m    |[39m             [31m[1m^[22m[39m
     [90m 40 |[39m     
     [90m 41 |[39m     [90m// In production, this would be:[39m
     [90m 42 |[39m     [90m// const subject = 'เธฃเธซเธฑเธช OTP 
เธชเธณเธซเธฃเธฑเธเน€เธเนเธฒเธ–เธถเธเนเธเธเธเธญเธฃเนเธกเธเธญเธเธเธธเธ“';[39m[0m

      at console.log (node_modules/@jest/console/build/index.js:147:10)
      at sendOTPEmail (app/api/draft/[token]/request-otp/route.ts:39:13)
      at POST (app/api/draft/[token]/request-otp/route.ts:170:29)
      at app/api/draft/[token]/verify-otp/__tests__/verify-otp.property.test.ts:573:13
      at AsyncProperty.run (node_modules/fast-check/lib/cjs/check/property/AsyncProperty.generic.js:46:28)
      at asyncRunIt (node_modules/fast-check/lib/cjs/check/runner/Runner.js:28:21)
      at Object.<anonymous> (app/api/draft/[token]/verify-otp/__tests__/verify-otp.property.test.ts:537:7)


  โ—  Cannot log after tests are done. Did you forget to wait for something async in your test?
    Attempted to log "OTP email would be sent to: prop-test-1772510315808-pryuu@example.com".

    [0m [90m 35 |[39m     [90m// TODO: Implement actual email sending using nodemailer[39m
     [90m 36 |[39m     [90m// For now, we'll log the OTP for testing[39m
    [31m[1m>[22m[39m[90m 37 |[39m     console[33m.[39mlog([32m'OTP email would be sent 
to:'[39m[33m,[39m email)[33m;[39m
     [90m    |[39m             [31m[1m^[22m[39m
     [90m 38 |[39m     console[33m.[39mlog([32m'OTP:'[39m[33m,[39m otp)[33m;[39m
     [90m 39 |[39m     console[33m.[39mlog([32m'Expires at:'[39m[33m,[39m 
expiresAt[33m.[39mtoISOString())[33m;[39m
     [90m 40 |[39m     [0m

      at console.log (node_modules/@jest/console/build/index.js:147:10)
      at sendOTPEmail (app/api/draft/[token]/request-otp/route.ts:37:13)
      at POST (app/api/draft/[token]/request-otp/route.ts:170:29)
      at app/api/draft/[token]/verify-otp/__tests__/verify-otp.property.test.ts:428:13
      at AsyncProperty.run (node_modules/fast-check/lib/cjs/check/property/AsyncProperty.generic.js:46:28)
      at asyncRunIt (node_modules/fast-check/lib/cjs/check/runner/Runner.js:28:21)
      at Object.<anonymous> (app/api/draft/[token]/verify-otp/__tests__/verify-otp.property.test.ts:393:7)


  โ—  Cannot log after tests are done. Did you forget to wait for something async in your test?
    Attempted to log "OTP: 644454".

    [0m [90m 36 |[39m     [90m// For now, we'll log the OTP for testing[39m
     [90m 37 |[39m     console[33m.[39mlog([32m'OTP email would be sent to:'[39m[33m,[39m 
email)[33m;[39m
    [31m[1m>[22m[39m[90m 38 |[39m     console[33m.[39mlog([32m'OTP:'[39m[33m,[39m otp)[33m;[39m
     [90m    |[39m             [31m[1m^[22m[39m
     [90m 39 |[39m     console[33m.[39mlog([32m'Expires at:'[39m[33m,[39m 
expiresAt[33m.[39mtoISOString())[33m;[39m
     [90m 40 |[39m     
     [90m 41 |[39m     [90m// In production, this would be:[39m[0m

      at console.log (node_modules/@jest/console/build/index.js:147:10)
      at sendOTPEmail (app/api/draft/[token]/request-otp/route.ts:38:13)
      at POST (app/api/draft/[token]/request-otp/route.ts:170:29)
      at app/api/draft/[token]/verify-otp/__tests__/verify-otp.property.test.ts:428:13
      at AsyncProperty.run (node_modules/fast-check/lib/cjs/check/property/AsyncProperty.generic.js:46:28)
      at asyncRunIt (node_modules/fast-check/lib/cjs/check/runner/Runner.js:28:21)
      at Object.<anonymous> (app/api/draft/[token]/verify-otp/__tests__/verify-otp.property.test.ts:393:7)


  โ—  Cannot log after tests are done. Did you forget to wait for something async in your test?
    Attempted to log "Expires at: 2026-03-03T04:08:36.065Z".

    [0m [90m 37 |[39m     console[33m.[39mlog([32m'OTP email would be sent to:'[39m[33m,[39m 
email)[33m;[39m
     [90m 38 |[39m     console[33m.[39mlog([32m'OTP:'[39m[33m,[39m otp)[33m;[39m
    [31m[1m>[22m[39m[90m 39 |[39m     console[33m.[39mlog([32m'Expires at:'[39m[33m,[39m 
expiresAt[33m.[39mtoISOString())[33m;[39m
     [90m    |[39m             [31m[1m^[22m[39m
     [90m 40 |[39m     
     [90m 41 |[39m     [90m// In production, this would be:[39m
     [90m 42 |[39m     [90m// const subject = 'เธฃเธซเธฑเธช OTP 
เธชเธณเธซเธฃเธฑเธเน€เธเนเธฒเธ–เธถเธเนเธเธเธเธญเธฃเนเธกเธเธญเธเธเธธเธ“';[39m[0m

      at console.log (node_modules/@jest/console/build/index.js:147:10)
      at sendOTPEmail (app/api/draft/[token]/request-otp/route.ts:39:13)
      at POST (app/api/draft/[token]/request-otp/route.ts:170:29)
      at app/api/draft/[token]/verify-otp/__tests__/verify-otp.property.test.ts:428:13
      at AsyncProperty.run (node_modules/fast-check/lib/cjs/check/property/AsyncProperty.generic.js:46:28)
      at asyncRunIt (node_modules/fast-check/lib/cjs/check/runner/Runner.js:28:21)
      at Object.<anonymous> (app/api/draft/[token]/verify-otp/__tests__/verify-otp.property.test.ts:393:7)


  โ—  Cannot log after tests are done. Did you forget to wait for something async in your test?
    Attempted to log "OTP email would be sent to: prop-test-1772510315955-oqi668@example.com".

    [0m [90m 35 |[39m     [90m// TODO: Implement actual email sending using nodemailer[39m
     [90m 36 |[39m     [90m// For now, we'll log the OTP for testing[39m
    [31m[1m>[22m[39m[90m 37 |[39m     console[33m.[39mlog([32m'OTP email would be sent 
to:'[39m[33m,[39m email)[33m;[39m
     [90m    |[39m             [31m[1m^[22m[39m
     [90m 38 |[39m     console[33m.[39mlog([32m'OTP:'[39m[33m,[39m otp)[33m;[39m
     [90m 39 |[39m     console[33m.[39mlog([32m'Expires at:'[39m[33m,[39m 
expiresAt[33m.[39mtoISOString())[33m;[39m
     [90m 40 |[39m     [0m

      at console.log (node_modules/@jest/console/build/index.js:147:10)
      at sendOTPEmail (app/api/draft/[token]/request-otp/route.ts:37:13)
      at POST (app/api/draft/[token]/request-otp/route.ts:170:29)
      at app/api/draft/[token]/request-otp/__tests__/request-otp.property.test.ts:837:30
      at AsyncProperty.run (node_modules/fast-check/lib/cjs/check/property/AsyncProperty.generic.js:46:28)
      at asyncRunIt (node_modules/fast-check/lib/cjs/check/runner/Runner.js:28:21)
      at Object.<anonymous> (app/api/draft/[token]/request-otp/__tests__/request-otp.property.test.ts:801:7)


  โ—  Cannot log after tests are done. Did you forget to wait for something async in your test?
    Attempted to log "OTP: 183587".

    [0m [90m 36 |[39m     [90m// For now, we'll log the OTP for testing[39m
     [90m 37 |[39m     console[33m.[39mlog([32m'OTP email would be sent to:'[39m[33m,[39m 
email)[33m;[39m
    [31m[1m>[22m[39m[90m 38 |[39m     console[33m.[39mlog([32m'OTP:'[39m[33m,[39m otp)[33m;[39m
     [90m    |[39m             [31m[1m^[22m[39m
     [90m 39 |[39m     console[33m.[39mlog([32m'Expires at:'[39m[33m,[39m 
expiresAt[33m.[39mtoISOString())[33m;[39m
     [90m 40 |[39m     
     [90m 41 |[39m     [90m// In production, this would be:[39m[0m

      at console.log (node_modules/@jest/console/build/index.js:147:10)
      at sendOTPEmail (app/api/draft/[token]/request-otp/route.ts:38:13)
      at POST (app/api/draft/[token]/request-otp/route.ts:170:29)
      at app/api/draft/[token]/request-otp/__tests__/request-otp.property.test.ts:837:30
      at AsyncProperty.run (node_modules/fast-check/lib/cjs/check/property/AsyncProperty.generic.js:46:28)
      at asyncRunIt (node_modules/fast-check/lib/cjs/check/runner/Runner.js:28:21)
      at Object.<anonymous> (app/api/draft/[token]/request-otp/__tests__/request-otp.property.test.ts:801:7)


  โ—  Cannot log after tests are done. Did you forget to wait for something async in your test?
    Attempted to log "Expires at: 2026-03-03T04:08:36.013Z".

    [0m [90m 37 |[39m     console[33m.[39mlog([32m'OTP email would be sent to:'[39m[33m,[39m 
email)[33m;[39m
     [90m 38 |[39m     console[33m.[39mlog([32m'OTP:'[39m[33m,[39m otp)[33m;[39m
    [31m[1m>[22m[39m[90m 39 |[39m     console[33m.[39mlog([32m'Expires at:'[39m[33m,[39m 
expiresAt[33m.[39mtoISOString())[33m;[39m
     [90m    |[39m             [31m[1m^[22m[39m
     [90m 40 |[39m     
     [90m 41 |[39m     [90m// In production, this would be:[39m
     [90m 42 |[39m     [90m// const subject = 'เธฃเธซเธฑเธช OTP 
เธชเธณเธซเธฃเธฑเธเน€เธเนเธฒเธ–เธถเธเนเธเธเธเธญเธฃเนเธกเธเธญเธเธเธธเธ“';[39m[0m

      at console.log (node_modules/@jest/console/build/index.js:147:10)
      at sendOTPEmail (app/api/draft/[token]/request-otp/route.ts:39:13)
      at POST (app/api/draft/[token]/request-otp/route.ts:170:29)
      at app/api/draft/[token]/request-otp/__tests__/request-otp.property.test.ts:837:30
      at AsyncProperty.run (node_modules/fast-check/lib/cjs/check/property/AsyncProperty.generic.js:46:28)
      at asyncRunIt (node_modules/fast-check/lib/cjs/check/runner/Runner.js:28:21)
      at Object.<anonymous> (app/api/draft/[token]/request-otp/__tests__/request-otp.property.test.ts:801:7)


  โ—  Cannot log after tests are done. Did you forget to wait for something async in your test?
    Attempted to log "OTP email would be sent to: prop-test-1772510316020-9lepqa@example.com".

    [0m [90m 35 |[39m     [90m// TODO: Implement actual email sending using nodemailer[39m
     [90m 36 |[39m     [90m// For now, we'll log the OTP for testing[39m
    [31m[1m>[22m[39m[90m 37 |[39m     console[33m.[39mlog([32m'OTP email would be sent 
to:'[39m[33m,[39m email)[33m;[39m
     [90m    |[39m             [31m[1m^[22m[39m
     [90m 38 |[39m     console[33m.[39mlog([32m'OTP:'[39m[33m,[39m otp)[33m;[39m
     [90m 39 |[39m     console[33m.[39mlog([32m'Expires at:'[39m[33m,[39m 
expiresAt[33m.[39mtoISOString())[33m;[39m
     [90m 40 |[39m     [0m

      at console.log (node_modules/@jest/console/build/index.js:147:10)
      at sendOTPEmail (app/api/draft/[token]/request-otp/route.ts:37:13)
      at POST (app/api/draft/[token]/request-otp/route.ts:170:29)
      at app/api/draft/[token]/request-otp/__tests__/request-otp.property.test.ts:837:30
      at AsyncProperty.run (node_modules/fast-check/lib/cjs/check/property/AsyncProperty.generic.js:46:28)
      at asyncRunIt (node_modules/fast-check/lib/cjs/check/runner/Runner.js:28:21)
      at Object.<anonymous> (app/api/draft/[token]/request-otp/__tests__/request-otp.property.test.ts:801:7)


  โ—  Cannot log after tests are done. Did you forget to wait for something async in your test?
    Attempted to log "OTP: 214178".

    [0m [90m 36 |[39m     [90m// For now, we'll log the OTP for testing[39m
     [90m 37 |[39m     console[33m.[39mlog([32m'OTP email would be sent to:'[39m[33m,[39m 
email)[33m;[39m
    [31m[1m>[22m[39m[90m 38 |[39m     console[33m.[39mlog([32m'OTP:'[39m[33m,[39m otp)[33m;[39m
     [90m    |[39m             [31m[1m^[22m[39m
     [90m 39 |[39m     console[33m.[39mlog([32m'Expires at:'[39m[33m,[39m 
expiresAt[33m.[39mtoISOString())[33m;[39m
     [90m 40 |[39m     
     [90m 41 |[39m     [90m// In production, this would be:[39m[0m

      at console.log (node_modules/@jest/console/build/index.js:147:10)
      at sendOTPEmail (app/api/draft/[token]/request-otp/route.ts:38:13)
      at POST (app/api/draft/[token]/request-otp/route.ts:170:29)
      at app/api/draft/[token]/request-otp/__tests__/request-otp.property.test.ts:837:30
      at AsyncProperty.run (node_modules/fast-check/lib/cjs/check/property/AsyncProperty.generic.js:46:28)
      at asyncRunIt (node_modules/fast-check/lib/cjs/check/runner/Runner.js:28:21)
      at Object.<anonymous> (app/api/draft/[token]/request-otp/__tests__/request-otp.property.test.ts:801:7)


  โ—  Cannot log after tests are done. Did you forget to wait for something async in your test?
    Attempted to log "Expires at: 2026-03-03T04:08:36.079Z".

    [0m [90m 37 |[39m     console[33m.[39mlog([32m'OTP email would be sent to:'[39m[33m,[39m 
email)[33m;[39m
     [90m 38 |[39m     console[33m.[39mlog([32m'OTP:'[39m[33m,[39m otp)[33m;[39m
    [31m[1m>[22m[39m[90m 39 |[39m     console[33m.[39mlog([32m'Expires at:'[39m[33m,[39m 
expiresAt[33m.[39mtoISOString())[33m;[39m
     [90m    |[39m             [31m[1m^[22m[39m
     [90m 40 |[39m     
     [90m 41 |[39m     [90m// In production, this would be:[39m
     [90m 42 |[39m     [90m// const subject = 'เธฃเธซเธฑเธช OTP 
เธชเธณเธซเธฃเธฑเธเน€เธเนเธฒเธ–เธถเธเนเธเธเธเธญเธฃเนเธกเธเธญเธเธเธธเธ“';[39m[0m

      at console.log (node_modules/@jest/console/build/index.js:147:10)
      at sendOTPEmail (app/api/draft/[token]/request-otp/route.ts:39:13)
      at POST (app/api/draft/[token]/request-otp/route.ts:170:29)
      at app/api/draft/[token]/request-otp/__tests__/request-otp.property.test.ts:837:30
      at AsyncProperty.run (node_modules/fast-check/lib/cjs/check/property/AsyncProperty.generic.js:46:28)
      at asyncRunIt (node_modules/fast-check/lib/cjs/check/runner/Runner.js:28:21)
      at Object.<anonymous> (app/api/draft/[token]/request-otp/__tests__/request-otp.property.test.ts:801:7)


  โ—  Cannot log after tests are done. Did you forget to wait for something async in your test?
    Attempted to log "OTP email would be sent to: prop-test-1772510316088-cd3r7@example.com".

    [0m [90m 35 |[39m     [90m// TODO: Implement actual email sending using nodemailer[39m
     [90m 36 |[39m     [90m// For now, we'll log the OTP for testing[39m
    [31m[1m>[22m[39m[90m 37 |[39m     console[33m.[39mlog([32m'OTP email would be sent 
to:'[39m[33m,[39m email)[33m;[39m
     [90m    |[39m             [31m[1m^[22m[39m
     [90m 38 |[39m     console[33m.[39mlog([32m'OTP:'[39m[33m,[39m otp)[33m;[39m
     [90m 39 |[39m     console[33m.[39mlog([32m'Expires at:'[39m[33m,[39m 
expiresAt[33m.[39mtoISOString())[33m;[39m
     [90m 40 |[39m     [0m

      at console.log (node_modules/@jest/console/build/index.js:147:10)
      at sendOTPEmail (app/api/draft/[token]/request-otp/route.ts:37:13)
      at POST (app/api/draft/[token]/request-otp/route.ts:170:29)
      at app/api/draft/[token]/request-otp/__tests__/request-otp.property.test.ts:837:30
      at AsyncProperty.run (node_modules/fast-check/lib/cjs/check/property/AsyncProperty.generic.js:46:28)
      at asyncRunIt (node_modules/fast-check/lib/cjs/check/runner/Runner.js:28:21)
      at Object.<anonymous> (app/api/draft/[token]/request-otp/__tests__/request-otp.property.test.ts:801:7)


  โ—  Cannot log after tests are done. Did you forget to wait for something async in your test?
    Attempted to log "OTP: 399011".

    [0m [90m 36 |[39m     [90m// For now, we'll log the OTP for testing[39m
     [90m 37 |[39m     console[33m.[39mlog([32m'OTP email would be sent to:'[39m[33m,[39m 
email)[33m;[39m
    [31m[1m>[22m[39m[90m 38 |[39m     console[33m.[39mlog([32m'OTP:'[39m[33m,[39m otp)[33m;[39m
     [90m    |[39m             [31m[1m^[22m[39m
     [90m 39 |[39m     console[33m.[39mlog([32m'Expires at:'[39m[33m,[39m 
expiresAt[33m.[39mtoISOString())[33m;[39m
     [90m 40 |[39m     
     [90m 41 |[39m     [90m// In production, this would be:[39m[0m

      at console.log (node_modules/@jest/console/build/index.js:147:10)
      at sendOTPEmail (app/api/draft/[token]/request-otp/route.ts:38:13)
      at POST (app/api/draft/[token]/request-otp/route.ts:170:29)
      at app/api/draft/[token]/request-otp/__tests__/request-otp.property.test.ts:837:30
      at AsyncProperty.run (node_modules/fast-check/lib/cjs/check/property/AsyncProperty.generic.js:46:28)
      at asyncRunIt (node_modules/fast-check/lib/cjs/check/runner/Runner.js:28:21)
      at Object.<anonymous> (app/api/draft/[token]/request-otp/__tests__/request-otp.property.test.ts:801:7)


  โ—  Cannot log after tests are done. Did you forget to wait for something async in your test?
    Attempted to log "Expires at: 2026-03-03T04:08:36.145Z".

    [0m [90m 37 |[39m     console[33m.[39mlog([32m'OTP email would be sent to:'[39m[33m,[39m 
email)[33m;[39m
     [90m 38 |[39m     console[33m.[39mlog([32m'OTP:'[39m[33m,[39m otp)[33m;[39m
    [31m[1m>[22m[39m[90m 39 |[39m     console[33m.[39mlog([32m'Expires at:'[39m[33m,[39m 
expiresAt[33m.[39mtoISOString())[33m;[39m
     [90m    |[39m             [31m[1m^[22m[39m
     [90m 40 |[39m     
     [90m 41 |[39m     [90m// In production, this would be:[39m
     [90m 42 |[39m     [90m// const subject = 'เธฃเธซเธฑเธช OTP 
เธชเธณเธซเธฃเธฑเธเน€เธเนเธฒเธ–เธถเธเนเธเธเธเธญเธฃเนเธกเธเธญเธเธเธธเธ“';[39m[0m

      at console.log (node_modules/@jest/console/build/index.js:147:10)
      at sendOTPEmail (app/api/draft/[token]/request-otp/route.ts:39:13)
      at POST (app/api/draft/[token]/request-otp/route.ts:170:29)
      at app/api/draft/[token]/request-otp/__tests__/request-otp.property.test.ts:837:30
      at AsyncProperty.run (node_modules/fast-check/lib/cjs/check/property/AsyncProperty.generic.js:46:28)
      at asyncRunIt (node_modules/fast-check/lib/cjs/check/runner/Runner.js:28:21)
      at Object.<anonymous> (app/api/draft/[token]/request-otp/__tests__/request-otp.property.test.ts:801:7)

A worker process has failed to exit gracefully and has been force exited. This is likely caused by tests 
leaking due to improper teardown. Try running with --detectOpenHandles to find leaks. Active timers can also 
cause this, ensure that .unref() was called on them.
Test Suites: 7 failed, 10 passed, 17 total
Tests:       16 failed, 191 passed, 207 total
Snapshots:   0 total
Time:        45.196 s
Ran all test suites.
